   Compiling autocfg v1.5.1
   Compiling crossbeam-utils v0.8.22
   Compiling proc-macro2 v1.0.106
   Compiling unicode-ident v1.0.24
   Compiling crossbeam-epoch v0.9.20
   Compiling quote v1.0.46
   Compiling num-traits v0.2.19
   Compiling crossbeam-deque v0.8.7
   Compiling rayon-core v1.13.0
   Compiling libc v0.2.186
   Compiling libm v0.2.16
   Compiling syn v2.0.119
   Compiling heck v0.5.0
   Compiling num-integer v0.1.46
   Compiling either v1.16.0
   Compiling rayon v1.12.0
   Compiling interval-transcendentals v0.1.0 (/home/user/wt-head/interval-transcendentals)
   Compiling strum_macros v0.28.0
   Compiling num-bigint v0.4.8
   Compiling cfg-if v1.0.4
   Compiling version_check v0.9.5
   Compiling slotmap v1.1.1
   Compiling getrandom v0.3.4
   Compiling strum v0.28.0
   Compiling geom-core v0.0.0 (/home/user/wt-head/crates/geom-core)
   Compiling rustix v1.1.4
   Compiling getrandom v0.4.3
   Compiling zerocopy v0.8.54
   Compiling rand_core v0.9.5
   Compiling linux-raw-sys v0.12.1
   Compiling bitflags v2.13.1
   Compiling bvh v0.0.0 (/home/user/wt-head/crates/bvh)
   Compiling geom v0.0.0 (/home/user/wt-head/crates/geom)
   Compiling allocator-api2 v0.2.21
   Compiling once_cell v1.21.4
   Compiling foldhash v0.2.0
   Compiling fastrand v2.4.1
   Compiling geom-brep v0.0.0 (/home/user/wt-head/crates/geom-brep)
   Compiling equivalent v1.0.2
   Compiling hashbrown v0.16.1
   Compiling ppv-lite86 v0.2.21
   Compiling tempfile v3.27.0
   Compiling wait-timeout v0.2.1
   Compiling quick-error v1.2.3
   Compiling bit-vec v0.8.0
   Compiling smallvec v1.15.2
   Compiling fnv v1.0.7
   Compiling robust v1.2.0
   Compiling rusty-fork v0.3.1
   Compiling spade v2.15.1
   Compiling bit-set v0.8.0
   Compiling rand_chacha v0.9.0
   Compiling topo v0.0.0 (/home/user/wt-head/crates/topo)
   Compiling profile v0.0.0 (/home/user/wt-head/crates/profile)
   Compiling rand_xorshift v0.4.0
   Compiling rand v0.9.5
   Compiling unarray v0.1.4
   Compiling regex-syntax v0.8.11
   Compiling test-utils v0.0.0 (/home/user/wt-head/crates/test-utils)
   Compiling proptest v1.11.0
   Compiling mesh v0.0.0 (/home/user/wt-head/crates/mesh)
   Compiling sweep v0.0.0 (/home/user/wt-head/crates/sweep)
   Compiling step-export v0.0.0 (/home/user/wt-head/crates/step-export)
    Finished `release` profile [optimized] target(s) in 5m 06s
────────────
 Nextest run ID a3610b26-43d4-4b34-ba95-c4702a80cf62 with nextest profile: default
    Starting 1 test across 1 binary (2112 tests skipped)
       START [         ] (1/1) sweep::all probe_d2_cost::d2_cost

running 1 test
D2COST|brick|median_ms=0.218|p10=0.142|p90=0.333
D2COST|bored block 8 arcs|median_ms=0.859|p10=0.768|p90=1.055
D2COST|disc 4 arcs 5 km|median_ms=0.428|p10=0.358|p90=0.788
D2COST|ball|median_ms=0.297|p10=0.221|p90=0.420
test probe_d2_cost::d2_cost ... ok

test result: ok. 1 passed; 0 failed; 0 ignored; 0 measured; 2112 filtered out; finished in 0.39s

        PASS [   0.403s] (1/1) sweep::all probe_d2_cost::d2_cost
────────────
     Summary [   0.407s] 1 test run: 1 passed, 2112 skipped
