    Blocking waiting for file lock on package cache
    Blocking waiting for file lock on package cache
    Blocking waiting for file lock on package cache
    Blocking waiting for file lock on package cache
    Blocking waiting for file lock on package cache
    Blocking waiting for file lock on package cache
    Blocking waiting for file lock on package cache
    Finished `test` profile [unoptimized + debuginfo] target(s) in 0.64s
────────────
 Nextest run ID de2d0914-77af-4ae3-b5cc-c388c7a79487 with nextest profile: default
    Starting 3 tests across 1 binary (2108 tests skipped)
       START [         ] (1/3) sweep::all probe_d_disc3::dprobe_disc_other_readers

running 1 test
DPROBE3|eps=1e-12
DPROBE3|r=1e-3 h=1e-7 d=0e0|upright|classify=Ok(["Outer"])|pis(beside)=Ok(Out)|pis(inside)=Ok(In)
DPROBE3|r=1e-3 h=1e-7 d=0e0|INVERTED|classify=Ok(["Void"])|pis(beside)=Ok(In)|pis(inside)=Ok(Out)
DPROBE3|r=1e-3 h=1e-7 d=1e3|upright|classify=Ok(["Outer"])|pis(beside)=Ok(Out)|pis(inside)=Ok(In)
DPROBE3|r=1e-3 h=1e-7 d=1e3|INVERTED|classify=Ok(["Void"])|pis(beside)=Ok(In)|pis(inside)=Ok(Out)
DPROBE3|r=1e-3 h=1e-7 d=5e3|upright|classify=Ok(["Outer"])|pis(beside)=Ok(Out)|pis(inside)=Ok(In)
DPROBE3|r=1e-3 h=1e-7 d=5e3|INVERTED|classify=Ok(["Void"])|pis(beside)=Ok(In)|pis(inside)=Ok(Out)
DPROBE3|r=1e-3 h=1e-6 d=0e0|upright|classify=Ok(["Outer"])|pis(beside)=Ok(Out)|pis(inside)=Ok(In)
DPROBE3|r=1e-3 h=1e-6 d=0e0|INVERTED|classify=Ok(["Void"])|pis(beside)=Ok(In)|pis(inside)=Ok(Out)
DPROBE3|r=1e-3 h=1e-6 d=1e3|upright|classify=Ok(["Outer"])|pis(beside)=Ok(Out)|pis(inside)=Ok(In)
DPROBE3|r=1e-3 h=1e-6 d=1e3|INVERTED|classify=Ok(["Void"])|pis(beside)=Ok(In)|pis(inside)=Ok(Out)
DPROBE3|r=1e-3 h=1e-6 d=5e3|upright|classify=Ok(["Outer"])|pis(beside)=Ok(Out)|pis(inside)=Ok(In)
DPROBE3|r=1e-3 h=1e-6 d=5e3|INVERTED|classify=Ok(["Void"])|pis(beside)=Ok(In)|pis(inside)=Ok(Out)
DPROBE3|r=1e-2 h=1e-6 d=0e0|upright|classify=Ok(["Outer"])|pis(beside)=Ok(Out)|pis(inside)=Ok(In)
DPROBE3|r=1e-2 h=1e-6 d=0e0|INVERTED|classify=Ok(["Void"])|pis(beside)=Ok(In)|pis(inside)=Ok(Out)
DPROBE3|r=1e-2 h=1e-6 d=1e3|upright|classify=Ok(["Outer"])|pis(beside)=Ok(Out)|pis(inside)=Ok(In)
DPROBE3|r=1e-2 h=1e-6 d=1e3|INVERTED|classify=Ok(["Void"])|pis(beside)=Ok(In)|pis(inside)=Ok(Out)
DPROBE3|r=1e-2 h=1e-6 d=5e3|upright|classify=Ok(["Outer"])|pis(beside)=Ok(Out)|pis(inside)=Ok(In)
DPROBE3|r=1e-2 h=1e-6 d=5e3|INVERTED|classify=Ok(["Void"])|pis(beside)=Ok(In)|pis(inside)=Ok(Out)
test probe_d_disc3::dprobe_disc_other_readers ... ok

test result: ok. 1 passed; 0 failed; 0 ignored; 0 measured; 2110 filtered out; finished in 0.11s

        PASS [   0.120s] (1/3) sweep::all probe_d_disc3::dprobe_disc_other_readers
       START [         ] (2/3) sweep::all probe_d_disc::dprobe_far_thin_disc

running 1 test
DPROBE|eps=1e-12
DPROBE|r=1e-3 h=1e-7 d=0e0|upright|exact=+3.142e-13|f64=+3.142e-13|tier3=Ok(())
DPROBE|r=1e-3 h=1e-7 d=0e0|INVERTED|exact=-3.142e-13|f64=-3.142e-13|tier3=Err([NegativeVolume { solid: SolidKey(1v1) }])
DPROBE|r=1e-3 h=1e-7 d=1e0|upright|exact=+3.142e-13|f64=+3.142e-13|tier3=Ok(())
DPROBE|r=1e-3 h=1e-7 d=1e0|INVERTED|exact=-3.142e-13|f64=-3.142e-13|tier3=Err([NegativeVolume { solid: SolidKey(1v1) }])
DPROBE|r=1e-3 h=1e-7 d=1e1|upright|exact=+3.142e-13|f64=+3.142e-13|tier3=Ok(())
DPROBE|r=1e-3 h=1e-7 d=1e1|INVERTED|exact=-3.142e-13|f64=-3.142e-13|tier3=Err([NegativeVolume { solid: SolidKey(1v1) }])
DPROBE|r=1e-3 h=1e-7 d=1e2|upright|exact=+3.142e-13|f64=+3.142e-13|tier3=Ok(())
DPROBE|r=1e-3 h=1e-7 d=1e2|INVERTED|exact=-3.142e-13|f64=-3.142e-13|tier3=Err([NegativeVolume { solid: SolidKey(1v1) }])
DPROBE|r=1e-3 h=1e-7 d=1e3|upright|exact=+3.142e-13|f64=+3.142e-13|tier3=Ok(())
DPROBE|r=1e-3 h=1e-7 d=1e3|INVERTED|exact=-3.142e-13|f64=-3.142e-13|tier3=Err([NegativeVolume { solid: SolidKey(1v1) }])
DPROBE|r=1e-3 h=1e-7 d=5e3|upright|exact=+3.142e-13|f64=+3.142e-13|tier3=Ok(())
DPROBE|r=1e-3 h=1e-7 d=5e3|INVERTED|exact=-3.142e-13|f64=-3.142e-13|tier3=Err([NegativeVolume { solid: SolidKey(1v1) }])

thread 'probe_d_disc::dprobe_far_thin_disc' (11399) panicked at crates/sweep/src/test_support.rs:654:6:
the fixture's profile extrudes: Op { source: Certification { error: Escalated { check: Surface2Residual, sample: 3, cause: Indeterminate { margin: MarginDiag(Value(1.0298380095341415e-12, None)), terminal_sliver: false, band: Band { zero: 1e-12, escalate: 1e-11 }, predicate: Some("carrier_on_surface_2") } } } }
stack backtrace:
   0: __rustc::rust_begin_unwind
             at /rustc/2d8144b7880597b6e6d3dfd63a9a9efae3f533d3/library/std/src/panicking.rs:689:5
   1: core::panicking::panic_fmt
             at /rustc/2d8144b7880597b6e6d3dfd63a9a9efae3f533d3/library/core/src/panicking.rs:80:14
   2: core::result::unwrap_failed
             at /rustc/2d8144b7880597b6e6d3dfd63a9a9efae3f533d3/library/core/src/result.rs:1867:5
   3: <core::result::Result<sweep::extrude::Extruded<f64>, sweep::extrude::ExtrudeError>>::expect
             at /rustc/2d8144b7880597b6e6d3dfd63a9a9efae3f533d3/library/core/src/result.rs:1185:23
   4: sweep::test_support::extruded::<f64>
             at ./src/test_support.rs:654:6
   5: prism_on<f64>
             at ./src/test_support.rs:737:5
   6: sweep::test_support::prism_at::<f64>
             at ./src/test_support.rs:763:5
   7: sweep::test_support::cylinder_of_arcs_at
             at ./src/test_support.rs:1932:5
   8: all::probe_d_disc::dprobe_far_thin_disc::{closure#0}
             at ./tests/probe_d_disc.rs:17:53
   9: do_call<all::probe_d_disc::dprobe_far_thin_disc::{closure_env#0}, topo::body::Body<f64>>
             at /rustc/2d8144b7880597b6e6d3dfd63a9a9efae3f533d3/library/std/src/panicking.rs:581:40
  10: __rust_try
  11: catch_unwind<topo::body::Body<f64>, all::probe_d_disc::dprobe_far_thin_disc::{closure_env#0}>
             at /rustc/2d8144b7880597b6e6d3dfd63a9a9efae3f533d3/library/std/src/panicking.rs:544:19
  12: catch_unwind<all::probe_d_disc::dprobe_far_thin_disc::{closure_env#0}, topo::body::Body<f64>>
             at /rustc/2d8144b7880597b6e6d3dfd63a9a9efae3f533d3/library/std/src/panic.rs:359:14
  13: dprobe_far_thin_disc
             at ./tests/probe_d_disc.rs:17:25
  14: all::probe_d_disc::dprobe_far_thin_disc::{closure#0}
             at ./tests/probe_d_disc.rs:11:26
  15: <all::probe_d_disc::dprobe_far_thin_disc::{closure#0} as core::ops::function::FnOnce<()>>::call_once
             at /rustc/2d8144b7880597b6e6d3dfd63a9a9efae3f533d3/library/core/src/ops/function.rs:250:5
  16: <fn() -> core::result::Result<(), alloc::string::String> as core::ops::function::FnOnce<()>>::call_once
             at /rustc/2d8144b7880597b6e6d3dfd63a9a9efae3f533d3/library/core/src/ops/function.rs:250:5
note: Some details are omitted, run with `RUST_BACKTRACE=full` for a verbose backtrace.
DPROBE|r=1e-3 h=1e-7 d=2e4|no build
DPROBE|r=1e-3 h=1e-6 d=0e0|upright|exact=+3.142e-12|f64=+3.142e-12|tier3=Ok(())
DPROBE|r=1e-3 h=1e-6 d=0e0|INVERTED|exact=-3.142e-12|f64=-3.142e-12|tier3=Err([NegativeVolume { solid: SolidKey(1v1) }])
DPROBE|r=1e-3 h=1e-6 d=1e0|upright|exact=+3.142e-12|f64=+3.142e-12|tier3=Ok(())
DPROBE|r=1e-3 h=1e-6 d=1e0|INVERTED|exact=-3.142e-12|f64=-3.142e-12|tier3=Err([NegativeVolume { solid: SolidKey(1v1) }])
DPROBE|r=1e-3 h=1e-6 d=1e1|upright|exact=+3.142e-12|f64=+3.142e-12|tier3=Ok(())
DPROBE|r=1e-3 h=1e-6 d=1e1|INVERTED|exact=-3.142e-12|f64=-3.142e-12|tier3=Err([NegativeVolume { solid: SolidKey(1v1) }])
DPROBE|r=1e-3 h=1e-6 d=1e2|upright|exact=+3.142e-12|f64=+3.142e-12|tier3=Ok(())
DPROBE|r=1e-3 h=1e-6 d=1e2|INVERTED|exact=-3.142e-12|f64=-3.142e-12|tier3=Err([NegativeVolume { solid: SolidKey(1v1) }])
DPROBE|r=1e-3 h=1e-6 d=1e3|upright|exact=+3.142e-12|f64=+3.142e-12|tier3=Ok(())
DPROBE|r=1e-3 h=1e-6 d=1e3|INVERTED|exact=-3.142e-12|f64=-3.142e-12|tier3=Err([NegativeVolume { solid: SolidKey(1v1) }])
DPROBE|r=1e-3 h=1e-6 d=5e3|upright|exact=+3.142e-12|f64=+3.142e-12|tier3=Ok(())
DPROBE|r=1e-3 h=1e-6 d=5e3|INVERTED|exact=-3.142e-12|f64=-3.142e-12|tier3=Err([NegativeVolume { solid: SolidKey(1v1) }])

thread 'probe_d_disc::dprobe_far_thin_disc' (11399) panicked at crates/sweep/src/test_support.rs:654:6:
the fixture's profile extrudes: Op { source: Certification { error: Escalated { check: Surface2Residual, sample: 3, cause: Indeterminate { margin: MarginDiag(Value(1.0298380095341415e-12, None)), terminal_sliver: false, band: Band { zero: 1e-12, escalate: 1e-11 }, predicate: Some("carrier_on_surface_2") } } } }
stack backtrace:
   0: __rustc::rust_begin_unwind
             at /rustc/2d8144b7880597b6e6d3dfd63a9a9efae3f533d3/library/std/src/panicking.rs:689:5
   1: core::panicking::panic_fmt
             at /rustc/2d8144b7880597b6e6d3dfd63a9a9efae3f533d3/library/core/src/panicking.rs:80:14
   2: core::result::unwrap_failed
             at /rustc/2d8144b7880597b6e6d3dfd63a9a9efae3f533d3/library/core/src/result.rs:1867:5
   3: <core::result::Result<sweep::extrude::Extruded<f64>, sweep::extrude::ExtrudeError>>::expect
             at /rustc/2d8144b7880597b6e6d3dfd63a9a9efae3f533d3/library/core/src/result.rs:1185:23
   4: sweep::test_support::extruded::<f64>
             at ./src/test_support.rs:654:6
   5: prism_on<f64>
             at ./src/test_support.rs:737:5
   6: sweep::test_support::prism_at::<f64>
             at ./src/test_support.rs:763:5
   7: sweep::test_support::cylinder_of_arcs_at
             at ./src/test_support.rs:1932:5
   8: all::probe_d_disc::dprobe_far_thin_disc::{closure#0}
             at ./tests/probe_d_disc.rs:17:53
   9: do_call<all::probe_d_disc::dprobe_far_thin_disc::{closure_env#0}, topo::body::Body<f64>>
             at /rustc/2d8144b7880597b6e6d3dfd63a9a9efae3f533d3/library/std/src/panicking.rs:581:40
  10: __rust_try
  11: catch_unwind<topo::body::Body<f64>, all::probe_d_disc::dprobe_far_thin_disc::{closure_env#0}>
             at /rustc/2d8144b7880597b6e6d3dfd63a9a9efae3f533d3/library/std/src/panicking.rs:544:19
  12: catch_unwind<all::probe_d_disc::dprobe_far_thin_disc::{closure_env#0}, topo::body::Body<f64>>
             at /rustc/2d8144b7880597b6e6d3dfd63a9a9efae3f533d3/library/std/src/panic.rs:359:14
  13: dprobe_far_thin_disc
             at ./tests/probe_d_disc.rs:17:25
  14: all::probe_d_disc::dprobe_far_thin_disc::{closure#0}
             at ./tests/probe_d_disc.rs:11:26
  15: <all::probe_d_disc::dprobe_far_thin_disc::{closure#0} as core::ops::function::FnOnce<()>>::call_once
             at /rustc/2d8144b7880597b6e6d3dfd63a9a9efae3f533d3/library/core/src/ops/function.rs:250:5
  16: <fn() -> core::result::Result<(), alloc::string::String> as core::ops::function::FnOnce<()>>::call_once
             at /rustc/2d8144b7880597b6e6d3dfd63a9a9efae3f533d3/library/core/src/ops/function.rs:250:5
note: Some details are omitted, run with `RUST_BACKTRACE=full` for a verbose backtrace.
DPROBE|r=1e-3 h=1e-6 d=2e4|no build
DPROBE|r=1e-3 h=1e-5 d=0e0|upright|exact=+3.142e-11|f64=+3.142e-11|tier3=Ok(())
DPROBE|r=1e-3 h=1e-5 d=0e0|INVERTED|exact=-3.142e-11|f64=-3.142e-11|tier3=Err([NegativeVolume { solid: SolidKey(1v1) }])
DPROBE|r=1e-3 h=1e-5 d=1e0|upright|exact=+3.142e-11|f64=+3.142e-11|tier3=Ok(())
DPROBE|r=1e-3 h=1e-5 d=1e0|INVERTED|exact=-3.142e-11|f64=-3.142e-11|tier3=Err([NegativeVolume { solid: SolidKey(1v1) }])
DPROBE|r=1e-3 h=1e-5 d=1e1|upright|exact=+3.142e-11|f64=+3.142e-11|tier3=Ok(())
DPROBE|r=1e-3 h=1e-5 d=1e1|INVERTED|exact=-3.142e-11|f64=-3.142e-11|tier3=Err([NegativeVolume { solid: SolidKey(1v1) }])
DPROBE|r=1e-3 h=1e-5 d=1e2|upright|exact=+3.142e-11|f64=+3.142e-11|tier3=Ok(())
DPROBE|r=1e-3 h=1e-5 d=1e2|INVERTED|exact=-3.142e-11|f64=-3.142e-11|tier3=Err([NegativeVolume { solid: SolidKey(1v1) }])
DPROBE|r=1e-3 h=1e-5 d=1e3|upright|exact=+3.142e-11|f64=+3.142e-11|tier3=Ok(())
DPROBE|r=1e-3 h=1e-5 d=1e3|INVERTED|exact=-3.142e-11|f64=-3.142e-11|tier3=Err([NegativeVolume { solid: SolidKey(1v1) }])
DPROBE|r=1e-3 h=1e-5 d=5e3|upright|exact=+3.142e-11|f64=+3.142e-11|tier3=Ok(())
DPROBE|r=1e-3 h=1e-5 d=5e3|INVERTED|exact=-3.142e-11|f64=-3.142e-11|tier3=Err([NegativeVolume { solid: SolidKey(1v1) }])

thread 'probe_d_disc::dprobe_far_thin_disc' (11399) panicked at crates/sweep/src/test_support.rs:654:6:
the fixture's profile extrudes: CapPlane { source: Escalated { vertex: 0, cause: Indeterminate { margin: MarginDiag(Value(-1.8189894035458565e-12, None)), terminal_sliver: false, band: Band { zero: 1e-12, escalate: 1e-11 }, predicate: Some("newell_plane_residual") } } }
stack backtrace:
   0: __rustc::rust_begin_unwind
             at /rustc/2d8144b7880597b6e6d3dfd63a9a9efae3f533d3/library/std/src/panicking.rs:689:5
   1: core::panicking::panic_fmt
             at /rustc/2d8144b7880597b6e6d3dfd63a9a9efae3f533d3/library/core/src/panicking.rs:80:14
   2: core::result::unwrap_failed
             at /rustc/2d8144b7880597b6e6d3dfd63a9a9efae3f533d3/library/core/src/result.rs:1867:5
   3: <core::result::Result<sweep::extrude::Extruded<f64>, sweep::extrude::ExtrudeError>>::expect
             at /rustc/2d8144b7880597b6e6d3dfd63a9a9efae3f533d3/library/core/src/result.rs:1185:23
   4: sweep::test_support::extruded::<f64>
             at ./src/test_support.rs:654:6
   5: prism_on<f64>
             at ./src/test_support.rs:737:5
   6: sweep::test_support::prism_at::<f64>
             at ./src/test_support.rs:763:5
   7: sweep::test_support::cylinder_of_arcs_at
             at ./src/test_support.rs:1932:5
   8: all::probe_d_disc::dprobe_far_thin_disc::{closure#0}
             at ./tests/probe_d_disc.rs:17:53
   9: do_call<all::probe_d_disc::dprobe_far_thin_disc::{closure_env#0}, topo::body::Body<f64>>
             at /rustc/2d8144b7880597b6e6d3dfd63a9a9efae3f533d3/library/std/src/panicking.rs:581:40
  10: __rust_try
  11: catch_unwind<topo::body::Body<f64>, all::probe_d_disc::dprobe_far_thin_disc::{closure_env#0}>
             at /rustc/2d8144b7880597b6e6d3dfd63a9a9efae3f533d3/library/std/src/panicking.rs:544:19
  12: catch_unwind<all::probe_d_disc::dprobe_far_thin_disc::{closure_env#0}, topo::body::Body<f64>>
             at /rustc/2d8144b7880597b6e6d3dfd63a9a9efae3f533d3/library/std/src/panic.rs:359:14
  13: dprobe_far_thin_disc
             at ./tests/probe_d_disc.rs:17:25
  14: all::probe_d_disc::dprobe_far_thin_disc::{closure#0}
             at ./tests/probe_d_disc.rs:11:26
  15: <all::probe_d_disc::dprobe_far_thin_disc::{closure#0} as core::ops::function::FnOnce<()>>::call_once
             at /rustc/2d8144b7880597b6e6d3dfd63a9a9efae3f533d3/library/core/src/ops/function.rs:250:5
  16: <fn() -> core::result::Result<(), alloc::string::String> as core::ops::function::FnOnce<()>>::call_once
             at /rustc/2d8144b7880597b6e6d3dfd63a9a9efae3f533d3/library/core/src/ops/function.rs:250:5
note: Some details are omitted, run with `RUST_BACKTRACE=full` for a verbose backtrace.
DPROBE|r=1e-3 h=1e-5 d=2e4|no build
DPROBE|r=1e-2 h=1e-6 d=0e0|upright|exact=+3.142e-10|f64=+3.142e-10|tier3=Ok(())
DPROBE|r=1e-2 h=1e-6 d=0e0|INVERTED|exact=-3.142e-10|f64=-3.142e-10|tier3=Err([NegativeVolume { solid: SolidKey(1v1) }])
DPROBE|r=1e-2 h=1e-6 d=1e0|upright|exact=+3.142e-10|f64=+3.142e-10|tier3=Ok(())
DPROBE|r=1e-2 h=1e-6 d=1e0|INVERTED|exact=-3.142e-10|f64=-3.142e-10|tier3=Err([NegativeVolume { solid: SolidKey(1v1) }])
DPROBE|r=1e-2 h=1e-6 d=1e1|upright|exact=+3.142e-10|f64=+3.142e-10|tier3=Ok(())
DPROBE|r=1e-2 h=1e-6 d=1e1|INVERTED|exact=-3.142e-10|f64=-3.142e-10|tier3=Err([NegativeVolume { solid: SolidKey(1v1) }])
DPROBE|r=1e-2 h=1e-6 d=1e2|upright|exact=+3.142e-10|f64=+3.142e-10|tier3=Ok(())
DPROBE|r=1e-2 h=1e-6 d=1e2|INVERTED|exact=-3.142e-10|f64=-3.142e-10|tier3=Err([NegativeVolume { solid: SolidKey(1v1) }])
DPROBE|r=1e-2 h=1e-6 d=1e3|upright|exact=+3.142e-10|f64=+3.142e-10|tier3=Ok(())
DPROBE|r=1e-2 h=1e-6 d=1e3|INVERTED|exact=-3.142e-10|f64=-3.142e-10|tier3=Err([NegativeVolume { solid: SolidKey(1v1) }])
DPROBE|r=1e-2 h=1e-6 d=5e3|upright|exact=+3.142e-10|f64=+3.142e-10|tier3=Ok(())
DPROBE|r=1e-2 h=1e-6 d=5e3|INVERTED|exact=-3.142e-10|f64=-3.142e-10|tier3=Err([NegativeVolume { solid: SolidKey(1v1) }])
DPROBE|r=1e-2 h=1e-6 d=2e4|upright|exact=+3.142e-10|f64=+3.142e-10|tier3=Ok(())
DPROBE|r=1e-2 h=1e-6 d=2e4|INVERTED|exact=-3.142e-10|f64=-3.142e-10|tier3=Err([NegativeVolume { solid: SolidKey(1v1) }])
DPROBE|r=1e-2 h=1e-5 d=0e0|upright|exact=+3.142e-9|f64=+3.142e-9|tier3=Ok(())
DPROBE|r=1e-2 h=1e-5 d=0e0|INVERTED|exact=-3.142e-9|f64=-3.142e-9|tier3=Err([NegativeVolume { solid: SolidKey(1v1) }])
DPROBE|r=1e-2 h=1e-5 d=1e0|upright|exact=+3.142e-9|f64=+3.142e-9|tier3=Ok(())
DPROBE|r=1e-2 h=1e-5 d=1e0|INVERTED|exact=-3.142e-9|f64=-3.142e-9|tier3=Err([NegativeVolume { solid: SolidKey(1v1) }])
DPROBE|r=1e-2 h=1e-5 d=1e1|upright|exact=+3.142e-9|f64=+3.142e-9|tier3=Ok(())
DPROBE|r=1e-2 h=1e-5 d=1e1|INVERTED|exact=-3.142e-9|f64=-3.142e-9|tier3=Err([NegativeVolume { solid: SolidKey(1v1) }])
DPROBE|r=1e-2 h=1e-5 d=1e2|upright|exact=+3.142e-9|f64=+3.142e-9|tier3=Ok(())
DPROBE|r=1e-2 h=1e-5 d=1e2|INVERTED|exact=-3.142e-9|f64=-3.142e-9|tier3=Err([NegativeVolume { solid: SolidKey(1v1) }])
DPROBE|r=1e-2 h=1e-5 d=1e3|upright|exact=+3.142e-9|f64=+3.142e-9|tier3=Ok(())
DPROBE|r=1e-2 h=1e-5 d=1e3|INVERTED|exact=-3.142e-9|f64=-3.142e-9|tier3=Err([NegativeVolume { solid: SolidKey(1v1) }])
DPROBE|r=1e-2 h=1e-5 d=5e3|upright|exact=+3.142e-9|f64=+3.142e-9|tier3=Ok(())
DPROBE|r=1e-2 h=1e-5 d=5e3|INVERTED|exact=-3.142e-9|f64=-3.142e-9|tier3=Err([NegativeVolume { solid: SolidKey(1v1) }])

thread 'probe_d_disc::dprobe_far_thin_disc' (11399) panicked at crates/sweep/src/test_support.rs:654:6:
the fixture's profile extrudes: CapPlane { source: Escalated { vertex: 0, cause: Indeterminate { margin: MarginDiag(Value(-1.8189894035458565e-12, None)), terminal_sliver: false, band: Band { zero: 1e-12, escalate: 1e-11 }, predicate: Some("newell_plane_residual") } } }
stack backtrace:
   0: __rustc::rust_begin_unwind
             at /rustc/2d8144b7880597b6e6d3dfd63a9a9efae3f533d3/library/std/src/panicking.rs:689:5
   1: core::panicking::panic_fmt
             at /rustc/2d8144b7880597b6e6d3dfd63a9a9efae3f533d3/library/core/src/panicking.rs:80:14
   2: core::result::unwrap_failed
             at /rustc/2d8144b7880597b6e6d3dfd63a9a9efae3f533d3/library/core/src/result.rs:1867:5
   3: <core::result::Result<sweep::extrude::Extruded<f64>, sweep::extrude::ExtrudeError>>::expect
             at /rustc/2d8144b7880597b6e6d3dfd63a9a9efae3f533d3/library/core/src/result.rs:1185:23
   4: sweep::test_support::extruded::<f64>
             at ./src/test_support.rs:654:6
   5: prism_on<f64>
             at ./src/test_support.rs:737:5
   6: sweep::test_support::prism_at::<f64>
             at ./src/test_support.rs:763:5
   7: sweep::test_support::cylinder_of_arcs_at
             at ./src/test_support.rs:1932:5
   8: all::probe_d_disc::dprobe_far_thin_disc::{closure#0}
             at ./tests/probe_d_disc.rs:17:53
   9: do_call<all::probe_d_disc::dprobe_far_thin_disc::{closure_env#0}, topo::body::Body<f64>>
             at /rustc/2d8144b7880597b6e6d3dfd63a9a9efae3f533d3/library/std/src/panicking.rs:581:40
  10: __rust_try
  11: catch_unwind<topo::body::Body<f64>, all::probe_d_disc::dprobe_far_thin_disc::{closure_env#0}>
             at /rustc/2d8144b7880597b6e6d3dfd63a9a9efae3f533d3/library/std/src/panicking.rs:544:19
  12: catch_unwind<all::probe_d_disc::dprobe_far_thin_disc::{closure_env#0}, topo::body::Body<f64>>
             at /rustc/2d8144b7880597b6e6d3dfd63a9a9efae3f533d3/library/std/src/panic.rs:359:14
  13: dprobe_far_thin_disc
             at ./tests/probe_d_disc.rs:17:25
  14: all::probe_d_disc::dprobe_far_thin_disc::{closure#0}
             at ./tests/probe_d_disc.rs:11:26
  15: <all::probe_d_disc::dprobe_far_thin_disc::{closure#0} as core::ops::function::FnOnce<()>>::call_once
             at /rustc/2d8144b7880597b6e6d3dfd63a9a9efae3f533d3/library/core/src/ops/function.rs:250:5
  16: <fn() -> core::result::Result<(), alloc::string::String> as core::ops::function::FnOnce<()>>::call_once
             at /rustc/2d8144b7880597b6e6d3dfd63a9a9efae3f533d3/library/core/src/ops/function.rs:250:5
note: Some details are omitted, run with `RUST_BACKTRACE=full` for a verbose backtrace.
DPROBE|r=1e-2 h=1e-5 d=2e4|no build
DPROBE|r=1e-1 h=1e-5 d=0e0|upright|exact=+3.142e-7|f64=+3.142e-7|tier3=Ok(())
DPROBE|r=1e-1 h=1e-5 d=0e0|INVERTED|exact=-3.142e-7|f64=-3.142e-7|tier3=Err([NegativeVolume { solid: SolidKey(1v1) }])
DPROBE|r=1e-1 h=1e-5 d=1e0|upright|exact=+3.142e-7|f64=+3.142e-7|tier3=Ok(())
DPROBE|r=1e-1 h=1e-5 d=1e0|INVERTED|exact=-3.142e-7|f64=-3.142e-7|tier3=Err([NegativeVolume { solid: SolidKey(1v1) }])
DPROBE|r=1e-1 h=1e-5 d=1e1|upright|exact=+3.142e-7|f64=+3.142e-7|tier3=Ok(())
DPROBE|r=1e-1 h=1e-5 d=1e1|INVERTED|exact=-3.142e-7|f64=-3.142e-7|tier3=Err([NegativeVolume { solid: SolidKey(1v1) }])
DPROBE|r=1e-1 h=1e-5 d=1e2|upright|exact=+3.142e-7|f64=+3.142e-7|tier3=Ok(())
DPROBE|r=1e-1 h=1e-5 d=1e2|INVERTED|exact=-3.142e-7|f64=-3.142e-7|tier3=Err([NegativeVolume { solid: SolidKey(1v1) }])
DPROBE|r=1e-1 h=1e-5 d=1e3|upright|exact=+3.142e-7|f64=+3.142e-7|tier3=Ok(())
DPROBE|r=1e-1 h=1e-5 d=1e3|INVERTED|exact=-3.142e-7|f64=-3.142e-7|tier3=Err([NegativeVolume { solid: SolidKey(1v1) }])
DPROBE|r=1e-1 h=1e-5 d=5e3|upright|exact=+3.142e-7|f64=+3.142e-7|tier3=Ok(())
DPROBE|r=1e-1 h=1e-5 d=5e3|INVERTED|exact=-3.142e-7|f64=-3.142e-7|tier3=Err([NegativeVolume { solid: SolidKey(1v1) }])

thread 'probe_d_disc::dprobe_far_thin_disc' (11399) panicked at crates/sweep/src/test_support.rs:654:6:
the fixture's profile extrudes: CapPlane { source: Escalated { vertex: 0, cause: Indeterminate { margin: MarginDiag(Value(-1.8189894035458565e-12, None)), terminal_sliver: false, band: Band { zero: 1e-12, escalate: 1e-11 }, predicate: Some("newell_plane_residual") } } }
stack backtrace:
   0: __rustc::rust_begin_unwind
             at /rustc/2d8144b7880597b6e6d3dfd63a9a9efae3f533d3/library/std/src/panicking.rs:689:5
   1: core::panicking::panic_fmt
             at /rustc/2d8144b7880597b6e6d3dfd63a9a9efae3f533d3/library/core/src/panicking.rs:80:14
   2: core::result::unwrap_failed
             at /rustc/2d8144b7880597b6e6d3dfd63a9a9efae3f533d3/library/core/src/result.rs:1867:5
   3: <core::result::Result<sweep::extrude::Extruded<f64>, sweep::extrude::ExtrudeError>>::expect
             at /rustc/2d8144b7880597b6e6d3dfd63a9a9efae3f533d3/library/core/src/result.rs:1185:23
   4: sweep::test_support::extruded::<f64>
             at ./src/test_support.rs:654:6
   5: prism_on<f64>
             at ./src/test_support.rs:737:5
   6: sweep::test_support::prism_at::<f64>
             at ./src/test_support.rs:763:5
   7: sweep::test_support::cylinder_of_arcs_at
             at ./src/test_support.rs:1932:5
   8: all::probe_d_disc::dprobe_far_thin_disc::{closure#0}
             at ./tests/probe_d_disc.rs:17:53
   9: do_call<all::probe_d_disc::dprobe_far_thin_disc::{closure_env#0}, topo::body::Body<f64>>
             at /rustc/2d8144b7880597b6e6d3dfd63a9a9efae3f533d3/library/std/src/panicking.rs:581:40
  10: __rust_try
  11: catch_unwind<topo::body::Body<f64>, all::probe_d_disc::dprobe_far_thin_disc::{closure_env#0}>
             at /rustc/2d8144b7880597b6e6d3dfd63a9a9efae3f533d3/library/std/src/panicking.rs:544:19
  12: catch_unwind<all::probe_d_disc::dprobe_far_thin_disc::{closure_env#0}, topo::body::Body<f64>>
             at /rustc/2d8144b7880597b6e6d3dfd63a9a9efae3f533d3/library/std/src/panic.rs:359:14
  13: dprobe_far_thin_disc
             at ./tests/probe_d_disc.rs:17:25
  14: all::probe_d_disc::dprobe_far_thin_disc::{closure#0}
             at ./tests/probe_d_disc.rs:11:26
  15: <all::probe_d_disc::dprobe_far_thin_disc::{closure#0} as core::ops::function::FnOnce<()>>::call_once
             at /rustc/2d8144b7880597b6e6d3dfd63a9a9efae3f533d3/library/core/src/ops/function.rs:250:5
  16: <fn() -> core::result::Result<(), alloc::string::String> as core::ops::function::FnOnce<()>>::call_once
             at /rustc/2d8144b7880597b6e6d3dfd63a9a9efae3f533d3/library/core/src/ops/function.rs:250:5
note: Some details are omitted, run with `RUST_BACKTRACE=full` for a verbose backtrace.
DPROBE|r=1e-1 h=1e-5 d=2e4|no build
test probe_d_disc::dprobe_far_thin_disc ... ok

test result: ok. 1 passed; 0 failed; 0 ignored; 0 measured; 2110 filtered out; finished in 0.42s

        PASS [   0.445s] (2/3) sweep::all probe_d_disc::dprobe_far_thin_disc
       START [         ] (3/3) sweep::all probe_d_void::dprobe_far_thin_disc_void

running 1 test
DPROBE4|eps=1e-12
DPROBE4|r=1e-3 h=1e-6 d=0e0|shells=2|tier3=Ok(())
DPROBE4|r=1e-3 h=1e-6 d=1e3|shells=2|tier3=Ok(())
DPROBE4|r=1e-3 h=1e-6 d=5e3|shells=2|tier3=Ok(())
DPROBE4|r=1e-3 h=1e-5 d=0e0|shells=2|tier3=Ok(())
DPROBE4|r=1e-3 h=1e-5 d=1e3|shells=2|tier3=Ok(())
DPROBE4|r=1e-3 h=1e-5 d=5e3|shells=2|tier3=Ok(())
DPROBE4|r=1e-2 h=1e-6 d=0e0|shells=2|tier3=Ok(())
DPROBE4|r=1e-2 h=1e-6 d=1e3|shells=2|tier3=Ok(())
DPROBE4|r=1e-2 h=1e-6 d=5e3|shells=2|tier3=Ok(())
test probe_d_void::dprobe_far_thin_disc_void ... ok

test result: ok. 1 passed; 0 failed; 0 ignored; 0 measured; 2110 filtered out; finished in 0.21s

        PASS [   0.216s] (3/3) sweep::all probe_d_void::dprobe_far_thin_disc_void
────────────
     Summary [   0.788s] 3 tests run: 3 passed, 2108 skipped
exit 0
