    Blocking waiting for file lock on package cache
    Blocking waiting for file lock on package cache
    Blocking waiting for file lock on package cache
    Blocking waiting for file lock on package cache
    Blocking waiting for file lock on package cache
    Blocking waiting for file lock on package cache
    Blocking waiting for file lock on package cache
    Finished `test` profile [unoptimized + debuginfo] target(s) in 0.77s
────────────
 Nextest run ID 29406eac-b684-4642-b452-90dedcd9fbd1 with nextest profile: default
    Starting 1 test across 1 binary (2110 tests skipped)
       START [         ] (1/1) sweep::all probe_d2_sweep::d2_disc_family

running 1 test
D2|disc|eps=1e-12
D2|disc n=4 r=1e-3 h=1e-7 dir=(0.6, 0.48, 0.64) d=1e3 a=0|upright|exact=+3.142e-13|f64=+3.142e-13|VA/esc=5000.0|tier3=Ok(())|classify=Ok(["Outer"])
D2|disc n=4 r=1e-3 h=1e-7 dir=(0.6, 0.48, 0.64) d=1e3 a=0|INVERTED|exact=-3.142e-13|f64=-3.142e-13|VA/esc=5000.0|tier3=Err([NegativeVolume { solid: SolidKey(1v1) }])|classify=Ok(["Void"])
D2|disc n=4 r=1e-3 h=1e-7 dir=(0.6, 0.48, 0.64) d=1e3 a=0.7|upright|exact=+3.142e-13|f64=+3.142e-13|VA/esc=5000.0|tier3=Ok(())|classify=Ok(["Outer"])
D2|disc n=4 r=1e-3 h=1e-7 dir=(0.6, 0.48, 0.64) d=1e3 a=0.7|INVERTED|exact=-3.142e-13|f64=-3.142e-13|VA/esc=5000.0|tier3=Err([NegativeVolume { solid: SolidKey(1v1) }])|classify=Ok(["Void"])
D2|disc n=4 r=1e-3 h=1e-7 dir=(0.6, 0.48, 0.64) d=5e3 a=0|upright|exact=+3.142e-13|f64=+3.142e-13|VA/esc=5000.0|tier3=Ok(())|classify=Ok(["Outer"])
D2|disc n=4 r=1e-3 h=1e-7 dir=(0.6, 0.48, 0.64) d=5e3 a=0|INVERTED|exact=-3.142e-13|f64=-3.142e-13|VA/esc=5000.0|tier3=Err([NegativeVolume { solid: SolidKey(1v1) }])|classify=Ok(["Void"])
D2|disc n=4 r=1e-3 h=1e-7 dir=(0.6, 0.48, 0.64) d=5e3 a=0.7|upright|exact=+3.142e-13|f64=+3.142e-13|VA/esc=5000.0|tier3=Ok(())|classify=Ok(["Outer"])
D2|disc n=4 r=1e-3 h=1e-7 dir=(0.6, 0.48, 0.64) d=5e3 a=0.7|INVERTED|exact=-3.142e-13|f64=-3.142e-13|VA/esc=5000.0|tier3=Err([NegativeVolume { solid: SolidKey(1v1) }])|classify=Ok(["Void"])
D2|disc n=4 r=1e-3 h=1e-7 dir=(0.6, 0.48, 0.64) d=1e4 a=0|upright|exact=+3.142e-13|f64=+3.142e-13|VA/esc=5000.0|tier3=Ok(())|classify=Ok(["Outer"])
D2|disc n=4 r=1e-3 h=1e-7 dir=(0.6, 0.48, 0.64) d=1e4 a=0|INVERTED|exact=-3.142e-13|f64=-3.142e-13|VA/esc=5000.0|tier3=Err([NegativeVolume { solid: SolidKey(1v1) }])|classify=Ok(["Void"])
D2|disc n=4 r=1e-3 h=1e-7 dir=(0.6, 0.48, 0.64) d=1e4 a=0.7|no build
D2|disc n=4 r=1e-3 h=1e-7 dir=(0.6, 0.48, 0.64) d=2e4 a=0|upright|exact=+3.142e-13|f64=+3.142e-13|VA/esc=5000.0|tier3=Ok(())|classify=Ok(["Outer"])
D2|disc n=4 r=1e-3 h=1e-7 dir=(0.6, 0.48, 0.64) d=2e4 a=0|INVERTED|exact=-3.142e-13|f64=-3.142e-13|VA/esc=5000.0|tier3=Err([NegativeVolume { solid: SolidKey(1v1) }])|classify=Ok(["Void"])
D2|disc n=4 r=1e-3 h=1e-7 dir=(0.6, 0.48, 0.64) d=2e4 a=0.7|no build
D2|disc n=4 r=1e-3 h=1e-7 dir=(-0.6, -0.48, -0.64) d=1e3 a=0|upright|exact=+3.142e-13|f64=+3.142e-13|VA/esc=5000.0|tier3=Ok(())|classify=Ok(["Outer"])
D2|disc n=4 r=1e-3 h=1e-7 dir=(-0.6, -0.48, -0.64) d=1e3 a=0|INVERTED|exact=-3.142e-13|f64=-3.142e-13|VA/esc=5000.0|tier3=Err([NegativeVolume { solid: SolidKey(1v1) }])|classify=Ok(["Void"])
D2|disc n=4 r=1e-3 h=1e-7 dir=(-0.6, -0.48, -0.64) d=1e3 a=0.7|upright|exact=+3.142e-13|f64=+3.142e-13|VA/esc=5000.0|tier3=Ok(())|classify=Ok(["Outer"])
D2|disc n=4 r=1e-3 h=1e-7 dir=(-0.6, -0.48, -0.64) d=1e3 a=0.7|INVERTED|exact=-3.142e-13|f64=-3.142e-13|VA/esc=5000.0|tier3=Err([NegativeVolume { solid: SolidKey(1v1) }])|classify=Ok(["Void"])
D2|disc n=4 r=1e-3 h=1e-7 dir=(-0.6, -0.48, -0.64) d=5e3 a=0|upright|exact=+3.142e-13|f64=+3.142e-13|VA/esc=5000.0|tier3=Ok(())|classify=Ok(["Outer"])
D2|disc n=4 r=1e-3 h=1e-7 dir=(-0.6, -0.48, -0.64) d=5e3 a=0|INVERTED|exact=-3.142e-13|f64=-3.142e-13|VA/esc=5000.0|tier3=Err([NegativeVolume { solid: SolidKey(1v1) }])|classify=Ok(["Void"])
D2|disc n=4 r=1e-3 h=1e-7 dir=(-0.6, -0.48, -0.64) d=5e3 a=0.7|upright|exact=+3.142e-13|f64=+3.142e-13|VA/esc=5000.0|tier3=Ok(())|classify=Ok(["Outer"])
D2|disc n=4 r=1e-3 h=1e-7 dir=(-0.6, -0.48, -0.64) d=5e3 a=0.7|INVERTED|exact=-3.142e-13|f64=-3.142e-13|VA/esc=5000.0|tier3=Err([NegativeVolume { solid: SolidKey(1v1) }])|classify=Ok(["Void"])
D2|disc n=4 r=1e-3 h=1e-7 dir=(-0.6, -0.48, -0.64) d=1e4 a=0|upright|exact=+3.142e-13|f64=+3.142e-13|VA/esc=5000.0|tier3=Ok(())|classify=Ok(["Outer"])
D2|disc n=4 r=1e-3 h=1e-7 dir=(-0.6, -0.48, -0.64) d=1e4 a=0|INVERTED|exact=-3.142e-13|f64=-3.142e-13|VA/esc=5000.0|tier3=Err([NegativeVolume { solid: SolidKey(1v1) }])|classify=Ok(["Void"])
D2|disc n=4 r=1e-3 h=1e-7 dir=(-0.6, -0.48, -0.64) d=1e4 a=0.7|no build
D2|disc n=4 r=1e-3 h=1e-7 dir=(-0.6, -0.48, -0.64) d=2e4 a=0|upright|exact=+3.142e-13|f64=+3.142e-13|VA/esc=5000.0|tier3=Ok(())|classify=Ok(["Outer"])
D2|disc n=4 r=1e-3 h=1e-7 dir=(-0.6, -0.48, -0.64) d=2e4 a=0|INVERTED|exact=-3.142e-13|f64=-3.142e-13|VA/esc=5000.0|tier3=Err([NegativeVolume { solid: SolidKey(1v1) }])|classify=Ok(["Void"])
D2|disc n=4 r=1e-3 h=1e-7 dir=(-0.6, -0.48, -0.64) d=2e4 a=0.7|no build
D2|disc n=4 r=1e-3 h=1e-7 dir=(0.0, 0.0, 1.0) d=1e3 a=0|upright|exact=+3.142e-13|f64=+3.142e-13|VA/esc=5000.0|tier3=Ok(())|classify=Ok(["Outer"])
D2|disc n=4 r=1e-3 h=1e-7 dir=(0.0, 0.0, 1.0) d=1e3 a=0|INVERTED|exact=-3.142e-13|f64=-3.142e-13|VA/esc=5000.0|tier3=Err([NegativeVolume { solid: SolidKey(1v1) }])|classify=Ok(["Void"])
D2|disc n=4 r=1e-3 h=1e-7 dir=(0.0, 0.0, 1.0) d=1e3 a=0.7|upright|exact=+3.142e-13|f64=+3.142e-13|VA/esc=5000.0|tier3=Ok(())|classify=Ok(["Outer"])
D2|disc n=4 r=1e-3 h=1e-7 dir=(0.0, 0.0, 1.0) d=1e3 a=0.7|INVERTED|exact=-3.142e-13|f64=-3.142e-13|VA/esc=5000.0|tier3=Err([NegativeVolume { solid: SolidKey(1v1) }])|classify=Ok(["Void"])
D2|disc n=4 r=1e-3 h=1e-7 dir=(0.0, 0.0, 1.0) d=5e3 a=0|upright|exact=+3.142e-13|f64=+3.142e-13|VA/esc=5000.0|tier3=Ok(())|classify=Ok(["Outer"])
D2|disc n=4 r=1e-3 h=1e-7 dir=(0.0, 0.0, 1.0) d=5e3 a=0|INVERTED|exact=-3.142e-13|f64=-3.142e-13|VA/esc=5000.0|tier3=Err([NegativeVolume { solid: SolidKey(1v1) }])|classify=Ok(["Void"])
D2|disc n=4 r=1e-3 h=1e-7 dir=(0.0, 0.0, 1.0) d=5e3 a=0.7|upright|exact=+3.142e-13|f64=+3.142e-13|VA/esc=5000.0|tier3=Ok(())|classify=Ok(["Outer"])
D2|disc n=4 r=1e-3 h=1e-7 dir=(0.0, 0.0, 1.0) d=5e3 a=0.7|INVERTED|exact=-3.142e-13|f64=-3.142e-13|VA/esc=5000.0|tier3=Err([NegativeVolume { solid: SolidKey(1v1) }])|classify=Ok(["Void"])
D2|disc n=4 r=1e-3 h=1e-7 dir=(0.0, 0.0, 1.0) d=1e4 a=0|upright|exact=+3.142e-13|f64=+3.142e-13|VA/esc=5000.0|tier3=Ok(())|classify=Ok(["Outer"])
D2|disc n=4 r=1e-3 h=1e-7 dir=(0.0, 0.0, 1.0) d=1e4 a=0|INVERTED|exact=-3.142e-13|f64=-3.142e-13|VA/esc=5000.0|tier3=Err([NegativeVolume { solid: SolidKey(1v1) }])|classify=Ok(["Void"])
D2|disc n=4 r=1e-3 h=1e-7 dir=(0.0, 0.0, 1.0) d=1e4 a=0.7|no build
D2|disc n=4 r=1e-3 h=1e-7 dir=(0.0, 0.0, 1.0) d=2e4 a=0|upright|exact=+3.142e-13|f64=+3.142e-13|VA/esc=5000.0|tier3=Ok(())|classify=Ok(["Outer"])
D2|disc n=4 r=1e-3 h=1e-7 dir=(0.0, 0.0, 1.0) d=2e4 a=0|INVERTED|exact=-3.142e-13|f64=-3.142e-13|VA/esc=5000.0|tier3=Err([NegativeVolume { solid: SolidKey(1v1) }])|classify=Ok(["Void"])
D2|disc n=4 r=1e-3 h=1e-7 dir=(0.0, 0.0, 1.0) d=2e4 a=0.7|no build
D2|disc n=4 r=1e-3 h=1e-6 dir=(0.6, 0.48, 0.64) d=1e3 a=0|upright|exact=+3.142e-12|f64=+3.142e-12|VA/esc=50000.0|tier3=Ok(())|classify=Ok(["Outer"])
D2|disc n=4 r=1e-3 h=1e-6 dir=(0.6, 0.48, 0.64) d=1e3 a=0|INVERTED|exact=-3.142e-12|f64=-3.142e-12|VA/esc=50000.0|tier3=Err([NegativeVolume { solid: SolidKey(1v1) }])|classify=Ok(["Void"])
D2|disc n=4 r=1e-3 h=1e-6 dir=(0.6, 0.48, 0.64) d=1e3 a=0.7|upright|exact=+3.142e-12|f64=+3.142e-12|VA/esc=50000.0|tier3=Ok(())|classify=Ok(["Outer"])
D2|disc n=4 r=1e-3 h=1e-6 dir=(0.6, 0.48, 0.64) d=1e3 a=0.7|INVERTED|exact=-3.142e-12|f64=-3.142e-12|VA/esc=50000.0|tier3=Err([NegativeVolume { solid: SolidKey(1v1) }])|classify=Ok(["Void"])
D2|disc n=4 r=1e-3 h=1e-6 dir=(0.6, 0.48, 0.64) d=5e3 a=0|upright|exact=+3.142e-12|f64=+3.142e-12|VA/esc=50000.0|tier3=Ok(())|classify=Ok(["Outer"])
D2|disc n=4 r=1e-3 h=1e-6 dir=(0.6, 0.48, 0.64) d=5e3 a=0|INVERTED|exact=-3.142e-12|f64=-3.142e-12|VA/esc=50000.0|tier3=Err([NegativeVolume { solid: SolidKey(1v1) }])|classify=Ok(["Void"])
D2|disc n=4 r=1e-3 h=1e-6 dir=(0.6, 0.48, 0.64) d=5e3 a=0.7|upright|exact=+3.142e-12|f64=+3.142e-12|VA/esc=50000.0|tier3=Ok(())|classify=Ok(["Outer"])
D2|disc n=4 r=1e-3 h=1e-6 dir=(0.6, 0.48, 0.64) d=5e3 a=0.7|INVERTED|exact=-3.142e-12|f64=-3.142e-12|VA/esc=50000.0|tier3=Err([NegativeVolume { solid: SolidKey(1v1) }])|classify=Ok(["Void"])
D2|disc n=4 r=1e-3 h=1e-6 dir=(0.6, 0.48, 0.64) d=1e4 a=0|upright|exact=+3.142e-12|f64=+3.142e-12|VA/esc=50000.0|tier3=Ok(())|classify=Ok(["Outer"])
D2|disc n=4 r=1e-3 h=1e-6 dir=(0.6, 0.48, 0.64) d=1e4 a=0|INVERTED|exact=-3.142e-12|f64=-3.142e-12|VA/esc=50000.0|tier3=Err([NegativeVolume { solid: SolidKey(1v1) }])|classify=Ok(["Void"])
D2|disc n=4 r=1e-3 h=1e-6 dir=(0.6, 0.48, 0.64) d=1e4 a=0.7|no build
D2|disc n=4 r=1e-3 h=1e-6 dir=(0.6, 0.48, 0.64) d=2e4 a=0|upright|exact=+3.142e-12|f64=+3.142e-12|VA/esc=50000.0|tier3=Ok(())|classify=Ok(["Outer"])
D2|disc n=4 r=1e-3 h=1e-6 dir=(0.6, 0.48, 0.64) d=2e4 a=0|INVERTED|exact=-3.142e-12|f64=-3.142e-12|VA/esc=50000.0|tier3=Err([NegativeVolume { solid: SolidKey(1v1) }])|classify=Ok(["Void"])
D2|disc n=4 r=1e-3 h=1e-6 dir=(0.6, 0.48, 0.64) d=2e4 a=0.7|no build
D2|disc n=4 r=1e-3 h=1e-6 dir=(-0.6, -0.48, -0.64) d=1e3 a=0|upright|exact=+3.142e-12|f64=+3.142e-12|VA/esc=50000.0|tier3=Ok(())|classify=Ok(["Outer"])
D2|disc n=4 r=1e-3 h=1e-6 dir=(-0.6, -0.48, -0.64) d=1e3 a=0|INVERTED|exact=-3.142e-12|f64=-3.142e-12|VA/esc=50000.0|tier3=Err([NegativeVolume { solid: SolidKey(1v1) }])|classify=Ok(["Void"])
D2|disc n=4 r=1e-3 h=1e-6 dir=(-0.6, -0.48, -0.64) d=1e3 a=0.7|upright|exact=+3.142e-12|f64=+3.142e-12|VA/esc=50000.0|tier3=Ok(())|classify=Ok(["Outer"])
D2|disc n=4 r=1e-3 h=1e-6 dir=(-0.6, -0.48, -0.64) d=1e3 a=0.7|INVERTED|exact=-3.142e-12|f64=-3.142e-12|VA/esc=50000.0|tier3=Err([NegativeVolume { solid: SolidKey(1v1) }])|classify=Ok(["Void"])
D2|disc n=4 r=1e-3 h=1e-6 dir=(-0.6, -0.48, -0.64) d=5e3 a=0|upright|exact=+3.142e-12|f64=+3.142e-12|VA/esc=50000.0|tier3=Ok(())|classify=Ok(["Outer"])
D2|disc n=4 r=1e-3 h=1e-6 dir=(-0.6, -0.48, -0.64) d=5e3 a=0|INVERTED|exact=-3.142e-12|f64=-3.142e-12|VA/esc=50000.0|tier3=Err([NegativeVolume { solid: SolidKey(1v1) }])|classify=Ok(["Void"])
D2|disc n=4 r=1e-3 h=1e-6 dir=(-0.6, -0.48, -0.64) d=5e3 a=0.7|upright|exact=+3.142e-12|f64=+3.142e-12|VA/esc=50000.0|tier3=Ok(())|classify=Ok(["Outer"])
D2|disc n=4 r=1e-3 h=1e-6 dir=(-0.6, -0.48, -0.64) d=5e3 a=0.7|INVERTED|exact=-3.142e-12|f64=-3.142e-12|VA/esc=50000.0|tier3=Err([NegativeVolume { solid: SolidKey(1v1) }])|classify=Ok(["Void"])
D2|disc n=4 r=1e-3 h=1e-6 dir=(-0.6, -0.48, -0.64) d=1e4 a=0|upright|exact=+3.142e-12|f64=+3.142e-12|VA/esc=50000.0|tier3=Ok(())|classify=Ok(["Outer"])
D2|disc n=4 r=1e-3 h=1e-6 dir=(-0.6, -0.48, -0.64) d=1e4 a=0|INVERTED|exact=-3.142e-12|f64=-3.142e-12|VA/esc=50000.0|tier3=Err([NegativeVolume { solid: SolidKey(1v1) }])|classify=Ok(["Void"])
D2|disc n=4 r=1e-3 h=1e-6 dir=(-0.6, -0.48, -0.64) d=1e4 a=0.7|no build
D2|disc n=4 r=1e-3 h=1e-6 dir=(-0.6, -0.48, -0.64) d=2e4 a=0|upright|exact=+3.142e-12|f64=+3.142e-12|VA/esc=50000.0|tier3=Ok(())|classify=Ok(["Outer"])
D2|disc n=4 r=1e-3 h=1e-6 dir=(-0.6, -0.48, -0.64) d=2e4 a=0|INVERTED|exact=-3.142e-12|f64=-3.142e-12|VA/esc=50000.0|tier3=Err([NegativeVolume { solid: SolidKey(1v1) }])|classify=Ok(["Void"])
D2|disc n=4 r=1e-3 h=1e-6 dir=(-0.6, -0.48, -0.64) d=2e4 a=0.7|no build
D2|disc n=4 r=1e-3 h=1e-6 dir=(0.0, 0.0, 1.0) d=1e3 a=0|upright|exact=+3.142e-12|f64=+3.142e-12|VA/esc=50000.0|tier3=Ok(())|classify=Ok(["Outer"])
D2|disc n=4 r=1e-3 h=1e-6 dir=(0.0, 0.0, 1.0) d=1e3 a=0|INVERTED|exact=-3.142e-12|f64=-3.142e-12|VA/esc=50000.0|tier3=Err([NegativeVolume { solid: SolidKey(1v1) }])|classify=Ok(["Void"])
D2|disc n=4 r=1e-3 h=1e-6 dir=(0.0, 0.0, 1.0) d=1e3 a=0.7|upright|exact=+3.142e-12|f64=+3.142e-12|VA/esc=50000.0|tier3=Ok(())|classify=Ok(["Outer"])
D2|disc n=4 r=1e-3 h=1e-6 dir=(0.0, 0.0, 1.0) d=1e3 a=0.7|INVERTED|exact=-3.142e-12|f64=-3.142e-12|VA/esc=50000.0|tier3=Err([NegativeVolume { solid: SolidKey(1v1) }])|classify=Ok(["Void"])
D2|disc n=4 r=1e-3 h=1e-6 dir=(0.0, 0.0, 1.0) d=5e3 a=0|upright|exact=+3.142e-12|f64=+3.142e-12|VA/esc=50000.0|tier3=Ok(())|classify=Ok(["Outer"])
D2|disc n=4 r=1e-3 h=1e-6 dir=(0.0, 0.0, 1.0) d=5e3 a=0|INVERTED|exact=-3.142e-12|f64=-3.142e-12|VA/esc=50000.0|tier3=Err([NegativeVolume { solid: SolidKey(1v1) }])|classify=Ok(["Void"])
D2|disc n=4 r=1e-3 h=1e-6 dir=(0.0, 0.0, 1.0) d=5e3 a=0.7|upright|exact=+3.142e-12|f64=+3.142e-12|VA/esc=50000.0|tier3=Ok(())|classify=Ok(["Outer"])
D2|disc n=4 r=1e-3 h=1e-6 dir=(0.0, 0.0, 1.0) d=5e3 a=0.7|INVERTED|exact=-3.142e-12|f64=-3.142e-12|VA/esc=50000.0|tier3=Err([NegativeVolume { solid: SolidKey(1v1) }])|classify=Ok(["Void"])
D2|disc n=4 r=1e-3 h=1e-6 dir=(0.0, 0.0, 1.0) d=1e4 a=0|upright|exact=+3.142e-12|f64=+3.142e-12|VA/esc=50000.0|tier3=Ok(())|classify=Ok(["Outer"])
D2|disc n=4 r=1e-3 h=1e-6 dir=(0.0, 0.0, 1.0) d=1e4 a=0|INVERTED|exact=-3.142e-12|f64=-3.142e-12|VA/esc=50000.0|tier3=Err([NegativeVolume { solid: SolidKey(1v1) }])|classify=Ok(["Void"])
D2|disc n=4 r=1e-3 h=1e-6 dir=(0.0, 0.0, 1.0) d=1e4 a=0.7|no build
D2|disc n=4 r=1e-3 h=1e-6 dir=(0.0, 0.0, 1.0) d=2e4 a=0|upright|exact=+3.142e-12|f64=+3.142e-12|VA/esc=50000.0|tier3=Ok(())|classify=Ok(["Outer"])
D2|disc n=4 r=1e-3 h=1e-6 dir=(0.0, 0.0, 1.0) d=2e4 a=0|INVERTED|exact=-3.142e-12|f64=-3.142e-12|VA/esc=50000.0|tier3=Err([NegativeVolume { solid: SolidKey(1v1) }])|classify=Ok(["Void"])
D2|disc n=4 r=1e-3 h=1e-6 dir=(0.0, 0.0, 1.0) d=2e4 a=0.7|no build
D2|disc n=4 r=1e-3 h=1e-5 dir=(0.6, 0.48, 0.64) d=1e3 a=0|upright|exact=+3.142e-11|f64=+3.142e-11|VA/esc=500000.0|tier3=Ok(())|classify=Ok(["Outer"])
D2|disc n=4 r=1e-3 h=1e-5 dir=(0.6, 0.48, 0.64) d=1e3 a=0|INVERTED|exact=-3.142e-11|f64=-3.142e-11|VA/esc=500000.0|tier3=Err([NegativeVolume { solid: SolidKey(1v1) }])|classify=Ok(["Void"])
D2|disc n=4 r=1e-3 h=1e-5 dir=(0.6, 0.48, 0.64) d=1e3 a=0.7|upright|exact=+3.142e-11|f64=+3.142e-11|VA/esc=500000.0|tier3=Ok(())|classify=Ok(["Outer"])
D2|disc n=4 r=1e-3 h=1e-5 dir=(0.6, 0.48, 0.64) d=1e3 a=0.7|INVERTED|exact=-3.142e-11|f64=-3.142e-11|VA/esc=500000.0|tier3=Err([NegativeVolume { solid: SolidKey(1v1) }])|classify=Ok(["Void"])
D2|disc n=4 r=1e-3 h=1e-5 dir=(0.6, 0.48, 0.64) d=5e3 a=0|upright|exact=+3.142e-11|f64=+3.142e-11|VA/esc=500000.0|tier3=Ok(())|classify=Ok(["Outer"])
D2|disc n=4 r=1e-3 h=1e-5 dir=(0.6, 0.48, 0.64) d=5e3 a=0|INVERTED|exact=-3.142e-11|f64=-3.142e-11|VA/esc=500000.0|tier3=Err([NegativeVolume { solid: SolidKey(1v1) }])|classify=Ok(["Void"])
D2|disc n=4 r=1e-3 h=1e-5 dir=(0.6, 0.48, 0.64) d=5e3 a=0.7|upright|exact=+3.142e-11|f64=+3.142e-11|VA/esc=500000.0|tier3=Ok(())|classify=Ok(["Outer"])
D2|disc n=4 r=1e-3 h=1e-5 dir=(0.6, 0.48, 0.64) d=5e3 a=0.7|INVERTED|exact=-3.142e-11|f64=-3.142e-11|VA/esc=500000.0|tier3=Err([NegativeVolume { solid: SolidKey(1v1) }])|classify=Ok(["Void"])
D2|disc n=4 r=1e-3 h=1e-5 dir=(0.6, 0.48, 0.64) d=1e4 a=0|upright|exact=+3.142e-11|f64=+3.142e-11|VA/esc=500000.0|tier3=Ok(())|classify=Ok(["Outer"])
D2|disc n=4 r=1e-3 h=1e-5 dir=(0.6, 0.48, 0.64) d=1e4 a=0|INVERTED|exact=-3.142e-11|f64=-3.142e-11|VA/esc=500000.0|tier3=Err([NegativeVolume { solid: SolidKey(1v1) }])|classify=Ok(["Void"])
D2|disc n=4 r=1e-3 h=1e-5 dir=(0.6, 0.48, 0.64) d=1e4 a=0.7|no build
D2|disc n=4 r=1e-3 h=1e-5 dir=(0.6, 0.48, 0.64) d=2e4 a=0|upright|exact=+3.142e-11|f64=+3.142e-11|VA/esc=500000.0|tier3=Ok(())|classify=Ok(["Outer"])
D2|disc n=4 r=1e-3 h=1e-5 dir=(0.6, 0.48, 0.64) d=2e4 a=0|INVERTED|exact=-3.142e-11|f64=-3.142e-11|VA/esc=500000.0|tier3=Err([NegativeVolume { solid: SolidKey(1v1) }])|classify=Ok(["Void"])
D2|disc n=4 r=1e-3 h=1e-5 dir=(0.6, 0.48, 0.64) d=2e4 a=0.7|no build
D2|disc n=4 r=1e-3 h=1e-5 dir=(-0.6, -0.48, -0.64) d=1e3 a=0|upright|exact=+3.142e-11|f64=+3.142e-11|VA/esc=500000.0|tier3=Ok(())|classify=Ok(["Outer"])
D2|disc n=4 r=1e-3 h=1e-5 dir=(-0.6, -0.48, -0.64) d=1e3 a=0|INVERTED|exact=-3.142e-11|f64=-3.142e-11|VA/esc=500000.0|tier3=Err([NegativeVolume { solid: SolidKey(1v1) }])|classify=Ok(["Void"])
D2|disc n=4 r=1e-3 h=1e-5 dir=(-0.6, -0.48, -0.64) d=1e3 a=0.7|upright|exact=+3.142e-11|f64=+3.142e-11|VA/esc=500000.0|tier3=Ok(())|classify=Ok(["Outer"])
D2|disc n=4 r=1e-3 h=1e-5 dir=(-0.6, -0.48, -0.64) d=1e3 a=0.7|INVERTED|exact=-3.142e-11|f64=-3.142e-11|VA/esc=500000.0|tier3=Err([NegativeVolume { solid: SolidKey(1v1) }])|classify=Ok(["Void"])
D2|disc n=4 r=1e-3 h=1e-5 dir=(-0.6, -0.48, -0.64) d=5e3 a=0|upright|exact=+3.142e-11|f64=+3.142e-11|VA/esc=500000.0|tier3=Ok(())|classify=Ok(["Outer"])
D2|disc n=4 r=1e-3 h=1e-5 dir=(-0.6, -0.48, -0.64) d=5e3 a=0|INVERTED|exact=-3.142e-11|f64=-3.142e-11|VA/esc=500000.0|tier3=Err([NegativeVolume { solid: SolidKey(1v1) }])|classify=Ok(["Void"])
D2|disc n=4 r=1e-3 h=1e-5 dir=(-0.6, -0.48, -0.64) d=5e3 a=0.7|upright|exact=+3.142e-11|f64=+3.142e-11|VA/esc=500000.0|tier3=Ok(())|classify=Ok(["Outer"])
D2|disc n=4 r=1e-3 h=1e-5 dir=(-0.6, -0.48, -0.64) d=5e3 a=0.7|INVERTED|exact=-3.142e-11|f64=-3.142e-11|VA/esc=500000.0|tier3=Err([NegativeVolume { solid: SolidKey(1v1) }])|classify=Ok(["Void"])
D2|disc n=4 r=1e-3 h=1e-5 dir=(-0.6, -0.48, -0.64) d=1e4 a=0|upright|exact=+3.142e-11|f64=+3.142e-11|VA/esc=500000.0|tier3=Ok(())|classify=Ok(["Outer"])
D2|disc n=4 r=1e-3 h=1e-5 dir=(-0.6, -0.48, -0.64) d=1e4 a=0|INVERTED|exact=-3.142e-11|f64=-3.142e-11|VA/esc=500000.0|tier3=Err([NegativeVolume { solid: SolidKey(1v1) }])|classify=Ok(["Void"])
D2|disc n=4 r=1e-3 h=1e-5 dir=(-0.6, -0.48, -0.64) d=1e4 a=0.7|no build
D2|disc n=4 r=1e-3 h=1e-5 dir=(-0.6, -0.48, -0.64) d=2e4 a=0|upright|exact=+3.142e-11|f64=+3.142e-11|VA/esc=500000.0|tier3=Ok(())|classify=Ok(["Outer"])
D2|disc n=4 r=1e-3 h=1e-5 dir=(-0.6, -0.48, -0.64) d=2e4 a=0|INVERTED|exact=-3.142e-11|f64=-3.142e-11|VA/esc=500000.0|tier3=Err([NegativeVolume { solid: SolidKey(1v1) }])|classify=Ok(["Void"])
D2|disc n=4 r=1e-3 h=1e-5 dir=(-0.6, -0.48, -0.64) d=2e4 a=0.7|no build
D2|disc n=4 r=1e-3 h=1e-5 dir=(0.0, 0.0, 1.0) d=1e3 a=0|upright|exact=+3.142e-11|f64=+3.142e-11|VA/esc=500000.0|tier3=Ok(())|classify=Ok(["Outer"])
D2|disc n=4 r=1e-3 h=1e-5 dir=(0.0, 0.0, 1.0) d=1e3 a=0|INVERTED|exact=-3.142e-11|f64=-3.142e-11|VA/esc=500000.0|tier3=Err([NegativeVolume { solid: SolidKey(1v1) }])|classify=Ok(["Void"])
D2|disc n=4 r=1e-3 h=1e-5 dir=(0.0, 0.0, 1.0) d=1e3 a=0.7|upright|exact=+3.142e-11|f64=+3.142e-11|VA/esc=500000.0|tier3=Ok(())|classify=Ok(["Outer"])
D2|disc n=4 r=1e-3 h=1e-5 dir=(0.0, 0.0, 1.0) d=1e3 a=0.7|INVERTED|exact=-3.142e-11|f64=-3.142e-11|VA/esc=500000.0|tier3=Err([NegativeVolume { solid: SolidKey(1v1) }])|classify=Ok(["Void"])
D2|disc n=4 r=1e-3 h=1e-5 dir=(0.0, 0.0, 1.0) d=5e3 a=0|upright|exact=+3.142e-11|f64=+3.142e-11|VA/esc=500000.0|tier3=Ok(())|classify=Ok(["Outer"])
D2|disc n=4 r=1e-3 h=1e-5 dir=(0.0, 0.0, 1.0) d=5e3 a=0|INVERTED|exact=-3.142e-11|f64=-3.142e-11|VA/esc=500000.0|tier3=Err([NegativeVolume { solid: SolidKey(1v1) }])|classify=Ok(["Void"])
D2|disc n=4 r=1e-3 h=1e-5 dir=(0.0, 0.0, 1.0) d=5e3 a=0.7|upright|exact=+3.142e-11|f64=+3.142e-11|VA/esc=500000.0|tier3=Ok(())|classify=Ok(["Outer"])
D2|disc n=4 r=1e-3 h=1e-5 dir=(0.0, 0.0, 1.0) d=5e3 a=0.7|INVERTED|exact=-3.142e-11|f64=-3.142e-11|VA/esc=500000.0|tier3=Err([NegativeVolume { solid: SolidKey(1v1) }])|classify=Ok(["Void"])
D2|disc n=4 r=1e-3 h=1e-5 dir=(0.0, 0.0, 1.0) d=1e4 a=0|upright|exact=+3.142e-11|f64=+3.142e-11|VA/esc=500000.0|tier3=Ok(())|classify=Ok(["Outer"])
D2|disc n=4 r=1e-3 h=1e-5 dir=(0.0, 0.0, 1.0) d=1e4 a=0|INVERTED|exact=-3.142e-11|f64=-3.142e-11|VA/esc=500000.0|tier3=Err([NegativeVolume { solid: SolidKey(1v1) }])|classify=Ok(["Void"])
D2|disc n=4 r=1e-3 h=1e-5 dir=(0.0, 0.0, 1.0) d=1e4 a=0.7|no build
D2|disc n=4 r=1e-3 h=1e-5 dir=(0.0, 0.0, 1.0) d=2e4 a=0|upright|exact=+3.142e-11|f64=+3.142e-11|VA/esc=500000.0|tier3=Ok(())|classify=Ok(["Outer"])
D2|disc n=4 r=1e-3 h=1e-5 dir=(0.0, 0.0, 1.0) d=2e4 a=0|INVERTED|exact=-3.142e-11|f64=-3.142e-11|VA/esc=500000.0|tier3=Err([NegativeVolume { solid: SolidKey(1v1) }])|classify=Ok(["Void"])
D2|disc n=4 r=1e-3 h=1e-5 dir=(0.0, 0.0, 1.0) d=2e4 a=0.7|no build
D2|disc n=4 r=1e-2 h=1e-6 dir=(0.6, 0.48, 0.64) d=1e3 a=0|upright|exact=+3.142e-10|f64=+3.142e-10|VA/esc=50000.0|tier3=Ok(())|classify=Ok(["Outer"])
D2|disc n=4 r=1e-2 h=1e-6 dir=(0.6, 0.48, 0.64) d=1e3 a=0|INVERTED|exact=-3.142e-10|f64=-3.142e-10|VA/esc=50000.0|tier3=Err([NegativeVolume { solid: SolidKey(1v1) }])|classify=Ok(["Void"])
D2|disc n=4 r=1e-2 h=1e-6 dir=(0.6, 0.48, 0.64) d=1e3 a=0.7|upright|exact=+3.142e-10|f64=+3.142e-10|VA/esc=50000.0|tier3=Ok(())|classify=Ok(["Outer"])
D2|disc n=4 r=1e-2 h=1e-6 dir=(0.6, 0.48, 0.64) d=1e3 a=0.7|INVERTED|exact=-3.142e-10|f64=-3.142e-10|VA/esc=50000.0|tier3=Err([NegativeVolume { solid: SolidKey(1v1) }])|classify=Ok(["Void"])
D2|disc n=4 r=1e-2 h=1e-6 dir=(0.6, 0.48, 0.64) d=5e3 a=0|upright|exact=+3.142e-10|f64=+3.142e-10|VA/esc=50000.0|tier3=Ok(())|classify=Ok(["Outer"])
D2|disc n=4 r=1e-2 h=1e-6 dir=(0.6, 0.48, 0.64) d=5e3 a=0|INVERTED|exact=-3.142e-10|f64=-3.142e-10|VA/esc=50000.0|tier3=Err([NegativeVolume { solid: SolidKey(1v1) }])|classify=Ok(["Void"])
D2|disc n=4 r=1e-2 h=1e-6 dir=(0.6, 0.48, 0.64) d=5e3 a=0.7|upright|exact=+3.142e-10|f64=+3.142e-10|VA/esc=50000.0|tier3=Ok(())|classify=Ok(["Outer"])
D2|disc n=4 r=1e-2 h=1e-6 dir=(0.6, 0.48, 0.64) d=5e3 a=0.7|INVERTED|exact=-3.142e-10|f64=-3.142e-10|VA/esc=50000.0|tier3=Err([NegativeVolume { solid: SolidKey(1v1) }])|classify=Ok(["Void"])
D2|disc n=4 r=1e-2 h=1e-6 dir=(0.6, 0.48, 0.64) d=1e4 a=0|upright|exact=+3.142e-10|f64=+3.142e-10|VA/esc=50000.0|tier3=Ok(())|classify=Ok(["Outer"])
D2|disc n=4 r=1e-2 h=1e-6 dir=(0.6, 0.48, 0.64) d=1e4 a=0|INVERTED|exact=-3.142e-10|f64=-3.142e-10|VA/esc=50000.0|tier3=Err([NegativeVolume { solid: SolidKey(1v1) }])|classify=Ok(["Void"])
D2|disc n=4 r=1e-2 h=1e-6 dir=(0.6, 0.48, 0.64) d=1e4 a=0.7|no build
D2|disc n=4 r=1e-2 h=1e-6 dir=(0.6, 0.48, 0.64) d=2e4 a=0|upright|exact=+3.142e-10|f64=+3.142e-10|VA/esc=50000.0|tier3=Ok(())|classify=Ok(["Outer"])
D2|disc n=4 r=1e-2 h=1e-6 dir=(0.6, 0.48, 0.64) d=2e4 a=0|INVERTED|exact=-3.142e-10|f64=-3.142e-10|VA/esc=50000.0|tier3=Err([NegativeVolume { solid: SolidKey(1v1) }])|classify=Ok(["Void"])
D2|disc n=4 r=1e-2 h=1e-6 dir=(0.6, 0.48, 0.64) d=2e4 a=0.7|no build
D2|disc n=4 r=1e-2 h=1e-6 dir=(-0.6, -0.48, -0.64) d=1e3 a=0|upright|exact=+3.142e-10|f64=+3.142e-10|VA/esc=50000.0|tier3=Ok(())|classify=Ok(["Outer"])
D2|disc n=4 r=1e-2 h=1e-6 dir=(-0.6, -0.48, -0.64) d=1e3 a=0|INVERTED|exact=-3.142e-10|f64=-3.142e-10|VA/esc=50000.0|tier3=Err([NegativeVolume { solid: SolidKey(1v1) }])|classify=Ok(["Void"])
D2|disc n=4 r=1e-2 h=1e-6 dir=(-0.6, -0.48, -0.64) d=1e3 a=0.7|upright|exact=+3.142e-10|f64=+3.142e-10|VA/esc=50000.0|tier3=Ok(())|classify=Ok(["Outer"])
D2|disc n=4 r=1e-2 h=1e-6 dir=(-0.6, -0.48, -0.64) d=1e3 a=0.7|INVERTED|exact=-3.142e-10|f64=-3.142e-10|VA/esc=50000.0|tier3=Err([NegativeVolume { solid: SolidKey(1v1) }])|classify=Ok(["Void"])
D2|disc n=4 r=1e-2 h=1e-6 dir=(-0.6, -0.48, -0.64) d=5e3 a=0|upright|exact=+3.142e-10|f64=+3.142e-10|VA/esc=50000.0|tier3=Ok(())|classify=Ok(["Outer"])
D2|disc n=4 r=1e-2 h=1e-6 dir=(-0.6, -0.48, -0.64) d=5e3 a=0|INVERTED|exact=-3.142e-10|f64=-3.142e-10|VA/esc=50000.0|tier3=Err([NegativeVolume { solid: SolidKey(1v1) }])|classify=Ok(["Void"])
D2|disc n=4 r=1e-2 h=1e-6 dir=(-0.6, -0.48, -0.64) d=5e3 a=0.7|upright|exact=+3.142e-10|f64=+3.142e-10|VA/esc=50000.0|tier3=Ok(())|classify=Ok(["Outer"])
D2|disc n=4 r=1e-2 h=1e-6 dir=(-0.6, -0.48, -0.64) d=5e3 a=0.7|INVERTED|exact=-3.142e-10|f64=-3.142e-10|VA/esc=50000.0|tier3=Err([NegativeVolume { solid: SolidKey(1v1) }])|classify=Ok(["Void"])
D2|disc n=4 r=1e-2 h=1e-6 dir=(-0.6, -0.48, -0.64) d=1e4 a=0|upright|exact=+3.142e-10|f64=+3.142e-10|VA/esc=50000.0|tier3=Ok(())|classify=Ok(["Outer"])
D2|disc n=4 r=1e-2 h=1e-6 dir=(-0.6, -0.48, -0.64) d=1e4 a=0|INVERTED|exact=-3.142e-10|f64=-3.142e-10|VA/esc=50000.0|tier3=Err([NegativeVolume { solid: SolidKey(1v1) }])|classify=Ok(["Void"])
D2|disc n=4 r=1e-2 h=1e-6 dir=(-0.6, -0.48, -0.64) d=1e4 a=0.7|no build
D2|disc n=4 r=1e-2 h=1e-6 dir=(-0.6, -0.48, -0.64) d=2e4 a=0|upright|exact=+3.142e-10|f64=+3.142e-10|VA/esc=50000.0|tier3=Ok(())|classify=Ok(["Outer"])
D2|disc n=4 r=1e-2 h=1e-6 dir=(-0.6, -0.48, -0.64) d=2e4 a=0|INVERTED|exact=-3.142e-10|f64=-3.142e-10|VA/esc=50000.0|tier3=Err([NegativeVolume { solid: SolidKey(1v1) }])|classify=Ok(["Void"])
D2|disc n=4 r=1e-2 h=1e-6 dir=(-0.6, -0.48, -0.64) d=2e4 a=0.7|no build
D2|disc n=4 r=1e-2 h=1e-6 dir=(0.0, 0.0, 1.0) d=1e3 a=0|upright|exact=+3.142e-10|f64=+3.142e-10|VA/esc=50000.0|tier3=Ok(())|classify=Ok(["Outer"])
D2|disc n=4 r=1e-2 h=1e-6 dir=(0.0, 0.0, 1.0) d=1e3 a=0|INVERTED|exact=-3.142e-10|f64=-3.142e-10|VA/esc=50000.0|tier3=Err([NegativeVolume { solid: SolidKey(1v1) }])|classify=Ok(["Void"])
D2|disc n=4 r=1e-2 h=1e-6 dir=(0.0, 0.0, 1.0) d=1e3 a=0.7|upright|exact=+3.142e-10|f64=+3.142e-10|VA/esc=50000.0|tier3=Ok(())|classify=Ok(["Outer"])
D2|disc n=4 r=1e-2 h=1e-6 dir=(0.0, 0.0, 1.0) d=1e3 a=0.7|INVERTED|exact=-3.142e-10|f64=-3.142e-10|VA/esc=50000.0|tier3=Err([NegativeVolume { solid: SolidKey(1v1) }])|classify=Ok(["Void"])
D2|disc n=4 r=1e-2 h=1e-6 dir=(0.0, 0.0, 1.0) d=5e3 a=0|upright|exact=+3.142e-10|f64=+3.142e-10|VA/esc=50000.0|tier3=Ok(())|classify=Ok(["Outer"])
D2|disc n=4 r=1e-2 h=1e-6 dir=(0.0, 0.0, 1.0) d=5e3 a=0|INVERTED|exact=-3.142e-10|f64=-3.142e-10|VA/esc=50000.0|tier3=Err([NegativeVolume { solid: SolidKey(1v1) }])|classify=Ok(["Void"])
D2|disc n=4 r=1e-2 h=1e-6 dir=(0.0, 0.0, 1.0) d=5e3 a=0.7|upright|exact=+3.142e-10|f64=+3.142e-10|VA/esc=50000.0|tier3=Ok(())|classify=Ok(["Outer"])
D2|disc n=4 r=1e-2 h=1e-6 dir=(0.0, 0.0, 1.0) d=5e3 a=0.7|INVERTED|exact=-3.142e-10|f64=-3.142e-10|VA/esc=50000.0|tier3=Err([NegativeVolume { solid: SolidKey(1v1) }])|classify=Ok(["Void"])
D2|disc n=4 r=1e-2 h=1e-6 dir=(0.0, 0.0, 1.0) d=1e4 a=0|upright|exact=+3.142e-10|f64=+3.142e-10|VA/esc=50000.0|tier3=Ok(())|classify=Ok(["Outer"])
D2|disc n=4 r=1e-2 h=1e-6 dir=(0.0, 0.0, 1.0) d=1e4 a=0|INVERTED|exact=-3.142e-10|f64=-3.142e-10|VA/esc=50000.0|tier3=Err([NegativeVolume { solid: SolidKey(1v1) }])|classify=Ok(["Void"])
D2|disc n=4 r=1e-2 h=1e-6 dir=(0.0, 0.0, 1.0) d=1e4 a=0.7|no build
D2|disc n=4 r=1e-2 h=1e-6 dir=(0.0, 0.0, 1.0) d=2e4 a=0|upright|exact=+3.142e-10|f64=+3.142e-10|VA/esc=50000.0|tier3=Ok(())|classify=Ok(["Outer"])
D2|disc n=4 r=1e-2 h=1e-6 dir=(0.0, 0.0, 1.0) d=2e4 a=0|INVERTED|exact=-3.142e-10|f64=-3.142e-10|VA/esc=50000.0|tier3=Err([NegativeVolume { solid: SolidKey(1v1) }])|classify=Ok(["Void"])
D2|disc n=4 r=1e-2 h=1e-6 dir=(0.0, 0.0, 1.0) d=2e4 a=0.7|no build
D2|disc n=64 r=1e-3 h=1e-7 dir=(0.6, 0.48, 0.64) d=1e3 a=0|upright|exact=+3.142e-13|f64=+3.142e-13|VA/esc=5000.0|tier3=Ok(())|classify=Ok(["Outer"])
D2|disc n=64 r=1e-3 h=1e-7 dir=(0.6, 0.48, 0.64) d=1e3 a=0|INVERTED|exact=-3.142e-13|f64=-3.142e-13|VA/esc=5000.0|tier3=Err([NegativeVolume { solid: SolidKey(1v1) }])|classify=Ok(["Void"])
D2|disc n=64 r=1e-3 h=1e-7 dir=(0.6, 0.48, 0.64) d=1e3 a=0.7|upright|exact=+3.142e-13|f64=+3.142e-13|VA/esc=5000.0|tier3=Ok(())|classify=Ok(["Outer"])
D2|disc n=64 r=1e-3 h=1e-7 dir=(0.6, 0.48, 0.64) d=1e3 a=0.7|INVERTED|exact=-3.142e-13|f64=-3.142e-13|VA/esc=5000.0|tier3=Err([NegativeVolume { solid: SolidKey(1v1) }])|classify=Ok(["Void"])
D2|disc n=64 r=1e-3 h=1e-7 dir=(0.6, 0.48, 0.64) d=5e3 a=0|upright|exact=+3.142e-13|f64=+3.142e-13|VA/esc=5000.0|tier3=Ok(())|classify=Ok(["Outer"])
D2|disc n=64 r=1e-3 h=1e-7 dir=(0.6, 0.48, 0.64) d=5e3 a=0|INVERTED|exact=-3.142e-13|f64=-3.142e-13|VA/esc=5000.0|tier3=Err([NegativeVolume { solid: SolidKey(1v1) }])|classify=Ok(["Void"])
D2|disc n=64 r=1e-3 h=1e-7 dir=(0.6, 0.48, 0.64) d=5e3 a=0.7|upright|exact=+3.142e-13|f64=+3.142e-13|VA/esc=5000.0|tier3=Ok(())|classify=Ok(["Outer"])
D2|disc n=64 r=1e-3 h=1e-7 dir=(0.6, 0.48, 0.64) d=5e3 a=0.7|INVERTED|exact=-3.142e-13|f64=-3.142e-13|VA/esc=5000.0|tier3=Err([NegativeVolume { solid: SolidKey(1v1) }])|classify=Ok(["Void"])
D2|disc n=64 r=1e-3 h=1e-7 dir=(0.6, 0.48, 0.64) d=1e4 a=0|upright|exact=+3.142e-13|f64=+3.142e-13|VA/esc=5000.0|tier3=Ok(())|classify=Ok(["Outer"])
D2|disc n=64 r=1e-3 h=1e-7 dir=(0.6, 0.48, 0.64) d=1e4 a=0|INVERTED|exact=-3.142e-13|f64=-3.142e-13|VA/esc=5000.0|tier3=Err([NegativeVolume { solid: SolidKey(1v1) }])|classify=Ok(["Void"])
D2|disc n=64 r=1e-3 h=1e-7 dir=(0.6, 0.48, 0.64) d=1e4 a=0.7|no build
D2|disc n=64 r=1e-3 h=1e-7 dir=(0.6, 0.48, 0.64) d=2e4 a=0|no build
D2|disc n=64 r=1e-3 h=1e-7 dir=(0.6, 0.48, 0.64) d=2e4 a=0.7|no build
D2|disc n=64 r=1e-3 h=1e-7 dir=(-0.6, -0.48, -0.64) d=1e3 a=0|upright|exact=+3.142e-13|f64=+3.142e-13|VA/esc=5000.0|tier3=Ok(())|classify=Ok(["Outer"])
D2|disc n=64 r=1e-3 h=1e-7 dir=(-0.6, -0.48, -0.64) d=1e3 a=0|INVERTED|exact=-3.142e-13|f64=-3.142e-13|VA/esc=5000.0|tier3=Err([NegativeVolume { solid: SolidKey(1v1) }])|classify=Ok(["Void"])
D2|disc n=64 r=1e-3 h=1e-7 dir=(-0.6, -0.48, -0.64) d=1e3 a=0.7|upright|exact=+3.142e-13|f64=+3.142e-13|VA/esc=5000.0|tier3=Ok(())|classify=Ok(["Outer"])
D2|disc n=64 r=1e-3 h=1e-7 dir=(-0.6, -0.48, -0.64) d=1e3 a=0.7|INVERTED|exact=-3.142e-13|f64=-3.142e-13|VA/esc=5000.0|tier3=Err([NegativeVolume { solid: SolidKey(1v1) }])|classify=Ok(["Void"])
D2|disc n=64 r=1e-3 h=1e-7 dir=(-0.6, -0.48, -0.64) d=5e3 a=0|upright|exact=+3.142e-13|f64=+3.142e-13|VA/esc=5000.0|tier3=Ok(())|classify=Ok(["Outer"])
D2|disc n=64 r=1e-3 h=1e-7 dir=(-0.6, -0.48, -0.64) d=5e3 a=0|INVERTED|exact=-3.142e-13|f64=-3.142e-13|VA/esc=5000.0|tier3=Err([NegativeVolume { solid: SolidKey(1v1) }])|classify=Ok(["Void"])
D2|disc n=64 r=1e-3 h=1e-7 dir=(-0.6, -0.48, -0.64) d=5e3 a=0.7|upright|exact=+3.142e-13|f64=+3.142e-13|VA/esc=5000.0|tier3=Ok(())|classify=Ok(["Outer"])
D2|disc n=64 r=1e-3 h=1e-7 dir=(-0.6, -0.48, -0.64) d=5e3 a=0.7|INVERTED|exact=-3.142e-13|f64=-3.142e-13|VA/esc=5000.0|tier3=Err([NegativeVolume { solid: SolidKey(1v1) }])|classify=Ok(["Void"])
D2|disc n=64 r=1e-3 h=1e-7 dir=(-0.6, -0.48, -0.64) d=1e4 a=0|upright|exact=+3.142e-13|f64=+3.142e-13|VA/esc=5000.0|tier3=Ok(())|classify=Ok(["Outer"])
D2|disc n=64 r=1e-3 h=1e-7 dir=(-0.6, -0.48, -0.64) d=1e4 a=0|INVERTED|exact=-3.142e-13|f64=-3.142e-13|VA/esc=5000.0|tier3=Err([NegativeVolume { solid: SolidKey(1v1) }])|classify=Ok(["Void"])
D2|disc n=64 r=1e-3 h=1e-7 dir=(-0.6, -0.48, -0.64) d=1e4 a=0.7|no build
D2|disc n=64 r=1e-3 h=1e-7 dir=(-0.6, -0.48, -0.64) d=2e4 a=0|no build
D2|disc n=64 r=1e-3 h=1e-7 dir=(-0.6, -0.48, -0.64) d=2e4 a=0.7|no build
D2|disc n=64 r=1e-3 h=1e-7 dir=(0.0, 0.0, 1.0) d=1e3 a=0|upright|exact=+3.142e-13|f64=+3.142e-13|VA/esc=5000.0|tier3=Ok(())|classify=Ok(["Outer"])
D2|disc n=64 r=1e-3 h=1e-7 dir=(0.0, 0.0, 1.0) d=1e3 a=0|INVERTED|exact=-3.142e-13|f64=-3.142e-13|VA/esc=5000.0|tier3=Err([NegativeVolume { solid: SolidKey(1v1) }])|classify=Ok(["Void"])
D2|disc n=64 r=1e-3 h=1e-7 dir=(0.0, 0.0, 1.0) d=1e3 a=0.7|upright|exact=+3.142e-13|f64=+3.142e-13|VA/esc=5000.0|tier3=Ok(())|classify=Ok(["Outer"])
D2|disc n=64 r=1e-3 h=1e-7 dir=(0.0, 0.0, 1.0) d=1e3 a=0.7|INVERTED|exact=-3.142e-13|f64=-3.142e-13|VA/esc=5000.0|tier3=Err([NegativeVolume { solid: SolidKey(1v1) }])|classify=Ok(["Void"])
D2|disc n=64 r=1e-3 h=1e-7 dir=(0.0, 0.0, 1.0) d=5e3 a=0|upright|exact=+3.142e-13|f64=+3.142e-13|VA/esc=5000.0|tier3=Ok(())|classify=Ok(["Outer"])
D2|disc n=64 r=1e-3 h=1e-7 dir=(0.0, 0.0, 1.0) d=5e3 a=0|INVERTED|exact=-3.142e-13|f64=-3.142e-13|VA/esc=5000.0|tier3=Err([NegativeVolume { solid: SolidKey(1v1) }])|classify=Ok(["Void"])
D2|disc n=64 r=1e-3 h=1e-7 dir=(0.0, 0.0, 1.0) d=5e3 a=0.7|upright|exact=+3.142e-13|f64=+3.142e-13|VA/esc=5000.0|tier3=Ok(())|classify=Ok(["Outer"])
D2|disc n=64 r=1e-3 h=1e-7 dir=(0.0, 0.0, 1.0) d=5e3 a=0.7|INVERTED|exact=-3.142e-13|f64=-3.142e-13|VA/esc=5000.0|tier3=Err([NegativeVolume { solid: SolidKey(1v1) }])|classify=Ok(["Void"])
D2|disc n=64 r=1e-3 h=1e-7 dir=(0.0, 0.0, 1.0) d=1e4 a=0|upright|exact=+3.142e-13|f64=+3.142e-13|VA/esc=5000.0|tier3=Ok(())|classify=Ok(["Outer"])
D2|disc n=64 r=1e-3 h=1e-7 dir=(0.0, 0.0, 1.0) d=1e4 a=0|INVERTED|exact=-3.142e-13|f64=-3.142e-13|VA/esc=5000.0|tier3=Err([NegativeVolume { solid: SolidKey(1v1) }])|classify=Ok(["Void"])
D2|disc n=64 r=1e-3 h=1e-7 dir=(0.0, 0.0, 1.0) d=1e4 a=0.7|no build
D2|disc n=64 r=1e-3 h=1e-7 dir=(0.0, 0.0, 1.0) d=2e4 a=0|upright|exact=+3.142e-13|f64=+3.142e-13|VA/esc=5000.0|tier3=Ok(())|classify=Ok(["Outer"])
D2|disc n=64 r=1e-3 h=1e-7 dir=(0.0, 0.0, 1.0) d=2e4 a=0|INVERTED|exact=-3.142e-13|f64=-3.141e-13|VA/esc=5000.0|tier3=Err([NegativeVolume { solid: SolidKey(1v1) }])|classify=Ok(["Void"])
D2|disc n=64 r=1e-3 h=1e-7 dir=(0.0, 0.0, 1.0) d=2e4 a=0.7|no build
D2|disc n=64 r=1e-3 h=1e-6 dir=(0.6, 0.48, 0.64) d=1e3 a=0|upright|exact=+3.142e-12|f64=+3.142e-12|VA/esc=50000.0|tier3=Ok(())|classify=Ok(["Outer"])
D2|disc n=64 r=1e-3 h=1e-6 dir=(0.6, 0.48, 0.64) d=1e3 a=0|INVERTED|exact=-3.142e-12|f64=-3.142e-12|VA/esc=50000.0|tier3=Err([NegativeVolume { solid: SolidKey(1v1) }])|classify=Ok(["Void"])
D2|disc n=64 r=1e-3 h=1e-6 dir=(0.6, 0.48, 0.64) d=1e3 a=0.7|upright|exact=+3.142e-12|f64=+3.142e-12|VA/esc=50000.0|tier3=Ok(())|classify=Ok(["Outer"])
D2|disc n=64 r=1e-3 h=1e-6 dir=(0.6, 0.48, 0.64) d=1e3 a=0.7|INVERTED|exact=-3.142e-12|f64=-3.142e-12|VA/esc=50000.0|tier3=Err([NegativeVolume { solid: SolidKey(1v1) }])|classify=Ok(["Void"])
D2|disc n=64 r=1e-3 h=1e-6 dir=(0.6, 0.48, 0.64) d=5e3 a=0|upright|exact=+3.142e-12|f64=+3.142e-12|VA/esc=50000.0|tier3=Ok(())|classify=Ok(["Outer"])
D2|disc n=64 r=1e-3 h=1e-6 dir=(0.6, 0.48, 0.64) d=5e3 a=0|INVERTED|exact=-3.142e-12|f64=-3.142e-12|VA/esc=50000.0|tier3=Err([NegativeVolume { solid: SolidKey(1v1) }])|classify=Ok(["Void"])
D2|disc n=64 r=1e-3 h=1e-6 dir=(0.6, 0.48, 0.64) d=5e3 a=0.7|upright|exact=+3.142e-12|f64=+3.142e-12|VA/esc=50000.0|tier3=Ok(())|classify=Ok(["Outer"])
D2|disc n=64 r=1e-3 h=1e-6 dir=(0.6, 0.48, 0.64) d=5e3 a=0.7|INVERTED|exact=-3.142e-12|f64=-3.142e-12|VA/esc=50000.0|tier3=Err([NegativeVolume { solid: SolidKey(1v1) }])|classify=Ok(["Void"])
D2|disc n=64 r=1e-3 h=1e-6 dir=(0.6, 0.48, 0.64) d=1e4 a=0|upright|exact=+3.142e-12|f64=+3.142e-12|VA/esc=50000.0|tier3=Ok(())|classify=Ok(["Outer"])
D2|disc n=64 r=1e-3 h=1e-6 dir=(0.6, 0.48, 0.64) d=1e4 a=0|INVERTED|exact=-3.142e-12|f64=-3.142e-12|VA/esc=50000.0|tier3=Err([NegativeVolume { solid: SolidKey(1v1) }])|classify=Ok(["Void"])
D2|disc n=64 r=1e-3 h=1e-6 dir=(0.6, 0.48, 0.64) d=1e4 a=0.7|no build
D2|disc n=64 r=1e-3 h=1e-6 dir=(0.6, 0.48, 0.64) d=2e4 a=0|no build
D2|disc n=64 r=1e-3 h=1e-6 dir=(0.6, 0.48, 0.64) d=2e4 a=0.7|no build
D2|disc n=64 r=1e-3 h=1e-6 dir=(-0.6, -0.48, -0.64) d=1e3 a=0|upright|exact=+3.142e-12|f64=+3.142e-12|VA/esc=50000.0|tier3=Ok(())|classify=Ok(["Outer"])
D2|disc n=64 r=1e-3 h=1e-6 dir=(-0.6, -0.48, -0.64) d=1e3 a=0|INVERTED|exact=-3.142e-12|f64=-3.142e-12|VA/esc=50000.0|tier3=Err([NegativeVolume { solid: SolidKey(1v1) }])|classify=Ok(["Void"])
D2|disc n=64 r=1e-3 h=1e-6 dir=(-0.6, -0.48, -0.64) d=1e3 a=0.7|upright|exact=+3.142e-12|f64=+3.142e-12|VA/esc=50000.0|tier3=Ok(())|classify=Ok(["Outer"])
D2|disc n=64 r=1e-3 h=1e-6 dir=(-0.6, -0.48, -0.64) d=1e3 a=0.7|INVERTED|exact=-3.142e-12|f64=-3.142e-12|VA/esc=50000.0|tier3=Err([NegativeVolume { solid: SolidKey(1v1) }])|classify=Ok(["Void"])
D2|disc n=64 r=1e-3 h=1e-6 dir=(-0.6, -0.48, -0.64) d=5e3 a=0|upright|exact=+3.142e-12|f64=+3.142e-12|VA/esc=50000.0|tier3=Ok(())|classify=Ok(["Outer"])
D2|disc n=64 r=1e-3 h=1e-6 dir=(-0.6, -0.48, -0.64) d=5e3 a=0|INVERTED|exact=-3.142e-12|f64=-3.142e-12|VA/esc=50000.0|tier3=Err([NegativeVolume { solid: SolidKey(1v1) }])|classify=Ok(["Void"])
D2|disc n=64 r=1e-3 h=1e-6 dir=(-0.6, -0.48, -0.64) d=5e3 a=0.7|upright|exact=+3.142e-12|f64=+3.142e-12|VA/esc=50000.0|tier3=Ok(())|classify=Ok(["Outer"])
D2|disc n=64 r=1e-3 h=1e-6 dir=(-0.6, -0.48, -0.64) d=5e3 a=0.7|INVERTED|exact=-3.142e-12|f64=-3.142e-12|VA/esc=50000.0|tier3=Err([NegativeVolume { solid: SolidKey(1v1) }])|classify=Ok(["Void"])
D2|disc n=64 r=1e-3 h=1e-6 dir=(-0.6, -0.48, -0.64) d=1e4 a=0|upright|exact=+3.142e-12|f64=+3.142e-12|VA/esc=50000.0|tier3=Ok(())|classify=Ok(["Outer"])
D2|disc n=64 r=1e-3 h=1e-6 dir=(-0.6, -0.48, -0.64) d=1e4 a=0|INVERTED|exact=-3.142e-12|f64=-3.142e-12|VA/esc=50000.0|tier3=Err([NegativeVolume { solid: SolidKey(1v1) }])|classify=Ok(["Void"])
D2|disc n=64 r=1e-3 h=1e-6 dir=(-0.6, -0.48, -0.64) d=1e4 a=0.7|no build
D2|disc n=64 r=1e-3 h=1e-6 dir=(-0.6, -0.48, -0.64) d=2e4 a=0|no build
D2|disc n=64 r=1e-3 h=1e-6 dir=(-0.6, -0.48, -0.64) d=2e4 a=0.7|no build
D2|disc n=64 r=1e-3 h=1e-6 dir=(0.0, 0.0, 1.0) d=1e3 a=0|upright|exact=+3.142e-12|f64=+3.142e-12|VA/esc=50000.0|tier3=Ok(())|classify=Ok(["Outer"])
D2|disc n=64 r=1e-3 h=1e-6 dir=(0.0, 0.0, 1.0) d=1e3 a=0|INVERTED|exact=-3.142e-12|f64=-3.142e-12|VA/esc=50000.0|tier3=Err([NegativeVolume { solid: SolidKey(1v1) }])|classify=Ok(["Void"])
D2|disc n=64 r=1e-3 h=1e-6 dir=(0.0, 0.0, 1.0) d=1e3 a=0.7|upright|exact=+3.142e-12|f64=+3.142e-12|VA/esc=50000.0|tier3=Ok(())|classify=Ok(["Outer"])
D2|disc n=64 r=1e-3 h=1e-6 dir=(0.0, 0.0, 1.0) d=1e3 a=0.7|INVERTED|exact=-3.142e-12|f64=-3.142e-12|VA/esc=50000.0|tier3=Err([NegativeVolume { solid: SolidKey(1v1) }])|classify=Ok(["Void"])
D2|disc n=64 r=1e-3 h=1e-6 dir=(0.0, 0.0, 1.0) d=5e3 a=0|upright|exact=+3.142e-12|f64=+3.142e-12|VA/esc=50000.0|tier3=Ok(())|classify=Ok(["Outer"])
D2|disc n=64 r=1e-3 h=1e-6 dir=(0.0, 0.0, 1.0) d=5e3 a=0|INVERTED|exact=-3.142e-12|f64=-3.142e-12|VA/esc=50000.0|tier3=Err([NegativeVolume { solid: SolidKey(1v1) }])|classify=Ok(["Void"])
D2|disc n=64 r=1e-3 h=1e-6 dir=(0.0, 0.0, 1.0) d=5e3 a=0.7|upright|exact=+3.142e-12|f64=+3.142e-12|VA/esc=50000.0|tier3=Ok(())|classify=Ok(["Outer"])
D2|disc n=64 r=1e-3 h=1e-6 dir=(0.0, 0.0, 1.0) d=5e3 a=0.7|INVERTED|exact=-3.142e-12|f64=-3.142e-12|VA/esc=50000.0|tier3=Err([NegativeVolume { solid: SolidKey(1v1) }])|classify=Ok(["Void"])
D2|disc n=64 r=1e-3 h=1e-6 dir=(0.0, 0.0, 1.0) d=1e4 a=0|upright|exact=+3.142e-12|f64=+3.142e-12|VA/esc=50000.0|tier3=Ok(())|classify=Ok(["Outer"])
D2|disc n=64 r=1e-3 h=1e-6 dir=(0.0, 0.0, 1.0) d=1e4 a=0|INVERTED|exact=-3.142e-12|f64=-3.142e-12|VA/esc=50000.0|tier3=Err([NegativeVolume { solid: SolidKey(1v1) }])|classify=Ok(["Void"])
D2|disc n=64 r=1e-3 h=1e-6 dir=(0.0, 0.0, 1.0) d=1e4 a=0.7|no build
D2|disc n=64 r=1e-3 h=1e-6 dir=(0.0, 0.0, 1.0) d=2e4 a=0|upright|exact=+3.142e-12|f64=+3.142e-12|VA/esc=50000.0|tier3=Ok(())|classify=Ok(["Outer"])
D2|disc n=64 r=1e-3 h=1e-6 dir=(0.0, 0.0, 1.0) d=2e4 a=0|INVERTED|exact=-3.142e-12|f64=-3.142e-12|VA/esc=50000.0|tier3=Err([NegativeVolume { solid: SolidKey(1v1) }])|classify=Ok(["Void"])
D2|disc n=64 r=1e-3 h=1e-6 dir=(0.0, 0.0, 1.0) d=2e4 a=0.7|no build
D2|disc n=64 r=1e-3 h=1e-5 dir=(0.6, 0.48, 0.64) d=1e3 a=0|upright|exact=+3.142e-11|f64=+3.142e-11|VA/esc=500000.0|tier3=Ok(())|classify=Ok(["Outer"])
D2|disc n=64 r=1e-3 h=1e-5 dir=(0.6, 0.48, 0.64) d=1e3 a=0|INVERTED|exact=-3.142e-11|f64=-3.142e-11|VA/esc=500000.0|tier3=Err([NegativeVolume { solid: SolidKey(1v1) }])|classify=Ok(["Void"])
D2|disc n=64 r=1e-3 h=1e-5 dir=(0.6, 0.48, 0.64) d=1e3 a=0.7|upright|exact=+3.142e-11|f64=+3.142e-11|VA/esc=500000.0|tier3=Ok(())|classify=Ok(["Outer"])
D2|disc n=64 r=1e-3 h=1e-5 dir=(0.6, 0.48, 0.64) d=1e3 a=0.7|INVERTED|exact=-3.142e-11|f64=-3.142e-11|VA/esc=500000.0|tier3=Err([NegativeVolume { solid: SolidKey(1v1) }])|classify=Ok(["Void"])
D2|disc n=64 r=1e-3 h=1e-5 dir=(0.6, 0.48, 0.64) d=5e3 a=0|upright|exact=+3.142e-11|f64=+3.142e-11|VA/esc=500000.0|tier3=Ok(())|classify=Ok(["Outer"])
D2|disc n=64 r=1e-3 h=1e-5 dir=(0.6, 0.48, 0.64) d=5e3 a=0|INVERTED|exact=-3.142e-11|f64=-3.142e-11|VA/esc=500000.0|tier3=Err([NegativeVolume { solid: SolidKey(1v1) }])|classify=Ok(["Void"])
D2|disc n=64 r=1e-3 h=1e-5 dir=(0.6, 0.48, 0.64) d=5e3 a=0.7|upright|exact=+3.142e-11|f64=+3.142e-11|VA/esc=500000.0|tier3=Ok(())|classify=Ok(["Outer"])
D2|disc n=64 r=1e-3 h=1e-5 dir=(0.6, 0.48, 0.64) d=5e3 a=0.7|INVERTED|exact=-3.142e-11|f64=-3.142e-11|VA/esc=500000.0|tier3=Err([NegativeVolume { solid: SolidKey(1v1) }])|classify=Ok(["Void"])
D2|disc n=64 r=1e-3 h=1e-5 dir=(0.6, 0.48, 0.64) d=1e4 a=0|upright|exact=+3.142e-11|f64=+3.142e-11|VA/esc=500000.0|tier3=Ok(())|classify=Ok(["Outer"])
D2|disc n=64 r=1e-3 h=1e-5 dir=(0.6, 0.48, 0.64) d=1e4 a=0|INVERTED|exact=-3.142e-11|f64=-3.142e-11|VA/esc=500000.0|tier3=Err([NegativeVolume { solid: SolidKey(1v1) }])|classify=Ok(["Void"])
D2|disc n=64 r=1e-3 h=1e-5 dir=(0.6, 0.48, 0.64) d=1e4 a=0.7|no build
D2|disc n=64 r=1e-3 h=1e-5 dir=(0.6, 0.48, 0.64) d=2e4 a=0|no build
D2|disc n=64 r=1e-3 h=1e-5 dir=(0.6, 0.48, 0.64) d=2e4 a=0.7|no build
D2|disc n=64 r=1e-3 h=1e-5 dir=(-0.6, -0.48, -0.64) d=1e3 a=0|upright|exact=+3.142e-11|f64=+3.142e-11|VA/esc=500000.0|tier3=Ok(())|classify=Ok(["Outer"])
D2|disc n=64 r=1e-3 h=1e-5 dir=(-0.6, -0.48, -0.64) d=1e3 a=0|INVERTED|exact=-3.142e-11|f64=-3.142e-11|VA/esc=500000.0|tier3=Err([NegativeVolume { solid: SolidKey(1v1) }])|classify=Ok(["Void"])
D2|disc n=64 r=1e-3 h=1e-5 dir=(-0.6, -0.48, -0.64) d=1e3 a=0.7|upright|exact=+3.142e-11|f64=+3.142e-11|VA/esc=500000.0|tier3=Ok(())|classify=Ok(["Outer"])
D2|disc n=64 r=1e-3 h=1e-5 dir=(-0.6, -0.48, -0.64) d=1e3 a=0.7|INVERTED|exact=-3.142e-11|f64=-3.142e-11|VA/esc=500000.0|tier3=Err([NegativeVolume { solid: SolidKey(1v1) }])|classify=Ok(["Void"])
D2|disc n=64 r=1e-3 h=1e-5 dir=(-0.6, -0.48, -0.64) d=5e3 a=0|upright|exact=+3.142e-11|f64=+3.142e-11|VA/esc=500000.0|tier3=Ok(())|classify=Ok(["Outer"])
D2|disc n=64 r=1e-3 h=1e-5 dir=(-0.6, -0.48, -0.64) d=5e3 a=0|INVERTED|exact=-3.142e-11|f64=-3.142e-11|VA/esc=500000.0|tier3=Err([NegativeVolume { solid: SolidKey(1v1) }])|classify=Ok(["Void"])
D2|disc n=64 r=1e-3 h=1e-5 dir=(-0.6, -0.48, -0.64) d=5e3 a=0.7|upright|exact=+3.142e-11|f64=+3.142e-11|VA/esc=500000.0|tier3=Ok(())|classify=Ok(["Outer"])
D2|disc n=64 r=1e-3 h=1e-5 dir=(-0.6, -0.48, -0.64) d=5e3 a=0.7|INVERTED|exact=-3.142e-11|f64=-3.142e-11|VA/esc=500000.0|tier3=Err([NegativeVolume { solid: SolidKey(1v1) }])|classify=Ok(["Void"])
D2|disc n=64 r=1e-3 h=1e-5 dir=(-0.6, -0.48, -0.64) d=1e4 a=0|upright|exact=+3.142e-11|f64=+3.142e-11|VA/esc=500000.0|tier3=Ok(())|classify=Ok(["Outer"])
D2|disc n=64 r=1e-3 h=1e-5 dir=(-0.6, -0.48, -0.64) d=1e4 a=0|INVERTED|exact=-3.142e-11|f64=-3.142e-11|VA/esc=500000.0|tier3=Err([NegativeVolume { solid: SolidKey(1v1) }])|classify=Ok(["Void"])
D2|disc n=64 r=1e-3 h=1e-5 dir=(-0.6, -0.48, -0.64) d=1e4 a=0.7|no build
D2|disc n=64 r=1e-3 h=1e-5 dir=(-0.6, -0.48, -0.64) d=2e4 a=0|no build
D2|disc n=64 r=1e-3 h=1e-5 dir=(-0.6, -0.48, -0.64) d=2e4 a=0.7|no build
D2|disc n=64 r=1e-3 h=1e-5 dir=(0.0, 0.0, 1.0) d=1e3 a=0|upright|exact=+3.142e-11|f64=+3.142e-11|VA/esc=500000.0|tier3=Ok(())|classify=Ok(["Outer"])
D2|disc n=64 r=1e-3 h=1e-5 dir=(0.0, 0.0, 1.0) d=1e3 a=0|INVERTED|exact=-3.142e-11|f64=-3.142e-11|VA/esc=500000.0|tier3=Err([NegativeVolume { solid: SolidKey(1v1) }])|classify=Ok(["Void"])
D2|disc n=64 r=1e-3 h=1e-5 dir=(0.0, 0.0, 1.0) d=1e3 a=0.7|upright|exact=+3.142e-11|f64=+3.142e-11|VA/esc=500000.0|tier3=Ok(())|classify=Ok(["Outer"])
D2|disc n=64 r=1e-3 h=1e-5 dir=(0.0, 0.0, 1.0) d=1e3 a=0.7|INVERTED|exact=-3.142e-11|f64=-3.142e-11|VA/esc=500000.0|tier3=Err([NegativeVolume { solid: SolidKey(1v1) }])|classify=Ok(["Void"])
D2|disc n=64 r=1e-3 h=1e-5 dir=(0.0, 0.0, 1.0) d=5e3 a=0|upright|exact=+3.142e-11|f64=+3.142e-11|VA/esc=500000.0|tier3=Ok(())|classify=Ok(["Outer"])
D2|disc n=64 r=1e-3 h=1e-5 dir=(0.0, 0.0, 1.0) d=5e3 a=0|INVERTED|exact=-3.142e-11|f64=-3.142e-11|VA/esc=500000.0|tier3=Err([NegativeVolume { solid: SolidKey(1v1) }])|classify=Ok(["Void"])
D2|disc n=64 r=1e-3 h=1e-5 dir=(0.0, 0.0, 1.0) d=5e3 a=0.7|upright|exact=+3.142e-11|f64=+3.142e-11|VA/esc=500000.0|tier3=Ok(())|classify=Ok(["Outer"])
D2|disc n=64 r=1e-3 h=1e-5 dir=(0.0, 0.0, 1.0) d=5e3 a=0.7|INVERTED|exact=-3.142e-11|f64=-3.142e-11|VA/esc=500000.0|tier3=Err([NegativeVolume { solid: SolidKey(1v1) }])|classify=Ok(["Void"])
D2|disc n=64 r=1e-3 h=1e-5 dir=(0.0, 0.0, 1.0) d=1e4 a=0|upright|exact=+3.142e-11|f64=+3.142e-11|VA/esc=500000.0|tier3=Ok(())|classify=Ok(["Outer"])
D2|disc n=64 r=1e-3 h=1e-5 dir=(0.0, 0.0, 1.0) d=1e4 a=0|INVERTED|exact=-3.142e-11|f64=-3.142e-11|VA/esc=500000.0|tier3=Err([NegativeVolume { solid: SolidKey(1v1) }])|classify=Ok(["Void"])
D2|disc n=64 r=1e-3 h=1e-5 dir=(0.0, 0.0, 1.0) d=1e4 a=0.7|no build
D2|disc n=64 r=1e-3 h=1e-5 dir=(0.0, 0.0, 1.0) d=2e4 a=0|upright|exact=+3.142e-11|f64=+3.142e-11|VA/esc=500000.0|tier3=Ok(())|classify=Ok(["Outer"])
D2|disc n=64 r=1e-3 h=1e-5 dir=(0.0, 0.0, 1.0) d=2e4 a=0|INVERTED|exact=-3.142e-11|f64=-3.142e-11|VA/esc=500000.0|tier3=Err([NegativeVolume { solid: SolidKey(1v1) }])|classify=Ok(["Void"])
D2|disc n=64 r=1e-3 h=1e-5 dir=(0.0, 0.0, 1.0) d=2e4 a=0.7|no build
D2|disc n=64 r=1e-2 h=1e-6 dir=(0.6, 0.48, 0.64) d=1e3 a=0|upright|exact=+3.142e-10|f64=+3.142e-10|VA/esc=50000.0|tier3=Ok(())|classify=Ok(["Outer"])
D2|disc n=64 r=1e-2 h=1e-6 dir=(0.6, 0.48, 0.64) d=1e3 a=0|INVERTED|exact=-3.142e-10|f64=-3.142e-10|VA/esc=50000.0|tier3=Err([NegativeVolume { solid: SolidKey(1v1) }])|classify=Ok(["Void"])
D2|disc n=64 r=1e-2 h=1e-6 dir=(0.6, 0.48, 0.64) d=1e3 a=0.7|upright|exact=+3.142e-10|f64=+3.142e-10|VA/esc=50000.0|tier3=Ok(())|classify=Ok(["Outer"])
D2|disc n=64 r=1e-2 h=1e-6 dir=(0.6, 0.48, 0.64) d=1e3 a=0.7|INVERTED|exact=-3.142e-10|f64=-3.142e-10|VA/esc=50000.0|tier3=Err([NegativeVolume { solid: SolidKey(1v1) }])|classify=Ok(["Void"])
D2|disc n=64 r=1e-2 h=1e-6 dir=(0.6, 0.48, 0.64) d=5e3 a=0|upright|exact=+3.142e-10|f64=+3.142e-10|VA/esc=50000.0|tier3=Ok(())|classify=Ok(["Outer"])
D2|disc n=64 r=1e-2 h=1e-6 dir=(0.6, 0.48, 0.64) d=5e3 a=0|INVERTED|exact=-3.142e-10|f64=-3.142e-10|VA/esc=50000.0|tier3=Err([NegativeVolume { solid: SolidKey(1v1) }])|classify=Ok(["Void"])
D2|disc n=64 r=1e-2 h=1e-6 dir=(0.6, 0.48, 0.64) d=5e3 a=0.7|upright|exact=+3.142e-10|f64=+3.142e-10|VA/esc=50000.0|tier3=Ok(())|classify=Ok(["Outer"])
D2|disc n=64 r=1e-2 h=1e-6 dir=(0.6, 0.48, 0.64) d=5e3 a=0.7|INVERTED|exact=-3.142e-10|f64=-3.142e-10|VA/esc=50000.0|tier3=Err([NegativeVolume { solid: SolidKey(1v1) }])|classify=Ok(["Void"])
D2|disc n=64 r=1e-2 h=1e-6 dir=(0.6, 0.48, 0.64) d=1e4 a=0|upright|exact=+3.142e-10|f64=+3.142e-10|VA/esc=50000.0|tier3=Ok(())|classify=Ok(["Outer"])
D2|disc n=64 r=1e-2 h=1e-6 dir=(0.6, 0.48, 0.64) d=1e4 a=0|INVERTED|exact=-3.142e-10|f64=-3.142e-10|VA/esc=50000.0|tier3=Err([NegativeVolume { solid: SolidKey(1v1) }])|classify=Ok(["Void"])
D2|disc n=64 r=1e-2 h=1e-6 dir=(0.6, 0.48, 0.64) d=1e4 a=0.7|no build
D2|disc n=64 r=1e-2 h=1e-6 dir=(0.6, 0.48, 0.64) d=2e4 a=0|no build
D2|disc n=64 r=1e-2 h=1e-6 dir=(0.6, 0.48, 0.64) d=2e4 a=0.7|no build
D2|disc n=64 r=1e-2 h=1e-6 dir=(-0.6, -0.48, -0.64) d=1e3 a=0|upright|exact=+3.142e-10|f64=+3.142e-10|VA/esc=50000.0|tier3=Ok(())|classify=Ok(["Outer"])
D2|disc n=64 r=1e-2 h=1e-6 dir=(-0.6, -0.48, -0.64) d=1e3 a=0|INVERTED|exact=-3.142e-10|f64=-3.142e-10|VA/esc=50000.0|tier3=Err([NegativeVolume { solid: SolidKey(1v1) }])|classify=Ok(["Void"])
D2|disc n=64 r=1e-2 h=1e-6 dir=(-0.6, -0.48, -0.64) d=1e3 a=0.7|upright|exact=+3.142e-10|f64=+3.142e-10|VA/esc=50000.0|tier3=Ok(())|classify=Ok(["Outer"])
D2|disc n=64 r=1e-2 h=1e-6 dir=(-0.6, -0.48, -0.64) d=1e3 a=0.7|INVERTED|exact=-3.142e-10|f64=-3.142e-10|VA/esc=50000.0|tier3=Err([NegativeVolume { solid: SolidKey(1v1) }])|classify=Ok(["Void"])
D2|disc n=64 r=1e-2 h=1e-6 dir=(-0.6, -0.48, -0.64) d=5e3 a=0|upright|exact=+3.142e-10|f64=+3.142e-10|VA/esc=50000.0|tier3=Ok(())|classify=Ok(["Outer"])
D2|disc n=64 r=1e-2 h=1e-6 dir=(-0.6, -0.48, -0.64) d=5e3 a=0|INVERTED|exact=-3.142e-10|f64=-3.142e-10|VA/esc=50000.0|tier3=Err([NegativeVolume { solid: SolidKey(1v1) }])|classify=Ok(["Void"])
D2|disc n=64 r=1e-2 h=1e-6 dir=(-0.6, -0.48, -0.64) d=5e3 a=0.7|upright|exact=+3.142e-10|f64=+3.142e-10|VA/esc=50000.0|tier3=Ok(())|classify=Ok(["Outer"])
D2|disc n=64 r=1e-2 h=1e-6 dir=(-0.6, -0.48, -0.64) d=5e3 a=0.7|INVERTED|exact=-3.142e-10|f64=-3.142e-10|VA/esc=50000.0|tier3=Err([NegativeVolume { solid: SolidKey(1v1) }])|classify=Ok(["Void"])
D2|disc n=64 r=1e-2 h=1e-6 dir=(-0.6, -0.48, -0.64) d=1e4 a=0|upright|exact=+3.142e-10|f64=+3.142e-10|VA/esc=50000.0|tier3=Ok(())|classify=Ok(["Outer"])
D2|disc n=64 r=1e-2 h=1e-6 dir=(-0.6, -0.48, -0.64) d=1e4 a=0|INVERTED|exact=-3.142e-10|f64=-3.142e-10|VA/esc=50000.0|tier3=Err([NegativeVolume { solid: SolidKey(1v1) }])|classify=Ok(["Void"])
D2|disc n=64 r=1e-2 h=1e-6 dir=(-0.6, -0.48, -0.64) d=1e4 a=0.7|no build
D2|disc n=64 r=1e-2 h=1e-6 dir=(-0.6, -0.48, -0.64) d=2e4 a=0|no build
D2|disc n=64 r=1e-2 h=1e-6 dir=(-0.6, -0.48, -0.64) d=2e4 a=0.7|no build
D2|disc n=64 r=1e-2 h=1e-6 dir=(0.0, 0.0, 1.0) d=1e3 a=0|upright|exact=+3.142e-10|f64=+3.142e-10|VA/esc=50000.0|tier3=Ok(())|classify=Ok(["Outer"])
D2|disc n=64 r=1e-2 h=1e-6 dir=(0.0, 0.0, 1.0) d=1e3 a=0|INVERTED|exact=-3.142e-10|f64=-3.142e-10|VA/esc=50000.0|tier3=Err([NegativeVolume { solid: SolidKey(1v1) }])|classify=Ok(["Void"])
D2|disc n=64 r=1e-2 h=1e-6 dir=(0.0, 0.0, 1.0) d=1e3 a=0.7|upright|exact=+3.142e-10|f64=+3.142e-10|VA/esc=50000.0|tier3=Ok(())|classify=Ok(["Outer"])
D2|disc n=64 r=1e-2 h=1e-6 dir=(0.0, 0.0, 1.0) d=1e3 a=0.7|INVERTED|exact=-3.142e-10|f64=-3.142e-10|VA/esc=50000.0|tier3=Err([NegativeVolume { solid: SolidKey(1v1) }])|classify=Ok(["Void"])
D2|disc n=64 r=1e-2 h=1e-6 dir=(0.0, 0.0, 1.0) d=5e3 a=0|upright|exact=+3.142e-10|f64=+3.142e-10|VA/esc=50000.0|tier3=Ok(())|classify=Ok(["Outer"])
D2|disc n=64 r=1e-2 h=1e-6 dir=(0.0, 0.0, 1.0) d=5e3 a=0|INVERTED|exact=-3.142e-10|f64=-3.142e-10|VA/esc=50000.0|tier3=Err([NegativeVolume { solid: SolidKey(1v1) }])|classify=Ok(["Void"])
D2|disc n=64 r=1e-2 h=1e-6 dir=(0.0, 0.0, 1.0) d=5e3 a=0.7|upright|exact=+3.142e-10|f64=+3.142e-10|VA/esc=50000.0|tier3=Ok(())|classify=Ok(["Outer"])
D2|disc n=64 r=1e-2 h=1e-6 dir=(0.0, 0.0, 1.0) d=5e3 a=0.7|INVERTED|exact=-3.142e-10|f64=-3.142e-10|VA/esc=50000.0|tier3=Err([NegativeVolume { solid: SolidKey(1v1) }])|classify=Ok(["Void"])
D2|disc n=64 r=1e-2 h=1e-6 dir=(0.0, 0.0, 1.0) d=1e4 a=0|upright|exact=+3.142e-10|f64=+3.142e-10|VA/esc=50000.0|tier3=Ok(())|classify=Ok(["Outer"])
D2|disc n=64 r=1e-2 h=1e-6 dir=(0.0, 0.0, 1.0) d=1e4 a=0|INVERTED|exact=-3.142e-10|f64=-3.142e-10|VA/esc=50000.0|tier3=Err([NegativeVolume { solid: SolidKey(1v1) }])|classify=Ok(["Void"])
D2|disc n=64 r=1e-2 h=1e-6 dir=(0.0, 0.0, 1.0) d=1e4 a=0.7|no build
D2|disc n=64 r=1e-2 h=1e-6 dir=(0.0, 0.0, 1.0) d=2e4 a=0|upright|exact=+3.142e-10|f64=+3.142e-10|VA/esc=50000.0|tier3=Ok(())|classify=Ok(["Outer"])
D2|disc n=64 r=1e-2 h=1e-6 dir=(0.0, 0.0, 1.0) d=2e4 a=0|INVERTED|exact=-3.142e-10|f64=-3.142e-10|VA/esc=50000.0|tier3=Err([NegativeVolume { solid: SolidKey(1v1) }])|classify=Ok(["Void"])
D2|disc n=64 r=1e-2 h=1e-6 dir=(0.0, 0.0, 1.0) d=2e4 a=0.7|no build
test probe_d2_sweep::d2_disc_family ... ok

test result: ok. 1 passed; 0 failed; 0 ignored; 0 measured; 2110 filtered out; finished in 10.41s

        PASS [  10.422s] (1/1) sweep::all probe_d2_sweep::d2_disc_family
────────────
     Summary [  10.425s] 1 test run: 1 passed, 2110 skipped
exit 0
