    Blocking waiting for file lock on package cache
    Blocking waiting for file lock on package cache
    Blocking waiting for file lock on package cache
    Blocking waiting for file lock on package cache
    Blocking waiting for file lock on package cache
    Blocking waiting for file lock on package cache
    Finished `test` profile [unoptimized + debuginfo] target(s) in 0.74s
────────────
 Nextest run ID cfc5ee80-f329-401d-a491-34fd243f698e with nextest profile: default
    Starting 1 test across 1 binary (2110 tests skipped)
       START [         ] (1/1) sweep::all probe_d2_sweep::d2_planar_fans

running 1 test
D2|fan|eps=1e-12
D2|ngon n=3 h=1e-7 dir=(0.6, 0.48, 0.64) d=0e0 a=0|upright|exact=+1.299e-13|f64=+1.299e-13|VA/esc=5000.0|tier3=Ok(())|classify=Ok(["Outer"])
D2|ngon n=3 h=1e-7 dir=(0.6, 0.48, 0.64) d=0e0 a=0|INVERTED|exact=-1.299e-13|f64=-1.299e-13|VA/esc=5000.0|tier3=Err([NegativeVolume { solid: SolidKey(1v1) }])|classify=Ok(["Void"])
D2|ngon n=3 h=1e-7 dir=(0.6, 0.48, 0.64) d=0e0 a=0.7|upright|exact=+1.299e-13|f64=+1.299e-13|VA/esc=5000.0|tier3=Ok(())|classify=Ok(["Outer"])
D2|ngon n=3 h=1e-7 dir=(0.6, 0.48, 0.64) d=0e0 a=0.7|INVERTED|exact=-1.299e-13|f64=-1.299e-13|VA/esc=5000.0|tier3=Err([NegativeVolume { solid: SolidKey(1v1) }])|classify=Ok(["Void"])
D2|ngon n=3 h=1e-7 dir=(0.6, 0.48, 0.64) d=1e3 a=0|upright|exact=+1.299e-13|f64=+1.299e-13|VA/esc=5000.0|tier3=Ok(())|classify=Ok(["Outer"])
D2|ngon n=3 h=1e-7 dir=(0.6, 0.48, 0.64) d=1e3 a=0|INVERTED|exact=-1.299e-13|f64=-1.299e-13|VA/esc=5000.0|tier3=Err([NegativeVolume { solid: SolidKey(1v1) }])|classify=Ok(["Void"])
D2|ngon n=3 h=1e-7 dir=(0.6, 0.48, 0.64) d=1e3 a=0.7|upright|exact=+1.299e-13|f64=+1.299e-13|VA/esc=5000.0|tier3=Ok(())|classify=Ok(["Outer"])
D2|ngon n=3 h=1e-7 dir=(0.6, 0.48, 0.64) d=1e3 a=0.7|INVERTED|exact=-1.299e-13|f64=-1.299e-13|VA/esc=5000.0|tier3=Err([NegativeVolume { solid: SolidKey(1v1) }])|classify=Ok(["Void"])
D2|ngon n=3 h=1e-7 dir=(0.6, 0.48, 0.64) d=5e3 a=0|upright|exact=+1.299e-13|f64=+1.299e-13|VA/esc=5000.0|tier3=Ok(())|classify=Ok(["Outer"])
D2|ngon n=3 h=1e-7 dir=(0.6, 0.48, 0.64) d=5e3 a=0|INVERTED|exact=-1.299e-13|f64=-1.299e-13|VA/esc=5000.0|tier3=Err([NegativeVolume { solid: SolidKey(1v1) }])|classify=Ok(["Void"])
D2|ngon n=3 h=1e-7 dir=(0.6, 0.48, 0.64) d=5e3 a=0.7|upright|exact=+1.299e-13|f64=+1.299e-13|VA/esc=5000.0|tier3=Ok(())|classify=Ok(["Outer"])
D2|ngon n=3 h=1e-7 dir=(0.6, 0.48, 0.64) d=5e3 a=0.7|INVERTED|exact=-1.299e-13|f64=-1.299e-13|VA/esc=5000.0|tier3=Err([NegativeVolume { solid: SolidKey(1v1) }])|classify=Ok(["Void"])
D2|ngon n=3 h=1e-7 dir=(0.6, 0.48, 0.64) d=2e4 a=0|no build
D2|ngon n=3 h=1e-7 dir=(0.6, 0.48, 0.64) d=2e4 a=0.7|no build
D2|ngon n=3 h=1e-7 dir=(-0.6, -0.48, -0.64) d=0e0 a=0|upright|exact=+1.299e-13|f64=+1.299e-13|VA/esc=5000.0|tier3=Ok(())|classify=Ok(["Outer"])
D2|ngon n=3 h=1e-7 dir=(-0.6, -0.48, -0.64) d=0e0 a=0|INVERTED|exact=-1.299e-13|f64=-1.299e-13|VA/esc=5000.0|tier3=Err([NegativeVolume { solid: SolidKey(1v1) }])|classify=Ok(["Void"])
D2|ngon n=3 h=1e-7 dir=(-0.6, -0.48, -0.64) d=0e0 a=0.7|upright|exact=+1.299e-13|f64=+1.299e-13|VA/esc=5000.0|tier3=Ok(())|classify=Ok(["Outer"])
D2|ngon n=3 h=1e-7 dir=(-0.6, -0.48, -0.64) d=0e0 a=0.7|INVERTED|exact=-1.299e-13|f64=-1.299e-13|VA/esc=5000.0|tier3=Err([NegativeVolume { solid: SolidKey(1v1) }])|classify=Ok(["Void"])
D2|ngon n=3 h=1e-7 dir=(-0.6, -0.48, -0.64) d=1e3 a=0|upright|exact=+1.299e-13|f64=+1.299e-13|VA/esc=5000.0|tier3=Ok(())|classify=Ok(["Outer"])
D2|ngon n=3 h=1e-7 dir=(-0.6, -0.48, -0.64) d=1e3 a=0|INVERTED|exact=-1.299e-13|f64=-1.299e-13|VA/esc=5000.0|tier3=Err([NegativeVolume { solid: SolidKey(1v1) }])|classify=Ok(["Void"])
D2|ngon n=3 h=1e-7 dir=(-0.6, -0.48, -0.64) d=1e3 a=0.7|upright|exact=+1.299e-13|f64=+1.299e-13|VA/esc=5000.0|tier3=Ok(())|classify=Ok(["Outer"])
D2|ngon n=3 h=1e-7 dir=(-0.6, -0.48, -0.64) d=1e3 a=0.7|INVERTED|exact=-1.299e-13|f64=-1.299e-13|VA/esc=5000.0|tier3=Err([NegativeVolume { solid: SolidKey(1v1) }])|classify=Ok(["Void"])
D2|ngon n=3 h=1e-7 dir=(-0.6, -0.48, -0.64) d=5e3 a=0|upright|exact=+1.299e-13|f64=+1.299e-13|VA/esc=5000.0|tier3=Ok(())|classify=Ok(["Outer"])
D2|ngon n=3 h=1e-7 dir=(-0.6, -0.48, -0.64) d=5e3 a=0|INVERTED|exact=-1.299e-13|f64=-1.299e-13|VA/esc=5000.0|tier3=Err([NegativeVolume { solid: SolidKey(1v1) }])|classify=Ok(["Void"])
D2|ngon n=3 h=1e-7 dir=(-0.6, -0.48, -0.64) d=5e3 a=0.7|upright|exact=+1.299e-13|f64=+1.299e-13|VA/esc=5000.0|tier3=Ok(())|classify=Ok(["Outer"])
D2|ngon n=3 h=1e-7 dir=(-0.6, -0.48, -0.64) d=5e3 a=0.7|INVERTED|exact=-1.299e-13|f64=-1.299e-13|VA/esc=5000.0|tier3=Err([NegativeVolume { solid: SolidKey(1v1) }])|classify=Ok(["Void"])
D2|ngon n=3 h=1e-7 dir=(-0.6, -0.48, -0.64) d=2e4 a=0|no build
D2|ngon n=3 h=1e-7 dir=(-0.6, -0.48, -0.64) d=2e4 a=0.7|no build
D2|ngon n=3 h=1e-7 dir=(0.0, 0.0, 1.0) d=0e0 a=0|upright|exact=+1.299e-13|f64=+1.299e-13|VA/esc=5000.0|tier3=Ok(())|classify=Ok(["Outer"])
D2|ngon n=3 h=1e-7 dir=(0.0, 0.0, 1.0) d=0e0 a=0|INVERTED|exact=-1.299e-13|f64=-1.299e-13|VA/esc=5000.0|tier3=Err([NegativeVolume { solid: SolidKey(1v1) }])|classify=Ok(["Void"])
D2|ngon n=3 h=1e-7 dir=(0.0, 0.0, 1.0) d=0e0 a=0.7|upright|exact=+1.299e-13|f64=+1.299e-13|VA/esc=5000.0|tier3=Ok(())|classify=Ok(["Outer"])
D2|ngon n=3 h=1e-7 dir=(0.0, 0.0, 1.0) d=0e0 a=0.7|INVERTED|exact=-1.299e-13|f64=-1.299e-13|VA/esc=5000.0|tier3=Err([NegativeVolume { solid: SolidKey(1v1) }])|classify=Ok(["Void"])
D2|ngon n=3 h=1e-7 dir=(0.0, 0.0, 1.0) d=1e3 a=0|upright|exact=+1.299e-13|f64=+1.299e-13|VA/esc=5000.0|tier3=Ok(())|classify=Ok(["Outer"])
D2|ngon n=3 h=1e-7 dir=(0.0, 0.0, 1.0) d=1e3 a=0|INVERTED|exact=-1.299e-13|f64=-1.299e-13|VA/esc=5000.0|tier3=Err([NegativeVolume { solid: SolidKey(1v1) }])|classify=Ok(["Void"])
D2|ngon n=3 h=1e-7 dir=(0.0, 0.0, 1.0) d=1e3 a=0.7|upright|exact=+1.299e-13|f64=+1.299e-13|VA/esc=5000.0|tier3=Ok(())|classify=Ok(["Outer"])
D2|ngon n=3 h=1e-7 dir=(0.0, 0.0, 1.0) d=1e3 a=0.7|INVERTED|exact=-1.299e-13|f64=-1.299e-13|VA/esc=5000.0|tier3=Err([NegativeVolume { solid: SolidKey(1v1) }])|classify=Ok(["Void"])
D2|ngon n=3 h=1e-7 dir=(0.0, 0.0, 1.0) d=5e3 a=0|upright|exact=+1.299e-13|f64=+1.299e-13|VA/esc=5000.0|tier3=Ok(())|classify=Ok(["Outer"])
D2|ngon n=3 h=1e-7 dir=(0.0, 0.0, 1.0) d=5e3 a=0|INVERTED|exact=-1.299e-13|f64=-1.299e-13|VA/esc=5000.0|tier3=Err([NegativeVolume { solid: SolidKey(1v1) }])|classify=Ok(["Void"])
D2|ngon n=3 h=1e-7 dir=(0.0, 0.0, 1.0) d=5e3 a=0.7|upright|exact=+1.299e-13|f64=+1.299e-13|VA/esc=5000.0|tier3=Ok(())|classify=Ok(["Outer"])
D2|ngon n=3 h=1e-7 dir=(0.0, 0.0, 1.0) d=5e3 a=0.7|INVERTED|exact=-1.299e-13|f64=-1.299e-13|VA/esc=5000.0|tier3=Err([NegativeVolume { solid: SolidKey(1v1) }])|classify=Ok(["Void"])
D2|ngon n=3 h=1e-7 dir=(0.0, 0.0, 1.0) d=2e4 a=0|upright|exact=+1.299e-13|f64=+1.299e-13|VA/esc=5000.0|tier3=Ok(())|classify=Ok(["Outer"])
D2|ngon n=3 h=1e-7 dir=(0.0, 0.0, 1.0) d=2e4 a=0|INVERTED|exact=-1.299e-13|f64=-1.299e-13|VA/esc=5000.0|tier3=Err([NegativeVolume { solid: SolidKey(1v1) }])|classify=Ok(["Void"])
D2|ngon n=3 h=1e-7 dir=(0.0, 0.0, 1.0) d=2e4 a=0.7|no build
D2|ngon n=17 h=1e-7 dir=(0.6, 0.48, 0.64) d=0e0 a=0|upright|exact=+3.071e-13|f64=+3.071e-13|VA/esc=5000.0|tier3=Ok(())|classify=Ok(["Outer"])
D2|ngon n=17 h=1e-7 dir=(0.6, 0.48, 0.64) d=0e0 a=0|INVERTED|exact=-3.071e-13|f64=-3.071e-13|VA/esc=5000.0|tier3=Err([NegativeVolume { solid: SolidKey(1v1) }])|classify=Ok(["Void"])
D2|ngon n=17 h=1e-7 dir=(0.6, 0.48, 0.64) d=0e0 a=0.7|upright|exact=+3.071e-13|f64=+3.071e-13|VA/esc=5000.0|tier3=Ok(())|classify=Ok(["Outer"])
D2|ngon n=17 h=1e-7 dir=(0.6, 0.48, 0.64) d=0e0 a=0.7|INVERTED|exact=-3.071e-13|f64=-3.071e-13|VA/esc=5000.0|tier3=Err([NegativeVolume { solid: SolidKey(1v1) }])|classify=Ok(["Void"])
D2|ngon n=17 h=1e-7 dir=(0.6, 0.48, 0.64) d=1e3 a=0|upright|exact=+3.071e-13|f64=+3.071e-13|VA/esc=5000.0|tier3=Ok(())|classify=Ok(["Outer"])
D2|ngon n=17 h=1e-7 dir=(0.6, 0.48, 0.64) d=1e3 a=0|INVERTED|exact=-3.071e-13|f64=-3.071e-13|VA/esc=5000.0|tier3=Err([NegativeVolume { solid: SolidKey(1v1) }])|classify=Ok(["Void"])
D2|ngon n=17 h=1e-7 dir=(0.6, 0.48, 0.64) d=1e3 a=0.7|upright|exact=+3.071e-13|f64=+3.071e-13|VA/esc=5000.0|tier3=Ok(())|classify=Ok(["Outer"])
D2|ngon n=17 h=1e-7 dir=(0.6, 0.48, 0.64) d=1e3 a=0.7|INVERTED|exact=-3.071e-13|f64=-3.071e-13|VA/esc=5000.0|tier3=Err([NegativeVolume { solid: SolidKey(1v1) }])|classify=Ok(["Void"])
D2|ngon n=17 h=1e-7 dir=(0.6, 0.48, 0.64) d=5e3 a=0|upright|exact=+3.071e-13|f64=+3.071e-13|VA/esc=5000.0|tier3=Ok(())|classify=Ok(["Outer"])
D2|ngon n=17 h=1e-7 dir=(0.6, 0.48, 0.64) d=5e3 a=0|INVERTED|exact=-3.071e-13|f64=-3.071e-13|VA/esc=5000.0|tier3=Err([NegativeVolume { solid: SolidKey(1v1) }])|classify=Ok(["Void"])
D2|ngon n=17 h=1e-7 dir=(0.6, 0.48, 0.64) d=5e3 a=0.7|upright|exact=+3.071e-13|f64=+3.070e-13|VA/esc=5000.0|tier3=Ok(())|classify=Ok(["Outer"])
D2|ngon n=17 h=1e-7 dir=(0.6, 0.48, 0.64) d=5e3 a=0.7|INVERTED|exact=-3.071e-13|f64=-3.070e-13|VA/esc=5000.0|tier3=Err([NegativeVolume { solid: SolidKey(1v1) }])|classify=Ok(["Void"])
D2|ngon n=17 h=1e-7 dir=(0.6, 0.48, 0.64) d=2e4 a=0|no build
D2|ngon n=17 h=1e-7 dir=(0.6, 0.48, 0.64) d=2e4 a=0.7|no build
D2|ngon n=17 h=1e-7 dir=(-0.6, -0.48, -0.64) d=0e0 a=0|upright|exact=+3.071e-13|f64=+3.071e-13|VA/esc=5000.0|tier3=Ok(())|classify=Ok(["Outer"])
D2|ngon n=17 h=1e-7 dir=(-0.6, -0.48, -0.64) d=0e0 a=0|INVERTED|exact=-3.071e-13|f64=-3.071e-13|VA/esc=5000.0|tier3=Err([NegativeVolume { solid: SolidKey(1v1) }])|classify=Ok(["Void"])
D2|ngon n=17 h=1e-7 dir=(-0.6, -0.48, -0.64) d=0e0 a=0.7|upright|exact=+3.071e-13|f64=+3.071e-13|VA/esc=5000.0|tier3=Ok(())|classify=Ok(["Outer"])
D2|ngon n=17 h=1e-7 dir=(-0.6, -0.48, -0.64) d=0e0 a=0.7|INVERTED|exact=-3.071e-13|f64=-3.071e-13|VA/esc=5000.0|tier3=Err([NegativeVolume { solid: SolidKey(1v1) }])|classify=Ok(["Void"])
D2|ngon n=17 h=1e-7 dir=(-0.6, -0.48, -0.64) d=1e3 a=0|upright|exact=+3.071e-13|f64=+3.071e-13|VA/esc=5000.0|tier3=Ok(())|classify=Ok(["Outer"])
D2|ngon n=17 h=1e-7 dir=(-0.6, -0.48, -0.64) d=1e3 a=0|INVERTED|exact=-3.071e-13|f64=-3.071e-13|VA/esc=5000.0|tier3=Err([NegativeVolume { solid: SolidKey(1v1) }])|classify=Ok(["Void"])
D2|ngon n=17 h=1e-7 dir=(-0.6, -0.48, -0.64) d=1e3 a=0.7|upright|exact=+3.071e-13|f64=+3.071e-13|VA/esc=5000.0|tier3=Ok(())|classify=Ok(["Outer"])
D2|ngon n=17 h=1e-7 dir=(-0.6, -0.48, -0.64) d=1e3 a=0.7|INVERTED|exact=-3.071e-13|f64=-3.071e-13|VA/esc=5000.0|tier3=Err([NegativeVolume { solid: SolidKey(1v1) }])|classify=Ok(["Void"])
D2|ngon n=17 h=1e-7 dir=(-0.6, -0.48, -0.64) d=5e3 a=0|upright|exact=+3.071e-13|f64=+3.070e-13|VA/esc=5000.0|tier3=Ok(())|classify=Ok(["Outer"])
D2|ngon n=17 h=1e-7 dir=(-0.6, -0.48, -0.64) d=5e3 a=0|INVERTED|exact=-3.071e-13|f64=-3.070e-13|VA/esc=5000.0|tier3=Err([NegativeVolume { solid: SolidKey(1v1) }])|classify=Ok(["Void"])
D2|ngon n=17 h=1e-7 dir=(-0.6, -0.48, -0.64) d=5e3 a=0.7|upright|exact=+3.071e-13|f64=+3.071e-13|VA/esc=5000.0|tier3=Ok(())|classify=Ok(["Outer"])
D2|ngon n=17 h=1e-7 dir=(-0.6, -0.48, -0.64) d=5e3 a=0.7|INVERTED|exact=-3.071e-13|f64=-3.071e-13|VA/esc=5000.0|tier3=Err([NegativeVolume { solid: SolidKey(1v1) }])|classify=Ok(["Void"])
D2|ngon n=17 h=1e-7 dir=(-0.6, -0.48, -0.64) d=2e4 a=0|no build
D2|ngon n=17 h=1e-7 dir=(-0.6, -0.48, -0.64) d=2e4 a=0.7|no build
D2|ngon n=17 h=1e-7 dir=(0.0, 0.0, 1.0) d=0e0 a=0|upright|exact=+3.071e-13|f64=+3.071e-13|VA/esc=5000.0|tier3=Ok(())|classify=Ok(["Outer"])
D2|ngon n=17 h=1e-7 dir=(0.0, 0.0, 1.0) d=0e0 a=0|INVERTED|exact=-3.071e-13|f64=-3.071e-13|VA/esc=5000.0|tier3=Err([NegativeVolume { solid: SolidKey(1v1) }])|classify=Ok(["Void"])
D2|ngon n=17 h=1e-7 dir=(0.0, 0.0, 1.0) d=0e0 a=0.7|upright|exact=+3.071e-13|f64=+3.071e-13|VA/esc=5000.0|tier3=Ok(())|classify=Ok(["Outer"])
D2|ngon n=17 h=1e-7 dir=(0.0, 0.0, 1.0) d=0e0 a=0.7|INVERTED|exact=-3.071e-13|f64=-3.071e-13|VA/esc=5000.0|tier3=Err([NegativeVolume { solid: SolidKey(1v1) }])|classify=Ok(["Void"])
D2|ngon n=17 h=1e-7 dir=(0.0, 0.0, 1.0) d=1e3 a=0|upright|exact=+3.071e-13|f64=+3.071e-13|VA/esc=5000.0|tier3=Ok(())|classify=Ok(["Outer"])
D2|ngon n=17 h=1e-7 dir=(0.0, 0.0, 1.0) d=1e3 a=0|INVERTED|exact=-3.071e-13|f64=-3.071e-13|VA/esc=5000.0|tier3=Err([NegativeVolume { solid: SolidKey(1v1) }])|classify=Ok(["Void"])
D2|ngon n=17 h=1e-7 dir=(0.0, 0.0, 1.0) d=1e3 a=0.7|upright|exact=+3.071e-13|f64=+3.071e-13|VA/esc=5000.0|tier3=Ok(())|classify=Ok(["Outer"])
D2|ngon n=17 h=1e-7 dir=(0.0, 0.0, 1.0) d=1e3 a=0.7|INVERTED|exact=-3.071e-13|f64=-3.071e-13|VA/esc=5000.0|tier3=Err([NegativeVolume { solid: SolidKey(1v1) }])|classify=Ok(["Void"])
D2|ngon n=17 h=1e-7 dir=(0.0, 0.0, 1.0) d=5e3 a=0|upright|exact=+3.071e-13|f64=+3.071e-13|VA/esc=5000.0|tier3=Ok(())|classify=Ok(["Outer"])
D2|ngon n=17 h=1e-7 dir=(0.0, 0.0, 1.0) d=5e3 a=0|INVERTED|exact=-3.071e-13|f64=-3.071e-13|VA/esc=5000.0|tier3=Err([NegativeVolume { solid: SolidKey(1v1) }])|classify=Ok(["Void"])
D2|ngon n=17 h=1e-7 dir=(0.0, 0.0, 1.0) d=5e3 a=0.7|upright|exact=+3.071e-13|f64=+3.071e-13|VA/esc=5000.0|tier3=Ok(())|classify=Ok(["Outer"])
D2|ngon n=17 h=1e-7 dir=(0.0, 0.0, 1.0) d=5e3 a=0.7|INVERTED|exact=-3.071e-13|f64=-3.071e-13|VA/esc=5000.0|tier3=Err([NegativeVolume { solid: SolidKey(1v1) }])|classify=Ok(["Void"])
D2|ngon n=17 h=1e-7 dir=(0.0, 0.0, 1.0) d=2e4 a=0|upright|exact=+3.071e-13|f64=+3.071e-13|VA/esc=5000.0|tier3=Ok(())|classify=Ok(["Outer"])
D2|ngon n=17 h=1e-7 dir=(0.0, 0.0, 1.0) d=2e4 a=0|INVERTED|exact=-3.071e-13|f64=-3.071e-13|VA/esc=5000.0|tier3=Err([NegativeVolume { solid: SolidKey(1v1) }])|classify=Ok(["Void"])
D2|ngon n=17 h=1e-7 dir=(0.0, 0.0, 1.0) d=2e4 a=0.7|no build
D2|ngon n=256 h=1e-7 dir=(0.6, 0.48, 0.64) d=0e0 a=0|upright|exact=+3.141e-13|f64=+3.141e-13|VA/esc=5000.0|tier3=Ok(())|classify=Ok(["Outer"])
D2|ngon n=256 h=1e-7 dir=(0.6, 0.48, 0.64) d=0e0 a=0|INVERTED|exact=-3.141e-13|f64=-3.141e-13|VA/esc=5000.0|tier3=Err([NegativeVolume { solid: SolidKey(1v1) }])|classify=Ok(["Void"])
D2|ngon n=256 h=1e-7 dir=(0.6, 0.48, 0.64) d=0e0 a=0.7|upright|exact=+3.141e-13|f64=+3.141e-13|VA/esc=5000.0|tier3=Ok(())|classify=Ok(["Outer"])
D2|ngon n=256 h=1e-7 dir=(0.6, 0.48, 0.64) d=0e0 a=0.7|INVERTED|exact=-3.141e-13|f64=-3.141e-13|VA/esc=5000.0|tier3=Err([NegativeVolume { solid: SolidKey(1v1) }])|classify=Ok(["Void"])
D2|ngon n=256 h=1e-7 dir=(0.6, 0.48, 0.64) d=1e3 a=0|upright|exact=+3.141e-13|f64=+3.141e-13|VA/esc=5000.0|tier3=Ok(())|classify=Ok(["Outer"])
D2|ngon n=256 h=1e-7 dir=(0.6, 0.48, 0.64) d=1e3 a=0|INVERTED|exact=-3.141e-13|f64=-3.141e-13|VA/esc=5000.0|tier3=Err([NegativeVolume { solid: SolidKey(1v1) }])|classify=Ok(["Void"])
D2|ngon n=256 h=1e-7 dir=(0.6, 0.48, 0.64) d=1e3 a=0.7|upright|exact=+3.141e-13|f64=+3.141e-13|VA/esc=5000.0|tier3=Ok(())|classify=Ok(["Outer"])
D2|ngon n=256 h=1e-7 dir=(0.6, 0.48, 0.64) d=1e3 a=0.7|INVERTED|exact=-3.141e-13|f64=-3.141e-13|VA/esc=5000.0|tier3=Err([NegativeVolume { solid: SolidKey(1v1) }])|classify=Ok(["Void"])
D2|ngon n=256 h=1e-7 dir=(0.6, 0.48, 0.64) d=5e3 a=0|upright|exact=+3.141e-13|f64=+3.141e-13|VA/esc=5000.0|tier3=Ok(())|classify=Ok(["Outer"])
D2|ngon n=256 h=1e-7 dir=(0.6, 0.48, 0.64) d=5e3 a=0|INVERTED|exact=-3.141e-13|f64=-3.141e-13|VA/esc=5000.0|tier3=Err([NegativeVolume { solid: SolidKey(1v1) }])|classify=Ok(["Void"])
D2|ngon n=256 h=1e-7 dir=(0.6, 0.48, 0.64) d=5e3 a=0.7|upright|exact=+3.141e-13|f64=+3.141e-13|VA/esc=5000.0|tier3=Ok(())|classify=Ok(["Outer"])
D2|ngon n=256 h=1e-7 dir=(0.6, 0.48, 0.64) d=5e3 a=0.7|INVERTED|exact=-3.141e-13|f64=-3.141e-13|VA/esc=5000.0|tier3=Err([NegativeVolume { solid: SolidKey(1v1) }])|classify=Ok(["Void"])
D2|ngon n=256 h=1e-7 dir=(0.6, 0.48, 0.64) d=2e4 a=0|no build
D2|ngon n=256 h=1e-7 dir=(0.6, 0.48, 0.64) d=2e4 a=0.7|no build
D2|ngon n=256 h=1e-7 dir=(-0.6, -0.48, -0.64) d=0e0 a=0|upright|exact=+3.141e-13|f64=+3.141e-13|VA/esc=5000.0|tier3=Ok(())|classify=Ok(["Outer"])
D2|ngon n=256 h=1e-7 dir=(-0.6, -0.48, -0.64) d=0e0 a=0|INVERTED|exact=-3.141e-13|f64=-3.141e-13|VA/esc=5000.0|tier3=Err([NegativeVolume { solid: SolidKey(1v1) }])|classify=Ok(["Void"])
D2|ngon n=256 h=1e-7 dir=(-0.6, -0.48, -0.64) d=0e0 a=0.7|upright|exact=+3.141e-13|f64=+3.141e-13|VA/esc=5000.0|tier3=Ok(())|classify=Ok(["Outer"])
D2|ngon n=256 h=1e-7 dir=(-0.6, -0.48, -0.64) d=0e0 a=0.7|INVERTED|exact=-3.141e-13|f64=-3.141e-13|VA/esc=5000.0|tier3=Err([NegativeVolume { solid: SolidKey(1v1) }])|classify=Ok(["Void"])
D2|ngon n=256 h=1e-7 dir=(-0.6, -0.48, -0.64) d=1e3 a=0|upright|exact=+3.141e-13|f64=+3.141e-13|VA/esc=5000.0|tier3=Ok(())|classify=Ok(["Outer"])
D2|ngon n=256 h=1e-7 dir=(-0.6, -0.48, -0.64) d=1e3 a=0|INVERTED|exact=-3.141e-13|f64=-3.141e-13|VA/esc=5000.0|tier3=Err([NegativeVolume { solid: SolidKey(1v1) }])|classify=Ok(["Void"])
D2|ngon n=256 h=1e-7 dir=(-0.6, -0.48, -0.64) d=1e3 a=0.7|upright|exact=+3.141e-13|f64=+3.141e-13|VA/esc=5000.0|tier3=Ok(())|classify=Ok(["Outer"])
D2|ngon n=256 h=1e-7 dir=(-0.6, -0.48, -0.64) d=1e3 a=0.7|INVERTED|exact=-3.141e-13|f64=-3.141e-13|VA/esc=5000.0|tier3=Err([NegativeVolume { solid: SolidKey(1v1) }])|classify=Ok(["Void"])
D2|ngon n=256 h=1e-7 dir=(-0.6, -0.48, -0.64) d=5e3 a=0|upright|exact=+3.141e-13|f64=+3.141e-13|VA/esc=5000.0|tier3=Ok(())|classify=Ok(["Outer"])
D2|ngon n=256 h=1e-7 dir=(-0.6, -0.48, -0.64) d=5e3 a=0|INVERTED|exact=-3.141e-13|f64=-3.141e-13|VA/esc=5000.0|tier3=Err([NegativeVolume { solid: SolidKey(1v1) }])|classify=Ok(["Void"])
D2|ngon n=256 h=1e-7 dir=(-0.6, -0.48, -0.64) d=5e3 a=0.7|upright|exact=+3.141e-13|f64=+3.141e-13|VA/esc=5000.0|tier3=Ok(())|classify=Ok(["Outer"])
D2|ngon n=256 h=1e-7 dir=(-0.6, -0.48, -0.64) d=5e3 a=0.7|INVERTED|exact=-3.141e-13|f64=-3.141e-13|VA/esc=5000.0|tier3=Err([NegativeVolume { solid: SolidKey(1v1) }])|classify=Ok(["Void"])
D2|ngon n=256 h=1e-7 dir=(-0.6, -0.48, -0.64) d=2e4 a=0|no build
D2|ngon n=256 h=1e-7 dir=(-0.6, -0.48, -0.64) d=2e4 a=0.7|no build
D2|ngon n=256 h=1e-7 dir=(0.0, 0.0, 1.0) d=0e0 a=0|upright|exact=+3.141e-13|f64=+3.141e-13|VA/esc=5000.0|tier3=Ok(())|classify=Ok(["Outer"])
D2|ngon n=256 h=1e-7 dir=(0.0, 0.0, 1.0) d=0e0 a=0|INVERTED|exact=-3.141e-13|f64=-3.141e-13|VA/esc=5000.0|tier3=Err([NegativeVolume { solid: SolidKey(1v1) }])|classify=Ok(["Void"])
D2|ngon n=256 h=1e-7 dir=(0.0, 0.0, 1.0) d=0e0 a=0.7|upright|exact=+3.141e-13|f64=+3.141e-13|VA/esc=5000.0|tier3=Ok(())|classify=Ok(["Outer"])
D2|ngon n=256 h=1e-7 dir=(0.0, 0.0, 1.0) d=0e0 a=0.7|INVERTED|exact=-3.141e-13|f64=-3.141e-13|VA/esc=5000.0|tier3=Err([NegativeVolume { solid: SolidKey(1v1) }])|classify=Ok(["Void"])
D2|ngon n=256 h=1e-7 dir=(0.0, 0.0, 1.0) d=1e3 a=0|upright|exact=+3.141e-13|f64=+3.141e-13|VA/esc=5000.0|tier3=Ok(())|classify=Ok(["Outer"])
D2|ngon n=256 h=1e-7 dir=(0.0, 0.0, 1.0) d=1e3 a=0|INVERTED|exact=-3.141e-13|f64=-3.141e-13|VA/esc=5000.0|tier3=Err([NegativeVolume { solid: SolidKey(1v1) }])|classify=Ok(["Void"])
D2|ngon n=256 h=1e-7 dir=(0.0, 0.0, 1.0) d=1e3 a=0.7|upright|exact=+3.141e-13|f64=+3.141e-13|VA/esc=5000.0|tier3=Ok(())|classify=Ok(["Outer"])
D2|ngon n=256 h=1e-7 dir=(0.0, 0.0, 1.0) d=1e3 a=0.7|INVERTED|exact=-3.141e-13|f64=-3.141e-13|VA/esc=5000.0|tier3=Err([NegativeVolume { solid: SolidKey(1v1) }])|classify=Ok(["Void"])
D2|ngon n=256 h=1e-7 dir=(0.0, 0.0, 1.0) d=5e3 a=0|upright|exact=+3.141e-13|f64=+3.141e-13|VA/esc=5000.0|tier3=Ok(())|classify=Ok(["Outer"])
D2|ngon n=256 h=1e-7 dir=(0.0, 0.0, 1.0) d=5e3 a=0|INVERTED|exact=-3.141e-13|f64=-3.141e-13|VA/esc=5000.0|tier3=Err([NegativeVolume { solid: SolidKey(1v1) }])|classify=Ok(["Void"])
D2|ngon n=256 h=1e-7 dir=(0.0, 0.0, 1.0) d=5e3 a=0.7|no build
D2|ngon n=256 h=1e-7 dir=(0.0, 0.0, 1.0) d=2e4 a=0|upright|exact=+3.141e-13|f64=+3.141e-13|VA/esc=5000.0|tier3=Ok(())|classify=Ok(["Outer"])
D2|ngon n=256 h=1e-7 dir=(0.0, 0.0, 1.0) d=2e4 a=0|INVERTED|exact=-3.141e-13|f64=-3.142e-13|VA/esc=5000.0|tier3=Err([NegativeVolume { solid: SolidKey(1v1) }])|classify=Ok(["Void"])
D2|ngon n=256 h=1e-7 dir=(0.0, 0.0, 1.0) d=2e4 a=0.7|no build
D2|sliver h=1e-7 dir=(0.6, 0.48, 0.64) d=0e0 a=0|upright|exact=+2.000e-16|f64=+2.000e-16|VA/esc=5000.0|tier3=Ok(())|classify=Ok(["Outer"])
D2|sliver h=1e-7 dir=(0.6, 0.48, 0.64) d=0e0 a=0|INVERTED|exact=-2.000e-16|f64=-2.000e-16|VA/esc=5000.0|tier3=Err([NegativeVolume { solid: SolidKey(1v1) }])|classify=Ok(["Void"])
D2|sliver h=1e-7 dir=(0.6, 0.48, 0.64) d=0e0 a=0.7|upright|exact=+2.000e-16|f64=+2.000e-16|VA/esc=5000.0|tier3=Ok(())|classify=Ok(["Outer"])
D2|sliver h=1e-7 dir=(0.6, 0.48, 0.64) d=0e0 a=0.7|INVERTED|exact=-2.000e-16|f64=-2.000e-16|VA/esc=5000.0|tier3=Err([NegativeVolume { solid: SolidKey(1v1) }])|classify=Ok(["Void"])
D2|sliver h=1e-7 dir=(0.6, 0.48, 0.64) d=1e3 a=0|upright|exact=+2.000e-16|f64=+2.000e-16|VA/esc=5000.0|tier3=Ok(())|classify=Ok(["Outer"])
D2|sliver h=1e-7 dir=(0.6, 0.48, 0.64) d=1e3 a=0|INVERTED|exact=-2.000e-16|f64=-2.000e-16|VA/esc=5000.0|tier3=Err([NegativeVolume { solid: SolidKey(1v1) }])|classify=Ok(["Void"])
D2|sliver h=1e-7 dir=(0.6, 0.48, 0.64) d=1e3 a=0.7|upright|exact=+2.000e-16|f64=+2.000e-16|VA/esc=5000.0|tier3=Ok(())|classify=Ok(["Outer"])
D2|sliver h=1e-7 dir=(0.6, 0.48, 0.64) d=1e3 a=0.7|INVERTED|exact=-2.000e-16|f64=-2.000e-16|VA/esc=5000.0|tier3=Err([NegativeVolume { solid: SolidKey(1v1) }])|classify=Ok(["Void"])
D2|sliver h=1e-7 dir=(0.6, 0.48, 0.64) d=5e3 a=0|upright|exact=+2.000e-16|f64=+2.000e-16|VA/esc=5000.0|tier3=Ok(())|classify=Ok(["Outer"])
D2|sliver h=1e-7 dir=(0.6, 0.48, 0.64) d=5e3 a=0|INVERTED|exact=-2.000e-16|f64=-2.000e-16|VA/esc=5000.0|tier3=Err([NegativeVolume { solid: SolidKey(1v1) }])|classify=Ok(["Void"])
D2|sliver h=1e-7 dir=(0.6, 0.48, 0.64) d=5e3 a=0.7|upright|exact=+2.000e-16|f64=+2.117e-16|VA/esc=5000.0|tier3=Ok(())|classify=Ok(["Outer"])
D2|sliver h=1e-7 dir=(0.6, 0.48, 0.64) d=5e3 a=0.7|INVERTED|exact=-2.000e-16|f64=-2.117e-16|VA/esc=5000.0|tier3=Err([NegativeVolume { solid: SolidKey(1v1) }])|classify=Ok(["Void"])
D2|sliver h=1e-7 dir=(0.6, 0.48, 0.64) d=2e4 a=0|upright|exact=+2.000e-16|f64=+2.000e-16|VA/esc=5000.0|tier3=Ok(())|classify=Ok(["Outer"])
D2|sliver h=1e-7 dir=(0.6, 0.48, 0.64) d=2e4 a=0|INVERTED|exact=-2.000e-16|f64=-2.000e-16|VA/esc=5000.0|tier3=Err([NegativeVolume { solid: SolidKey(1v1) }])|classify=Ok(["Void"])
D2|sliver h=1e-7 dir=(0.6, 0.48, 0.64) d=2e4 a=0.7|no build
D2|sliver h=1e-7 dir=(-0.6, -0.48, -0.64) d=0e0 a=0|upright|exact=+2.000e-16|f64=+2.000e-16|VA/esc=5000.0|tier3=Ok(())|classify=Ok(["Outer"])
D2|sliver h=1e-7 dir=(-0.6, -0.48, -0.64) d=0e0 a=0|INVERTED|exact=-2.000e-16|f64=-2.000e-16|VA/esc=5000.0|tier3=Err([NegativeVolume { solid: SolidKey(1v1) }])|classify=Ok(["Void"])
D2|sliver h=1e-7 dir=(-0.6, -0.48, -0.64) d=0e0 a=0.7|upright|exact=+2.000e-16|f64=+2.000e-16|VA/esc=5000.0|tier3=Ok(())|classify=Ok(["Outer"])
D2|sliver h=1e-7 dir=(-0.6, -0.48, -0.64) d=0e0 a=0.7|INVERTED|exact=-2.000e-16|f64=-2.000e-16|VA/esc=5000.0|tier3=Err([NegativeVolume { solid: SolidKey(1v1) }])|classify=Ok(["Void"])
D2|sliver h=1e-7 dir=(-0.6, -0.48, -0.64) d=1e3 a=0|upright|exact=+2.000e-16|f64=+2.000e-16|VA/esc=5000.0|tier3=Ok(())|classify=Ok(["Outer"])
D2|sliver h=1e-7 dir=(-0.6, -0.48, -0.64) d=1e3 a=0|INVERTED|exact=-2.000e-16|f64=-2.000e-16|VA/esc=5000.0|tier3=Err([NegativeVolume { solid: SolidKey(1v1) }])|classify=Ok(["Void"])
D2|sliver h=1e-7 dir=(-0.6, -0.48, -0.64) d=1e3 a=0.7|upright|exact=+2.000e-16|f64=+2.000e-16|VA/esc=5000.0|tier3=Ok(())|classify=Ok(["Outer"])
D2|sliver h=1e-7 dir=(-0.6, -0.48, -0.64) d=1e3 a=0.7|INVERTED|exact=-2.000e-16|f64=-2.000e-16|VA/esc=5000.0|tier3=Err([NegativeVolume { solid: SolidKey(1v1) }])|classify=Ok(["Void"])
D2|sliver h=1e-7 dir=(-0.6, -0.48, -0.64) d=5e3 a=0|upright|exact=+2.000e-16|f64=+2.000e-16|VA/esc=5000.0|tier3=Ok(())|classify=Ok(["Outer"])
D2|sliver h=1e-7 dir=(-0.6, -0.48, -0.64) d=5e3 a=0|INVERTED|exact=-2.000e-16|f64=-2.000e-16|VA/esc=5000.0|tier3=Err([NegativeVolume { solid: SolidKey(1v1) }])|classify=Ok(["Void"])
D2|sliver h=1e-7 dir=(-0.6, -0.48, -0.64) d=5e3 a=0.7|upright|exact=+2.000e-16|f64=+1.883e-16|VA/esc=5000.0|tier3=Ok(())|classify=Ok(["Outer"])
D2|sliver h=1e-7 dir=(-0.6, -0.48, -0.64) d=5e3 a=0.7|INVERTED|exact=-2.000e-16|f64=-1.883e-16|VA/esc=5000.0|tier3=Err([NegativeVolume { solid: SolidKey(1v1) }])|classify=Ok(["Void"])
D2|sliver h=1e-7 dir=(-0.6, -0.48, -0.64) d=2e4 a=0|upright|exact=+2.000e-16|f64=+2.000e-16|VA/esc=5000.0|tier3=Ok(())|classify=Ok(["Outer"])
D2|sliver h=1e-7 dir=(-0.6, -0.48, -0.64) d=2e4 a=0|INVERTED|exact=-2.000e-16|f64=-2.000e-16|VA/esc=5000.0|tier3=Err([NegativeVolume { solid: SolidKey(1v1) }])|classify=Ok(["Void"])
D2|sliver h=1e-7 dir=(-0.6, -0.48, -0.64) d=2e4 a=0.7|no build
D2|sliver h=1e-7 dir=(0.0, 0.0, 1.0) d=0e0 a=0|upright|exact=+2.000e-16|f64=+2.000e-16|VA/esc=5000.0|tier3=Ok(())|classify=Ok(["Outer"])
D2|sliver h=1e-7 dir=(0.0, 0.0, 1.0) d=0e0 a=0|INVERTED|exact=-2.000e-16|f64=-2.000e-16|VA/esc=5000.0|tier3=Err([NegativeVolume { solid: SolidKey(1v1) }])|classify=Ok(["Void"])
D2|sliver h=1e-7 dir=(0.0, 0.0, 1.0) d=0e0 a=0.7|upright|exact=+2.000e-16|f64=+2.000e-16|VA/esc=5000.0|tier3=Ok(())|classify=Ok(["Outer"])
D2|sliver h=1e-7 dir=(0.0, 0.0, 1.0) d=0e0 a=0.7|INVERTED|exact=-2.000e-16|f64=-2.000e-16|VA/esc=5000.0|tier3=Err([NegativeVolume { solid: SolidKey(1v1) }])|classify=Ok(["Void"])
D2|sliver h=1e-7 dir=(0.0, 0.0, 1.0) d=1e3 a=0|upright|exact=+2.000e-16|f64=+2.000e-16|VA/esc=5000.0|tier3=Ok(())|classify=Ok(["Outer"])
D2|sliver h=1e-7 dir=(0.0, 0.0, 1.0) d=1e3 a=0|INVERTED|exact=-2.000e-16|f64=-2.000e-16|VA/esc=5000.0|tier3=Err([NegativeVolume { solid: SolidKey(1v1) }])|classify=Ok(["Void"])
D2|sliver h=1e-7 dir=(0.0, 0.0, 1.0) d=1e3 a=0.7|upright|exact=+2.000e-16|f64=+2.000e-16|VA/esc=5000.0|tier3=Ok(())|classify=Ok(["Outer"])
D2|sliver h=1e-7 dir=(0.0, 0.0, 1.0) d=1e3 a=0.7|INVERTED|exact=-2.000e-16|f64=-2.000e-16|VA/esc=5000.0|tier3=Err([NegativeVolume { solid: SolidKey(1v1) }])|classify=Ok(["Void"])
D2|sliver h=1e-7 dir=(0.0, 0.0, 1.0) d=5e3 a=0|upright|exact=+2.000e-16|f64=+2.000e-16|VA/esc=5000.0|tier3=Ok(())|classify=Ok(["Outer"])
D2|sliver h=1e-7 dir=(0.0, 0.0, 1.0) d=5e3 a=0|INVERTED|exact=-2.000e-16|f64=-2.000e-16|VA/esc=5000.0|tier3=Err([NegativeVolume { solid: SolidKey(1v1) }])|classify=Ok(["Void"])
D2|sliver h=1e-7 dir=(0.0, 0.0, 1.0) d=5e3 a=0.7|upright|exact=+2.000e-16|f64=+2.000e-16|VA/esc=5000.0|tier3=Ok(())|classify=Ok(["Outer"])
D2|sliver h=1e-7 dir=(0.0, 0.0, 1.0) d=5e3 a=0.7|INVERTED|exact=-2.000e-16|f64=-2.000e-16|VA/esc=5000.0|tier3=Err([NegativeVolume { solid: SolidKey(1v1) }])|classify=Ok(["Void"])
D2|sliver h=1e-7 dir=(0.0, 0.0, 1.0) d=2e4 a=0|upright|exact=+2.000e-16|f64=+2.000e-16|VA/esc=5000.0|tier3=Ok(())|classify=Ok(["Outer"])
D2|sliver h=1e-7 dir=(0.0, 0.0, 1.0) d=2e4 a=0|INVERTED|exact=-2.000e-16|f64=-2.000e-16|VA/esc=5000.0|tier3=Err([NegativeVolume { solid: SolidKey(1v1) }])|classify=Ok(["Void"])
D2|sliver h=1e-7 dir=(0.0, 0.0, 1.0) d=2e4 a=0.7|no build
D2|holed h=1e-7 dir=(0.6, 0.48, 0.64) d=0e0 a=0|upright|exact=+1.286e-12|f64=+1.286e-12|VA/esc=5000.0|tier3=Ok(())|classify=Ok(["Outer"])
D2|holed h=1e-7 dir=(0.6, 0.48, 0.64) d=0e0 a=0|INVERTED|exact=-1.286e-12|f64=-1.286e-12|VA/esc=5000.0|tier3=Err([NegativeVolume { solid: SolidKey(1v1) }])|classify=Ok(["Void"])
D2|holed h=1e-7 dir=(0.6, 0.48, 0.64) d=0e0 a=0.7|upright|exact=+1.286e-12|f64=+1.286e-12|VA/esc=5000.0|tier3=Ok(())|classify=Ok(["Outer"])
D2|holed h=1e-7 dir=(0.6, 0.48, 0.64) d=0e0 a=0.7|INVERTED|exact=-1.286e-12|f64=-1.286e-12|VA/esc=5000.0|tier3=Err([NegativeVolume { solid: SolidKey(1v1) }])|classify=Ok(["Void"])
D2|holed h=1e-7 dir=(0.6, 0.48, 0.64) d=1e3 a=0|upright|exact=+1.286e-12|f64=+1.286e-12|VA/esc=5000.0|tier3=Ok(())|classify=Ok(["Outer"])
D2|holed h=1e-7 dir=(0.6, 0.48, 0.64) d=1e3 a=0|INVERTED|exact=-1.286e-12|f64=-1.286e-12|VA/esc=5000.0|tier3=Err([NegativeVolume { solid: SolidKey(1v1) }])|classify=Ok(["Void"])
D2|holed h=1e-7 dir=(0.6, 0.48, 0.64) d=1e3 a=0.7|upright|exact=+1.286e-12|f64=+1.286e-12|VA/esc=5000.0|tier3=Ok(())|classify=Ok(["Outer"])
D2|holed h=1e-7 dir=(0.6, 0.48, 0.64) d=1e3 a=0.7|INVERTED|exact=-1.286e-12|f64=-1.286e-12|VA/esc=5000.0|tier3=Err([NegativeVolume { solid: SolidKey(1v1) }])|classify=Ok(["Void"])
D2|holed h=1e-7 dir=(0.6, 0.48, 0.64) d=5e3 a=0|upright|exact=+1.286e-12|f64=+1.286e-12|VA/esc=5000.0|tier3=Ok(())|classify=Ok(["Outer"])
D2|holed h=1e-7 dir=(0.6, 0.48, 0.64) d=5e3 a=0|INVERTED|exact=-1.286e-12|f64=-1.286e-12|VA/esc=5000.0|tier3=Err([NegativeVolume { solid: SolidKey(1v1) }])|classify=Ok(["Void"])
D2|holed h=1e-7 dir=(0.6, 0.48, 0.64) d=5e3 a=0.7|upright|exact=+1.286e-12|f64=+1.286e-12|VA/esc=5000.0|tier3=Ok(())|classify=Ok(["Outer"])
D2|holed h=1e-7 dir=(0.6, 0.48, 0.64) d=5e3 a=0.7|INVERTED|exact=-1.286e-12|f64=-1.286e-12|VA/esc=5000.0|tier3=Err([NegativeVolume { solid: SolidKey(1v1) }])|classify=Ok(["Void"])
D2|holed h=1e-7 dir=(0.6, 0.48, 0.64) d=2e4 a=0|upright|exact=+1.286e-12|f64=+1.286e-12|VA/esc=5000.0|tier3=Ok(())|classify=Ok(["Outer"])
D2|holed h=1e-7 dir=(0.6, 0.48, 0.64) d=2e4 a=0|INVERTED|exact=-1.286e-12|f64=-1.286e-12|VA/esc=5000.0|tier3=Err([NegativeVolume { solid: SolidKey(1v1) }])|classify=Ok(["Void"])
D2|holed h=1e-7 dir=(0.6, 0.48, 0.64) d=2e4 a=0.7|no build
D2|holed h=1e-7 dir=(-0.6, -0.48, -0.64) d=0e0 a=0|upright|exact=+1.286e-12|f64=+1.286e-12|VA/esc=5000.0|tier3=Ok(())|classify=Ok(["Outer"])
D2|holed h=1e-7 dir=(-0.6, -0.48, -0.64) d=0e0 a=0|INVERTED|exact=-1.286e-12|f64=-1.286e-12|VA/esc=5000.0|tier3=Err([NegativeVolume { solid: SolidKey(1v1) }])|classify=Ok(["Void"])
D2|holed h=1e-7 dir=(-0.6, -0.48, -0.64) d=0e0 a=0.7|upright|exact=+1.286e-12|f64=+1.286e-12|VA/esc=5000.0|tier3=Ok(())|classify=Ok(["Outer"])
D2|holed h=1e-7 dir=(-0.6, -0.48, -0.64) d=0e0 a=0.7|INVERTED|exact=-1.286e-12|f64=-1.286e-12|VA/esc=5000.0|tier3=Err([NegativeVolume { solid: SolidKey(1v1) }])|classify=Ok(["Void"])
D2|holed h=1e-7 dir=(-0.6, -0.48, -0.64) d=1e3 a=0|upright|exact=+1.286e-12|f64=+1.286e-12|VA/esc=5000.0|tier3=Ok(())|classify=Ok(["Outer"])
D2|holed h=1e-7 dir=(-0.6, -0.48, -0.64) d=1e3 a=0|INVERTED|exact=-1.286e-12|f64=-1.286e-12|VA/esc=5000.0|tier3=Err([NegativeVolume { solid: SolidKey(1v1) }])|classify=Ok(["Void"])
D2|holed h=1e-7 dir=(-0.6, -0.48, -0.64) d=1e3 a=0.7|upright|exact=+1.286e-12|f64=+1.286e-12|VA/esc=5000.0|tier3=Ok(())|classify=Ok(["Outer"])
D2|holed h=1e-7 dir=(-0.6, -0.48, -0.64) d=1e3 a=0.7|INVERTED|exact=-1.286e-12|f64=-1.286e-12|VA/esc=5000.0|tier3=Err([NegativeVolume { solid: SolidKey(1v1) }])|classify=Ok(["Void"])
D2|holed h=1e-7 dir=(-0.6, -0.48, -0.64) d=5e3 a=0|upright|exact=+1.286e-12|f64=+1.286e-12|VA/esc=5000.0|tier3=Ok(())|classify=Ok(["Outer"])
D2|holed h=1e-7 dir=(-0.6, -0.48, -0.64) d=5e3 a=0|INVERTED|exact=-1.286e-12|f64=-1.286e-12|VA/esc=5000.0|tier3=Err([NegativeVolume { solid: SolidKey(1v1) }])|classify=Ok(["Void"])
D2|holed h=1e-7 dir=(-0.6, -0.48, -0.64) d=5e3 a=0.7|upright|exact=+1.286e-12|f64=+1.286e-12|VA/esc=5000.0|tier3=Ok(())|classify=Ok(["Outer"])
D2|holed h=1e-7 dir=(-0.6, -0.48, -0.64) d=5e3 a=0.7|INVERTED|exact=-1.286e-12|f64=-1.286e-12|VA/esc=5000.0|tier3=Err([NegativeVolume { solid: SolidKey(1v1) }])|classify=Ok(["Void"])
D2|holed h=1e-7 dir=(-0.6, -0.48, -0.64) d=2e4 a=0|upright|exact=+1.286e-12|f64=+1.286e-12|VA/esc=5000.0|tier3=Ok(())|classify=Ok(["Outer"])
D2|holed h=1e-7 dir=(-0.6, -0.48, -0.64) d=2e4 a=0|INVERTED|exact=-1.286e-12|f64=-1.286e-12|VA/esc=5000.0|tier3=Err([NegativeVolume { solid: SolidKey(1v1) }])|classify=Ok(["Void"])
D2|holed h=1e-7 dir=(-0.6, -0.48, -0.64) d=2e4 a=0.7|no build
D2|holed h=1e-7 dir=(0.0, 0.0, 1.0) d=0e0 a=0|upright|exact=+1.286e-12|f64=+1.286e-12|VA/esc=5000.0|tier3=Ok(())|classify=Ok(["Outer"])
D2|holed h=1e-7 dir=(0.0, 0.0, 1.0) d=0e0 a=0|INVERTED|exact=-1.286e-12|f64=-1.286e-12|VA/esc=5000.0|tier3=Err([NegativeVolume { solid: SolidKey(1v1) }])|classify=Ok(["Void"])
D2|holed h=1e-7 dir=(0.0, 0.0, 1.0) d=0e0 a=0.7|upright|exact=+1.286e-12|f64=+1.286e-12|VA/esc=5000.0|tier3=Ok(())|classify=Ok(["Outer"])
D2|holed h=1e-7 dir=(0.0, 0.0, 1.0) d=0e0 a=0.7|INVERTED|exact=-1.286e-12|f64=-1.286e-12|VA/esc=5000.0|tier3=Err([NegativeVolume { solid: SolidKey(1v1) }])|classify=Ok(["Void"])
D2|holed h=1e-7 dir=(0.0, 0.0, 1.0) d=1e3 a=0|upright|exact=+1.286e-12|f64=+1.286e-12|VA/esc=5000.0|tier3=Ok(())|classify=Ok(["Outer"])
D2|holed h=1e-7 dir=(0.0, 0.0, 1.0) d=1e3 a=0|INVERTED|exact=-1.286e-12|f64=-1.286e-12|VA/esc=5000.0|tier3=Err([NegativeVolume { solid: SolidKey(1v1) }])|classify=Ok(["Void"])
D2|holed h=1e-7 dir=(0.0, 0.0, 1.0) d=1e3 a=0.7|upright|exact=+1.286e-12|f64=+1.286e-12|VA/esc=5000.0|tier3=Ok(())|classify=Ok(["Outer"])
D2|holed h=1e-7 dir=(0.0, 0.0, 1.0) d=1e3 a=0.7|INVERTED|exact=-1.286e-12|f64=-1.286e-12|VA/esc=5000.0|tier3=Err([NegativeVolume { solid: SolidKey(1v1) }])|classify=Ok(["Void"])
D2|holed h=1e-7 dir=(0.0, 0.0, 1.0) d=5e3 a=0|upright|exact=+1.286e-12|f64=+1.286e-12|VA/esc=5000.0|tier3=Ok(())|classify=Ok(["Outer"])
D2|holed h=1e-7 dir=(0.0, 0.0, 1.0) d=5e3 a=0|INVERTED|exact=-1.286e-12|f64=-1.286e-12|VA/esc=5000.0|tier3=Err([NegativeVolume { solid: SolidKey(1v1) }])|classify=Ok(["Void"])
D2|holed h=1e-7 dir=(0.0, 0.0, 1.0) d=5e3 a=0.7|upright|exact=+1.286e-12|f64=+1.286e-12|VA/esc=5000.0|tier3=Ok(())|classify=Ok(["Outer"])
D2|holed h=1e-7 dir=(0.0, 0.0, 1.0) d=5e3 a=0.7|INVERTED|exact=-1.286e-12|f64=-1.286e-12|VA/esc=5000.0|tier3=Err([NegativeVolume { solid: SolidKey(1v1) }])|classify=Ok(["Void"])
D2|holed h=1e-7 dir=(0.0, 0.0, 1.0) d=2e4 a=0|upright|exact=+1.286e-12|f64=+1.286e-12|VA/esc=5000.0|tier3=Ok(())|classify=Ok(["Outer"])
D2|holed h=1e-7 dir=(0.0, 0.0, 1.0) d=2e4 a=0|INVERTED|exact=-1.286e-12|f64=-1.286e-12|VA/esc=5000.0|tier3=Err([NegativeVolume { solid: SolidKey(1v1) }])|classify=Ok(["Void"])
D2|holed h=1e-7 dir=(0.0, 0.0, 1.0) d=2e4 a=0.7|no build
D2|ngon n=3 h=1e-6 dir=(0.6, 0.48, 0.64) d=0e0 a=0|upright|exact=+1.299e-12|f64=+1.299e-12|VA/esc=50000.0|tier3=Ok(())|classify=Ok(["Outer"])
D2|ngon n=3 h=1e-6 dir=(0.6, 0.48, 0.64) d=0e0 a=0|INVERTED|exact=-1.299e-12|f64=-1.299e-12|VA/esc=50000.0|tier3=Err([NegativeVolume { solid: SolidKey(1v1) }])|classify=Ok(["Void"])
D2|ngon n=3 h=1e-6 dir=(0.6, 0.48, 0.64) d=0e0 a=0.7|upright|exact=+1.299e-12|f64=+1.299e-12|VA/esc=50000.0|tier3=Ok(())|classify=Ok(["Outer"])
D2|ngon n=3 h=1e-6 dir=(0.6, 0.48, 0.64) d=0e0 a=0.7|INVERTED|exact=-1.299e-12|f64=-1.299e-12|VA/esc=50000.0|tier3=Err([NegativeVolume { solid: SolidKey(1v1) }])|classify=Ok(["Void"])
D2|ngon n=3 h=1e-6 dir=(0.6, 0.48, 0.64) d=1e3 a=0|upright|exact=+1.299e-12|f64=+1.299e-12|VA/esc=50000.0|tier3=Ok(())|classify=Ok(["Outer"])
D2|ngon n=3 h=1e-6 dir=(0.6, 0.48, 0.64) d=1e3 a=0|INVERTED|exact=-1.299e-12|f64=-1.299e-12|VA/esc=50000.0|tier3=Err([NegativeVolume { solid: SolidKey(1v1) }])|classify=Ok(["Void"])
D2|ngon n=3 h=1e-6 dir=(0.6, 0.48, 0.64) d=1e3 a=0.7|upright|exact=+1.299e-12|f64=+1.299e-12|VA/esc=50000.0|tier3=Ok(())|classify=Ok(["Outer"])
D2|ngon n=3 h=1e-6 dir=(0.6, 0.48, 0.64) d=1e3 a=0.7|INVERTED|exact=-1.299e-12|f64=-1.299e-12|VA/esc=50000.0|tier3=Err([NegativeVolume { solid: SolidKey(1v1) }])|classify=Ok(["Void"])
D2|ngon n=3 h=1e-6 dir=(0.6, 0.48, 0.64) d=5e3 a=0|upright|exact=+1.299e-12|f64=+1.299e-12|VA/esc=50000.0|tier3=Ok(())|classify=Ok(["Outer"])
D2|ngon n=3 h=1e-6 dir=(0.6, 0.48, 0.64) d=5e3 a=0|INVERTED|exact=-1.299e-12|f64=-1.299e-12|VA/esc=50000.0|tier3=Err([NegativeVolume { solid: SolidKey(1v1) }])|classify=Ok(["Void"])
D2|ngon n=3 h=1e-6 dir=(0.6, 0.48, 0.64) d=5e3 a=0.7|upright|exact=+1.299e-12|f64=+1.299e-12|VA/esc=50000.0|tier3=Ok(())|classify=Ok(["Outer"])
D2|ngon n=3 h=1e-6 dir=(0.6, 0.48, 0.64) d=5e3 a=0.7|INVERTED|exact=-1.299e-12|f64=-1.299e-12|VA/esc=50000.0|tier3=Err([NegativeVolume { solid: SolidKey(1v1) }])|classify=Ok(["Void"])
D2|ngon n=3 h=1e-6 dir=(0.6, 0.48, 0.64) d=2e4 a=0|no build
D2|ngon n=3 h=1e-6 dir=(0.6, 0.48, 0.64) d=2e4 a=0.7|no build
D2|ngon n=3 h=1e-6 dir=(-0.6, -0.48, -0.64) d=0e0 a=0|upright|exact=+1.299e-12|f64=+1.299e-12|VA/esc=50000.0|tier3=Ok(())|classify=Ok(["Outer"])
D2|ngon n=3 h=1e-6 dir=(-0.6, -0.48, -0.64) d=0e0 a=0|INVERTED|exact=-1.299e-12|f64=-1.299e-12|VA/esc=50000.0|tier3=Err([NegativeVolume { solid: SolidKey(1v1) }])|classify=Ok(["Void"])
D2|ngon n=3 h=1e-6 dir=(-0.6, -0.48, -0.64) d=0e0 a=0.7|upright|exact=+1.299e-12|f64=+1.299e-12|VA/esc=50000.0|tier3=Ok(())|classify=Ok(["Outer"])
D2|ngon n=3 h=1e-6 dir=(-0.6, -0.48, -0.64) d=0e0 a=0.7|INVERTED|exact=-1.299e-12|f64=-1.299e-12|VA/esc=50000.0|tier3=Err([NegativeVolume { solid: SolidKey(1v1) }])|classify=Ok(["Void"])
D2|ngon n=3 h=1e-6 dir=(-0.6, -0.48, -0.64) d=1e3 a=0|upright|exact=+1.299e-12|f64=+1.299e-12|VA/esc=50000.0|tier3=Ok(())|classify=Ok(["Outer"])
D2|ngon n=3 h=1e-6 dir=(-0.6, -0.48, -0.64) d=1e3 a=0|INVERTED|exact=-1.299e-12|f64=-1.299e-12|VA/esc=50000.0|tier3=Err([NegativeVolume { solid: SolidKey(1v1) }])|classify=Ok(["Void"])
D2|ngon n=3 h=1e-6 dir=(-0.6, -0.48, -0.64) d=1e3 a=0.7|upright|exact=+1.299e-12|f64=+1.299e-12|VA/esc=50000.0|tier3=Ok(())|classify=Ok(["Outer"])
D2|ngon n=3 h=1e-6 dir=(-0.6, -0.48, -0.64) d=1e3 a=0.7|INVERTED|exact=-1.299e-12|f64=-1.299e-12|VA/esc=50000.0|tier3=Err([NegativeVolume { solid: SolidKey(1v1) }])|classify=Ok(["Void"])
D2|ngon n=3 h=1e-6 dir=(-0.6, -0.48, -0.64) d=5e3 a=0|upright|exact=+1.299e-12|f64=+1.299e-12|VA/esc=50000.0|tier3=Ok(())|classify=Ok(["Outer"])
D2|ngon n=3 h=1e-6 dir=(-0.6, -0.48, -0.64) d=5e3 a=0|INVERTED|exact=-1.299e-12|f64=-1.299e-12|VA/esc=50000.0|tier3=Err([NegativeVolume { solid: SolidKey(1v1) }])|classify=Ok(["Void"])
D2|ngon n=3 h=1e-6 dir=(-0.6, -0.48, -0.64) d=5e3 a=0.7|upright|exact=+1.299e-12|f64=+1.299e-12|VA/esc=50000.0|tier3=Ok(())|classify=Ok(["Outer"])
D2|ngon n=3 h=1e-6 dir=(-0.6, -0.48, -0.64) d=5e3 a=0.7|INVERTED|exact=-1.299e-12|f64=-1.299e-12|VA/esc=50000.0|tier3=Err([NegativeVolume { solid: SolidKey(1v1) }])|classify=Ok(["Void"])
D2|ngon n=3 h=1e-6 dir=(-0.6, -0.48, -0.64) d=2e4 a=0|no build
D2|ngon n=3 h=1e-6 dir=(-0.6, -0.48, -0.64) d=2e4 a=0.7|no build
D2|ngon n=3 h=1e-6 dir=(0.0, 0.0, 1.0) d=0e0 a=0|upright|exact=+1.299e-12|f64=+1.299e-12|VA/esc=50000.0|tier3=Ok(())|classify=Ok(["Outer"])
D2|ngon n=3 h=1e-6 dir=(0.0, 0.0, 1.0) d=0e0 a=0|INVERTED|exact=-1.299e-12|f64=-1.299e-12|VA/esc=50000.0|tier3=Err([NegativeVolume { solid: SolidKey(1v1) }])|classify=Ok(["Void"])
D2|ngon n=3 h=1e-6 dir=(0.0, 0.0, 1.0) d=0e0 a=0.7|upright|exact=+1.299e-12|f64=+1.299e-12|VA/esc=50000.0|tier3=Ok(())|classify=Ok(["Outer"])
D2|ngon n=3 h=1e-6 dir=(0.0, 0.0, 1.0) d=0e0 a=0.7|INVERTED|exact=-1.299e-12|f64=-1.299e-12|VA/esc=50000.0|tier3=Err([NegativeVolume { solid: SolidKey(1v1) }])|classify=Ok(["Void"])
D2|ngon n=3 h=1e-6 dir=(0.0, 0.0, 1.0) d=1e3 a=0|upright|exact=+1.299e-12|f64=+1.299e-12|VA/esc=50000.0|tier3=Ok(())|classify=Ok(["Outer"])
D2|ngon n=3 h=1e-6 dir=(0.0, 0.0, 1.0) d=1e3 a=0|INVERTED|exact=-1.299e-12|f64=-1.299e-12|VA/esc=50000.0|tier3=Err([NegativeVolume { solid: SolidKey(1v1) }])|classify=Ok(["Void"])
D2|ngon n=3 h=1e-6 dir=(0.0, 0.0, 1.0) d=1e3 a=0.7|upright|exact=+1.299e-12|f64=+1.299e-12|VA/esc=50000.0|tier3=Ok(())|classify=Ok(["Outer"])
D2|ngon n=3 h=1e-6 dir=(0.0, 0.0, 1.0) d=1e3 a=0.7|INVERTED|exact=-1.299e-12|f64=-1.299e-12|VA/esc=50000.0|tier3=Err([NegativeVolume { solid: SolidKey(1v1) }])|classify=Ok(["Void"])
D2|ngon n=3 h=1e-6 dir=(0.0, 0.0, 1.0) d=5e3 a=0|upright|exact=+1.299e-12|f64=+1.299e-12|VA/esc=50000.0|tier3=Ok(())|classify=Ok(["Outer"])
D2|ngon n=3 h=1e-6 dir=(0.0, 0.0, 1.0) d=5e3 a=0|INVERTED|exact=-1.299e-12|f64=-1.299e-12|VA/esc=50000.0|tier3=Err([NegativeVolume { solid: SolidKey(1v1) }])|classify=Ok(["Void"])
D2|ngon n=3 h=1e-6 dir=(0.0, 0.0, 1.0) d=5e3 a=0.7|upright|exact=+1.299e-12|f64=+1.299e-12|VA/esc=50000.0|tier3=Ok(())|classify=Ok(["Outer"])
D2|ngon n=3 h=1e-6 dir=(0.0, 0.0, 1.0) d=5e3 a=0.7|INVERTED|exact=-1.299e-12|f64=-1.299e-12|VA/esc=50000.0|tier3=Err([NegativeVolume { solid: SolidKey(1v1) }])|classify=Ok(["Void"])
D2|ngon n=3 h=1e-6 dir=(0.0, 0.0, 1.0) d=2e4 a=0|upright|exact=+1.299e-12|f64=+1.299e-12|VA/esc=50000.0|tier3=Ok(())|classify=Ok(["Outer"])
D2|ngon n=3 h=1e-6 dir=(0.0, 0.0, 1.0) d=2e4 a=0|INVERTED|exact=-1.299e-12|f64=-1.299e-12|VA/esc=50000.0|tier3=Err([NegativeVolume { solid: SolidKey(1v1) }])|classify=Ok(["Void"])
D2|ngon n=3 h=1e-6 dir=(0.0, 0.0, 1.0) d=2e4 a=0.7|no build
D2|ngon n=17 h=1e-6 dir=(0.6, 0.48, 0.64) d=0e0 a=0|upright|exact=+3.071e-12|f64=+3.071e-12|VA/esc=50000.0|tier3=Ok(())|classify=Ok(["Outer"])
D2|ngon n=17 h=1e-6 dir=(0.6, 0.48, 0.64) d=0e0 a=0|INVERTED|exact=-3.071e-12|f64=-3.071e-12|VA/esc=50000.0|tier3=Err([NegativeVolume { solid: SolidKey(1v1) }])|classify=Ok(["Void"])
D2|ngon n=17 h=1e-6 dir=(0.6, 0.48, 0.64) d=0e0 a=0.7|upright|exact=+3.071e-12|f64=+3.071e-12|VA/esc=50000.0|tier3=Ok(())|classify=Ok(["Outer"])
D2|ngon n=17 h=1e-6 dir=(0.6, 0.48, 0.64) d=0e0 a=0.7|INVERTED|exact=-3.071e-12|f64=-3.071e-12|VA/esc=50000.0|tier3=Err([NegativeVolume { solid: SolidKey(1v1) }])|classify=Ok(["Void"])
D2|ngon n=17 h=1e-6 dir=(0.6, 0.48, 0.64) d=1e3 a=0|upright|exact=+3.071e-12|f64=+3.071e-12|VA/esc=50000.0|tier3=Ok(())|classify=Ok(["Outer"])
D2|ngon n=17 h=1e-6 dir=(0.6, 0.48, 0.64) d=1e3 a=0|INVERTED|exact=-3.071e-12|f64=-3.071e-12|VA/esc=50000.0|tier3=Err([NegativeVolume { solid: SolidKey(1v1) }])|classify=Ok(["Void"])
D2|ngon n=17 h=1e-6 dir=(0.6, 0.48, 0.64) d=1e3 a=0.7|upright|exact=+3.071e-12|f64=+3.071e-12|VA/esc=50000.0|tier3=Ok(())|classify=Ok(["Outer"])
D2|ngon n=17 h=1e-6 dir=(0.6, 0.48, 0.64) d=1e3 a=0.7|INVERTED|exact=-3.071e-12|f64=-3.071e-12|VA/esc=50000.0|tier3=Err([NegativeVolume { solid: SolidKey(1v1) }])|classify=Ok(["Void"])
D2|ngon n=17 h=1e-6 dir=(0.6, 0.48, 0.64) d=5e3 a=0|upright|exact=+3.071e-12|f64=+3.071e-12|VA/esc=50000.0|tier3=Ok(())|classify=Ok(["Outer"])
D2|ngon n=17 h=1e-6 dir=(0.6, 0.48, 0.64) d=5e3 a=0|INVERTED|exact=-3.071e-12|f64=-3.071e-12|VA/esc=50000.0|tier3=Err([NegativeVolume { solid: SolidKey(1v1) }])|classify=Ok(["Void"])
D2|ngon n=17 h=1e-6 dir=(0.6, 0.48, 0.64) d=5e3 a=0.7|upright|exact=+3.071e-12|f64=+3.070e-12|VA/esc=50000.0|tier3=Ok(())|classify=Ok(["Outer"])
D2|ngon n=17 h=1e-6 dir=(0.6, 0.48, 0.64) d=5e3 a=0.7|INVERTED|exact=-3.071e-12|f64=-3.070e-12|VA/esc=50000.0|tier3=Err([NegativeVolume { solid: SolidKey(1v1) }])|classify=Ok(["Void"])
D2|ngon n=17 h=1e-6 dir=(0.6, 0.48, 0.64) d=2e4 a=0|no build
D2|ngon n=17 h=1e-6 dir=(0.6, 0.48, 0.64) d=2e4 a=0.7|no build
D2|ngon n=17 h=1e-6 dir=(-0.6, -0.48, -0.64) d=0e0 a=0|upright|exact=+3.071e-12|f64=+3.071e-12|VA/esc=50000.0|tier3=Ok(())|classify=Ok(["Outer"])
D2|ngon n=17 h=1e-6 dir=(-0.6, -0.48, -0.64) d=0e0 a=0|INVERTED|exact=-3.071e-12|f64=-3.071e-12|VA/esc=50000.0|tier3=Err([NegativeVolume { solid: SolidKey(1v1) }])|classify=Ok(["Void"])
D2|ngon n=17 h=1e-6 dir=(-0.6, -0.48, -0.64) d=0e0 a=0.7|upright|exact=+3.071e-12|f64=+3.071e-12|VA/esc=50000.0|tier3=Ok(())|classify=Ok(["Outer"])
D2|ngon n=17 h=1e-6 dir=(-0.6, -0.48, -0.64) d=0e0 a=0.7|INVERTED|exact=-3.071e-12|f64=-3.071e-12|VA/esc=50000.0|tier3=Err([NegativeVolume { solid: SolidKey(1v1) }])|classify=Ok(["Void"])
D2|ngon n=17 h=1e-6 dir=(-0.6, -0.48, -0.64) d=1e3 a=0|upright|exact=+3.071e-12|f64=+3.071e-12|VA/esc=50000.0|tier3=Ok(())|classify=Ok(["Outer"])
D2|ngon n=17 h=1e-6 dir=(-0.6, -0.48, -0.64) d=1e3 a=0|INVERTED|exact=-3.071e-12|f64=-3.071e-12|VA/esc=50000.0|tier3=Err([NegativeVolume { solid: SolidKey(1v1) }])|classify=Ok(["Void"])
D2|ngon n=17 h=1e-6 dir=(-0.6, -0.48, -0.64) d=1e3 a=0.7|upright|exact=+3.071e-12|f64=+3.071e-12|VA/esc=50000.0|tier3=Ok(())|classify=Ok(["Outer"])
D2|ngon n=17 h=1e-6 dir=(-0.6, -0.48, -0.64) d=1e3 a=0.7|INVERTED|exact=-3.071e-12|f64=-3.071e-12|VA/esc=50000.0|tier3=Err([NegativeVolume { solid: SolidKey(1v1) }])|classify=Ok(["Void"])
D2|ngon n=17 h=1e-6 dir=(-0.6, -0.48, -0.64) d=5e3 a=0|upright|exact=+3.071e-12|f64=+3.070e-12|VA/esc=50000.0|tier3=Ok(())|classify=Ok(["Outer"])
D2|ngon n=17 h=1e-6 dir=(-0.6, -0.48, -0.64) d=5e3 a=0|INVERTED|exact=-3.071e-12|f64=-3.070e-12|VA/esc=50000.0|tier3=Err([NegativeVolume { solid: SolidKey(1v1) }])|classify=Ok(["Void"])
D2|ngon n=17 h=1e-6 dir=(-0.6, -0.48, -0.64) d=5e3 a=0.7|upright|exact=+3.071e-12|f64=+3.071e-12|VA/esc=50000.0|tier3=Ok(())|classify=Ok(["Outer"])
D2|ngon n=17 h=1e-6 dir=(-0.6, -0.48, -0.64) d=5e3 a=0.7|INVERTED|exact=-3.071e-12|f64=-3.071e-12|VA/esc=50000.0|tier3=Err([NegativeVolume { solid: SolidKey(1v1) }])|classify=Ok(["Void"])
D2|ngon n=17 h=1e-6 dir=(-0.6, -0.48, -0.64) d=2e4 a=0|no build
D2|ngon n=17 h=1e-6 dir=(-0.6, -0.48, -0.64) d=2e4 a=0.7|no build
D2|ngon n=17 h=1e-6 dir=(0.0, 0.0, 1.0) d=0e0 a=0|upright|exact=+3.071e-12|f64=+3.071e-12|VA/esc=50000.0|tier3=Ok(())|classify=Ok(["Outer"])
D2|ngon n=17 h=1e-6 dir=(0.0, 0.0, 1.0) d=0e0 a=0|INVERTED|exact=-3.071e-12|f64=-3.071e-12|VA/esc=50000.0|tier3=Err([NegativeVolume { solid: SolidKey(1v1) }])|classify=Ok(["Void"])
D2|ngon n=17 h=1e-6 dir=(0.0, 0.0, 1.0) d=0e0 a=0.7|upright|exact=+3.071e-12|f64=+3.071e-12|VA/esc=50000.0|tier3=Ok(())|classify=Ok(["Outer"])
D2|ngon n=17 h=1e-6 dir=(0.0, 0.0, 1.0) d=0e0 a=0.7|INVERTED|exact=-3.071e-12|f64=-3.071e-12|VA/esc=50000.0|tier3=Err([NegativeVolume { solid: SolidKey(1v1) }])|classify=Ok(["Void"])
D2|ngon n=17 h=1e-6 dir=(0.0, 0.0, 1.0) d=1e3 a=0|upright|exact=+3.071e-12|f64=+3.071e-12|VA/esc=50000.0|tier3=Ok(())|classify=Ok(["Outer"])
D2|ngon n=17 h=1e-6 dir=(0.0, 0.0, 1.0) d=1e3 a=0|INVERTED|exact=-3.071e-12|f64=-3.071e-12|VA/esc=50000.0|tier3=Err([NegativeVolume { solid: SolidKey(1v1) }])|classify=Ok(["Void"])
D2|ngon n=17 h=1e-6 dir=(0.0, 0.0, 1.0) d=1e3 a=0.7|upright|exact=+3.071e-12|f64=+3.071e-12|VA/esc=50000.0|tier3=Ok(())|classify=Ok(["Outer"])
D2|ngon n=17 h=1e-6 dir=(0.0, 0.0, 1.0) d=1e3 a=0.7|INVERTED|exact=-3.071e-12|f64=-3.071e-12|VA/esc=50000.0|tier3=Err([NegativeVolume { solid: SolidKey(1v1) }])|classify=Ok(["Void"])
D2|ngon n=17 h=1e-6 dir=(0.0, 0.0, 1.0) d=5e3 a=0|upright|exact=+3.071e-12|f64=+3.071e-12|VA/esc=50000.0|tier3=Ok(())|classify=Ok(["Outer"])
D2|ngon n=17 h=1e-6 dir=(0.0, 0.0, 1.0) d=5e3 a=0|INVERTED|exact=-3.071e-12|f64=-3.071e-12|VA/esc=50000.0|tier3=Err([NegativeVolume { solid: SolidKey(1v1) }])|classify=Ok(["Void"])
D2|ngon n=17 h=1e-6 dir=(0.0, 0.0, 1.0) d=5e3 a=0.7|no build
D2|ngon n=17 h=1e-6 dir=(0.0, 0.0, 1.0) d=2e4 a=0|upright|exact=+3.071e-12|f64=+3.071e-12|VA/esc=50000.0|tier3=Ok(())|classify=Ok(["Outer"])
D2|ngon n=17 h=1e-6 dir=(0.0, 0.0, 1.0) d=2e4 a=0|INVERTED|exact=-3.071e-12|f64=-3.071e-12|VA/esc=50000.0|tier3=Err([NegativeVolume { solid: SolidKey(1v1) }])|classify=Ok(["Void"])
D2|ngon n=17 h=1e-6 dir=(0.0, 0.0, 1.0) d=2e4 a=0.7|no build
D2|ngon n=256 h=1e-6 dir=(0.6, 0.48, 0.64) d=0e0 a=0|upright|exact=+3.141e-12|f64=+3.141e-12|VA/esc=50000.0|tier3=Ok(())|classify=Ok(["Outer"])
D2|ngon n=256 h=1e-6 dir=(0.6, 0.48, 0.64) d=0e0 a=0|INVERTED|exact=-3.141e-12|f64=-3.141e-12|VA/esc=50000.0|tier3=Err([NegativeVolume { solid: SolidKey(1v1) }])|classify=Ok(["Void"])
D2|ngon n=256 h=1e-6 dir=(0.6, 0.48, 0.64) d=0e0 a=0.7|upright|exact=+3.141e-12|f64=+3.141e-12|VA/esc=50000.0|tier3=Ok(())|classify=Ok(["Outer"])
D2|ngon n=256 h=1e-6 dir=(0.6, 0.48, 0.64) d=0e0 a=0.7|INVERTED|exact=-3.141e-12|f64=-3.141e-12|VA/esc=50000.0|tier3=Err([NegativeVolume { solid: SolidKey(1v1) }])|classify=Ok(["Void"])
D2|ngon n=256 h=1e-6 dir=(0.6, 0.48, 0.64) d=1e3 a=0|upright|exact=+3.141e-12|f64=+3.141e-12|VA/esc=50000.0|tier3=Ok(())|classify=Ok(["Outer"])
D2|ngon n=256 h=1e-6 dir=(0.6, 0.48, 0.64) d=1e3 a=0|INVERTED|exact=-3.141e-12|f64=-3.141e-12|VA/esc=50000.0|tier3=Err([NegativeVolume { solid: SolidKey(1v1) }])|classify=Ok(["Void"])
D2|ngon n=256 h=1e-6 dir=(0.6, 0.48, 0.64) d=1e3 a=0.7|upright|exact=+3.141e-12|f64=+3.141e-12|VA/esc=50000.0|tier3=Ok(())|classify=Ok(["Outer"])
D2|ngon n=256 h=1e-6 dir=(0.6, 0.48, 0.64) d=1e3 a=0.7|INVERTED|exact=-3.141e-12|f64=-3.141e-12|VA/esc=50000.0|tier3=Err([NegativeVolume { solid: SolidKey(1v1) }])|classify=Ok(["Void"])
D2|ngon n=256 h=1e-6 dir=(0.6, 0.48, 0.64) d=5e3 a=0|upright|exact=+3.141e-12|f64=+3.141e-12|VA/esc=50000.0|tier3=Ok(())|classify=Ok(["Outer"])
D2|ngon n=256 h=1e-6 dir=(0.6, 0.48, 0.64) d=5e3 a=0|INVERTED|exact=-3.141e-12|f64=-3.141e-12|VA/esc=50000.0|tier3=Err([NegativeVolume { solid: SolidKey(1v1) }])|classify=Ok(["Void"])
D2|ngon n=256 h=1e-6 dir=(0.6, 0.48, 0.64) d=5e3 a=0.7|upright|exact=+3.141e-12|f64=+3.141e-12|VA/esc=50000.0|tier3=Ok(())|classify=Ok(["Outer"])
D2|ngon n=256 h=1e-6 dir=(0.6, 0.48, 0.64) d=5e3 a=0.7|INVERTED|exact=-3.141e-12|f64=-3.141e-12|VA/esc=50000.0|tier3=Err([NegativeVolume { solid: SolidKey(1v1) }])|classify=Ok(["Void"])
D2|ngon n=256 h=1e-6 dir=(0.6, 0.48, 0.64) d=2e4 a=0|no build
D2|ngon n=256 h=1e-6 dir=(0.6, 0.48, 0.64) d=2e4 a=0.7|no build
D2|ngon n=256 h=1e-6 dir=(-0.6, -0.48, -0.64) d=0e0 a=0|upright|exact=+3.141e-12|f64=+3.141e-12|VA/esc=50000.0|tier3=Ok(())|classify=Ok(["Outer"])
D2|ngon n=256 h=1e-6 dir=(-0.6, -0.48, -0.64) d=0e0 a=0|INVERTED|exact=-3.141e-12|f64=-3.141e-12|VA/esc=50000.0|tier3=Err([NegativeVolume { solid: SolidKey(1v1) }])|classify=Ok(["Void"])
D2|ngon n=256 h=1e-6 dir=(-0.6, -0.48, -0.64) d=0e0 a=0.7|upright|exact=+3.141e-12|f64=+3.141e-12|VA/esc=50000.0|tier3=Ok(())|classify=Ok(["Outer"])
D2|ngon n=256 h=1e-6 dir=(-0.6, -0.48, -0.64) d=0e0 a=0.7|INVERTED|exact=-3.141e-12|f64=-3.141e-12|VA/esc=50000.0|tier3=Err([NegativeVolume { solid: SolidKey(1v1) }])|classify=Ok(["Void"])
D2|ngon n=256 h=1e-6 dir=(-0.6, -0.48, -0.64) d=1e3 a=0|upright|exact=+3.141e-12|f64=+3.141e-12|VA/esc=50000.0|tier3=Ok(())|classify=Ok(["Outer"])
D2|ngon n=256 h=1e-6 dir=(-0.6, -0.48, -0.64) d=1e3 a=0|INVERTED|exact=-3.141e-12|f64=-3.141e-12|VA/esc=50000.0|tier3=Err([NegativeVolume { solid: SolidKey(1v1) }])|classify=Ok(["Void"])
D2|ngon n=256 h=1e-6 dir=(-0.6, -0.48, -0.64) d=1e3 a=0.7|upright|exact=+3.141e-12|f64=+3.141e-12|VA/esc=50000.0|tier3=Ok(())|classify=Ok(["Outer"])
D2|ngon n=256 h=1e-6 dir=(-0.6, -0.48, -0.64) d=1e3 a=0.7|INVERTED|exact=-3.141e-12|f64=-3.141e-12|VA/esc=50000.0|tier3=Err([NegativeVolume { solid: SolidKey(1v1) }])|classify=Ok(["Void"])
D2|ngon n=256 h=1e-6 dir=(-0.6, -0.48, -0.64) d=5e3 a=0|upright|exact=+3.141e-12|f64=+3.141e-12|VA/esc=50000.0|tier3=Ok(())|classify=Ok(["Outer"])
D2|ngon n=256 h=1e-6 dir=(-0.6, -0.48, -0.64) d=5e3 a=0|INVERTED|exact=-3.141e-12|f64=-3.141e-12|VA/esc=50000.0|tier3=Err([NegativeVolume { solid: SolidKey(1v1) }])|classify=Ok(["Void"])
D2|ngon n=256 h=1e-6 dir=(-0.6, -0.48, -0.64) d=5e3 a=0.7|upright|exact=+3.141e-12|f64=+3.141e-12|VA/esc=50000.0|tier3=Ok(())|classify=Ok(["Outer"])
D2|ngon n=256 h=1e-6 dir=(-0.6, -0.48, -0.64) d=5e3 a=0.7|INVERTED|exact=-3.141e-12|f64=-3.141e-12|VA/esc=50000.0|tier3=Err([NegativeVolume { solid: SolidKey(1v1) }])|classify=Ok(["Void"])
D2|ngon n=256 h=1e-6 dir=(-0.6, -0.48, -0.64) d=2e4 a=0|no build
D2|ngon n=256 h=1e-6 dir=(-0.6, -0.48, -0.64) d=2e4 a=0.7|no build
D2|ngon n=256 h=1e-6 dir=(0.0, 0.0, 1.0) d=0e0 a=0|upright|exact=+3.141e-12|f64=+3.141e-12|VA/esc=50000.0|tier3=Ok(())|classify=Ok(["Outer"])
D2|ngon n=256 h=1e-6 dir=(0.0, 0.0, 1.0) d=0e0 a=0|INVERTED|exact=-3.141e-12|f64=-3.141e-12|VA/esc=50000.0|tier3=Err([NegativeVolume { solid: SolidKey(1v1) }])|classify=Ok(["Void"])
D2|ngon n=256 h=1e-6 dir=(0.0, 0.0, 1.0) d=0e0 a=0.7|upright|exact=+3.141e-12|f64=+3.141e-12|VA/esc=50000.0|tier3=Ok(())|classify=Ok(["Outer"])
D2|ngon n=256 h=1e-6 dir=(0.0, 0.0, 1.0) d=0e0 a=0.7|INVERTED|exact=-3.141e-12|f64=-3.141e-12|VA/esc=50000.0|tier3=Err([NegativeVolume { solid: SolidKey(1v1) }])|classify=Ok(["Void"])
D2|ngon n=256 h=1e-6 dir=(0.0, 0.0, 1.0) d=1e3 a=0|upright|exact=+3.141e-12|f64=+3.141e-12|VA/esc=50000.0|tier3=Ok(())|classify=Ok(["Outer"])
D2|ngon n=256 h=1e-6 dir=(0.0, 0.0, 1.0) d=1e3 a=0|INVERTED|exact=-3.141e-12|f64=-3.141e-12|VA/esc=50000.0|tier3=Err([NegativeVolume { solid: SolidKey(1v1) }])|classify=Ok(["Void"])
D2|ngon n=256 h=1e-6 dir=(0.0, 0.0, 1.0) d=1e3 a=0.7|upright|exact=+3.141e-12|f64=+3.141e-12|VA/esc=50000.0|tier3=Ok(())|classify=Ok(["Outer"])
D2|ngon n=256 h=1e-6 dir=(0.0, 0.0, 1.0) d=1e3 a=0.7|INVERTED|exact=-3.141e-12|f64=-3.141e-12|VA/esc=50000.0|tier3=Err([NegativeVolume { solid: SolidKey(1v1) }])|classify=Ok(["Void"])
D2|ngon n=256 h=1e-6 dir=(0.0, 0.0, 1.0) d=5e3 a=0|upright|exact=+3.141e-12|f64=+3.141e-12|VA/esc=50000.0|tier3=Ok(())|classify=Ok(["Outer"])
D2|ngon n=256 h=1e-6 dir=(0.0, 0.0, 1.0) d=5e3 a=0|INVERTED|exact=-3.141e-12|f64=-3.141e-12|VA/esc=50000.0|tier3=Err([NegativeVolume { solid: SolidKey(1v1) }])|classify=Ok(["Void"])
D2|ngon n=256 h=1e-6 dir=(0.0, 0.0, 1.0) d=5e3 a=0.7|no build
D2|ngon n=256 h=1e-6 dir=(0.0, 0.0, 1.0) d=2e4 a=0|upright|exact=+3.141e-12|f64=+3.141e-12|VA/esc=50000.0|tier3=Ok(())|classify=Ok(["Outer"])
D2|ngon n=256 h=1e-6 dir=(0.0, 0.0, 1.0) d=2e4 a=0|INVERTED|exact=-3.141e-12|f64=-3.141e-12|VA/esc=50000.0|tier3=Err([NegativeVolume { solid: SolidKey(1v1) }])|classify=Ok(["Void"])
D2|ngon n=256 h=1e-6 dir=(0.0, 0.0, 1.0) d=2e4 a=0.7|no build
D2|sliver h=1e-6 dir=(0.6, 0.48, 0.64) d=0e0 a=0|upright|exact=+2.000e-15|f64=+2.000e-15|VA/esc=50000.0|tier3=Ok(())|classify=Ok(["Outer"])
D2|sliver h=1e-6 dir=(0.6, 0.48, 0.64) d=0e0 a=0|INVERTED|exact=-2.000e-15|f64=-2.000e-15|VA/esc=50000.0|tier3=Err([NegativeVolume { solid: SolidKey(1v1) }])|classify=Ok(["Void"])
D2|sliver h=1e-6 dir=(0.6, 0.48, 0.64) d=0e0 a=0.7|upright|exact=+2.000e-15|f64=+2.000e-15|VA/esc=50000.0|tier3=Ok(())|classify=Ok(["Outer"])
D2|sliver h=1e-6 dir=(0.6, 0.48, 0.64) d=0e0 a=0.7|INVERTED|exact=-2.000e-15|f64=-2.000e-15|VA/esc=50000.0|tier3=Err([NegativeVolume { solid: SolidKey(1v1) }])|classify=Ok(["Void"])
D2|sliver h=1e-6 dir=(0.6, 0.48, 0.64) d=1e3 a=0|upright|exact=+2.000e-15|f64=+2.000e-15|VA/esc=50000.0|tier3=Ok(())|classify=Ok(["Outer"])
D2|sliver h=1e-6 dir=(0.6, 0.48, 0.64) d=1e3 a=0|INVERTED|exact=-2.000e-15|f64=-2.000e-15|VA/esc=50000.0|tier3=Err([NegativeVolume { solid: SolidKey(1v1) }])|classify=Ok(["Void"])
D2|sliver h=1e-6 dir=(0.6, 0.48, 0.64) d=1e3 a=0.7|upright|exact=+2.000e-15|f64=+2.000e-15|VA/esc=50000.0|tier3=Ok(())|classify=Ok(["Outer"])
D2|sliver h=1e-6 dir=(0.6, 0.48, 0.64) d=1e3 a=0.7|INVERTED|exact=-2.000e-15|f64=-2.000e-15|VA/esc=50000.0|tier3=Err([NegativeVolume { solid: SolidKey(1v1) }])|classify=Ok(["Void"])
D2|sliver h=1e-6 dir=(0.6, 0.48, 0.64) d=5e3 a=0|upright|exact=+2.000e-15|f64=+2.000e-15|VA/esc=50000.0|tier3=Ok(())|classify=Ok(["Outer"])
D2|sliver h=1e-6 dir=(0.6, 0.48, 0.64) d=5e3 a=0|INVERTED|exact=-2.000e-15|f64=-2.000e-15|VA/esc=50000.0|tier3=Err([NegativeVolume { solid: SolidKey(1v1) }])|classify=Ok(["Void"])
D2|sliver h=1e-6 dir=(0.6, 0.48, 0.64) d=5e3 a=0.7|upright|exact=+2.000e-15|f64=+2.117e-15|VA/esc=50000.0|tier3=Ok(())|classify=Ok(["Outer"])
D2|sliver h=1e-6 dir=(0.6, 0.48, 0.64) d=5e3 a=0.7|INVERTED|exact=-2.000e-15|f64=-2.117e-15|VA/esc=50000.0|tier3=Err([NegativeVolume { solid: SolidKey(1v1) }])|classify=Ok(["Void"])
D2|sliver h=1e-6 dir=(0.6, 0.48, 0.64) d=2e4 a=0|upright|exact=+2.000e-15|f64=+2.000e-15|VA/esc=50000.0|tier3=Ok(())|classify=Ok(["Outer"])
D2|sliver h=1e-6 dir=(0.6, 0.48, 0.64) d=2e4 a=0|INVERTED|exact=-2.000e-15|f64=-2.000e-15|VA/esc=50000.0|tier3=Err([NegativeVolume { solid: SolidKey(1v1) }])|classify=Ok(["Void"])
D2|sliver h=1e-6 dir=(0.6, 0.48, 0.64) d=2e4 a=0.7|no build
D2|sliver h=1e-6 dir=(-0.6, -0.48, -0.64) d=0e0 a=0|upright|exact=+2.000e-15|f64=+2.000e-15|VA/esc=50000.0|tier3=Ok(())|classify=Ok(["Outer"])
D2|sliver h=1e-6 dir=(-0.6, -0.48, -0.64) d=0e0 a=0|INVERTED|exact=-2.000e-15|f64=-2.000e-15|VA/esc=50000.0|tier3=Err([NegativeVolume { solid: SolidKey(1v1) }])|classify=Ok(["Void"])
D2|sliver h=1e-6 dir=(-0.6, -0.48, -0.64) d=0e0 a=0.7|upright|exact=+2.000e-15|f64=+2.000e-15|VA/esc=50000.0|tier3=Ok(())|classify=Ok(["Outer"])
D2|sliver h=1e-6 dir=(-0.6, -0.48, -0.64) d=0e0 a=0.7|INVERTED|exact=-2.000e-15|f64=-2.000e-15|VA/esc=50000.0|tier3=Err([NegativeVolume { solid: SolidKey(1v1) }])|classify=Ok(["Void"])
D2|sliver h=1e-6 dir=(-0.6, -0.48, -0.64) d=1e3 a=0|upright|exact=+2.000e-15|f64=+2.000e-15|VA/esc=50000.0|tier3=Ok(())|classify=Ok(["Outer"])
D2|sliver h=1e-6 dir=(-0.6, -0.48, -0.64) d=1e3 a=0|INVERTED|exact=-2.000e-15|f64=-2.000e-15|VA/esc=50000.0|tier3=Err([NegativeVolume { solid: SolidKey(1v1) }])|classify=Ok(["Void"])
D2|sliver h=1e-6 dir=(-0.6, -0.48, -0.64) d=1e3 a=0.7|upright|exact=+2.000e-15|f64=+2.000e-15|VA/esc=50000.0|tier3=Ok(())|classify=Ok(["Outer"])
D2|sliver h=1e-6 dir=(-0.6, -0.48, -0.64) d=1e3 a=0.7|INVERTED|exact=-2.000e-15|f64=-2.000e-15|VA/esc=50000.0|tier3=Err([NegativeVolume { solid: SolidKey(1v1) }])|classify=Ok(["Void"])
D2|sliver h=1e-6 dir=(-0.6, -0.48, -0.64) d=5e3 a=0|upright|exact=+2.000e-15|f64=+2.000e-15|VA/esc=50000.0|tier3=Ok(())|classify=Ok(["Outer"])
D2|sliver h=1e-6 dir=(-0.6, -0.48, -0.64) d=5e3 a=0|INVERTED|exact=-2.000e-15|f64=-2.000e-15|VA/esc=50000.0|tier3=Err([NegativeVolume { solid: SolidKey(1v1) }])|classify=Ok(["Void"])
D2|sliver h=1e-6 dir=(-0.6, -0.48, -0.64) d=5e3 a=0.7|upright|exact=+2.000e-15|f64=+1.883e-15|VA/esc=50000.0|tier3=Ok(())|classify=Ok(["Outer"])
D2|sliver h=1e-6 dir=(-0.6, -0.48, -0.64) d=5e3 a=0.7|INVERTED|exact=-2.000e-15|f64=-1.883e-15|VA/esc=50000.0|tier3=Err([NegativeVolume { solid: SolidKey(1v1) }])|classify=Ok(["Void"])
D2|sliver h=1e-6 dir=(-0.6, -0.48, -0.64) d=2e4 a=0|upright|exact=+2.000e-15|f64=+2.000e-15|VA/esc=50000.0|tier3=Ok(())|classify=Ok(["Outer"])
D2|sliver h=1e-6 dir=(-0.6, -0.48, -0.64) d=2e4 a=0|INVERTED|exact=-2.000e-15|f64=-2.000e-15|VA/esc=50000.0|tier3=Err([NegativeVolume { solid: SolidKey(1v1) }])|classify=Ok(["Void"])
D2|sliver h=1e-6 dir=(-0.6, -0.48, -0.64) d=2e4 a=0.7|no build
D2|sliver h=1e-6 dir=(0.0, 0.0, 1.0) d=0e0 a=0|upright|exact=+2.000e-15|f64=+2.000e-15|VA/esc=50000.0|tier3=Ok(())|classify=Ok(["Outer"])
D2|sliver h=1e-6 dir=(0.0, 0.0, 1.0) d=0e0 a=0|INVERTED|exact=-2.000e-15|f64=-2.000e-15|VA/esc=50000.0|tier3=Err([NegativeVolume { solid: SolidKey(1v1) }])|classify=Ok(["Void"])
D2|sliver h=1e-6 dir=(0.0, 0.0, 1.0) d=0e0 a=0.7|upright|exact=+2.000e-15|f64=+2.000e-15|VA/esc=50000.0|tier3=Ok(())|classify=Ok(["Outer"])
D2|sliver h=1e-6 dir=(0.0, 0.0, 1.0) d=0e0 a=0.7|INVERTED|exact=-2.000e-15|f64=-2.000e-15|VA/esc=50000.0|tier3=Err([NegativeVolume { solid: SolidKey(1v1) }])|classify=Ok(["Void"])
D2|sliver h=1e-6 dir=(0.0, 0.0, 1.0) d=1e3 a=0|upright|exact=+2.000e-15|f64=+2.000e-15|VA/esc=50000.0|tier3=Ok(())|classify=Ok(["Outer"])
D2|sliver h=1e-6 dir=(0.0, 0.0, 1.0) d=1e3 a=0|INVERTED|exact=-2.000e-15|f64=-2.000e-15|VA/esc=50000.0|tier3=Err([NegativeVolume { solid: SolidKey(1v1) }])|classify=Ok(["Void"])
D2|sliver h=1e-6 dir=(0.0, 0.0, 1.0) d=1e3 a=0.7|upright|exact=+2.000e-15|f64=+2.000e-15|VA/esc=50000.0|tier3=Ok(())|classify=Ok(["Outer"])
D2|sliver h=1e-6 dir=(0.0, 0.0, 1.0) d=1e3 a=0.7|INVERTED|exact=-2.000e-15|f64=-2.000e-15|VA/esc=50000.0|tier3=Err([NegativeVolume { solid: SolidKey(1v1) }])|classify=Ok(["Void"])
D2|sliver h=1e-6 dir=(0.0, 0.0, 1.0) d=5e3 a=0|upright|exact=+2.000e-15|f64=+2.000e-15|VA/esc=50000.0|tier3=Ok(())|classify=Ok(["Outer"])
D2|sliver h=1e-6 dir=(0.0, 0.0, 1.0) d=5e3 a=0|INVERTED|exact=-2.000e-15|f64=-2.000e-15|VA/esc=50000.0|tier3=Err([NegativeVolume { solid: SolidKey(1v1) }])|classify=Ok(["Void"])
D2|sliver h=1e-6 dir=(0.0, 0.0, 1.0) d=5e3 a=0.7|upright|exact=+2.000e-15|f64=+2.000e-15|VA/esc=50000.0|tier3=Ok(())|classify=Ok(["Outer"])
D2|sliver h=1e-6 dir=(0.0, 0.0, 1.0) d=5e3 a=0.7|INVERTED|exact=-2.000e-15|f64=-2.000e-15|VA/esc=50000.0|tier3=Err([NegativeVolume { solid: SolidKey(1v1) }])|classify=Ok(["Void"])
D2|sliver h=1e-6 dir=(0.0, 0.0, 1.0) d=2e4 a=0|upright|exact=+2.000e-15|f64=+2.000e-15|VA/esc=50000.0|tier3=Ok(())|classify=Ok(["Outer"])
D2|sliver h=1e-6 dir=(0.0, 0.0, 1.0) d=2e4 a=0|INVERTED|exact=-2.000e-15|f64=-2.000e-15|VA/esc=50000.0|tier3=Err([NegativeVolume { solid: SolidKey(1v1) }])|classify=Ok(["Void"])
D2|sliver h=1e-6 dir=(0.0, 0.0, 1.0) d=2e4 a=0.7|no build
D2|holed h=1e-6 dir=(0.6, 0.48, 0.64) d=0e0 a=0|upright|exact=+1.286e-11|f64=+1.286e-11|VA/esc=50000.0|tier3=Ok(())|classify=Ok(["Outer"])
D2|holed h=1e-6 dir=(0.6, 0.48, 0.64) d=0e0 a=0|INVERTED|exact=-1.286e-11|f64=-1.286e-11|VA/esc=50000.0|tier3=Err([NegativeVolume { solid: SolidKey(1v1) }])|classify=Ok(["Void"])
D2|holed h=1e-6 dir=(0.6, 0.48, 0.64) d=0e0 a=0.7|upright|exact=+1.286e-11|f64=+1.286e-11|VA/esc=50000.0|tier3=Ok(())|classify=Ok(["Outer"])
D2|holed h=1e-6 dir=(0.6, 0.48, 0.64) d=0e0 a=0.7|INVERTED|exact=-1.286e-11|f64=-1.286e-11|VA/esc=50000.0|tier3=Err([NegativeVolume { solid: SolidKey(1v1) }])|classify=Ok(["Void"])
D2|holed h=1e-6 dir=(0.6, 0.48, 0.64) d=1e3 a=0|upright|exact=+1.286e-11|f64=+1.286e-11|VA/esc=50000.0|tier3=Ok(())|classify=Ok(["Outer"])
D2|holed h=1e-6 dir=(0.6, 0.48, 0.64) d=1e3 a=0|INVERTED|exact=-1.286e-11|f64=-1.286e-11|VA/esc=50000.0|tier3=Err([NegativeVolume { solid: SolidKey(1v1) }])|classify=Ok(["Void"])
D2|holed h=1e-6 dir=(0.6, 0.48, 0.64) d=1e3 a=0.7|upright|exact=+1.286e-11|f64=+1.286e-11|VA/esc=50000.0|tier3=Ok(())|classify=Ok(["Outer"])
D2|holed h=1e-6 dir=(0.6, 0.48, 0.64) d=1e3 a=0.7|INVERTED|exact=-1.286e-11|f64=-1.286e-11|VA/esc=50000.0|tier3=Err([NegativeVolume { solid: SolidKey(1v1) }])|classify=Ok(["Void"])
D2|holed h=1e-6 dir=(0.6, 0.48, 0.64) d=5e3 a=0|upright|exact=+1.286e-11|f64=+1.286e-11|VA/esc=50000.0|tier3=Ok(())|classify=Ok(["Outer"])
D2|holed h=1e-6 dir=(0.6, 0.48, 0.64) d=5e3 a=0|INVERTED|exact=-1.286e-11|f64=-1.286e-11|VA/esc=50000.0|tier3=Err([NegativeVolume { solid: SolidKey(1v1) }])|classify=Ok(["Void"])
D2|holed h=1e-6 dir=(0.6, 0.48, 0.64) d=5e3 a=0.7|no build
D2|holed h=1e-6 dir=(0.6, 0.48, 0.64) d=2e4 a=0|upright|exact=+1.286e-11|f64=+1.286e-11|VA/esc=50000.0|tier3=Ok(())|classify=Ok(["Outer"])
D2|holed h=1e-6 dir=(0.6, 0.48, 0.64) d=2e4 a=0|INVERTED|exact=-1.286e-11|f64=-1.286e-11|VA/esc=50000.0|tier3=Err([NegativeVolume { solid: SolidKey(1v1) }])|classify=Ok(["Void"])
D2|holed h=1e-6 dir=(0.6, 0.48, 0.64) d=2e4 a=0.7|no build
D2|holed h=1e-6 dir=(-0.6, -0.48, -0.64) d=0e0 a=0|upright|exact=+1.286e-11|f64=+1.286e-11|VA/esc=50000.0|tier3=Ok(())|classify=Ok(["Outer"])
D2|holed h=1e-6 dir=(-0.6, -0.48, -0.64) d=0e0 a=0|INVERTED|exact=-1.286e-11|f64=-1.286e-11|VA/esc=50000.0|tier3=Err([NegativeVolume { solid: SolidKey(1v1) }])|classify=Ok(["Void"])
D2|holed h=1e-6 dir=(-0.6, -0.48, -0.64) d=0e0 a=0.7|upright|exact=+1.286e-11|f64=+1.286e-11|VA/esc=50000.0|tier3=Ok(())|classify=Ok(["Outer"])
D2|holed h=1e-6 dir=(-0.6, -0.48, -0.64) d=0e0 a=0.7|INVERTED|exact=-1.286e-11|f64=-1.286e-11|VA/esc=50000.0|tier3=Err([NegativeVolume { solid: SolidKey(1v1) }])|classify=Ok(["Void"])
D2|holed h=1e-6 dir=(-0.6, -0.48, -0.64) d=1e3 a=0|upright|exact=+1.286e-11|f64=+1.286e-11|VA/esc=50000.0|tier3=Ok(())|classify=Ok(["Outer"])
D2|holed h=1e-6 dir=(-0.6, -0.48, -0.64) d=1e3 a=0|INVERTED|exact=-1.286e-11|f64=-1.286e-11|VA/esc=50000.0|tier3=Err([NegativeVolume { solid: SolidKey(1v1) }])|classify=Ok(["Void"])
D2|holed h=1e-6 dir=(-0.6, -0.48, -0.64) d=1e3 a=0.7|upright|exact=+1.286e-11|f64=+1.286e-11|VA/esc=50000.0|tier3=Ok(())|classify=Ok(["Outer"])
D2|holed h=1e-6 dir=(-0.6, -0.48, -0.64) d=1e3 a=0.7|INVERTED|exact=-1.286e-11|f64=-1.286e-11|VA/esc=50000.0|tier3=Err([NegativeVolume { solid: SolidKey(1v1) }])|classify=Ok(["Void"])
D2|holed h=1e-6 dir=(-0.6, -0.48, -0.64) d=5e3 a=0|upright|exact=+1.286e-11|f64=+1.286e-11|VA/esc=50000.0|tier3=Ok(())|classify=Ok(["Outer"])
D2|holed h=1e-6 dir=(-0.6, -0.48, -0.64) d=5e3 a=0|INVERTED|exact=-1.286e-11|f64=-1.286e-11|VA/esc=50000.0|tier3=Err([NegativeVolume { solid: SolidKey(1v1) }])|classify=Ok(["Void"])
D2|holed h=1e-6 dir=(-0.6, -0.48, -0.64) d=5e3 a=0.7|no build
D2|holed h=1e-6 dir=(-0.6, -0.48, -0.64) d=2e4 a=0|upright|exact=+1.286e-11|f64=+1.286e-11|VA/esc=50000.0|tier3=Ok(())|classify=Ok(["Outer"])
D2|holed h=1e-6 dir=(-0.6, -0.48, -0.64) d=2e4 a=0|INVERTED|exact=-1.286e-11|f64=-1.286e-11|VA/esc=50000.0|tier3=Err([NegativeVolume { solid: SolidKey(1v1) }])|classify=Ok(["Void"])
D2|holed h=1e-6 dir=(-0.6, -0.48, -0.64) d=2e4 a=0.7|no build
D2|holed h=1e-6 dir=(0.0, 0.0, 1.0) d=0e0 a=0|upright|exact=+1.286e-11|f64=+1.286e-11|VA/esc=50000.0|tier3=Ok(())|classify=Ok(["Outer"])
D2|holed h=1e-6 dir=(0.0, 0.0, 1.0) d=0e0 a=0|INVERTED|exact=-1.286e-11|f64=-1.286e-11|VA/esc=50000.0|tier3=Err([NegativeVolume { solid: SolidKey(1v1) }])|classify=Ok(["Void"])
D2|holed h=1e-6 dir=(0.0, 0.0, 1.0) d=0e0 a=0.7|upright|exact=+1.286e-11|f64=+1.286e-11|VA/esc=50000.0|tier3=Ok(())|classify=Ok(["Outer"])
D2|holed h=1e-6 dir=(0.0, 0.0, 1.0) d=0e0 a=0.7|INVERTED|exact=-1.286e-11|f64=-1.286e-11|VA/esc=50000.0|tier3=Err([NegativeVolume { solid: SolidKey(1v1) }])|classify=Ok(["Void"])
D2|holed h=1e-6 dir=(0.0, 0.0, 1.0) d=1e3 a=0|upright|exact=+1.286e-11|f64=+1.286e-11|VA/esc=50000.0|tier3=Ok(())|classify=Ok(["Outer"])
D2|holed h=1e-6 dir=(0.0, 0.0, 1.0) d=1e3 a=0|INVERTED|exact=-1.286e-11|f64=-1.286e-11|VA/esc=50000.0|tier3=Err([NegativeVolume { solid: SolidKey(1v1) }])|classify=Ok(["Void"])
D2|holed h=1e-6 dir=(0.0, 0.0, 1.0) d=1e3 a=0.7|upright|exact=+1.286e-11|f64=+1.286e-11|VA/esc=50000.0|tier3=Ok(())|classify=Ok(["Outer"])
D2|holed h=1e-6 dir=(0.0, 0.0, 1.0) d=1e3 a=0.7|INVERTED|exact=-1.286e-11|f64=-1.286e-11|VA/esc=50000.0|tier3=Err([NegativeVolume { solid: SolidKey(1v1) }])|classify=Ok(["Void"])
D2|holed h=1e-6 dir=(0.0, 0.0, 1.0) d=5e3 a=0|upright|exact=+1.286e-11|f64=+1.286e-11|VA/esc=50000.0|tier3=Ok(())|classify=Ok(["Outer"])
D2|holed h=1e-6 dir=(0.0, 0.0, 1.0) d=5e3 a=0|INVERTED|exact=-1.286e-11|f64=-1.286e-11|VA/esc=50000.0|tier3=Err([NegativeVolume { solid: SolidKey(1v1) }])|classify=Ok(["Void"])
D2|holed h=1e-6 dir=(0.0, 0.0, 1.0) d=5e3 a=0.7|upright|exact=+1.286e-11|f64=+1.286e-11|VA/esc=50000.0|tier3=Ok(())|classify=Ok(["Outer"])
D2|holed h=1e-6 dir=(0.0, 0.0, 1.0) d=5e3 a=0.7|INVERTED|exact=-1.286e-11|f64=-1.286e-11|VA/esc=50000.0|tier3=Err([NegativeVolume { solid: SolidKey(1v1) }])|classify=Ok(["Void"])
D2|holed h=1e-6 dir=(0.0, 0.0, 1.0) d=2e4 a=0|upright|exact=+1.286e-11|f64=+1.286e-11|VA/esc=50000.0|tier3=Ok(())|classify=Ok(["Outer"])
D2|holed h=1e-6 dir=(0.0, 0.0, 1.0) d=2e4 a=0|INVERTED|exact=-1.286e-11|f64=-1.286e-11|VA/esc=50000.0|tier3=Err([NegativeVolume { solid: SolidKey(1v1) }])|classify=Ok(["Void"])
D2|holed h=1e-6 dir=(0.0, 0.0, 1.0) d=2e4 a=0.7|no build
test probe_d2_sweep::d2_planar_fans ... ok

test result: ok. 1 passed; 0 failed; 0 ignored; 0 measured; 2110 filtered out; finished in 7.35s

        PASS [   7.363s] (1/1) sweep::all probe_d2_sweep::d2_planar_fans
────────────
     Summary [   7.367s] 1 test run: 1 passed, 2110 skipped
exit 0
