with-build-slot: waiting for a slot (0s; holding: slot-1: pid 3783 since 04:06:40 (@1788322000): shared: cargo test -p mesh --lib -- curved::tests [held 0m5s]; slot-2: pid 23880 since 20:06:11 (@1788293171): exclusive: cargo fmt --all -- --check [held 480m34s] [record is stale (pid 23880 dead); this shared request never polls slot-2 at width 1]; express: pid 9621 since 19:43:56 (@1788291836): express(580s): cargo test -p mesh --lib sizing [held 502m49s] [record is stale (pid 9621 dead); this shared request never polls express at width 1])
    Finished `test` profile [unoptimized + debuginfo] target(s) in 0.17s
     Running unittests src/lib.rs (target/debug/deps/mesh-529a9a701d475703)

running 10 tests
test curved::tests::a_repeat_at_the_same_uv_is_one_spade_vertex_and_not_identified ... ok
test curved::tests::a_seam_vertex_fanned_over_one_column_is_caught ... ok
test curved::tests::the_full_2pi_seam_never_reaches_the_two_column_shape ... ok
test curved::tests::identified_ids_takes_the_seam_the_pole_filter_misses ... ok
test tessellate::tests::a_boundary_the_second_face_renumbered_is_caught ... ok
test curved::tests::identified_ids_keeps_a_pole_corner_and_drops_an_ordinary_walk ... ok
test tessellate::tests::a_seam_edge_traversed_twice_by_one_face_pairs_up ... ok
test tessellate::tests::a_shared_chord_segment_used_once_per_side_pairs_up ... ok
test tessellate::tests::a_segment_no_face_emitted_at_all_is_caught ... ok
test tessellate::tests::ids_at_or_above_the_mark_are_never_probed ... ok

test result: ok. 10 passed; 0 failed; 0 ignored; 0 measured; 111 filtered out; finished in 0.00s

=== pin ===

running 1 test
test the_eps_inventory_is_pinned ... ok

test result: ok. 1 passed; 0 failed; 0 ignored; 0 measured; 137 filtered out; finished in 0.04s

exit 0
