=== eps=1e-6 lever=chart path=hermite test=m5_pr7_ssi::a_flat_wall_whose_chart_bends_answers_as_the_plane_it_is
test m5_pr7_ssi::a_flat_wall_whose_chart_bends_answers_as_the_plane_it_is ... SKIPPED (α 1e-6, X 0.04, κ 4 at ε 1e-6): α is inside the band: ssi: the wall's u = low side lies within the tolerance of the plane, and the wall's certified slope across it does not clear the tolerance band (slope margin 4.7619047619023526e-8 m): the surfaces may be tangent along that edge, and no region is reported there
SKIPPED (α 1e-6, X 0.04, κ 2 at ε 1e-6): α is inside the band: ssi: the wall's u = low side lies within the tolerance of the plane, and the wall's certified slope across it does not clear the tolerance band (slope margin 3.55935386927242e-8 m): the surfaces may be tangent along that edge, and no region is reported there
SKIPPED (α 1e-6, X 0.06, κ 4 at ε 1e-6): α is inside the band: ssi: the wall's u = low side lies within the tolerance of the plane, and the wall's certified slope across it does not clear the tolerance band (slope margin 4.761904761902358e-8 m): the surfaces may be tangent along that edge, and no region is reported there
SKIPPED (α 2e-6, X 0.03, κ 4 at ε 1e-6): α is inside the band: ssi: the wall's u = low side lies within the tolerance of the plane, and the wall's certified slope across it does not clear the tolerance band (slope margin 5.1470323579552334e-8 m): the surfaces may be tangent along that edge, and no region is reported there
SKIPPED (α 1e-6, X 0.1, κ 4 at ε 1e-6): α is inside the band: ssi: the wall's u = low side lies within the tolerance of the plane, and the wall's certified slope across it does not clear the tolerance band (slope margin 4.7619047619023585e-8 m): the surfaces may be tangent along that edge, and no region is reported there
ok
=== eps=1e-6 lever=chart path=hermite test=rev3983_probes::rev3983_warp_mid_arm
test rev3983_probes::rev3983_warp_mid_arm ... WARP alpha=0.000001 X=0.04 kappa=4 per-state mid ~5.00e-9 m: Err ssi: the wall's u = low side lies within the tolerance of the plane, and the wall's certified slope across it does not clear the tolerance band (slope margin 4.7619047619023566e-8 m): the surfaces may be tangent along that edge, and no region is reported there
WARP alpha=0.000001 X=0.04 kappa=2 per-state mid ~1.00e-8 m: Err ssi: the wall's u = low side lies within the tolerance of the plane, and the wall's certified slope across it does not clear the tolerance band (slope margin 3.5593538692724514e-8 m): the surfaces may be tangent along that edge, and no region is reported there
WARP alpha=0.000001 X=0.06 kappa=4 per-state mid ~7.50e-9 m: Err ssi: the wall's u = low side lies within the tolerance of the plane, and the wall's certified slope across it does not clear the tolerance band (slope margin 4.761904761902358e-8 m): the surfaces may be tangent along that edge, and no region is reported there
WARP alpha=0.000002 X=0.03 kappa=4 per-state mid ~7.50e-9 m: Err ssi: the wall's u = low side lies within the tolerance of the plane, and the wall's certified slope across it does not clear the tolerance band (slope margin 5.1470323579552334e-8 m): the surfaces may be tangent along that edge, and no region is reported there
WARP alpha=0.000001 X=0.1 kappa=4 per-state mid ~1.25e-8 m: Err ssi: the wall's u = low side lies within the tolerance of the plane, and the wall's certified slope across it does not clear the tolerance band (slope margin 4.7619047619023605e-8 m): the surfaces may be tangent along that edge, and no region is reported there
ok
=== eps=1e-6 lever=chart path=march test=m5_pr7_ssi::a_flat_wall_whose_chart_bends_answers_as_the_plane_it_is
test m5_pr7_ssi::a_flat_wall_whose_chart_bends_answers_as_the_plane_it_is ... SKIPPED (α 1e-6, X 0.04, κ 4 at ε 1e-6): α is inside the band: ssi: the wall's u = low side lies within the tolerance of the plane, and the wall's certified slope across it does not clear the tolerance band (slope margin 4.7619047619023526e-8 m): the surfaces may be tangent along that edge, and no region is reported there
SKIPPED (α 1e-6, X 0.04, κ 2 at ε 1e-6): α is inside the band: ssi: the wall's u = low side lies within the tolerance of the plane, and the wall's certified slope across it does not clear the tolerance band (slope margin 3.55935386927242e-8 m): the surfaces may be tangent along that edge, and no region is reported there
SKIPPED (α 1e-6, X 0.06, κ 4 at ε 1e-6): α is inside the band: ssi: the wall's u = low side lies within the tolerance of the plane, and the wall's certified slope across it does not clear the tolerance band (slope margin 4.761904761902358e-8 m): the surfaces may be tangent along that edge, and no region is reported there
SKIPPED (α 2e-6, X 0.03, κ 4 at ε 1e-6): α is inside the band: ssi: the wall's u = low side lies within the tolerance of the plane, and the wall's certified slope across it does not clear the tolerance band (slope margin 5.1470323579552334e-8 m): the surfaces may be tangent along that edge, and no region is reported there
SKIPPED (α 1e-6, X 0.1, κ 4 at ε 1e-6): α is inside the band: ssi: the wall's u = low side lies within the tolerance of the plane, and the wall's certified slope across it does not clear the tolerance band (slope margin 4.7619047619023585e-8 m): the surfaces may be tangent along that edge, and no region is reported there
ok
=== eps=1e-6 lever=chart path=march test=rev3983_probes::rev3983_warp_mid_arm
test rev3983_probes::rev3983_warp_mid_arm ... WARP alpha=0.000001 X=0.04 kappa=4 per-state mid ~5.00e-9 m: Err ssi: the wall's u = low side lies within the tolerance of the plane, and the wall's certified slope across it does not clear the tolerance band (slope margin 4.7619047619023566e-8 m): the surfaces may be tangent along that edge, and no region is reported there
WARP alpha=0.000001 X=0.04 kappa=2 per-state mid ~1.00e-8 m: Err ssi: the wall's u = low side lies within the tolerance of the plane, and the wall's certified slope across it does not clear the tolerance band (slope margin 3.5593538692724514e-8 m): the surfaces may be tangent along that edge, and no region is reported there
WARP alpha=0.000001 X=0.06 kappa=4 per-state mid ~7.50e-9 m: Err ssi: the wall's u = low side lies within the tolerance of the plane, and the wall's certified slope across it does not clear the tolerance band (slope margin 4.761904761902358e-8 m): the surfaces may be tangent along that edge, and no region is reported there
WARP alpha=0.000002 X=0.03 kappa=4 per-state mid ~7.50e-9 m: Err ssi: the wall's u = low side lies within the tolerance of the plane, and the wall's certified slope across it does not clear the tolerance band (slope margin 5.1470323579552334e-8 m): the surfaces may be tangent along that edge, and no region is reported there
WARP alpha=0.000001 X=0.1 kappa=4 per-state mid ~1.25e-8 m: Err ssi: the wall's u = low side lies within the tolerance of the plane, and the wall's certified slope across it does not clear the tolerance band (slope margin 4.7619047619023605e-8 m): the surfaces may be tangent along that edge, and no region is reported there
ok
=== eps=1e-6 lever=normal path=hermite test=m5_pr7_ssi::a_flat_wall_whose_chart_bends_answers_as_the_plane_it_is
test m5_pr7_ssi::a_flat_wall_whose_chart_bends_answers_as_the_plane_it_is ... SKIPPED (α 1e-6, X 0.04, κ 4 at ε 1e-6): α is inside the band: ssi: the wall's u = low side lies within the tolerance of the plane, and the wall's certified slope across it does not clear the tolerance band (slope margin 4.7619047619023526e-8 m): the surfaces may be tangent along that edge, and no region is reported there
SKIPPED (α 1e-6, X 0.04, κ 2 at ε 1e-6): α is inside the band: ssi: the wall's u = low side lies within the tolerance of the plane, and the wall's certified slope across it does not clear the tolerance band (slope margin 3.55935386927242e-8 m): the surfaces may be tangent along that edge, and no region is reported there
SKIPPED (α 1e-6, X 0.06, κ 4 at ε 1e-6): α is inside the band: ssi: the wall's u = low side lies within the tolerance of the plane, and the wall's certified slope across it does not clear the tolerance band (slope margin 4.761904761902358e-8 m): the surfaces may be tangent along that edge, and no region is reported there
SKIPPED (α 2e-6, X 0.03, κ 4 at ε 1e-6): α is inside the band: ssi: the wall's u = low side lies within the tolerance of the plane, and the wall's certified slope across it does not clear the tolerance band (slope margin 5.1470323579552334e-8 m): the surfaces may be tangent along that edge, and no region is reported there
SKIPPED (α 1e-6, X 0.1, κ 4 at ε 1e-6): α is inside the band: ssi: the wall's u = low side lies within the tolerance of the plane, and the wall's certified slope across it does not clear the tolerance band (slope margin 4.7619047619023585e-8 m): the surfaces may be tangent along that edge, and no region is reported there
ok
=== eps=1e-6 lever=normal path=hermite test=rev3983_probes::rev3983_warp_mid_arm
test rev3983_probes::rev3983_warp_mid_arm ... WARP alpha=0.000001 X=0.04 kappa=4 per-state mid ~5.00e-9 m: Err ssi: the wall's u = low side lies within the tolerance of the plane, and the wall's certified slope across it does not clear the tolerance band (slope margin 4.7619047619023566e-8 m): the surfaces may be tangent along that edge, and no region is reported there
WARP alpha=0.000001 X=0.04 kappa=2 per-state mid ~1.00e-8 m: Err ssi: the wall's u = low side lies within the tolerance of the plane, and the wall's certified slope across it does not clear the tolerance band (slope margin 3.5593538692724514e-8 m): the surfaces may be tangent along that edge, and no region is reported there
WARP alpha=0.000001 X=0.06 kappa=4 per-state mid ~7.50e-9 m: Err ssi: the wall's u = low side lies within the tolerance of the plane, and the wall's certified slope across it does not clear the tolerance band (slope margin 4.761904761902358e-8 m): the surfaces may be tangent along that edge, and no region is reported there
WARP alpha=0.000002 X=0.03 kappa=4 per-state mid ~7.50e-9 m: Err ssi: the wall's u = low side lies within the tolerance of the plane, and the wall's certified slope across it does not clear the tolerance band (slope margin 5.1470323579552334e-8 m): the surfaces may be tangent along that edge, and no region is reported there
WARP alpha=0.000001 X=0.1 kappa=4 per-state mid ~1.25e-8 m: Err ssi: the wall's u = low side lies within the tolerance of the plane, and the wall's certified slope across it does not clear the tolerance band (slope margin 4.7619047619023605e-8 m): the surfaces may be tangent along that edge, and no region is reported there
ok
=== eps=1e-6 lever=normal path=march test=m5_pr7_ssi::a_flat_wall_whose_chart_bends_answers_as_the_plane_it_is
test m5_pr7_ssi::a_flat_wall_whose_chart_bends_answers_as_the_plane_it_is ... SKIPPED (α 1e-6, X 0.04, κ 4 at ε 1e-6): α is inside the band: ssi: the wall's u = low side lies within the tolerance of the plane, and the wall's certified slope across it does not clear the tolerance band (slope margin 4.7619047619023526e-8 m): the surfaces may be tangent along that edge, and no region is reported there
SKIPPED (α 1e-6, X 0.04, κ 2 at ε 1e-6): α is inside the band: ssi: the wall's u = low side lies within the tolerance of the plane, and the wall's certified slope across it does not clear the tolerance band (slope margin 3.55935386927242e-8 m): the surfaces may be tangent along that edge, and no region is reported there
SKIPPED (α 1e-6, X 0.06, κ 4 at ε 1e-6): α is inside the band: ssi: the wall's u = low side lies within the tolerance of the plane, and the wall's certified slope across it does not clear the tolerance band (slope margin 4.761904761902358e-8 m): the surfaces may be tangent along that edge, and no region is reported there
SKIPPED (α 2e-6, X 0.03, κ 4 at ε 1e-6): α is inside the band: ssi: the wall's u = low side lies within the tolerance of the plane, and the wall's certified slope across it does not clear the tolerance band (slope margin 5.1470323579552334e-8 m): the surfaces may be tangent along that edge, and no region is reported there
SKIPPED (α 1e-6, X 0.1, κ 4 at ε 1e-6): α is inside the band: ssi: the wall's u = low side lies within the tolerance of the plane, and the wall's certified slope across it does not clear the tolerance band (slope margin 4.7619047619023585e-8 m): the surfaces may be tangent along that edge, and no region is reported there
ok
=== eps=1e-6 lever=normal path=march test=rev3983_probes::rev3983_warp_mid_arm
test rev3983_probes::rev3983_warp_mid_arm ... WARP alpha=0.000001 X=0.04 kappa=4 per-state mid ~5.00e-9 m: Err ssi: the wall's u = low side lies within the tolerance of the plane, and the wall's certified slope across it does not clear the tolerance band (slope margin 4.7619047619023566e-8 m): the surfaces may be tangent along that edge, and no region is reported there
WARP alpha=0.000001 X=0.04 kappa=2 per-state mid ~1.00e-8 m: Err ssi: the wall's u = low side lies within the tolerance of the plane, and the wall's certified slope across it does not clear the tolerance band (slope margin 3.5593538692724514e-8 m): the surfaces may be tangent along that edge, and no region is reported there
WARP alpha=0.000001 X=0.06 kappa=4 per-state mid ~7.50e-9 m: Err ssi: the wall's u = low side lies within the tolerance of the plane, and the wall's certified slope across it does not clear the tolerance band (slope margin 4.761904761902358e-8 m): the surfaces may be tangent along that edge, and no region is reported there
WARP alpha=0.000002 X=0.03 kappa=4 per-state mid ~7.50e-9 m: Err ssi: the wall's u = low side lies within the tolerance of the plane, and the wall's certified slope across it does not clear the tolerance band (slope margin 5.1470323579552334e-8 m): the surfaces may be tangent along that edge, and no region is reported there
WARP alpha=0.000001 X=0.1 kappa=4 per-state mid ~1.25e-8 m: Err ssi: the wall's u = low side lies within the tolerance of the plane, and the wall's certified slope across it does not clear the tolerance band (slope margin 4.7619047619023605e-8 m): the surfaces may be tangent along that edge, and no region is reported there
ok
=== eps=1e-6 lever=extent path=hermite test=m5_pr7_ssi::a_flat_wall_whose_chart_bends_answers_as_the_plane_it_is
test m5_pr7_ssi::a_flat_wall_whose_chart_bends_answers_as_the_plane_it_is ... SKIPPED (α 1e-6, X 0.04, κ 4 at ε 1e-6): α is inside the band: ssi: the wall's u = low side lies within the tolerance of the plane, and the wall's certified slope across it does not clear the tolerance band (slope margin 4.7619047619023526e-8 m): the surfaces may be tangent along that edge, and no region is reported there
SKIPPED (α 1e-6, X 0.04, κ 2 at ε 1e-6): α is inside the band: ssi: the wall's u = low side lies within the tolerance of the plane, and the wall's certified slope across it does not clear the tolerance band (slope margin 3.55935386927242e-8 m): the surfaces may be tangent along that edge, and no region is reported there
SKIPPED (α 1e-6, X 0.06, κ 4 at ε 1e-6): α is inside the band: ssi: the wall's u = low side lies within the tolerance of the plane, and the wall's certified slope across it does not clear the tolerance band (slope margin 4.761904761902358e-8 m): the surfaces may be tangent along that edge, and no region is reported there
SKIPPED (α 2e-6, X 0.03, κ 4 at ε 1e-6): α is inside the band: ssi: the wall's u = low side lies within the tolerance of the plane, and the wall's certified slope across it does not clear the tolerance band (slope margin 5.1470323579552334e-8 m): the surfaces may be tangent along that edge, and no region is reported there
SKIPPED (α 1e-6, X 0.1, κ 4 at ε 1e-6): α is inside the band: ssi: the wall's u = low side lies within the tolerance of the plane, and the wall's certified slope across it does not clear the tolerance band (slope margin 4.7619047619023585e-8 m): the surfaces may be tangent along that edge, and no region is reported there
ok
=== eps=1e-6 lever=extent path=hermite test=rev3983_probes::rev3983_warp_mid_arm
test rev3983_probes::rev3983_warp_mid_arm ... WARP alpha=0.000001 X=0.04 kappa=4 per-state mid ~5.00e-9 m: Err ssi: the wall's u = low side lies within the tolerance of the plane, and the wall's certified slope across it does not clear the tolerance band (slope margin 4.7619047619023566e-8 m): the surfaces may be tangent along that edge, and no region is reported there
WARP alpha=0.000001 X=0.04 kappa=2 per-state mid ~1.00e-8 m: Err ssi: the wall's u = low side lies within the tolerance of the plane, and the wall's certified slope across it does not clear the tolerance band (slope margin 3.5593538692724514e-8 m): the surfaces may be tangent along that edge, and no region is reported there
WARP alpha=0.000001 X=0.06 kappa=4 per-state mid ~7.50e-9 m: Err ssi: the wall's u = low side lies within the tolerance of the plane, and the wall's certified slope across it does not clear the tolerance band (slope margin 4.761904761902358e-8 m): the surfaces may be tangent along that edge, and no region is reported there
WARP alpha=0.000002 X=0.03 kappa=4 per-state mid ~7.50e-9 m: Err ssi: the wall's u = low side lies within the tolerance of the plane, and the wall's certified slope across it does not clear the tolerance band (slope margin 5.1470323579552334e-8 m): the surfaces may be tangent along that edge, and no region is reported there
WARP alpha=0.000001 X=0.1 kappa=4 per-state mid ~1.25e-8 m: Err ssi: the wall's u = low side lies within the tolerance of the plane, and the wall's certified slope across it does not clear the tolerance band (slope margin 4.7619047619023605e-8 m): the surfaces may be tangent along that edge, and no region is reported there
ok
=== eps=1e-6 lever=extent path=march test=m5_pr7_ssi::a_flat_wall_whose_chart_bends_answers_as_the_plane_it_is
test m5_pr7_ssi::a_flat_wall_whose_chart_bends_answers_as_the_plane_it_is ... SKIPPED (α 1e-6, X 0.04, κ 4 at ε 1e-6): α is inside the band: ssi: the wall's u = low side lies within the tolerance of the plane, and the wall's certified slope across it does not clear the tolerance band (slope margin 4.7619047619023526e-8 m): the surfaces may be tangent along that edge, and no region is reported there
SKIPPED (α 1e-6, X 0.04, κ 2 at ε 1e-6): α is inside the band: ssi: the wall's u = low side lies within the tolerance of the plane, and the wall's certified slope across it does not clear the tolerance band (slope margin 3.55935386927242e-8 m): the surfaces may be tangent along that edge, and no region is reported there
SKIPPED (α 1e-6, X 0.06, κ 4 at ε 1e-6): α is inside the band: ssi: the wall's u = low side lies within the tolerance of the plane, and the wall's certified slope across it does not clear the tolerance band (slope margin 4.761904761902358e-8 m): the surfaces may be tangent along that edge, and no region is reported there
SKIPPED (α 2e-6, X 0.03, κ 4 at ε 1e-6): α is inside the band: ssi: the wall's u = low side lies within the tolerance of the plane, and the wall's certified slope across it does not clear the tolerance band (slope margin 5.1470323579552334e-8 m): the surfaces may be tangent along that edge, and no region is reported there
SKIPPED (α 1e-6, X 0.1, κ 4 at ε 1e-6): α is inside the band: ssi: the wall's u = low side lies within the tolerance of the plane, and the wall's certified slope across it does not clear the tolerance band (slope margin 4.7619047619023585e-8 m): the surfaces may be tangent along that edge, and no region is reported there
ok
=== eps=1e-6 lever=extent path=march test=rev3983_probes::rev3983_warp_mid_arm
test rev3983_probes::rev3983_warp_mid_arm ... WARP alpha=0.000001 X=0.04 kappa=4 per-state mid ~5.00e-9 m: Err ssi: the wall's u = low side lies within the tolerance of the plane, and the wall's certified slope across it does not clear the tolerance band (slope margin 4.7619047619023566e-8 m): the surfaces may be tangent along that edge, and no region is reported there
WARP alpha=0.000001 X=0.04 kappa=2 per-state mid ~1.00e-8 m: Err ssi: the wall's u = low side lies within the tolerance of the plane, and the wall's certified slope across it does not clear the tolerance band (slope margin 3.5593538692724514e-8 m): the surfaces may be tangent along that edge, and no region is reported there
WARP alpha=0.000001 X=0.06 kappa=4 per-state mid ~7.50e-9 m: Err ssi: the wall's u = low side lies within the tolerance of the plane, and the wall's certified slope across it does not clear the tolerance band (slope margin 4.761904761902358e-8 m): the surfaces may be tangent along that edge, and no region is reported there
WARP alpha=0.000002 X=0.03 kappa=4 per-state mid ~7.50e-9 m: Err ssi: the wall's u = low side lies within the tolerance of the plane, and the wall's certified slope across it does not clear the tolerance band (slope margin 5.1470323579552334e-8 m): the surfaces may be tangent along that edge, and no region is reported there
WARP alpha=0.000001 X=0.1 kappa=4 per-state mid ~1.25e-8 m: Err ssi: the wall's u = low side lies within the tolerance of the plane, and the wall's certified slope across it does not clear the tolerance band (slope margin 4.7619047619023605e-8 m): the surfaces may be tangent along that edge, and no region is reported there
ok
=== eps=1e-9 lever=chart path=hermite test=m5_pr7_ssi::a_flat_wall_whose_chart_bends_answers_as_the_plane_it_is
test m5_pr7_ssi::a_flat_wall_whose_chart_bends_answers_as_the_plane_it_is ... ok
=== eps=1e-9 lever=chart path=hermite test=rev3983_probes::rev3983_warp_mid_arm
test rev3983_probes::rev3983_warp_mid_arm ... WARP alpha=0.000001 X=0.04 kappa=4 per-state mid ~5.00e-9 m: Ok 1 ["(-3.725e-11,0.000e0)->(-3.725e-11,5.000e-1) off-line 3.7e-11 tube Chart { rung: 0.0625, pad_u: 0.07440476190472464, pad_v: 0.10528392508267356 }"]
WARP alpha=0.000001 X=0.04 kappa=2 per-state mid ~1.00e-8 m: Ok 1 ["(-7.451e-11,0.000e0)->(-7.451e-11,5.000e-1) off-line 7.5e-11 tube Chart { rung: 0.0625, pad_u: 0.14204545454538345, pad_v: 0.11905301839990994 }"]
WARP alpha=0.000001 X=0.06 kappa=4 per-state mid ~7.50e-9 m: Ok 1 ["(-2.794e-11,0.000e0)->(-2.794e-11,5.000e-1) off-line 2.8e-11 tube Chart { rung: 0.0625, pad_u: 0.04960317460314978, pad_v: 0.09017341512884729 }"]
WARP alpha=0.000002 X=0.03 kappa=4 per-state mid ~7.50e-9 m: Ok 1 ["(-2.794e-11,0.000e0)->(-2.794e-11,5.000e-1) off-line 2.8e-11 tube Chart { rung: 0.03125, pad_u: 0.049603174603075374, pad_v: 0.05634519109174597 }"]
WARP alpha=0.000001 X=0.1 kappa=4 per-state mid ~1.25e-8 m: Ok 1 ["(-1.735e-18,0.000e0)->(2.602e-17,5.000e-1) off-line 2.6e-17 tube Chart { rung: 0.125, pad_u: 0.059523809523779725, pad_v: 0.13249973500074733 }"]
ok
=== eps=1e-9 lever=chart path=march test=m5_pr7_ssi::a_flat_wall_whose_chart_bends_answers_as_the_plane_it_is
test m5_pr7_ssi::a_flat_wall_whose_chart_bends_answers_as_the_plane_it_is ... ok
=== eps=1e-9 lever=chart path=march test=rev3983_probes::rev3983_warp_mid_arm
test rev3983_probes::rev3983_warp_mid_arm ... WARP alpha=0.000001 X=0.04 kappa=4 per-state mid ~5.00e-9 m: Ok 1 ["(-3.725e-11,0.000e0)->(-3.725e-11,5.000e-1) off-line 3.7e-11 tube Chart { rung: 0.0625, pad_u: 0.07440476190472464, pad_v: 0.10528392508267356 }"]
WARP alpha=0.000001 X=0.04 kappa=2 per-state mid ~1.00e-8 m: Ok 1 ["(-7.451e-11,0.000e0)->(-7.451e-11,5.000e-1) off-line 7.5e-11 tube Chart { rung: 0.0625, pad_u: 0.14204545454538345, pad_v: 0.11905301839990994 }"]
WARP alpha=0.000001 X=0.06 kappa=4 per-state mid ~7.50e-9 m: Ok 1 ["(-2.794e-11,0.000e0)->(-2.794e-11,5.000e-1) off-line 2.8e-11 tube Chart { rung: 0.0625, pad_u: 0.04960317460314978, pad_v: 0.09017341512884729 }"]
WARP alpha=0.000002 X=0.03 kappa=4 per-state mid ~7.50e-9 m: Ok 1 ["(-2.794e-11,0.000e0)->(-2.794e-11,5.000e-1) off-line 2.8e-11 tube Chart { rung: 0.03125, pad_u: 0.049603174603075374, pad_v: 0.05634519109174597 }"]
WARP alpha=0.000001 X=0.1 kappa=4 per-state mid ~1.25e-8 m: Ok 1 ["(-1.735e-18,0.000e0)->(2.602e-17,5.000e-1) off-line 2.6e-17 tube Chart { rung: 0.125, pad_u: 0.059523809523779725, pad_v: 0.13249973500074733 }"]
ok
=== eps=1e-9 lever=normal path=hermite test=m5_pr7_ssi::a_flat_wall_whose_chart_bends_answers_as_the_plane_it_is
test m5_pr7_ssi::a_flat_wall_whose_chart_bends_answers_as_the_plane_it_is ... ok
=== eps=1e-9 lever=normal path=hermite test=rev3983_probes::rev3983_warp_mid_arm
test rev3983_probes::rev3983_warp_mid_arm ... WARP alpha=0.000001 X=0.04 kappa=4 per-state mid ~5.00e-9 m: Ok 1 ["(-3.725e-11,0.000e0)->(-3.725e-11,5.000e-1) off-line 3.7e-11 tube Chart { rung: 0.0625, pad_u: 0.07440476190472464, pad_v: 0.10528392508267356 }"]
WARP alpha=0.000001 X=0.04 kappa=2 per-state mid ~1.00e-8 m: Ok 1 ["(-7.451e-11,0.000e0)->(-7.451e-11,5.000e-1) off-line 7.5e-11 tube Chart { rung: 0.0625, pad_u: 0.14204545454538345, pad_v: 0.11905301839990994 }"]
WARP alpha=0.000001 X=0.06 kappa=4 per-state mid ~7.50e-9 m: Ok 1 ["(-2.794e-11,0.000e0)->(-2.794e-11,5.000e-1) off-line 2.8e-11 tube Chart { rung: 0.0625, pad_u: 0.04960317460314978, pad_v: 0.09017341512884729 }"]
WARP alpha=0.000002 X=0.03 kappa=4 per-state mid ~7.50e-9 m: Ok 1 ["(-2.794e-11,0.000e0)->(-2.794e-11,5.000e-1) off-line 2.8e-11 tube Chart { rung: 0.03125, pad_u: 0.049603174603075374, pad_v: 0.05634519109174597 }"]
WARP alpha=0.000001 X=0.1 kappa=4 per-state mid ~1.25e-8 m: Ok 1 ["(-1.735e-18,0.000e0)->(2.602e-17,5.000e-1) off-line 2.6e-17 tube Chart { rung: 0.125, pad_u: 0.059523809523779725, pad_v: 0.13249973500074733 }"]
ok
=== eps=1e-9 lever=normal path=march test=m5_pr7_ssi::a_flat_wall_whose_chart_bends_answers_as_the_plane_it_is
test m5_pr7_ssi::a_flat_wall_whose_chart_bends_answers_as_the_plane_it_is ... ok
=== eps=1e-9 lever=normal path=march test=rev3983_probes::rev3983_warp_mid_arm
test rev3983_probes::rev3983_warp_mid_arm ... WARP alpha=0.000001 X=0.04 kappa=4 per-state mid ~5.00e-9 m: Ok 1 ["(-3.725e-11,0.000e0)->(-3.725e-11,5.000e-1) off-line 3.7e-11 tube Chart { rung: 0.0625, pad_u: 0.07440476190472464, pad_v: 0.10528392508267356 }"]
WARP alpha=0.000001 X=0.04 kappa=2 per-state mid ~1.00e-8 m: Ok 1 ["(-7.451e-11,0.000e0)->(-7.451e-11,5.000e-1) off-line 7.5e-11 tube Chart { rung: 0.0625, pad_u: 0.14204545454538345, pad_v: 0.11905301839990994 }"]
WARP alpha=0.000001 X=0.06 kappa=4 per-state mid ~7.50e-9 m: Ok 1 ["(-2.794e-11,0.000e0)->(-2.794e-11,5.000e-1) off-line 2.8e-11 tube Chart { rung: 0.0625, pad_u: 0.04960317460314978, pad_v: 0.09017341512884729 }"]
WARP alpha=0.000002 X=0.03 kappa=4 per-state mid ~7.50e-9 m: Ok 1 ["(-2.794e-11,0.000e0)->(-2.794e-11,5.000e-1) off-line 2.8e-11 tube Chart { rung: 0.03125, pad_u: 0.049603174603075374, pad_v: 0.05634519109174597 }"]
WARP alpha=0.000001 X=0.1 kappa=4 per-state mid ~1.25e-8 m: Ok 1 ["(-1.735e-18,0.000e0)->(2.602e-17,5.000e-1) off-line 2.6e-17 tube Chart { rung: 0.125, pad_u: 0.059523809523779725, pad_v: 0.13249973500074733 }"]
ok
=== eps=1e-9 lever=extent path=hermite test=m5_pr7_ssi::a_flat_wall_whose_chart_bends_answers_as_the_plane_it_is
test m5_pr7_ssi::a_flat_wall_whose_chart_bends_answers_as_the_plane_it_is ... ok
=== eps=1e-9 lever=extent path=hermite test=rev3983_probes::rev3983_warp_mid_arm
test rev3983_probes::rev3983_warp_mid_arm ... WARP alpha=0.000001 X=0.04 kappa=4 per-state mid ~5.00e-9 m: Ok 1 ["(-3.725e-11,0.000e0)->(-3.725e-11,5.000e-1) off-line 3.7e-11 tube Chart { rung: 0.0625, pad_u: 0.07440476190472464, pad_v: 0.10528392508267356 }"]
WARP alpha=0.000001 X=0.04 kappa=2 per-state mid ~1.00e-8 m: Ok 1 ["(-7.451e-11,0.000e0)->(-7.451e-11,5.000e-1) off-line 7.5e-11 tube Chart { rung: 0.0625, pad_u: 0.14204545454538345, pad_v: 0.11905301839990994 }"]
WARP alpha=0.000001 X=0.06 kappa=4 per-state mid ~7.50e-9 m: Ok 1 ["(-2.794e-11,0.000e0)->(-2.794e-11,5.000e-1) off-line 2.8e-11 tube Chart { rung: 0.0625, pad_u: 0.04960317460314978, pad_v: 0.09017341512884729 }"]
WARP alpha=0.000002 X=0.03 kappa=4 per-state mid ~7.50e-9 m: Ok 1 ["(-2.794e-11,0.000e0)->(-2.794e-11,5.000e-1) off-line 2.8e-11 tube Chart { rung: 0.03125, pad_u: 0.049603174603075374, pad_v: 0.05634519109174597 }"]
WARP alpha=0.000001 X=0.1 kappa=4 per-state mid ~1.25e-8 m: Ok 1 ["(-1.735e-18,0.000e0)->(2.602e-17,5.000e-1) off-line 2.6e-17 tube Chart { rung: 0.125, pad_u: 0.059523809523779725, pad_v: 0.13249973500074733 }"]
ok
=== eps=1e-9 lever=extent path=march test=m5_pr7_ssi::a_flat_wall_whose_chart_bends_answers_as_the_plane_it_is
test m5_pr7_ssi::a_flat_wall_whose_chart_bends_answers_as_the_plane_it_is ... ok
=== eps=1e-9 lever=extent path=march test=rev3983_probes::rev3983_warp_mid_arm
test rev3983_probes::rev3983_warp_mid_arm ... WARP alpha=0.000001 X=0.04 kappa=4 per-state mid ~5.00e-9 m: Ok 1 ["(-3.725e-11,0.000e0)->(-3.725e-11,5.000e-1) off-line 3.7e-11 tube Chart { rung: 0.0625, pad_u: 0.07440476190472464, pad_v: 0.10528392508267356 }"]
WARP alpha=0.000001 X=0.04 kappa=2 per-state mid ~1.00e-8 m: Ok 1 ["(-7.451e-11,0.000e0)->(-7.451e-11,5.000e-1) off-line 7.5e-11 tube Chart { rung: 0.0625, pad_u: 0.14204545454538345, pad_v: 0.11905301839990994 }"]
WARP alpha=0.000001 X=0.06 kappa=4 per-state mid ~7.50e-9 m: Ok 1 ["(-2.794e-11,0.000e0)->(-2.794e-11,5.000e-1) off-line 2.8e-11 tube Chart { rung: 0.0625, pad_u: 0.04960317460314978, pad_v: 0.09017341512884729 }"]
WARP alpha=0.000002 X=0.03 kappa=4 per-state mid ~7.50e-9 m: Ok 1 ["(-2.794e-11,0.000e0)->(-2.794e-11,5.000e-1) off-line 2.8e-11 tube Chart { rung: 0.03125, pad_u: 0.049603174603075374, pad_v: 0.05634519109174597 }"]
WARP alpha=0.000001 X=0.1 kappa=4 per-state mid ~1.25e-8 m: Ok 1 ["(-1.735e-18,0.000e0)->(2.602e-17,5.000e-1) off-line 2.6e-17 tube Chart { rung: 0.125, pad_u: 0.059523809523779725, pad_v: 0.13249973500074733 }"]
ok
=== eps=1e-12 lever=chart path=hermite test=m5_pr7_ssi::a_flat_wall_whose_chart_bends_answers_as_the_plane_it_is
test m5_pr7_ssi::a_flat_wall_whose_chart_bends_answers_as_the_plane_it_is ... ok
=== eps=1e-12 lever=chart path=hermite test=rev3983_probes::rev3983_warp_mid_arm
test rev3983_probes::rev3983_warp_mid_arm ... WARP alpha=0.000001 X=0.04 kappa=4 per-state mid ~5.00e-9 m: Ok 1 ["(-3.638e-14,0.000e0)->(-3.638e-14,5.000e-1) off-line 3.6e-14 tube Chart { rung: 0.0625, pad_u: 0.07440476190472464, pad_v: 0.10528392508267356 }"]
WARP alpha=0.000001 X=0.04 kappa=2 per-state mid ~1.00e-8 m: Ok 1 ["(-7.276e-14,0.000e0)->(-7.276e-14,5.000e-1) off-line 7.3e-14 tube Chart { rung: 0.0625, pad_u: 0.14204545454538345, pad_v: 0.11905301839990994 }"]
WARP alpha=0.000001 X=0.06 kappa=4 per-state mid ~7.50e-9 m: Ok 1 ["(-2.729e-14,0.000e0)->(-2.728e-14,5.000e-1) off-line 2.7e-14 tube Chart { rung: 0.0625, pad_u: 0.04960317460314978, pad_v: 0.09017341512884729 }"]
WARP alpha=0.000002 X=0.03 kappa=4 per-state mid ~7.50e-9 m: Ok 1 ["(-2.729e-14,0.000e0)->(-2.728e-14,5.000e-1) off-line 2.7e-14 tube Chart { rung: 0.03125, pad_u: 0.049603174603075374, pad_v: 0.05634519109174597 }"]
WARP alpha=0.000001 X=0.1 kappa=4 per-state mid ~1.25e-8 m: Ok 1 ["(-1.735e-18,0.000e0)->(2.602e-17,5.000e-1) off-line 2.6e-17 tube Chart { rung: 0.125, pad_u: 0.059523809523779725, pad_v: 0.13249973500074733 }"]
ok
=== eps=1e-12 lever=chart path=march test=m5_pr7_ssi::a_flat_wall_whose_chart_bends_answers_as_the_plane_it_is
test m5_pr7_ssi::a_flat_wall_whose_chart_bends_answers_as_the_plane_it_is ... ok
=== eps=1e-12 lever=chart path=march test=rev3983_probes::rev3983_warp_mid_arm
test rev3983_probes::rev3983_warp_mid_arm ... WARP alpha=0.000001 X=0.04 kappa=4 per-state mid ~5.00e-9 m: Ok 1 ["(-3.638e-14,0.000e0)->(-3.638e-14,5.000e-1) off-line 3.6e-14 tube Chart { rung: 0.0625, pad_u: 0.07440476190472464, pad_v: 0.10528392508267356 }"]
WARP alpha=0.000001 X=0.04 kappa=2 per-state mid ~1.00e-8 m: Ok 1 ["(-7.276e-14,0.000e0)->(-7.276e-14,5.000e-1) off-line 7.3e-14 tube Chart { rung: 0.0625, pad_u: 0.14204545454538345, pad_v: 0.11905301839990994 }"]
WARP alpha=0.000001 X=0.06 kappa=4 per-state mid ~7.50e-9 m: Ok 1 ["(-2.729e-14,0.000e0)->(-2.728e-14,5.000e-1) off-line 2.7e-14 tube Chart { rung: 0.0625, pad_u: 0.04960317460314978, pad_v: 0.09017341512884729 }"]
WARP alpha=0.000002 X=0.03 kappa=4 per-state mid ~7.50e-9 m: Ok 1 ["(-2.729e-14,0.000e0)->(-2.728e-14,5.000e-1) off-line 2.7e-14 tube Chart { rung: 0.03125, pad_u: 0.049603174603075374, pad_v: 0.05634519109174597 }"]
WARP alpha=0.000001 X=0.1 kappa=4 per-state mid ~1.25e-8 m: Ok 1 ["(-1.735e-18,0.000e0)->(2.602e-17,5.000e-1) off-line 2.6e-17 tube Chart { rung: 0.125, pad_u: 0.059523809523779725, pad_v: 0.13249973500074733 }"]
ok
=== eps=1e-12 lever=normal path=hermite test=m5_pr7_ssi::a_flat_wall_whose_chart_bends_answers_as_the_plane_it_is
test m5_pr7_ssi::a_flat_wall_whose_chart_bends_answers_as_the_plane_it_is ... ok
=== eps=1e-12 lever=normal path=hermite test=rev3983_probes::rev3983_warp_mid_arm
test rev3983_probes::rev3983_warp_mid_arm ... WARP alpha=0.000001 X=0.04 kappa=4 per-state mid ~5.00e-9 m: Ok 1 ["(-3.638e-14,0.000e0)->(-3.638e-14,5.000e-1) off-line 3.6e-14 tube Chart { rung: 0.0625, pad_u: 0.07440476190472464, pad_v: 0.10528392508267356 }"]
WARP alpha=0.000001 X=0.04 kappa=2 per-state mid ~1.00e-8 m: Ok 1 ["(-7.276e-14,0.000e0)->(-7.276e-14,5.000e-1) off-line 7.3e-14 tube Chart { rung: 0.0625, pad_u: 0.14204545454538345, pad_v: 0.11905301839990994 }"]
WARP alpha=0.000001 X=0.06 kappa=4 per-state mid ~7.50e-9 m: Ok 1 ["(-2.729e-14,0.000e0)->(-2.728e-14,5.000e-1) off-line 2.7e-14 tube Chart { rung: 0.0625, pad_u: 0.04960317460314978, pad_v: 0.09017341512884729 }"]
WARP alpha=0.000002 X=0.03 kappa=4 per-state mid ~7.50e-9 m: Ok 1 ["(-2.729e-14,0.000e0)->(-2.728e-14,5.000e-1) off-line 2.7e-14 tube Chart { rung: 0.03125, pad_u: 0.049603174603075374, pad_v: 0.05634519109174597 }"]
WARP alpha=0.000001 X=0.1 kappa=4 per-state mid ~1.25e-8 m: Ok 1 ["(-1.735e-18,0.000e0)->(2.602e-17,5.000e-1) off-line 2.6e-17 tube Chart { rung: 0.125, pad_u: 0.059523809523779725, pad_v: 0.13249973500074733 }"]
ok
=== eps=1e-12 lever=normal path=march test=m5_pr7_ssi::a_flat_wall_whose_chart_bends_answers_as_the_plane_it_is
test m5_pr7_ssi::a_flat_wall_whose_chart_bends_answers_as_the_plane_it_is ... ok
=== eps=1e-12 lever=normal path=march test=rev3983_probes::rev3983_warp_mid_arm
test rev3983_probes::rev3983_warp_mid_arm ... WARP alpha=0.000001 X=0.04 kappa=4 per-state mid ~5.00e-9 m: Ok 1 ["(-3.638e-14,0.000e0)->(-3.638e-14,5.000e-1) off-line 3.6e-14 tube Chart { rung: 0.0625, pad_u: 0.07440476190472464, pad_v: 0.10528392508267356 }"]
WARP alpha=0.000001 X=0.04 kappa=2 per-state mid ~1.00e-8 m: Ok 1 ["(-7.276e-14,0.000e0)->(-7.276e-14,5.000e-1) off-line 7.3e-14 tube Chart { rung: 0.0625, pad_u: 0.14204545454538345, pad_v: 0.11905301839990994 }"]
WARP alpha=0.000001 X=0.06 kappa=4 per-state mid ~7.50e-9 m: Ok 1 ["(-2.729e-14,0.000e0)->(-2.728e-14,5.000e-1) off-line 2.7e-14 tube Chart { rung: 0.0625, pad_u: 0.04960317460314978, pad_v: 0.09017341512884729 }"]
WARP alpha=0.000002 X=0.03 kappa=4 per-state mid ~7.50e-9 m: Ok 1 ["(-2.729e-14,0.000e0)->(-2.728e-14,5.000e-1) off-line 2.7e-14 tube Chart { rung: 0.03125, pad_u: 0.049603174603075374, pad_v: 0.05634519109174597 }"]
WARP alpha=0.000001 X=0.1 kappa=4 per-state mid ~1.25e-8 m: Ok 1 ["(-1.735e-18,0.000e0)->(2.602e-17,5.000e-1) off-line 2.6e-17 tube Chart { rung: 0.125, pad_u: 0.059523809523779725, pad_v: 0.13249973500074733 }"]
ok
=== eps=1e-12 lever=extent path=hermite test=m5_pr7_ssi::a_flat_wall_whose_chart_bends_answers_as_the_plane_it_is
test m5_pr7_ssi::a_flat_wall_whose_chart_bends_answers_as_the_plane_it_is ... ok
=== eps=1e-12 lever=extent path=hermite test=rev3983_probes::rev3983_warp_mid_arm
test rev3983_probes::rev3983_warp_mid_arm ... WARP alpha=0.000001 X=0.04 kappa=4 per-state mid ~5.00e-9 m: Ok 1 ["(-3.638e-14,0.000e0)->(-3.638e-14,5.000e-1) off-line 3.6e-14 tube Chart { rung: 0.0625, pad_u: 0.07440476190472464, pad_v: 0.10528392508267356 }"]
WARP alpha=0.000001 X=0.04 kappa=2 per-state mid ~1.00e-8 m: Ok 1 ["(-7.276e-14,0.000e0)->(-7.276e-14,5.000e-1) off-line 7.3e-14 tube Chart { rung: 0.0625, pad_u: 0.14204545454538345, pad_v: 0.11905301839990994 }"]
WARP alpha=0.000001 X=0.06 kappa=4 per-state mid ~7.50e-9 m: Ok 1 ["(-2.729e-14,0.000e0)->(-2.728e-14,5.000e-1) off-line 2.7e-14 tube Chart { rung: 0.0625, pad_u: 0.04960317460314978, pad_v: 0.09017341512884729 }"]
WARP alpha=0.000002 X=0.03 kappa=4 per-state mid ~7.50e-9 m: Ok 1 ["(-2.729e-14,0.000e0)->(-2.728e-14,5.000e-1) off-line 2.7e-14 tube Chart { rung: 0.03125, pad_u: 0.049603174603075374, pad_v: 0.05634519109174597 }"]
WARP alpha=0.000001 X=0.1 kappa=4 per-state mid ~1.25e-8 m: Ok 1 ["(-1.735e-18,0.000e0)->(2.602e-17,5.000e-1) off-line 2.6e-17 tube Chart { rung: 0.125, pad_u: 0.059523809523779725, pad_v: 0.13249973500074733 }"]
ok
=== eps=1e-12 lever=extent path=march test=m5_pr7_ssi::a_flat_wall_whose_chart_bends_answers_as_the_plane_it_is
test m5_pr7_ssi::a_flat_wall_whose_chart_bends_answers_as_the_plane_it_is ... ok
=== eps=1e-12 lever=extent path=march test=rev3983_probes::rev3983_warp_mid_arm
test rev3983_probes::rev3983_warp_mid_arm ... WARP alpha=0.000001 X=0.04 kappa=4 per-state mid ~5.00e-9 m: Ok 1 ["(-3.638e-14,0.000e0)->(-3.638e-14,5.000e-1) off-line 3.6e-14 tube Chart { rung: 0.0625, pad_u: 0.07440476190472464, pad_v: 0.10528392508267356 }"]
WARP alpha=0.000001 X=0.04 kappa=2 per-state mid ~1.00e-8 m: Ok 1 ["(-7.276e-14,0.000e0)->(-7.276e-14,5.000e-1) off-line 7.3e-14 tube Chart { rung: 0.0625, pad_u: 0.14204545454538345, pad_v: 0.11905301839990994 }"]
WARP alpha=0.000001 X=0.06 kappa=4 per-state mid ~7.50e-9 m: Ok 1 ["(-2.729e-14,0.000e0)->(-2.728e-14,5.000e-1) off-line 2.7e-14 tube Chart { rung: 0.0625, pad_u: 0.04960317460314978, pad_v: 0.09017341512884729 }"]
WARP alpha=0.000002 X=0.03 kappa=4 per-state mid ~7.50e-9 m: Ok 1 ["(-2.729e-14,0.000e0)->(-2.728e-14,5.000e-1) off-line 2.7e-14 tube Chart { rung: 0.03125, pad_u: 0.049603174603075374, pad_v: 0.05634519109174597 }"]
WARP alpha=0.000001 X=0.1 kappa=4 per-state mid ~1.25e-8 m: Ok 1 ["(-1.735e-18,0.000e0)->(2.602e-17,5.000e-1) off-line 2.6e-17 tube Chart { rung: 0.125, pad_u: 0.059523809523779725, pad_v: 0.13249973500074733 }"]
ok
DONE
