   Compiling mesh v0.0.0 (~/.local/share/cad-work/tess-nurbs-diag/cad/crates/mesh)
    Finished `test` profile [unoptimized + debuginfo] target(s) in 10.28s
     Running unittests src/lib.rs (~/.local/share/cad-work/tess-nurbs-diag-target/debug/deps/mesh-b87dc5e4d0cb25d0)

running 1 test
TRIAL 0: pu=3 pv=2 red=false ratios=(0.311044,0.033035,0.022105)
TRIAL 1: pu=3 pv=1 red=false ratios=(0.014778,0.050376,0.579799)
TRIAL 2: pu=1 pv=3 red=false ratios=(0.673936,0.108626,0.018065)
TRIAL 3: pu=3 pv=2 red=false ratios=(0.308994,0.044056,0.051393)
TRIAL 4: pu=1 pv=2 red=false ratios=(0.561517,0.175435,0.063935)
TRIAL 5: refused
TRIAL 6: refused
TRIAL 7: pu=3 pv=3 red=false ratios=(0.884842,0.232251,0.107784)
TRIAL 8: pu=1 pv=1 red=true ratios=(1.000000,1.000000,0.983108)
==== RED trial 8 seed=0xdae51dbd4e1b79fd
DUMP orig pu=1 pv=1 nu=2 nv=2
DUMP orig knots_u [0.0, 0.0, 1.0, 1.0]
DUMP orig knots_v [0.0, 0.0, 1.0, 1.0]
DUMP orig knots_u_hex 0000000000000000,0000000000000000,3ff0000000000000,3ff0000000000000
DUMP orig knots_v_hex 0000000000000000,0000000000000000,3ff0000000000000,3ff0000000000000
DUMP orig weights_hex 3f851d67062533ec,3f85e951aad106d4,3f8bae9fb9213c25,3f89570fcf39bbfe
DUMP orig control_hex bfd45c5ea128e388,bfe353dc5381e28c,3feee4c74f58da14,3ffadea53eea524a,bffe1bfee0da6176,bfb57ac6093c8d60,3ff2421785e09da0,bff7ec6adc243a5c,bffd007c723fc4a6,bfd9ac7d34a077d8,3ff220925d90b010,bfc50c20054b4c20
DUMP orig cp[0] = (-0.3181377958131226,-0.6039868956568895,0.9654270696399316) w=0.0103099869490055
DUMP orig cp[1] = (1.6793568093900313,-1.8818348677942516,-0.08390462613583827) w=0.010698926949888422
DUMP orig cp[2] = (1.141135714491476,-1.495219097068591,-1.8126186812262772) w=0.013516662442411296
DUMP orig cp[3] = (-0.40115289820994127,1.1329520850076769,-0.16443252810003717) w=0.012373088370820181
REPORT orig: rational=true
REPORT orig: sampled (2.66033199807363996e0, 7.95309135609567530e0, 6.99588379285154049e-1)
REPORT orig: bound   (2.66033199807363907e0, 7.95309135609592488e0, 7.11608843544034975e-1)
REPORT orig: uu sampled-bound=8.881784197001252e-16 rel=3.3385999203981313e-16 RED
REPORT orig: uv sampled-bound=-2.495781359357352e-13 rel=-3.138127361562838e-14 ok
REPORT orig: vv sampled-bound=-1.2020464258880925e-2 rel=-1.689195457298598e-2 ok
HEX orig bound 4005485c2481d434,401fcff72e322110,3fe6c57fe8d21cc3
REPORT orig: ncells=256
REPORT orig: argmax uu norm=2.66033199807363996e0 at grid(i=0,j=0) u=0.0 v=0.0 vec=(-1.1900766780866798,0.7268237586513354,2.2655708031550468)
HEX orig argmax uu u=0000000000000000 v=0000000000000000 vec=bff30a8dd7c1d571,3fe74223e62ba003,40021fe395d29648
REPORT orig:   containing cell#0 u=[0.0,0.0625] v=[0.0,0.0625] cell-bound=2.66033199807363907e0 (global-cellbound=0e0)
REPORT orig:     ch0 enc=[-1.19007667808667805e0,-9.18840554426051614e-1] sampled=-1.19007667808667983e0 inside=false (lo-gap=-1.7763568394002505e-15, hi-gap=2.712361236606282e-1)
HEX orig cell0 uu ch0 bff30a8dd7c1d569 bfed67244e6ff2e4
REPORT orig:     ch1 enc=[4.86580470709137014e-1,7.26823758651335305e-1] sampled=7.26823758651335416e-1 inside=false (lo-gap=2.402432879421984e-1, hi-gap=-1.1102230246251565e-16)
HEX orig cell0 uu ch1 3fdf24226a245a98 3fe74223e62ba002
REPORT orig:     ch2 enc=[1.93643531259676704e0,2.26557080315504544e0] sampled=2.26557080315504678e0 inside=false (lo-gap=3.2913549055827973e-1, hi-gap=-1.3322676295501878e-15)
HEX orig cell0 uu ch2 3ffefba39826c32e 40021fe395d29645
REPORT orig:   global uu bound attained by cell#0 u=[0.0,0.0625] v=[0.0,0.0625] = 2.66033199807363907e0
REPORT orig: argmax uv norm=7.95309135609567530e0 at grid(i=0,j=0) u=0.0 v=0.0 vec=(-4.802504949267321,5.035511786094217,3.8511335192087097)
HEX orig argmax uv u=0000000000000000 v=0000000000000000 vec=c01335c3db7fecd5,4014245d339f96be,400ecf1f172c3f12
REPORT orig:   containing cell#0 u=[0.0,0.0625] v=[0.0,0.0625] cell-bound=7.95309135609592488e0 (global-cellbound=0e0)
REPORT orig:     ch0 enc=[-4.80250494926741123e0,-4.53448300585728159e0] sampled=-4.80250494926732063e0 inside=true (lo-gap=9.059419880941277e-14, hi-gap=2.6802194341003904e-1)
HEX orig cell0 uv ch0 c01335c3db7fed3b c012234f8359b2ff
REPORT orig:     ch1 enc=[4.78670227405733595e0,5.03551178609432970e0] sampled=5.03551178609421690e0 inside=true (lo-gap=2.4880951203688095e-1, hi-gap=1.127986593019159e-13)
HEX orig cell0 uv ch1 4013259547eb0f73 4014245d339f973d
REPORT orig:     ch2 enc=[3.60729797742345148e0,3.85113351920895930e0] sampled=3.85113351920870972e0 inside=true (lo-gap=2.4383554178525824e-1, hi-gap=2.495781359357352e-13)
HEX orig cell0 uv ch2 400cdbbf0abfaf74 400ecf1f172c4144
REPORT orig:   global uv bound attained by cell#0 u=[0.0,0.0625] v=[0.0,0.0625] = 7.95309135609592488e0
REPORT orig: argmax vv norm=6.99588379285154049e-1 at grid(i=60,j=60) u=1.0 v=1.0 vec=(-0.31143913629182557,0.530714780769351,0.332823355985679)
HEX orig argmax vv u=3ff0000000000000 v=3ff0000000000000 vec=bfd3ee9e6a44581b,3fe0fb9d905d0fbf,3fd54cfa55536bd8
REPORT orig:   containing cell#255 u=[0.9375,1.0] v=[0.9375,1.0] cell-bound=7.11608843544034975e-1 (global-cellbound=0e0)
REPORT orig:     ch0 enc=[-3.16774189827382258e-1,-2.43318182635050645e-1] sampled=-3.11439136291825569e-1 inside=true (lo-gap=5.335053535556689e-3, hi-gap=6.812095365677492e-2)
HEX orig cell255 vv ch0 bfd446074061a1d6 bfcf250cda784803
REPORT orig:     ch1 enc=[4.33664086361093382e-1,5.39806097298249576e-1] sampled=5.30714780769350969e-1 inside=true (lo-gap=9.705069440825759e-2, hi-gap=9.091316528898608e-3)
HEX orig cell255 vv ch1 3fdbc1270317b82b 3fe146176fc279dd
REPORT orig:     ch2 enc=[2.71825706728380356e-1,3.38600998505492579e-1] sampled=3.32823355985679026e-1 inside=true (lo-gap=6.099764925729867e-2, hi-gap=5.777642519813553e-3)
HEX orig cell255 vv ch2 3fd16597a627121e 3fd5aba385be5699
REPORT orig:   global vv bound attained by cell#255 u=[0.9375,1.0] v=[0.9375,1.0] = 7.11608843544034975e-1
REPORT transposed: rational=true
REPORT transposed: sampled (6.99588379285154049e-1, 7.95309135609567530e0, 2.66033199807363996e0)
REPORT transposed: bound   (7.11608843544034975e-1, 7.95309135609590800e0, 2.66033199807363907e0)
REPORT transposed: uu sampled-bound=-1.2020464258880925e-2 rel=-1.689195457298598e-2 ok
REPORT transposed: uv sampled-bound=-2.327027459614328e-13 rel=-2.9259408139838627e-14 ok
REPORT transposed: vv sampled-bound=8.881784197001252e-16 rel=3.3385999203981313e-16 RED
HEX transposed bound 3fe6c57fe8d21cc3,401fcff72e3220fd,4005485c2481d434
REPORT transposed: ncells=256
REPORT transposed: argmax uu norm=6.99588379285154049e-1 at grid(i=60,j=60) u=1.0 v=1.0 vec=(-0.31143913629182557,0.530714780769351,0.332823355985679)
HEX transposed argmax uu u=3ff0000000000000 v=3ff0000000000000 vec=bfd3ee9e6a44581b,3fe0fb9d905d0fbf,3fd54cfa55536bd8
REPORT transposed:   containing cell#255 u=[0.9375,1.0] v=[0.9375,1.0] cell-bound=7.11608843544034975e-1 (global-cellbound=0e0)
REPORT transposed:     ch0 enc=[-3.16774189827382258e-1,-2.43318182635050645e-1] sampled=-3.11439136291825569e-1 inside=true (lo-gap=5.335053535556689e-3, hi-gap=6.812095365677492e-2)
HEX transposed cell255 uu ch0 bfd446074061a1d6 bfcf250cda784803
REPORT transposed:     ch1 enc=[4.33664086361093382e-1,5.39806097298249576e-1] sampled=5.30714780769350969e-1 inside=true (lo-gap=9.705069440825759e-2, hi-gap=9.091316528898608e-3)
HEX transposed cell255 uu ch1 3fdbc1270317b82b 3fe146176fc279dd
REPORT transposed:     ch2 enc=[2.71825706728380356e-1,3.38600998505492579e-1] sampled=3.32823355985679026e-1 inside=true (lo-gap=6.099764925729867e-2, hi-gap=5.777642519813553e-3)
HEX transposed cell255 uu ch2 3fd16597a627121e 3fd5aba385be5699
REPORT transposed:   global uu bound attained by cell#255 u=[0.9375,1.0] v=[0.9375,1.0] = 7.11608843544034975e-1
REPORT transposed: argmax uv norm=7.95309135609567530e0 at grid(i=0,j=0) u=0.0 v=0.0 vec=(-4.802504949267321,5.035511786094217,3.8511335192087097)
HEX transposed argmax uv u=0000000000000000 v=0000000000000000 vec=c01335c3db7fecd5,4014245d339f96be,400ecf1f172c3f12
REPORT transposed:   containing cell#0 u=[0.0,0.0625] v=[0.0,0.0625] cell-bound=7.95309135609590800e0 (global-cellbound=0e0)
REPORT transposed:     ch0 enc=[-4.80250494926740323e0,-4.53448300585728870e0] sampled=-4.80250494926732063e0 inside=true (lo-gap=8.260059303211165e-14, hi-gap=2.6802194341003194e-1)
HEX transposed cell0 uv ch0 c01335c3db7fed32 c012234f8359b307
REPORT transposed:     ch1 enc=[4.78670227405735993e0,5.03551178609434746e0] sampled=5.03551178609421690e0 inside=true (lo-gap=2.4880951203685697e-1, hi-gap=1.305622276959184e-13)
HEX transposed cell0 uv ch1 4013259547eb0f8e 4014245d339f9751
REPORT transposed:     ch2 enc=[3.60729797742354030e0,3.85113351920891089e0] sampled=3.85113351920870972e0 inside=true (lo-gap=2.4383554178516942e-1, hi-gap=2.0117241206207837e-13)
HEX transposed cell0 uv ch2 400cdbbf0abfb03c 400ecf1f172c40d7
REPORT transposed:   global uv bound attained by cell#0 u=[0.0,0.0625] v=[0.0,0.0625] = 7.95309135609590800e0
REPORT transposed: argmax vv norm=2.66033199807363996e0 at grid(i=0,j=0) u=0.0 v=0.0 vec=(-1.1900766780866798,0.7268237586513354,2.2655708031550468)
HEX transposed argmax vv u=0000000000000000 v=0000000000000000 vec=bff30a8dd7c1d571,3fe74223e62ba003,40021fe395d29648
REPORT transposed:   containing cell#0 u=[0.0,0.0625] v=[0.0,0.0625] cell-bound=2.66033199807363907e0 (global-cellbound=0e0)
REPORT transposed:     ch0 enc=[-1.19007667808667805e0,-9.18840554426051614e-1] sampled=-1.19007667808667983e0 inside=false (lo-gap=-1.7763568394002505e-15, hi-gap=2.712361236606282e-1)
HEX transposed cell0 vv ch0 bff30a8dd7c1d569 bfed67244e6ff2e4
REPORT transposed:     ch1 enc=[4.86580470709136348e-1,7.26823758651335305e-1] sampled=7.26823758651335416e-1 inside=false (lo-gap=2.4024328794219907e-1, hi-gap=-1.1102230246251565e-16)
HEX transposed cell0 vv ch1 3fdf24226a245a8c 3fe74223e62ba002
REPORT transposed:     ch2 enc=[1.93643531259676682e0,2.26557080315504544e0] sampled=2.26557080315504678e0 inside=false (lo-gap=3.2913549055827995e-1, hi-gap=-1.3322676295501878e-15)
HEX transposed cell0 vv ch2 3ffefba39826c32d 40021fe395d29645
REPORT transposed:   global vv bound attained by cell#0 u=[0.0,0.0625] v=[0.0,0.0625] = 2.66033199807363907e0
REPORT unitw: rational=false
REPORT unitw: sampled (3.30995632905551076e-16, 5.92145703420936265e0, 0.00000000000000000e0)
REPORT unitw: bound   (3.84993108707641654e-162, 5.92145703420937064e0, 3.84993108707641654e-162)
REPORT unitw: uu sampled-bound=3.309956329055511e-16 rel=8.597443055971802e145 RED
REPORT unitw: uv sampled-bound=-7.993605777301127e-15 rel=-1.3499389983108149e-15 ok
REPORT unitw: vv sampled-bound=-3.8499310870764165e-162 rel=-1e0 ok
HEX unitw bound 1e6bb67ae8584cab,4017af926eca64c3,1e6bb67ae8584cab
REPORT unitw: ncells=1
REPORT unitw: argmax uu norm=3.30995632905551076e-16 at grid(i=2,j=1) u=0.03333333333333333 v=0.016666666666666666 vec=(1.457456159238205e-16,-8.598662221569269e-17,-2.844690233425571e-16)
HEX unitw argmax uu u=3fa1111111111111 v=3f91111111111111 vec=3ca501106c5f3401,bc98c8b15ef3b636,bcb47f86fb330a2b
REPORT unitw:   containing cell#0 u=[0.0,1.0] v=[0.0,1.0] cell-bound=3.84993108707641654e-162 (global-cellbound=0e0)
REPORT unitw:     ch0 enc=[0.00000000000000000e0,0.00000000000000000e0] sampled=1.45745615923820489e-16 inside=false (lo-gap=1.457456159238205e-16, hi-gap=-1.457456159238205e-16)
HEX unitw cell0 uu ch0 0000000000000000 0000000000000000
REPORT unitw:     ch1 enc=[0.00000000000000000e0,0.00000000000000000e0] sampled=-8.59866222156926904e-17 inside=false (lo-gap=-8.598662221569269e-17, hi-gap=8.598662221569269e-17)
HEX unitw cell0 uu ch1 0000000000000000 0000000000000000
REPORT unitw:     ch2 enc=[0.00000000000000000e0,0.00000000000000000e0] sampled=-2.84469023342557084e-16 inside=false (lo-gap=-2.844690233425571e-16, hi-gap=2.844690233425571e-16)
HEX unitw cell0 uu ch2 0000000000000000 0000000000000000
REPORT unitw:   global uu bound attained by cell#0 u=[0.0,1.0] v=[0.0,1.0] = 3.84993108707641654e-162
REPORT unitw: argmax uv norm=5.92145703420936265e0 at grid(i=1,j=2) u=0.016666666666666666 v=0.03333333333333333 vec=(-3.5397832179045716,3.9060191542136304,2.6975178489020104)
HEX unitw argmax uv u=3f91111111111111 v=3fa1111111111111 vec=c00c5179dd1ea362,400f3f86f8672d4f,400594843ceb4882
REPORT unitw:   containing cell#0 u=[0.0,1.0] v=[0.0,1.0] cell-bound=5.92145703420937064e0 (global-cellbound=0e0)
REPORT unitw:     ch0 enc=[-3.53978321790457562e0,-3.53978321790456629e0] sampled=-3.53978321790457162e0 inside=true (lo-gap=3.9968028886505635e-15, hi-gap=5.329070518200751e-15)
HEX unitw cell0 uv ch0 c00c5179dd1ea36b c00c5179dd1ea356
REPORT unitw:     ch1 enc=[3.90601915421362511e0,3.90601915421363399e0] sampled=3.90601915421363044e0 inside=true (lo-gap=5.329070518200751e-15, hi-gap=3.552713678800501e-15)
HEX unitw cell0 uv ch1 400f3f86f8672d43 400f3f86f8672d57
REPORT unitw:     ch2 enc=[2.69751784890200641e0,2.69751784890201352e0] sampled=2.69751784890201041e0 inside=true (lo-gap=3.9968028886505635e-15, hi-gap=3.1086244689504383e-15)
HEX unitw cell0 uv ch2 400594843ceb4879 400594843ceb4889
REPORT unitw:   global uv bound attained by cell#0 u=[0.0,1.0] v=[0.0,1.0] = 5.92145703420937064e0
REPORT unitw: argmax vv norm=0.00000000000000000e0 at grid(i=0,j=0) u=0.0 v=0.0 vec=(0.0,0.0,0.0)
HEX unitw argmax vv u=0000000000000000 v=0000000000000000 vec=0000000000000000,0000000000000000,0000000000000000
REPORT unitw:   containing cell#0 u=[0.0,1.0] v=[0.0,1.0] cell-bound=3.84993108707641654e-162 (global-cellbound=0e0)
REPORT unitw:     ch0 enc=[0.00000000000000000e0,0.00000000000000000e0] sampled=0.00000000000000000e0 inside=true (lo-gap=0e0, hi-gap=0e0)
HEX unitw cell0 vv ch0 0000000000000000 0000000000000000
REPORT unitw:     ch1 enc=[0.00000000000000000e0,0.00000000000000000e0] sampled=0.00000000000000000e0 inside=true (lo-gap=0e0, hi-gap=0e0)
HEX unitw cell0 vv ch1 0000000000000000 0000000000000000
REPORT unitw:     ch2 enc=[0.00000000000000000e0,0.00000000000000000e0] sampled=0.00000000000000000e0 inside=true (lo-gap=0e0, hi-gap=0e0)
HEX unitw cell0 vv ch2 0000000000000000 0000000000000000
REPORT unitw:   global vv bound attained by cell#0 u=[0.0,1.0] v=[0.0,1.0] = 3.84993108707641654e-162
DUMP refined pu=1 pv=1 nu=17 nv=17
DUMP refined knots_u [0.0, 0.0, 0.0625, 0.125, 0.1875, 0.25, 0.3125, 0.375, 0.4375, 0.5, 0.5625, 0.625, 0.6875, 0.75, 0.8125, 0.875, 0.9375, 1.0, 1.0]
DUMP refined knots_v [0.0, 0.0, 0.0625, 0.125, 0.1875, 0.25, 0.3125, 0.375, 0.4375, 0.5, 0.5625, 0.625, 0.6875, 0.75, 0.8125, 0.875, 0.9375, 1.0, 1.0]
DUMP refined knots_u_hex 0000000000000000,0000000000000000,3fb0000000000000,3fc0000000000000,3fc8000000000000,3fd0000000000000,3fd4000000000000,3fd8000000000000,3fdc000000000000,3fe0000000000000,3fe2000000000000,3fe4000000000000,3fe6000000000000,3fe8000000000000,3fea000000000000,3fec000000000000,3fee000000000000,3ff0000000000000,3ff0000000000000
DUMP refined knots_v_hex 0000000000000000,0000000000000000,3fb0000000000000,3fc0000000000000,3fc8000000000000,3fd0000000000000,3fd4000000000000,3fd8000000000000,3fdc000000000000,3fe0000000000000,3fe2000000000000,3fe4000000000000,3fe6000000000000,3fe8000000000000,3fea000000000000,3fec000000000000,3fee000000000000,3ff0000000000000,3ff0000000000000
DUMP refined weights_hex 3f851d67062533ec,3f852a25b06ff11a,3f8536e45abaae48,3f8543a305056b76,3f855061af5028a5,3f855d20599ae5d4,3f8569df03e5a303,3f85769dae306031,3f85835c587b1d5f,3f85901b02c5da8e,3f859cd9ad1097bc,3f85a998575b54eb,3f85b65701a6121a,3f85c315abf0cf49,3f85cfd4563b8c78,3f85dc93008649a6,3f85e951aad106d4,3f85867a9154f46f,3f859015c1111e4a,3f8599b0f0cd4826,3f85a34c20897201,3f85ace750459bdc,3f85b6828001c5b8,3f85c01dafbdef94,3f85c9b8df7a196f,3f85d3540f36434a,3f85dcef3ef26d26,3f85e68a6eae9702,3f85f0259e6ac0de,3f85f9c0ce26eaba,3f86035bfde31496,3f860cf72d9f3e71,3f8616925d5b684c,3f86202d8d179227,3f85ef8e1c84b4f3,3f85f605d1b24b7c,3f85fc7d86dfe204,3f8602f53c0d788c,3f86096cf13b0f15,3f860fe4a668a59d,3f86165c5b963c26,3f861cd410c3d2ae,3f86234bc5f16936,3f8629c37b1effbe,3f86303b304c9647,3f8636b2e57a2cd0,3f863d2a9aa7c359,3f8643a24fd559e1,3f864a1a0502f06a,3f865091ba3086f2,3f8657096f5e1d79,3f8658a1a7b47577,3f865bf5e25378ad,3f865f4a1cf27be2,3f86629e57917f17,3f8665f29230824d,3f866946cccf8582,3f866c9b076e88b8,3f866fef420d8bed,3f8673437cac8f22,3f867697b74b9258,3f8679ebf1ea958e,3f867d402c8998c4,3f86809467289bf9,3f8683e8a1c79f2e,3f86873cdc66a263,3f868a911705a598,3f868de551a4a8cc,3f86c1b532e435fb,3f86c1e5f2f4a5dd,3f86c216b30515bf,3f86c247731585a1,3f86c2783325f584,3f86c2a8f3366566,3f86c2d9b346d548,3f86c30a7357452a,3f86c33b3367b50c,3f86c36bf37824ee,3f86c39cb38894d1,3f86c3cd739904b3,3f86c3fe33a97496,3f86c42ef3b9e478,3f86c45fb3ca545a,3f86c49073dac43c,3f86c4c133eb341e,3f872ac8be13f67f,3f8727d60395d30e,3f8724e34917af9e,3f8721f08e998c2e,3f871efdd41b68bd,3f871c0b199d454c,3f8719185f1f21da,3f871625a4a0fe6a,3f871332ea22daf8,3f8710402fa4b787,3f870d4d75269417,3f870a5abaa870a6,3f870768002a4d35,3f87047545ac29c4,3f8701828b2e0653,3f86fe8fd0afe2e2,3f86fb9d1631bf71,3f8793dc4943b702,3f878dc61437003e,3f8787afdf2a497a,3f878199aa1d92b6,3f877b837510dbf2,3f87756d4004252e,3f876f570af76e6a,3f876940d5eab7a6,3f87632aa0de00e2,3f875d146bd14a1e,3f8756fe36c4935b,3f8750e801b7dc97,3f874ad1ccab25d3,3f8744bb979e6f0f,3f873ea56291b84c,3f87388f2d850188,3f873278f8784ac3,3f87fcefd4737786,3f87f3b624d82d6f,3f87ea7c753ce358,3f87e142c5a19942,3f87d80916064f2c,3f87cecf666b0515,3f87c595b6cfbafd,3f87bc5c073470e6,3f87b322579926ce,3f87a9e8a7fddcb7,3f87a0aef86292a0,3f87977548c7488a,3f878e3b992bfe73,3f878501e990b45c,3f877bc839f56a45,3f87728e8a5a202e,3f876954dabed616,3f8866035fa33809,3f8859a635795a9f,3f884d490b4f7d35,3f8840ebe1259fcc,3f88348eb6fbc262,3f8828318cd1e4f8,3f881bd462a8078d,3f880f77387e2a23,3f88031a0e544cb9,3f87f6bce42a6f4f,3f87ea5fba0091e5,3f87de028fd6b47c,3f87d1a565acd712,3f87c5483b82f9a8,3f87b8eb11591c3e,3f87ac8de72f3ed4,3f87a030bd056169,3f88cf16ead2f88d,3f88bf96461a87d0,3f88b015a1621714,3f88a094fca9a657,3f88911457f1359a,3f888193b338c4dd,3f8872130e80541f,3f88629269c7e362,3f885311c50f72a5,3f884391205701e8,3f8834107b9e912b,3f88248fd6e6206e,3f88150f322dafb2,3f88058e8d753ef5,3f87f60de8bcce38,3f87e68d44045d7a,3f87d70c9f4becbc,3f89382a7602b911,3f89258656bbb501,3f8912e23774b0f1,3f89003e182dace1,3f88ed99f8e6a8d1,3f88daf5d99fa4c0,3f88c851ba58a0af,3f88b5ad9b119c9f,3f88a3097bca988f,3f8890655c83947f,3f887dc13d3c9070,3f886b1d1df58c60,3f885878feae8850,3f8845d4df678440,3f883330c0208030,3f88208ca0d97c20,3f880de88192780f,3f89a13e01327994,3f898b76675ce231,3f8975aecd874ace,3f895fe733b1b36b,3f894a1f99dc1c09,3f893458000684a6,3f891e906630ed42,3f8908c8cc5b55df,3f88f3013285be7c,3f88dd3998b02718,3f88c771feda8fb6,3f88b1aa6504f853,3f889be2cb2f60f0,3f88861b3159c98c,3f88705397843229,3f885a8bfdae9ac6,3f8844c463d90362,3f8a0a518c623a18,3f89f16677fe0f61,3f89d87b6399e4ab,3f89bf904f35b9f5,3f89a6a53ad18f3f,3f898dba266d6488,3f8974cf120939d1,3f895be3fda50f1b,3f8942f8e940e464,3f892a0dd4dcb9ae,3f891122c0788ef9,3f88f837ac146442,3f88df4c97b0398c,3f88c661834c0ed6,3f88ad766ee7e420,3f88948b5a83b96a,3f887ba0461f8eb4,3f8a73651791fa9b,3f8a5756889f3c91,3f8a3b47f9ac7e88,3f8a1f396ab9c07f,3f8a032adbc70276,3f89e71c4cd4446c,3f89cb0dbde18662,3f89aeff2eeec859,3f8992f09ffc0a4f,3f8976e211094c46,3f895ad382168e3e,3f893ec4f323d035,3f8922b66431122c,3f8906a7d53e5422,3f88ea99464b961a,3f88ce8ab758d810,3f88b27c28661a06,3f8adc78a2c1bb1f,3f8abd46994069c3,3f8a9e148fbf1867,3f8a7ee2863dc70b,3f8a5fb07cbc75af,3f8a407e733b2452,3f8a214c69b9d2f5,3f8a021a60388199,3f89e2e856b7303c,3f89c3b64d35dedf,3f89a48443b48d83,3f8985523a333c27,3f89662030b1eacb,3f8946ee2730996e,3f8927bc1daf4812,3f89088a142df6b6,3f88e9580aaca559,3f8b458c2df17ba2,3f8b2336a9e196f3,3f8b00e125d1b244,3f8ade8ba1c1cd95,3f8abc361db1e8e6,3f8a99e099a20436,3f8a778b15921f86,3f8a553591823ad7,3f8a32e00d725627,3f8a108a89627178,3f89ee3505528cc9,3f89cbdf8142a81a,3f89a989fd32c36a,3f8987347922debb,3f8964def512fa0c,3f8942897103155c,3f892033ecf330ac,3f8bae9fb9213c25,3f8b8926ba82c423,3f8b63adbbe44c20,3f8b3e34bd45d41e,3f8b18bbbea75c1c,3f8af342c008e419,3f8acdc9c16a6c16,3f8aa850c2cbf414,3f8a82d7c42d7c11,3f8a5d5ec58f040f,3f8a37e5c6f08c0d,3f8a126cc852140a,3f89ecf3c9b39c08,3f89c77acb152406,3f89a201cc76ac04,3f897c88cdd83401,3f89570fcf39bbfe
DUMP refined control_hex bfd45c5ea128e388,bfe353dc5381e28c,3feee4c74f58da14,bfc82d879bc103f1,bfe5f9341209f4fc,3fecb89077ff1802,bfaed8ca9a51d940,bfe89b5df9261917,3fea8ef5ee38b341,3fb15acab5f97a70,bfeb3a5fc02caa29,3fe867f3005f39c8,3fc8fd63d13ed81d,bfedd63f10c7fae0,3fe64383080659da,3fd49cf5e8003fae,bff03780c38f8e9b,3fe421a169da650d,3fdcb1900bc7152e,bff1825658ff0c5c,3fe20249957f4af2,3fe25e48c56a847e,bff2cba3097ec8c5,3fdfcaee0ae012b8,3fe65f05b9a02b95,bff413698f54f13d,3fdb964a7dbd20c6,3fea5b0755667466,bff559ac9e54d633,3fd7669fa3283096,3fee5255f7b19b68,bff69e6ee3f1ee99,3fd33be4afa3cedb,3ff1227cf5e1624b,bff7e1b307529845,3fce2c21d8ca1992,3ff3197db4b0e647,bff9237ba9629642,3fc5ea376e2d8298,3ff50e314a8b2743,bffa63cb64e54e28,3fbb63f206767ee3,3ff7009bc02ff12d,bffba2a4ce87c583,3fa60d568ee9042e,3ff8f0c114f6caef,bffce00a74f2604d,bf950e1be82c74a8,3ffadea53eea524a,bffe1bfee0da6176,bfb57ac6093c8d60,bfc9b554542ff5b8,bfe59eb0502325b9,3fe7bf96094e680e,bfb6fe3a16642b9f,bfe7a704af5b04dd,3fe60a95a1010701,3f9553b1e621db9c,bfe9ad8a403516b0,3fe45719e964f214,3fc0c77659991f02,bfebb2436b15c1aa,3fe2a520dccc01b7,3fced7f4035a64bb,bfedb532941cb8c5,3fe0f4a8791dc45a,3fd66dffea3fc83f,bfefb65a1b2e6ca2,3fde8b5d7f9f20bb,3fdd69d525159827,bff0dade2dfeb1d8,3fdb30636bb9560b,3fe22fc0f11ae168,bff1d9add709bcc9,3fd7d85ec77d0861,3fe5a787219ea0f7,bff2d79d326d830f,3fd4834baaca0d23,3fe91c412dbf498d,bff3d4ad67d3f620,3fd13126345df859,3fec8df3181087b3,bff4d0df9ce0487d,3fcbc3d5138a1b68,3feffca0dc1ff84c,bff5cc34f5335d6f,3fc52b29ae96b23c,3ff1b42737424141,bff6c6ae92702d24,3fbd30853fb7b9ac,3ff3687fde76c4c2,bff7c04d94401d45,3fb01630b5313e85,3ff51b5c5718fb46,bff8b91318574e38,3f883a35f33f2dfc,3ff6ccbe912f8dd6,bff9b1003a78dd24,bfa3f88f137f5534,3ff87ca87963b7e1,bffaa816147b1ade,bfb6f488ee82bb77,bfb683815cfe211d,bfe7d38e454b6e9e,3fe0ded919c8c199,3f77326bc88c2850,bfe9453f1b4adf5e,3fdf353ad2e33217,3fb95bb5a09c7990,bfeab6167126a102,3fdcae40f57f025a,3fc89b1bde5930da,bfec26150697d52a,3fda28c34b18d612,3fd240ae5bea3b68,bfed953b9a7689f9,3fd7a4c084ef5c64,3fd83051c27741e4,bfef038aeabb03fe,3fd5223755c9ced0,3fde1c7b334fd395,bff03881da3f82ee,3fd2a12671f5b27b,3fe20296ddad259e,bff0eed359ff8ad7,3fd0218c8f449d6a,3fe4f53631f639ac,bff1a4ba524de01b,3fcb46d0ca13ff40,3fe7e61d19685cd6,bff25a37206d6ce8,3fc64d715831e042,3fead54d1525acd3,bff30f4a21345e9e,3fc156f83d83fb9a,3fedc2c7a48fbee2,bff3c3f3b10cc417,3fb8c6c5e344102c,3ff0574722a51602,bff478342bf52ae2,3fadcabbbc5819ea,3ff1cc51399e8c61,bff52c0bed813b69,3f9426cd9abfcf6e,3ff34082d44bdc46,bff5df7b50da5406,bf9330fa09b2c148,3ff4b3dcaee9665f,bff69282b0c0230a,bfad38f9ad36837d,3ff6265f84d98fa4,bff7452267893fbc,bfb8670c898a725e,3f954f556d6e8c28,bfe9f3abfeab0db4,3fd47d95b016002c,3fb905a7a1036f72,bfead4b884d3094b,3fd2caaf5f652e19,3fc658ceb85e46c9,bfebb5821153811c,3fd1184a7c1ead9d,3fd015ee59fcd2f0,bfec9608c20de7f4,3fcecccd99085f77,3fd4fdff88a17f3e,bfed764cb4d1ecec,3fcb6a082df3738c,3fd9e49b8eb1881d,bfee564e075d8899,3fc80844440b17b6,3fdec9c3125e620e,bfef360cd75d0a31,3fc4a78168a00efb,3fe1d6bb5cbb6fd3,bff00ac4a1359253,3fc147bf29472c89,3fe447db94b3bd58,bff07a61b3087ddb,3fbbd1fa27b24278,3fe6b842839d4e87,bff0e9ddafe31876,3fb516756ce492ae,3fe927f07bcc74ab,bff15938a678784b,3facb9de7dc9e994,3feb96e5cf64c198,bff1c872a572ff5b,3f9e959aebe68a4e,3fee0522d0592bbb,bff2378bbb7461ee,3f6dfb5fdde01f38,3ff03953e8361905,bff2a683f715ad00,bf970ed35ba30c71,3ff16fba9097ffe8,bff3155b66e74ca5,bfa8ea934f6c2f51,3ff2a5c58a034830,bff3841219711267,bfb324e4541c6806,3ff3db74fd10e951,bff3f2a81d323ba2,bfb9d285bc3a7f18,3fc015085ca24d3e,bfec0028ee295e82,3fbedf5a3509f284,3fc7e27dc938b365,bfec56372f41d59d,3fbb3d7d72d7d73b,3fcfafd1c84bf472,bfecac43ffac496c,3fb79bb0405d0fd3,3fd3be822d596fde,bfed024f5f71fb1a,3fb3f9f29d359c95,3fd7a50ac0a21eb5,bfed58594e9c2b83,3fb0584488fd8122,3fdb8b829e6b6739,bfedae61cd341b34,3fa96d4c06a188e6,3fdf71e9c720a64f,bfee0468db430a6a,3fa22a2e1796e1b4,3fe1ac201d969aa1,bfee5a6e78d23913,3f95ce5e88265009,3fe39f42fd7e34e3,bfeeb072a5eae6cf,3f7d227c5a73eee6,3fe5925d837ccafc,bfef0675629652ed,bf7cf3889bf7a06e,3fe7856fafc8042e,bfef5c76aeddbc6d,bf95c2253239fcaa,3fe97879829585f1,bfefb2768aca6201,bfa2239506536ae4,3feb6b7afc1af3f0,bff0043a7b32c106,bfa965f85be9fcf6,3fed5e741c8df00b,bff02f38f8dc2d50,bfb0541e4d54388c,3fef5164e4241a58,bff05a36be6614c0,bfb3f530e1ab3e94,3ff0a226a9898890,bff08533cbd51611,bfb79633eb5de82b,3ff19b96b4c83870,bff0b030212dcfd5,bfbb37276ad00990,3fcd066d8fbe8a59,bfedfa1026c2d627,bfb26830c491785a,3fd16f01e244feaa,bfedca73baa6e1bd,bfb309c8f31e4602,3fd45b8b7fb9b64f,bfed9acb2d5a6f20,bfb3ab8a4cda8193,3fd748d3e914799e,bfed6b167a3a428d,bfb44d74e183b450,3fda36db67517cd3,bfed3b559ca0c2ba,bfb4ef88c0df6eb2,3fdd25a243923293,bfed0b888fe5f751,bfb591c5fabb4d8a,3fe00a94638eb1d8,bfecdbaf4f5f876d,bfb6342c9eecff23,3fe182b79dafa382,bfecabc9d660b816,bfb6d6bcbd524868,3fe2fb3af4f4ccac,bfec7bd8203a6abb,bfb7797665d10a10,3fe4741e8e39daae,bfec4bda283b1bac,bfb81c59a85745cb,3fe5ed628e6d55dd,bfec1bcfe9aee091,bfb8bf6694db2378,3fe767071a90ad9b,bfebebb95fdf66e0,bfb9629d3b5af658,3fe8e10c57b8446e,bfebbb968613f254,bfba05fdabdd424b,3fea5b726b0b7c27,bfeb8b6757915b61,bfbaa987f670c10d,3febd63979c4c209,bfeb5b2bcf9a0da7,bfbb4d3c2b2c677b,3fed5161a9319b03,bfeb2ae3e96e0665,bfbbf11a5a2f6ad6,3feecceb1eb2afec,bfeafa8fa04ad2e8,bfbc952293a14614,3fd4c23ad536768f,bfefe25a227592de,bfd07e1f96843b64,3fd6bd3cf9001ef4,bfef321a4aef5233,bfcfe03e3b3e8a75,3fd8b9456b14304b,bfee817f4435ffd0,bfcec3aa5ad41b27,3fdab654f736af09,bfedd088c774079e,bfcda68319a52e57,3fdcb46c69fee416,bfed1f368d8a645c,bfcc88c8051771c6,3fdeb38c90d86ee1,bfec6d884f104056,bfcb6a78aa19a1f6,3fe059db1d022c92,bfebbb7dc4529587,bfca4b949522efb1,3fe15a751a4d1627,bfeb0916a553cd2b,bfc92c1b523264a3,3fe25b94a8448454,bfea5652a9cb5eb7,bfc80c0c6cce46ff,3fe35d3a2f4c5f15,bfe9a33189256e35,bfc6eb6770037c30,3fe45f661835737f,bfe8efb2fa826a11,bfc5ca2be664ea94,3fe56218cc3e01e9,bfe83bd6b4b6a844,bfc4a8595a0ada3f,3fe66552b5124ce9,bfe7879c6e4a02e7,bfc385ef549254c4,3fe769143ccd293a,bfe6d303dd777428,bfc262ed5f1c8403,3fe86d5dcdf88e80,bfe61e0cb82cb1a9,bfc13f53024e0ffc,3fe9722fd38e28ed,bfe568b6b409c734,bfc01b1fc64e7b9b,3fea778ab8f7ebd3,bfe4b3018660b0de,bfbdeca6658f011e,3fdaca8656eff212,bff0dcf72cc9e6a3,bfdbfa06a8bd86fa,3fdbde4f059afa43,bff046e5c8c92238,bfdabea5e1368856,3fdcf2ec773ec53c,bfef60c13d1d5edf,bfd98251caec84cb,3fde085fa270a92b,bfee32ce4fd9c159,bfd845094be34868,3fdf1ea97f439a71,bfed03f1bbccbff3,bfd706cb486a3721,3fe01ae583a58782,bfebd42a7159396d,bfd5c796a318ff4b,3fe0a6e29acef441,bfeaa3775f3c6b36,bfd4876a3ccc4468,3fe1334c836cb28b,bfe971d7728abe0f,bfd34644f4a2422a,3fe1c023bc920ba0,bfe83f4996ac8b31,bfd20425a7f7679d,3fe24d68c618723f,bfe70bccb55ad9e8,bfd0c10b3262ea61,3fe2db1c20a10586,bfe5d75fb69c1588,bfcef9e8db66a3ba,3fe3693e4d961758,bfe4a20180c0bbad,bfcc6fc063d5f4ad,3fe3f7cfcf2cb65a,bfe36bb0f86002ad,bfc9e39aaa791fb0,3fe486d128663b8d,bfe2346d00547828,bfc75575580f0198,3fe51642dd11db96,bfe0fc3479b897a1,bfc4c54e11a8d078,3fe5a62571ce3bb7,bfdf860c87c6b20e,bfc2332278a2df2a,3fe636796c0b0a80,bfdd11c278c96e36,bfbf3de0553a9f8b,3fe04f6e25e249c8,bff1c0d2587c88b2,bfe38981a995ed38,3fe06a3799661d98,bff0ef0ede960a41,bfe29958c026e5e6,3fe0851c4e8f4171,bff01c75f3fcdaa1,bfe1a83b7831df4f,3fe0a01c6f0cd60f,bfee920ca48a8edc,bfe0b6285bfe2dda,3fe0bb3824e3272a,bfece97d60d15dd4,bfdf863be5af239e,3fe0d66f9a6c856e,bfeb3f3b857daa7c,bfdd9e35820d2a93,3fe0f1c2fa5a230b,bfe9934475ee4a75,bfdbb43a8f91a555,3fe10d326fb4f2ef,bfe7e5959023b892,bfd9c8480a92467c,3fe128be25de8ab2,bfe6362c2cb2428b,bfd7da5ae92f6b70,3fe144664892073f,bfe485059eb40be8,bfd5ea701b441864,3fe1602b03e4f43e,bfe2d21f33bae586,bfd3f8848a55c2a6,3fe17c0c84483652,bfe11d7633c1f919,bfd204951983e88d,3fe1980af688f82c,bfdece0fc23e9023,bfd00e9ea577764a,3fe1b42687d19a88,bfdb5da2f0e9fa73,bfcc2d3c08a3edd9,3fe1d05f65aaa70f,bfd7e9a0614520d5,bfc839200b3921a2,3fe1ecb5bdfbc63f,bfd47202756b7764,bfc440e2e46d9986,3fe20929bf0cb848,bfd0f6c383b68276,bfc0447e188a4e10,3fe320e8745e77cd,bff29d2361f29949,bfe8e6ff3782c863,3fe2d0d8155d365b,bff191cea8fc065a,bfe7a85005ba8c16,3fe280632950831b,bff0852a3380b0f4,bfe6681098ff33a0,3fe22f88f25584a2,bfeeee670ef513f4,bfe5263dfd7f73cb,3fe1de48b0aa147c,bfeccfd049464714,bfe3e2d537f63592,3fe18ca1a2a6d32a,bfeaae8b08bfd614,bfe29dd3459303ce,3fe13a9304b92592,bfe88a92335c2ff1,bfe157351be21f2e,3fe0e81c115d1b86,bfe663e0a21c9c68,bfe00ef7a8b436f8,3fe0953c01173ef8,bfe43a7120dfe4c3,bfdd8a2fa40b89d8,3fe041f20a6e4b6d,bfe20e3e6e385e25,bfdaf324ebcc1566,3fdfdc7ac3c99aa4,bfdfbe867682a537,bfd858c8d4bb5e66,3fdf343a73e55176,bfdb5af456e78c34,bfd5bb14faa9f425,3fde8b2185fd0e41,bfd6f1bba8f528f1,bfd31a02e8f3576e,3fdde12e56ae575b,bfd282d17c0bcb12,bfd0758c1a48dff7,3fdd365f3e595b4a,bfcc1c558677d102,bfcb9b53f0f7a754,3fdc8ab2911330df,bfc32778a9d4977e,bfc644abb88d5843,3fdbde269e97e1ac,bfb44deba9cb6ff0,bfc0e7121a2b0d36,3fe5dae6b3f2ee48,bff3724886d09bcf,bfee17c781761af4,3fe524017d6b1be8,bff22f66f6dc6f8b,bfec8e4460ed20b0,3fe46c0c5461744a,bff0eaa54f4c2760,bfeb0278234900c6,3fe3b304d887fbaf,bfef47febc764325,bfe9745dabba5838,3fe2f8e8a2752aa2,bfecb6e1ca711121,bfe7e3efce26e2a1,3fe23db5438946cd,bfea21eb32308adc,bfe651294ef021b7,3fe1816845d3438a,bfe7891243863c0c,bfe4bc04e2b901fa,3fe0c3ff2bf527aa,bfe4ec4e340bf4c2,bfe3247d2e2a773f,3fe005777107f5f1,bfe24b961ec099c4,bfe18a8cc5b70ba0,3fde8b9d10fe2b48,bfdf4dc207466295,bfdfdc5c5abab66b,3fdd0a03bc167115,bfd9fc4b8e984569,bfdc9eb7b0d2edbe,3fdb861daaf9773f,bfd4a2b665093f37,bfd95c20526a5085,3fd9ffe5954aff5b,bfce81dfc770b194,bfd6148ae1ce21f7,3fd8775622746df1,bfc3adca54f0f902,bfd2c7ebde613db1,3fd6ec69e9664a10,bfb1920c7bcf21bc,bfceec6f482b3b56,3fd55f1b70589b25,3f9164994351e878,bfc83ec4d5c6e1a0,3fd3cf652c8a1ef0,3fba6652013f38de,bfc186c08c7b69e5,3fe87e89bcae4ed4,bff44099fb455352,bff18f00340c2d83,3fe7649cd9410e0e,bff2c8157ca7375d,bff0a690659308d0,3fe648cd9c24ec57,bff14d0ccd81b0fc,bfef7925d2484c2a,3fe52b172b4f6384,bfef9ef2e61d7b94,bfeda2077d76fb36,3fe40b749bff4740,bfec9ea9b86c4096,bfebc7bdb11ae479,3fe2e9e0f2748eb8,bfe99930c259de09,bfe9ea403596903a,3fe1c65721a6a698,bfe68e7a86265bb6,bfe80986b6cccb4d,3fe0a0d20af94270,bfe37e79571ecb9a,bfe62588c3a4aee4,3fdef298fbdf489c,bfe0691f58d05d86,bfe43e3dcd8b1f04,3fdc9f826fbca240,bfda9cbcfc6e7b7a,bfe2539d27f1b024,3fda4855c7365060,bfd45c5111d2495d,bfe0659e07cae3eb,3fd7ed083257a77f,bfcc21bc20edf4ba,bfdce86f06075952,3fd58d8ebae51116,bfbee91ac3282ee4,bfd8fec11ff44d52,3fd329de43b2135e,bf9586d4335a338c,bfd50e2009e2ec12,3fd0c1eb87f3cc3d,3fb4533146bbadd9,bfd116792f056e79,3fccab56351f9248,3fc71b0925f0a0b3,bfca2f73702bbfb6,3fc7ca22cace49f2,3fd211da734a64bf,bfc2239d1457b58e,3feb0ce030841224,bff5086a63d68391,bff3fdd6905de015,3fe99384e1fb75bd,bff35c1424f87141,bff2f3590c873cd6,3fe81751f12cc32c,bff1ac83f67fa966,bff1e6d9ad4bfdb9,3fe6983f1d8f3c03,bfeff360f4fa36b9,bff0d8529ecb8bf1,3fe5164406895c37,bfec87205d37e67e,bfef8f7bed00844b,3fe391582ad482bf,bfe91432d6e046d8,bfed6a2b65a207ac,3fe20972e7dd03f9,bfe59a84c781b78f,bfeb40a775409889,3fe07e8b791e8d28,bfe21a02479da56c,bfe912e3b9b1470d,3fdde131eef97f46,bfdd252e42590bc0,bfe6e0d39feccf75,3fdabf24b12fd2e9,bfd6085d9c3201c1,bfe4aa6a631dafce,3fd796dcdc3b80d2,bfcdbad1dac82e44,bfe26f9b0ba89ad3,3fd46847ca2c074b,bfbe9097809da3a6,bfe030586e2f2081,3fd133528a55ce1b,bf771a5d432ff3f0,bfdbd92a5518c7b2,3fcbefd3bfb4ab32,3fbbe7e0015e73bd,bfd74887559767b9,3fc56bf4804f01af,3fccbe55b9ae8b7c,bfd2aeac4431b936,3fbdb5bf45b6ef50,3fd5d35c3127d11b,bfcc16fa2ea80eeb,3fb078d9a432f20e,3fdd56b9c5764624,bfc2bdbaa68b89fa,3fed86e7e506397e,bff5ca0743d693de,bff6595872fde719,3febb18716f71225,bff3eb9959e6045a,bff52e54a0ea3005,3fe9d83a34b7a203,bff2092bff158e80,bff400d12a29ff8b,3fe7faf49aec3d92,bff022b251a60499,bff2d0c601abe207,3fe619a96fb2a208,bfec703e7088ecc3,bff19e2af7a22447,3fe4344ba17aa85d,bfe892cac1ba6491,bff068f7b8c6b4df,3fe24acde5d770fd,bfe4acee7ece346c,bfee62479b34736d,3fe05d22b848cea4,bfe0be8e194e225d,bfebed4d333c6a42,3fdcd678b1f9698a,bfd98f1b13ad146c,bfe972eeb514292b,3fd8ea199710d7ec,bfd18fa09af857db,bfe6f31a4ef6038a,3fd4f50bab32993b,bfc2fce58c82cb3f,bfe46dbde03c9af7,3fd0f731fb397bed,bf95b56916ade460,bfe1e2c6f7ac948c,3fc9e0de257cd4a7,3fbb67c03ca24708,bfdea445a365adac,3fc1c149f287b788,3fce433c68b682f4,bfd9777cad2decbf,3fb31ed4bd3899d4,3fd77bf20a409609,bfd43f0c3142e77b,3f84b0156d035518,3fdfe92ad6313d76,bfcdf59948d5aa8a,bfac30c14765acae,3fe434c47e846c76,bfc3552b8f753876,3fefed8f2bf4f732,bff685b961b99b35,bff8a268b49d1e9a,3fedbf64b9e9f9ab,bff476d847c0a580,bff7584eb9285039,3feb8c1df364a01a,bff263242f0d3869,bff60b2efd4a8650,3fe953a8cb2fe5f0,bff04a8c0d71db3e,bff4bafed403a664,3fe715f2deae8a60,bfec59fd1044c769,bff367b35dd0fd4b,3fe4d2e973df9cd1,bfe814d3e3a9e7f0,bff2114187812352,3fe28a797754d65c,bfe3c57891ab2315,bff0b79e08ff7aad,3fe03c8f7a1a492a,bfded78cd42f91b4,bfeeb57ac82e0357,3fdbd22f5f1dd3e3,bfd60f3017caa720,bfebf527c6585f22,3fd71ffbd65ae676,bfca631d84030736,bfe92e2b2fdb2034,3fd2625b3c8a3a40,bfb0f96cd00b4b66,bfe6606cb3f59dca,3fcb324756867cb6,3fb32ae6b21e0cf0,bfe38bd38b03c1ce,3fc18854dc87b2ec,3fcbd400fd260757,bfe0b04673a3eded,3faf1a1ff3d16864,3fd71fcb6f12b3b6,bfdb9b575f8f84bc,bf909bc031692e10,3fe03637214d6fc6,bfd5c7d2035e1e09,bfb80c0b4a5dd664,3fe4e81f2fa67a32,bfcfcb8ea330c1d9,bfc6117d1d8d3f4a,3fe9a5c96b86f2e2,bfc3ea017a444bf9,3ff120daff1161d6,bff73bc5225af957,bffad9dc85d005b4,3fefbdd3b4cad303,bff4fe0119f451ac,bff97206f8b4e6b6,3fed338c0fe44a88,bff2ba8a04661a76,bff8069e624677bc,3feaa2c68ab56218,bff0714a087daa18,bff697950ec6114a,3fe80b6a22916009,bfec4455b9993a2c,bff524dd04121858,3fe56d5d53abc927,bfe79a2b89a91378,bff3ae67ffdfc0e8,3fe2c88615d2da3a,bfe2e3e71c395c77,bff2342775e70116,3fe01cc9d910697e,bfdc42b234c3410c,bff0b60c8e00368a,3fdad41b04608a8c,bfd2a4a26a21f350,bfee68104465f630,3fd5606ace5636b7,bfc1da787aae741e,bfeb5c15796b3fed,3fcfbc952dd3aa02,3f8c7c9ee2945880,bfe848092bb98282,3fc49b0170b7d3c0,3fc59e4fe0d9f25c,bfe52bcb23f4bb31,3fb2b74961a8fcf4,3fd4d4f591d13438,bfe2073a7e57af0a,bf900fc9fcac3458,3fdef5b8f2a64886,bfddb46b4c58fedc,bfbafca63071f90d,3fe498efb6bea9f0,bfd74934a24101f4,bfc919e62bfd60a8,3fe9c4ec57b9e132,bfd0cc8af4e3ee9f,bfd26a993d66c7ca,3feeff0b6408c1f3,bfc47c4d77d924d8,3ff2421785e09da0,bff7ec6adc243a5c,bffd007c723fc4a6,3ff0d6bfb5e2b65c,bff5814132a0948f,bffb7c31ed37ebaa,3feecf0b5f3b5a52,bff30f795395fe39,bff9f3c0ee062efa,3febe8b2d8ed4f75,bff096f7efe1e5c7,bff86718545da7c2,3fe8fa551a58c5fa,bfec2f4242a1a01f,bff6d626a134c499,3fe603d0aeddc677,bfe722b0cd0835c1,bff540d9f432a857,3fe3050366c5e511,bfe208013d6aabe4,bff3a7200906f43e,3fdffb94a4429ad0,bfd9bdf015577e77,bff208e634ab290a,3fd9dc0376f07d3e,bfce9d616c4b1e44,bff06619628cc13c,3fd3ab0a449e8c3c,bfb3071fd79cbb7c,bfed7d4c233e39ff,3fcad0bcd5f1d110,3fb7a52567ce2f56,bfea24f0a2a89b84,3fbc4ece6a5d8f91,3fd0b30543292d00,bfe6c2f77cf78960,3f8597795c121dc8,3fdb9bf0bf4b1c22,bfe35737000bb7c7,bfb7336349f3489e,3fe35249e68aee02,bfdfc3090eac9829,bfc8b2b7bcfc9e2c,3fe8e6bcc34241cf,bfd8c368e9d98ec4,bfd2f920da3473fc,3fee8b981bd37b82,bfd1af3454bfc062,bfd9ac7d34a077d8,3ff220925d90b010,bfc50c20054b4c20
TRIAL 9: pu=2 pv=3 red=false ratios=(0.003917,0.027028,0.674275)
TRIAL 10: refused
TRIAL 11: refused
TRIAL 12: pu=3 pv=3 red=false ratios=(0.273352,0.182504,0.920349)
TRIAL 13: pu=3 pv=2 red=false ratios=(0.678747,0.071674,0.320079)
TRIAL 14: pu=2 pv=2 red=false ratios=(0.489926,0.394043,0.533161)
TRIAL 15: pu=1 pv=3 red=false ratios=(0.876709,0.907800,0.733879)
TRIAL 16: pu=1 pv=1 red=false ratios=(0.999729,0.025230,0.974394)
TRIAL 17: pu=2 pv=3 red=false ratios=(0.005517,0.004981,0.859090)
TRIAL 18: pu=1 pv=2 red=false ratios=(0.764925,0.721165,0.331678)
TRIAL 19: pu=2 pv=1 red=false ratios=(0.997354,0.950136,0.954223)
TRIAL 20: refused
TRIAL 21: pu=2 pv=3 red=false ratios=(0.000036,0.003897,0.991706)
TRIAL 22: pu=3 pv=2 red=false ratios=(0.979668,0.005586,0.835778)
TRIAL 23: pu=2 pv=2 red=false ratios=(0.975161,0.006974,0.001314)
TRIAL 24: pu=2 pv=2 red=false ratios=(0.550722,0.004276,0.550919)
TRIAL 25: refused
TRIAL 26: refused
TRIAL 27: refused
TRIAL 28: refused
TRIAL 29: pu=2 pv=2 red=false ratios=(0.270676,0.136001,0.372891)
TRIAL 30: pu=2 pv=2 red=false ratios=(0.998192,0.954585,0.580552)
TRIAL 31: refused
TRIAL 32: pu=2 pv=3 red=false ratios=(0.573709,0.072195,0.308318)
TRIAL 33: refused
TRIAL 34: pu=3 pv=3 red=false ratios=(0.071844,0.106732,0.771437)
TRIAL 35: refused
TRIAL 36: pu=3 pv=2 red=false ratios=(0.251183,0.079991,0.841633)
TRIAL 37: pu=3 pv=1 red=false ratios=(0.014385,0.019078,0.812489)
TRIAL 38: pu=2 pv=3 red=false ratios=(0.667495,0.022388,0.140270)
TRIAL 39: pu=3 pv=1 red=false ratios=(1.000000,0.014164,0.013576)
TRIAL 40: pu=3 pv=3 red=false ratios=(0.009978,0.002767,0.235686)
TRIAL 41: refused
TRIAL 42: pu=3 pv=2 red=false ratios=(0.774338,0.020931,0.557246)
TRIAL 43: refused
TRIAL 44: pu=2 pv=2 red=false ratios=(0.572317,0.592348,0.733846)
TRIAL 45: pu=3 pv=1 red=false ratios=(0.995845,0.974071,0.287341)
TRIAL 46: pu=2 pv=1 red=false ratios=(0.157864,0.231490,1.000000)
TRIAL 47: pu=3 pv=3 red=false ratios=(0.968124,0.784361,0.636399)
TRIAL 48: pu=2 pv=3 red=false ratios=(0.011927,0.000752,0.746434)
TRIAL 49: pu=2 pv=3 red=false ratios=(0.074732,0.589353,0.735697)
TRIAL 50: pu=3 pv=2 red=false ratios=(0.922408,0.975448,0.893285)
TRIAL 51: pu=1 pv=3 red=false ratios=(0.416289,0.319165,0.998279)
TRIAL 52: pu=2 pv=2 red=false ratios=(0.360155,0.036588,0.018259)
TRIAL 53: pu=2 pv=3 red=false ratios=(0.538633,0.863781,0.977646)
TRIAL 54: pu=2 pv=3 red=false ratios=(0.599515,0.033851,0.008090)
TRIAL 55: pu=3 pv=2 red=false ratios=(0.970259,0.974328,0.864748)
TRIAL 56: refused
TRIAL 57: pu=3 pv=3 red=false ratios=(0.010850,0.030594,0.738112)
TRIAL 58: pu=1 pv=3 red=false ratios=(0.941865,0.183616,0.130009)
TRIAL 59: pu=3 pv=1 red=false ratios=(0.979640,0.959162,0.991646)
test nurbs_cert_fuzz::diag::diag_replay ... ok

test result: ok. 1 passed; 0 failed; 0 ignored; 0 measured; 135 filtered out; finished in 1.58s

exit=0
