with-build-slot: waiting for a slot (0s; holding: slot-1: pid 2323907 since 19:51:02 (@1789786262): shared [held 0m26s]; slot-2: pid 142349 since 09:58:42 (@1789491522): exclusive [held 4912m46s] [record is stale (pid 142349 dead); this shared request never polls slot-2 at width 1]; express: pid 1571861 since 11:40:40 (@1789756840): express(500s) [held 490m48s] [record is stale (pid 1571861 dead); this shared request never polls express at width 1])
with-build-slot: waiting for a slot (60s; holding: slot-1: pid 2325047 since 19:52:14 (@1789786334): shared [held 0m14s]; slot-2: pid 142349 since 09:58:42 (@1789491522): exclusive [held 4913m46s] [record is stale (pid 142349 dead); this shared request never polls slot-2 at width 1]; express: pid 1571861 since 11:40:40 (@1789756840): express(500s) [held 491m48s] [record is stale (pid 1571861 dead); this shared request never polls express at width 1])
with-build-slot: waiting for a slot (120s; holding: slot-1: pid 2325047 since 19:52:14 (@1789786334): shared [held 1m14s]; slot-2: pid 142349 since 09:58:42 (@1789491522): exclusive [held 4914m46s] [record is stale (pid 142349 dead); this shared request never polls slot-2 at width 1]; express: pid 1571861 since 11:40:40 (@1789756840): express(500s) [held 492m48s] [record is stale (pid 1571861 dead); this shared request never polls express at width 1])
   Compiling autocfg v1.5.1
   Compiling libm v0.2.16
   Compiling crossbeam-utils v0.8.22
   Compiling crossbeam-epoch v0.9.20
   Compiling version_check v0.9.5
   Compiling crossbeam-deque v0.8.7
   Compiling rayon-core v1.13.0
   Compiling either v1.16.0
   Compiling foldhash v0.2.0
   Compiling allocator-api2 v0.2.21
   Compiling equivalent v1.0.2
   Compiling robust v1.2.0
   Compiling smallvec v1.15.2
   Compiling slotmap v1.1.1
   Compiling num-traits v0.2.19
   Compiling test-utils v0.0.0 (~/.local/share/cad-work/tess-nurbs-diag/cad/crates/test-utils)
   Compiling hashbrown v0.16.1
   Compiling num-integer v0.1.46
   Compiling spade v2.15.1
   Compiling num-bigint v0.4.8
   Compiling rayon v1.12.0
   Compiling geom-core v0.0.0 (~/.local/share/cad-work/tess-nurbs-diag/cad/crates/geom-core)
   Compiling bvh v0.0.0 (~/.local/share/cad-work/tess-nurbs-diag/cad/crates/bvh)
   Compiling profile v0.0.0 (~/.local/share/cad-work/tess-nurbs-diag/cad/crates/profile)
   Compiling geom v0.0.0 (~/.local/share/cad-work/tess-nurbs-diag/cad/crates/geom)
   Compiling geom-brep v0.0.0 (~/.local/share/cad-work/tess-nurbs-diag/cad/crates/geom-brep)
   Compiling topo v0.0.0 (~/.local/share/cad-work/tess-nurbs-diag/cad/crates/topo)
   Compiling sweep v0.0.0 (~/.local/share/cad-work/tess-nurbs-diag/cad/crates/sweep)
   Compiling mesh v0.0.0 (~/.local/share/cad-work/tess-nurbs-diag/cad/crates/mesh)
    Finished `release` profile [optimized] target(s) in 1m 15s
     Running unittests src/lib.rs (~/.local/share/cad-work/tess-nurbs-diag-target/release/deps/mesh-a6b1e784f11cf0d9)

running 1 test
TRIAL 0: pu=3 pv=2 red=false ratios=(0.116965,0.020677,0.966369)
TRIAL 1: pu=3 pv=1 red=false ratios=(0.088585,0.328773,0.778056)
TRIAL 2: pu=3 pv=2 red=false ratios=(1.000000,0.996428,0.991555)
TRIAL 3: pu=2 pv=1 red=false ratios=(0.559975,0.808360,0.955706)
TRIAL 4: pu=2 pv=2 red=false ratios=(0.029321,0.033606,0.463305)
TRIAL 5: pu=1 pv=3 red=false ratios=(0.156202,0.012472,0.002367)
TRIAL 6: pu=1 pv=3 red=false ratios=(0.999570,0.960250,0.352579)
TRIAL 7: pu=3 pv=3 red=false ratios=(0.868398,0.203788,0.839951)
TRIAL 8: pu=3 pv=2 red=false ratios=(0.000571,0.018163,0.611747)
TRIAL 9: pu=3 pv=2 red=false ratios=(0.862156,0.207571,0.086342)
TRIAL 10: pu=1 pv=1 red=false ratios=(0.992682,0.776187,0.922057)
TRIAL 11: pu=2 pv=2 red=false ratios=(0.668862,0.011720,0.256662)
TRIAL 12: pu=3 pv=1 red=false ratios=(0.124086,0.099116,0.174195)
TRIAL 13: pu=3 pv=2 red=false ratios=(0.820363,0.016946,0.054259)
TRIAL 14: pu=2 pv=3 red=false ratios=(0.073033,0.038943,0.885343)
TRIAL 15: pu=1 pv=1 red=false ratios=(0.883018,0.309858,0.994395)
TRIAL 16: pu=2 pv=2 red=false ratios=(0.087440,0.236115,0.440835)
TRIAL 17: pu=2 pv=2 red=false ratios=(0.019436,0.003959,0.107220)
TRIAL 18: pu=3 pv=2 red=false ratios=(0.009209,0.041227,0.510576)
TRIAL 19: pu=3 pv=3 red=false ratios=(0.536902,0.047352,0.086512)
TRIAL 20: pu=3 pv=3 red=false ratios=(0.695350,0.208795,0.923886)
TRIAL 21: pu=1 pv=1 red=false ratios=(0.438034,0.521185,0.630537)
TRIAL 22: pu=3 pv=3 red=false ratios=(0.430083,0.002058,0.578859)
TRIAL 23: pu=2 pv=3 red=false ratios=(0.054879,0.212644,0.929709)
TRIAL 24: pu=2 pv=3 red=false ratios=(0.052946,0.023056,0.653204)
TRIAL 25: pu=3 pv=2 red=false ratios=(0.323177,0.289330,0.204014)
TRIAL 26: pu=1 pv=2 red=false ratios=(0.001852,0.025224,0.930349)
TRIAL 27: pu=2 pv=1 red=false ratios=(0.054085,0.010643,0.500035)
TRIAL 28: pu=3 pv=1 red=false ratios=(0.002049,0.024681,0.343181)
TRIAL 29: pu=1 pv=1 red=true ratios=(1.000000,1.000000,1.000000)
==== RED trial 29 seed=0x5ca58da03160d407
DUMP orig pu=1 pv=1 nu=2 nv=2
DUMP orig knots_u [0.0, 0.0, 1.0, 1.0]
DUMP orig knots_v [0.0, 0.0, 1.0, 1.0]
DUMP orig knots_u_hex 0000000000000000,0000000000000000,3ff0000000000000,3ff0000000000000
DUMP orig knots_v_hex 0000000000000000,0000000000000000,3ff0000000000000,3ff0000000000000
DUMP orig weights_hex 4014b6e6992891ad,400a864c999793db,4010ca99b2590ee1,40106199a0a89a72
DUMP orig control_hex bff54a0ceafe35ba,3f95e6ac362bdf80,bfd0260ded559cd0,3feabff6729274d0,bfe5f005b8ebadd4,3fe464f413811098,bff5221fc005d982,bff86db284fd9286,bfe9576c71483e30,3fe4da546f120828,3ff47c37162b9746,bfcb0fc4c9a47fd0
DUMP orig cp[0] = (-1.3305787257589672,0.021387759024008357,-0.25232265641393514) w=5.178614037610186
DUMP orig cp[1] = (0.8359329450355748,-0.685549603627289,0.6373234158459296) w=3.3155757903464127
DUMP orig cp[2] = (-1.3208310604946694,-1.5267815775816032,-0.7919218266051242) w=4.197851931272198
DUMP orig cp[3] = (0.6516515893310997,1.2803259721781202,-0.21141872258976813) w=4.0953126051814355
REPORT orig: rational=true
REPORT orig: sampled (1.24859234123372476e0, 6.65945472815095485e0, 4.29417353797470724e0)
REPORT orig: bound   (1.24859234123372431e0, 6.65945472815121153e0, 4.29417353797474810e0)
REPORT orig: uu sampled-bound=4.440892098500626e-16 rel=3.5567189961397774e-16 RED
REPORT orig: uv sampled-bound=-2.566835632933362e-13 rel=-3.854423128792653e-14 ok
REPORT orig: vv sampled-bound=-4.085620730620576e-14 rel=-9.51433540002547e-15 ok
HEX orig bound 3ff3fa3bf67a28a0,401aa34819aa6879,40112d3bd3f3ccf6
REPORT orig: ncells=256
REPORT orig: argmax uu norm=1.24859234123372476e0 at grid(i=0,j=60) u=0.0 v=1.0 vec=(0.10706032867507108,-1.1420975522751196,0.49308630248535673)
HEX orig argmax uu u=0000000000000000 v=3ff0000000000000 vec=3fbb684e425bc2cf,bff24608153dd008,3fdf8eb9d9d1ee51
REPORT orig:   containing cell#15 u=[0.0,0.0625] v=[0.9375,1.0] cell-bound=1.24859234123372431e0 (global-cellbound=0e0)
REPORT orig:     ch0 enc=[4.64587905255181288e-2,1.07060328675073271e-1] sampled=1.07060328675071079e-1 inside=true (lo-gap=6.060153814955295e-2, hi-gap=2.192690473634684e-15)
HEX orig cell15 uu ch0 3fa7c97253d66eec 3fbb684e425bc36d
REPORT orig:     ch1 enc=[-1.14209755227511800e0,-7.72329571015147209e-1] sampled=-1.14209755227511955e0 inside=false (lo-gap=-1.5543122344752192e-15, hi-gap=3.6976798125997234e-1)
HEX orig cell15 uu ch1 bff24608153dd001 bfe8b6ec8127ccf0
REPORT orig:     ch2 enc=[3.59844384439324705e-1,4.93086302485357453e-1] sampled=4.93086302485356731e-1 inside=true (lo-gap=1.3324191804603203e-1, hi-gap=7.216449660063518e-16)
HEX orig cell15 uu ch2 3fd707b0bdb43bd1 3fdf8eb9d9d1ee5e
REPORT orig:   global uu bound attained by cell#15 u=[0.0,0.0625] v=[0.9375,1.0] = 1.24859234123372431e0
REPORT orig: argmax uv norm=6.65945472815095485e0 at grid(i=0,j=60) u=0.0 v=1.0 vec=(-1.8045267708925237,6.22153934806543,-1.544172448238182)
HEX orig argmax uv u=0000000000000000 v=3ff0000000000000 vec=bffcdf57769bd686,4018e2db35fadf6b,bff8b4ee2b49136f
REPORT orig:   containing cell#15 u=[0.0,0.0625] v=[0.9375,1.0] cell-bound=6.65945472815121153e0 (global-cellbound=0e0)
REPORT orig:     ch0 enc=[-1.80452677089266977e0,-1.38520339474610621e0] sampled=-1.80452677089252367e0 inside=true (lo-gap=1.461053500406706e-13, hi-gap=4.1932337614641746e-1)
HEX orig cell15 uv ch0 bffcdf57769bd918 bff629cb08ebe21e
REPORT orig:     ch1 enc=[5.43158094284619253e0,6.22153934806563047e0] sampled=6.22153934806542974e0 inside=true (lo-gap=7.899584052192372e-1, hi-gap=2.007283228522283e-13)
HEX orig cell15 uv ch1 4015b9f05acc67ac 4018e2db35fae04d
REPORT orig:     ch2 enc=[-1.54417244823829836e0,-1.23223686993245218e0] sampled=-1.54417244823818200e0 inside=true (lo-gap=1.163513729807164e-13, hi-gap=3.119355783057298e-1)
HEX orig cell15 uv ch2 bff8b4ee2b49157b bff3b73e0214908a
REPORT orig:   global uv bound attained by cell#15 u=[0.0,0.0625] v=[0.9375,1.0] = 6.65945472815121153e0
REPORT orig: argmax vv norm=4.29417353797470724e0 at grid(i=0,j=60) u=0.0 v=1.0 vec=(3.8028432447207474,-1.2408758329066647,1.5615815052798818)
HEX orig argmax vv u=0000000000000000 v=3ff0000000000000 vec=400e6c39143f1eff,bff3daa09e0bb1b5,3ff8fc3ce37372de
REPORT orig:   containing cell#15 u=[0.0,0.0625] v=[0.9375,1.0] cell-bound=4.29417353797474810e0 (global-cellbound=0e0)
REPORT orig:     ch0 enc=[3.09515438500404683e0,3.80284324472077984e0] sampled=3.80284324472074742e0 inside=true (lo-gap=7.076888597167006e-1, hi-gap=3.241851231905457e-14)
HEX orig cell15 vv ch0 4008c2e04d5d4e97 400e6c39143f1f48
REPORT orig:     ch1 enc=[-1.24087583290668113e0,-6.85322136897128731e-1] sampled=-1.24087583290666470e0 inside=true (lo-gap=1.6431300764452317e-14, hi-gap=5.55553696009536e-1)
HEX orig cell15 vv ch1 bff3daa09e0bb1ff bfe5ee28b0a6560a
REPORT orig:     ch2 enc=[1.22555278127335754e0,1.56158150527989759e0] sampled=1.56158150527988182e0 inside=true (lo-gap=3.360287240065243e-1, hi-gap=1.5765166949677223e-14)
HEX orig cell15 vv ch2 3ff39bdd3bb17460 3ff8fc3ce3737325
REPORT orig:   global vv bound attained by cell#15 u=[0.0,0.0625] v=[0.9375,1.0] = 4.29417353797474810e0
REPORT transposed: rational=true
REPORT transposed: sampled (4.29417353797470724e0, 6.65945472815095396e0, 1.24859234123372476e0)
REPORT transposed: bound   (4.29417353797474810e0, 6.65945472815121686e0, 1.24859234123372431e0)
REPORT transposed: uu sampled-bound=-4.085620730620576e-14 rel=-9.51433540002547e-15 ok
REPORT transposed: uv sampled-bound=-2.6290081223123707e-13 rel=-3.947782858555794e-14 ok
REPORT transposed: vv sampled-bound=4.440892098500626e-16 rel=3.5567189961397774e-16 RED
HEX transposed bound 40112d3bd3f3ccf6,401aa34819aa687f,3ff3fa3bf67a28a0
REPORT transposed: ncells=256
REPORT transposed: argmax uu norm=4.29417353797470724e0 at grid(i=60,j=0) u=1.0 v=0.0 vec=(3.8028432447207474,-1.2408758329066647,1.5615815052798818)
HEX transposed argmax uu u=3ff0000000000000 v=0000000000000000 vec=400e6c39143f1eff,bff3daa09e0bb1b5,3ff8fc3ce37372de
REPORT transposed:   containing cell#240 u=[0.9375,1.0] v=[0.0,0.0625] cell-bound=4.29417353797474810e0 (global-cellbound=0e0)
REPORT transposed:     ch0 enc=[3.09515438500404683e0,3.80284324472077984e0] sampled=3.80284324472074742e0 inside=true (lo-gap=7.076888597167006e-1, hi-gap=3.241851231905457e-14)
HEX transposed cell240 uu ch0 4008c2e04d5d4e97 400e6c39143f1f48
REPORT transposed:     ch1 enc=[-1.24087583290668113e0,-6.85322136897128731e-1] sampled=-1.24087583290666470e0 inside=true (lo-gap=1.6431300764452317e-14, hi-gap=5.55553696009536e-1)
HEX transposed cell240 uu ch1 bff3daa09e0bb1ff bfe5ee28b0a6560a
REPORT transposed:     ch2 enc=[1.22555278127335643e0,1.56158150527989759e0] sampled=1.56158150527988182e0 inside=true (lo-gap=3.360287240065254e-1, hi-gap=1.5765166949677223e-14)
HEX transposed cell240 uu ch2 3ff39bdd3bb1745b 3ff8fc3ce3737325
REPORT transposed:   global uu bound attained by cell#240 u=[0.9375,1.0] v=[0.0,0.0625] = 4.29417353797474810e0
REPORT transposed: argmax uv norm=6.65945472815095396e0 at grid(i=60,j=0) u=1.0 v=0.0 vec=(-1.8045267708925237,6.221539348065428,-1.544172448238182)
HEX transposed argmax uv u=3ff0000000000000 v=0000000000000000 vec=bffcdf57769bd686,4018e2db35fadf69,bff8b4ee2b49136f
REPORT transposed:   containing cell#240 u=[0.9375,1.0] v=[0.0,0.0625] cell-bound=6.65945472815121686e0 (global-cellbound=0e0)
REPORT transposed:     ch0 enc=[-1.80452677089274238e0,-1.38520339474603715e0] sampled=-1.80452677089252367e0 inside=true (lo-gap=2.1871393585115584e-13, hi-gap=4.193233761464865e-1)
HEX transposed cell240 uv ch0 bffcdf57769bda5f bff629cb08ebe0e7
REPORT transposed:     ch1 enc=[5.43158094284621296e0,6.22153934806560915e0] sampled=6.22153934806542797e0 inside=true (lo-gap=7.89958405219215e-1, hi-gap=1.8118839761882555e-13)
HEX transposed cell240 uv ch1 4015b9f05acc67c3 4018e2db35fae035
REPORT transposed:     ch2 enc=[-1.54417244823832145e0,-1.23223686993246306e0] sampled=-1.54417244823818200e0 inside=true (lo-gap=1.3944401189291966e-13, hi-gap=3.1193557830571894e-1)
HEX transposed cell240 uv ch2 bff8b4ee2b4915e3 bff3b73e021490bb
REPORT transposed:   global uv bound attained by cell#240 u=[0.9375,1.0] v=[0.0,0.0625] = 6.65945472815121686e0
REPORT transposed: argmax vv norm=1.24859234123372476e0 at grid(i=60,j=0) u=1.0 v=0.0 vec=(0.10706032867507108,-1.1420975522751196,0.49308630248535673)
HEX transposed argmax vv u=3ff0000000000000 v=0000000000000000 vec=3fbb684e425bc2cf,bff24608153dd008,3fdf8eb9d9d1ee51
REPORT transposed:   containing cell#240 u=[0.9375,1.0] v=[0.0,0.0625] cell-bound=1.24859234123372431e0 (global-cellbound=0e0)
REPORT transposed:     ch0 enc=[4.64587905255181288e-2,1.07060328675073271e-1] sampled=1.07060328675071079e-1 inside=true (lo-gap=6.060153814955295e-2, hi-gap=2.192690473634684e-15)
HEX transposed cell240 vv ch0 3fa7c97253d66eec 3fbb684e425bc36d
REPORT transposed:     ch1 enc=[-1.14209755227511800e0,-7.72329571015147209e-1] sampled=-1.14209755227511955e0 inside=false (lo-gap=-1.5543122344752192e-15, hi-gap=3.6976798125997234e-1)
HEX transposed cell240 vv ch1 bff24608153dd001 bfe8b6ec8127ccf0
REPORT transposed:     ch2 enc=[3.59844384439324316e-1,4.93086302485357453e-1] sampled=4.93086302485356731e-1 inside=true (lo-gap=1.3324191804603241e-1, hi-gap=7.216449660063518e-16)
HEX transposed cell240 vv ch2 3fd707b0bdb43bca 3fdf8eb9d9d1ee5e
REPORT transposed:   global vv bound attained by cell#240 u=[0.9375,1.0] v=[0.0,0.0625] = 1.24859234123372431e0
REPORT unitw: rational=false
REPORT unitw: sampled (1.65086607658823443e-16, 3.53294894984839969e0, 0.00000000000000000e0)
REPORT unitw: bound   (3.84993108707641654e-162, 3.53294894984840369e0, 3.84993108707641654e-162)
REPORT unitw: uu sampled-bound=1.6508660765882344e-16 rel=4.2880405889079926e145 RED
REPORT unitw: uv sampled-bound=-3.9968028886505635e-15 rel=-1.1312936997920855e-15 ok
REPORT unitw: vv sampled-bound=-3.8499310870764165e-162 rel=-1e0 ok
HEX unitw bound 1e6bb67ae8584cab,400c437abd304aa0,1e6bb67ae8584cab
REPORT unitw: ncells=1
REPORT unitw: argmax uu norm=1.65086607658823443e-16 at grid(i=2,j=1) u=0.03333333333333333 v=0.016666666666666666 vec=(6.779835285011325e-19,-1.550428453746354e-16,-5.669959845334255e-17)
HEX unitw argmax uu u=3fa1111111111111 v=3f91111111111111 vec=3c29035f95f42a08,bca6581245d6ff24,bc9057b12220cbd1
REPORT unitw:   containing cell#0 u=[0.0,1.0] v=[0.0,1.0] cell-bound=3.84993108707641654e-162 (global-cellbound=0e0)
REPORT unitw:     ch0 enc=[0.00000000000000000e0,0.00000000000000000e0] sampled=6.77983528501132490e-19 inside=false (lo-gap=6.779835285011325e-19, hi-gap=-6.779835285011325e-19)
HEX unitw cell0 uu ch0 0000000000000000 0000000000000000
REPORT unitw:     ch1 enc=[0.00000000000000000e0,0.00000000000000000e0] sampled=-1.55042845374635400e-16 inside=false (lo-gap=-1.550428453746354e-16, hi-gap=1.550428453746354e-16)
HEX unitw cell0 uu ch1 0000000000000000 0000000000000000
REPORT unitw:     ch2 enc=[0.00000000000000000e0,0.00000000000000000e0] sampled=-5.66995984533425458e-17 inside=false (lo-gap=-5.669959845334255e-17, hi-gap=5.669959845334255e-17)
HEX unitw cell0 uu ch2 0000000000000000 0000000000000000
REPORT unitw:   global uu bound attained by cell#0 u=[0.0,1.0] v=[0.0,1.0] = 3.84993108707641654e-162
REPORT unitw: argmax uv norm=3.53294894984839969e0 at grid(i=1,j=5) u=0.016666666666666666 v=0.08333333333333333 vec=(-0.19402902096877292,3.5140449124110216,-0.3091429682445086)
HEX unitw argmax uv u=3f91111111111111 v=3fb5555555555555 vec=bfc8d5f165c4945f,400c1cc3943bd81c,bfd3c8ff96998188
REPORT unitw:   containing cell#0 u=[0.0,1.0] v=[0.0,1.0] cell-bound=3.53294894984840369e0 (global-cellbound=0e0)
REPORT unitw:     ch0 enc=[-1.94029020968773169e-1,-1.94029020968772697e-1] sampled=-1.94029020968772919e-1 inside=true (lo-gap=2.498001805406602e-16, hi-gap=2.220446049250313e-16)
HEX unitw cell0 uv ch0 bfc8d5f165c49468 bfc8d5f165c49457
REPORT unitw:     ch1 enc=[3.51404491241101624e0,3.51404491241102424e0] sampled=3.51404491241102157e0 inside=true (lo-gap=5.329070518200751e-15, hi-gap=2.6645352591003757e-15)
HEX unitw cell0 uv ch1 400c1cc3943bd810 400c1cc3943bd822
REPORT unitw:     ch2 enc=[-3.09142968244509708e-1,-3.09142968244507377e-1] sampled=-3.09142968244508598e-1 inside=true (lo-gap=1.1102230246251565e-15, hi-gap=1.2212453270876722e-15)
HEX unitw cell0 uv ch2 bfd3c8ff9699819c bfd3c8ff96998172
REPORT unitw:   global uv bound attained by cell#0 u=[0.0,1.0] v=[0.0,1.0] = 3.53294894984840369e0
REPORT unitw: argmax vv norm=0.00000000000000000e0 at grid(i=0,j=0) u=0.0 v=0.0 vec=(0.0,0.0,0.0)
HEX unitw argmax vv u=0000000000000000 v=0000000000000000 vec=0000000000000000,0000000000000000,0000000000000000
REPORT unitw:   containing cell#0 u=[0.0,1.0] v=[0.0,1.0] cell-bound=3.84993108707641654e-162 (global-cellbound=0e0)
REPORT unitw:     ch0 enc=[0.00000000000000000e0,0.00000000000000000e0] sampled=0.00000000000000000e0 inside=true (lo-gap=0e0, hi-gap=0e0)
HEX unitw cell0 vv ch0 0000000000000000 0000000000000000
REPORT unitw:     ch1 enc=[0.00000000000000000e0,0.00000000000000000e0] sampled=0.00000000000000000e0 inside=true (lo-gap=0e0, hi-gap=0e0)
HEX unitw cell0 vv ch1 0000000000000000 0000000000000000
REPORT unitw:     ch2 enc=[0.00000000000000000e0,0.00000000000000000e0] sampled=0.00000000000000000e0 inside=true (lo-gap=0e0, hi-gap=0e0)
HEX unitw cell0 vv ch2 0000000000000000 0000000000000000
REPORT unitw:   global vv bound attained by cell#0 u=[0.0,1.0] v=[0.0,1.0] = 3.84993108707641654e-162
DUMP refined pu=1 pv=1 nu=17 nv=17
DUMP refined knots_u [0.0, 0.0, 0.0625, 0.125, 0.1875, 0.25, 0.3125, 0.375, 0.4375, 0.5, 0.5625, 0.625, 0.6875, 0.75, 0.8125, 0.875, 0.9375, 1.0, 1.0]
DUMP refined knots_v [0.0, 0.0, 0.0625, 0.125, 0.1875, 0.25, 0.3125, 0.375, 0.4375, 0.5, 0.5625, 0.625, 0.6875, 0.75, 0.8125, 0.875, 0.9375, 1.0, 1.0]
DUMP refined knots_u_hex 0000000000000000,0000000000000000,3fb0000000000000,3fc0000000000000,3fc8000000000000,3fd0000000000000,3fd4000000000000,3fd8000000000000,3fdc000000000000,3fe0000000000000,3fe2000000000000,3fe4000000000000,3fe6000000000000,3fe8000000000000,3fea000000000000,3fec000000000000,3fee000000000000,3ff0000000000000,3ff0000000000000
DUMP refined knots_v_hex 0000000000000000,0000000000000000,3fb0000000000000,3fc0000000000000,3fc8000000000000,3fd0000000000000,3fd4000000000000,3fd8000000000000,3fdc000000000000,3fe0000000000000,3fe2000000000000,3fe4000000000000,3fe6000000000000,3fe8000000000000,3fea000000000000,3fec000000000000,3fee000000000000,3ff0000000000000,3ff0000000000000
DUMP refined weights_hex 4014b6e6992891ad,40143faa9462c531,4013c86e8f9cf8b5,401351328ad72c3a,4012d9f686115fbe,401262ba814b9342,4011eb7e7c85c6c6,4011744277bffa4b,4010fd0672fa2dce,401085ca6e346152,40100e8e696e94d6,400f2ea4c95190b4,400e402cbfc5f7bc,400d51b4b63a5ec4,400c633cacaec5cc,400b74c4a3232cd4,400a864c999793db,40147821cabb9980,401407f086307957,401397bf41a5592e,4013278dfd1a3906,4012b75cb88f18de,4012472b7403f8b5,4011d6fa2f78d88d,401166c8eaedb865,4010f697a662983c,4010866661d77813,401016351d4c57eb,400f4c07b1826f85,400e6ba5286c2f33,400d8b429f55eee1,400caae0163fae90,400bca7d8d296e3e,400aea1b04132deb,4014395cfc4ea153,4013d03677fe2d7e,4013670ff3adb9a9,4012fde96f5d45d4,401294c2eb0cd1ff,40122b9c66bc5e2a,4011c275e26bea55,4011594f5e1b7680,4010f028d9cb02aa,40108702557a8ed5,40101ddbd12a1b00,400f696a99b34e55,400e971d911266aa,400dc4d088717eff,400cf2837fd09754,400c2036772fafa8,400b4de96e8ec7fc,4013fa982de1a926,4013987c69cbe1a4,40133660a5b61a22,4012d444e1a052a0,401272291d8a8b1f,4012100d5974c39d,4011adf1955efc1b,40114bd5d1493499,4010e9ba0d336d17,4010879e491da595,401025828507de13,400f86cd81e42d22,400ec295f9b89e1e,400dfe5e718d0f19,400d3a26e9618015,400c75ef6135f110,400bb1b7d90a620c,4013bbd35f74b0fa,401360c25b9995cb,401305b157be7a9d,4012aaa053e35f6e,40124f8f50084440,4011f47e4c2d2910,4011996d48520de1,40113e5c4476f2b2,4010e34b409bd783,4010883a3cc0bc54,40102d2938e5a126,400fa4306a150bef,400eee0e625ed592,400e37ec5aa89f35,400d81ca52f268d8,400ccba84b3c327a,400c15864385fc1d,40137d0e9107b8cd,401329084d6749f1,4012d50209c6db16,401280fbc6266c3a,40122cf58285fd5f,4011d8ef3ee58e84,401184e8fb451fa8,401130e2b7a4b0cd,4010dcdc740441f1,401088d63063d316,401034cfecc3643b,400fc1935245eac0,400f1986cb050d0a,400e717a43c42f54,400dc96dbc83519d,400d2161354273e6,400c7954ae01962e,40133e49c29ac0a0,4012f14e3f34fe18,4012a452bbcf3b90,4012575738697908,40120a5bb503b681,4011bd60319df3f8,40117064ae383170,401123692ad26ee8,4010d66da76cac60,401089722406e9d8,40103c76a0a12750,400fdef63a76c990,400f44ff33ab4480,400eab082cdfbf70,400e111126143a60,400d771a1f48b550,400cdd23187d303f,4012ff84f42dc874,4012b9943102b240,401273a36dd79c0b,40122db2aaac85d7,4011e7c1e7816fa3,4011a1d12456596e,40115be0612b4339,401115ef9e002d04,4010cffedad516cf,40108a0e17aa009a,4010441d547eea65,400ffc5922a7a860,400f70779c517bf7,400ee49615fb4f8d,400e58b48fa52324,400dccd3094ef6ba,400d40f182f8ca50,4012c0c025c0d047,401281da22d06666,401242f41fdffc85,4012040e1cef92a4,4011c52819ff28c2,40118642170ebee0,4011475c141e54fe,40110876112deb1d,4010c9900e3d813b,40108aaa0b4d175a,40104bc4085cad79,40100cde056c4398,400f9bf004f7b36e,400f1e23ff16dfaa,400ea057f9360be7,400e228bf3553824,400da4bfed746460,401281fb5753d81a,40124a20149e1a8c,40121244d1e85cfe,4011da698f329f70,4011a28e4c7ce1e2,40116ab309c72453,401132d7c71166c5,4010fafc845ba937,4010c32141a5eba9,40108b45fef02e1b,4010536abc3a708d,40101b8f7984b2ff,400fc7686d9deae2,400f57b1e8326fc6,400ee7fb62c6f4aa,400e7844dd5b798d,400e088e57effe70,4012433688e6dfed,40121266066bceb2,4011e19583f0bd78,4011b0c50175ac3d,40117ff47efa9b02,40114f23fc7f89c7,40111e537a04788c,4010ed82f7896751,4010bcb2750e5616,40108be1f29344db,40105b11701833a1,40102a40ed9d2266,400ff2e0d6442258,400f913fd14dffe2,400f2f9ecc57dd6c,400ecdfdc761baf6,400e6c5cc26b9881,40120471ba79e7c1,4011daabf83982da,4011b0e635f91df2,4011872073b8b90a,40115d5ab1785422,40113394ef37ef3a,401109cf2cf78a52,4010e0096ab7256b,4010b643a876c084,40108c7de6365b9d,401062b823f5f6b6,401038f261b591ce,40100f2c9f752ce7,400fcacdba698ffe,400f774235e8c62f,400f23b6b167fc60,400ed02b2ce73291,4011c5acec0cef94,4011a2f1ea073700,40118036e8017e6c,40115d7be5fbc5d8,40113ac0e3f60d44,40111805e1f054af,4010f54adfea9c1b,4010d28fdde4e387,4010afd4dbdf2af3,40108d19d9d9725f,40106a5ed7d3b9cb,401047a3d5ce0137,401024e8d3c848a3,4010022dd1c2900e,400fbee59f79aef4,400f796f9b6e3dcb,400f33f99762cca2,401186e81d9ff767,40116b37dbd4eb27,40114f879a09dee6,401133d7583ed2a5,401118271673c664,4010fc76d4a8ba23,4010e0c692ddade2,4010c5165112a1a1,4010a9660f479560,40108db5cd7c891f,401072058bb17cdf,4010565549e6709e,40103aa5081b645d,40101ef4c650581c,4010034484854bdc,400fcf2885747f36,400f97c801de66b3,401148234f32ff3b,4011337dcda29f4d,40111ed84c123f60,40110a32ca81df72,4010f58d48f17f85,4010e0e7c7611f97,4010cc4245d0bfa9,4010b79cc4405fbc,4010a2f742afffce,40108e51c11f9fe0,401079ac3f8f3ff3,40106506bdfee006,401050613c6e8019,40103bbbbade202c,40102716394dc03e,40101270b7bd6050,400ffb966c5a00c4,4011095e80c6070e,4010fbc3bf705374,4010ee28fe1a9fda,4010e08e3cc4ec40,4010d2f37b6f38a6,4010c558ba19850c,4010b7bdf8c3d171,4010aa23376e1dd7,40109c8876186a3d,40108eedb4c2b6a3,40108152f36d0309,401073b832174f6e,4010661d70c19bd4,40105882af6be83a,40104ae7ee1634a0,40103d4d2cc08105,40102fb26b6acd6a,4010ca99b2590ee1,4010c409b13e079a,4010bd79b0230053,4010b6e9af07f90c,4010b059adecf1c6,4010a9c9acd1ea7f,4010a339abb6e338,40109ca9aa9bdbf1,40109619a980d4aa,40108f89a865cd63,401088f9a74ac61c,40108269a62fbed5,40107bd9a514b78e,40107549a3f9b047,40106eb9a2dea900,40106829a1c3a1b9,40106199a0a89a72
DUMP refined control_hex bff54a0ceafe35ba,3f95e6ac362bdf80,bfd0260ded559cd0,bff3dec93937a5b9,bf7eee007e8feaa4,bfcba2c15e5ebcae,bff2626aa415b9ba,bfa3617120152dcc,bfc6c135e05baa5e,bff0d3b46e196f25,bfb1d25430c42ef8,bfc1a368dc203738,bfee62951893eea9,bfba5acbfd070110,bfb889c5f07b6b49,bfeaf35b5e607a7a,bfc1a8f894040324,bfaa82e3ffb8a1ea,bfe7566d5b10d180,bfc660327971c42c,bf762f9a9576b890,bfe38822663043c9,bfcb57da3782916a,3fa63b50255e69db,bfdf08d63e70ac1e,bfd04a9e34635ad6,3fb84dc9a4926377,bfd68d85e67a35e5,bfd30f1f4f983936,3fc31e213e811dc0,bfcb287c762eda30,bfd5fcbac9c4c791,3fca7cd171d45bee,bfb046d4e2ba0f3e,bfd9171fa7731714,3fd1261d73ff0fdd,3fb81b0c755430ea,bfdc627114c19c98,3fd54b63bb225afe,3fd0c375491d3da0,bfdfe358d9225e75,3fd9b419de576c1a,3fdc348c013fe584,bfe1cf8eb691d115,3fde66e35e047b74,3fe43631d35cdd5a,bfe3cdde47915440,3fe1b5a52f29e626,3feabff6729274d0,bfe5f005b8ebadd4,3fe464f413811098,bff54800e076073e,bfadb07e651e87a8,bfd1eb52ce72595c,bff3d5e41ef5b01a,bfb3fb9747da41b0,bfcf415fbaa0f158,bff25338ad26f77e,bfb959c742d5428e,bfca779d02266bd8,bff0bedb9a0fd8b1,bfbef6d91dd22f04,bfc575c3275c100b,bfee2f1d694fa90d,bfc26b9bd5b08912,bfc037e17bbdced7,bfeab7ea8f09b944,bfc57fdd1943f427,bfb5734d26597d18,bfe71520b285be8c,bfc8bad8e0892b26,bfa3d95187e3b3c1,bfe34374b7d53803,bfcc1f7c409a6ff6,3f8174d70bf2ba7c,bfde7e88c47a4238,bfcfb101b7dad448,3fadd4055deaab3a,bfd609158d1202a0,bfd1b97db8e4a6b0,3fbc524c5ca404a2,bfca3b4b67a4b696,bfd3b4af9c2eefb8,3fc53acc893cb98c,bfad927be9522b64,bfd5cc4a33930844,3fccb1cf96daccab,3fb90fed336ee508,bfd802c223df6a69,3fd24b79284de973,3fd0d198bd5f84ac,bfda5ad6abf0f6ab,3fd67a00ee7ed03c,3fdc046a1cf82e7a,bfdcd79d0c4c7466,3fdae9ff204720f2,3fe3f6087cae5e91,bfdf7c8e17357fb3,3fdfa1a561185ba2,3fea4d1c11b809b7,bfe126cb339ac023,3fe253f9f1012c5a,bff545e821081ecc,bfc1d425bb1e9f8e,bfd3bb9546ffe04b,bff3ccccfb96f99f,bfc336eb71e03311,bfd17a2d3e34fd7a,bff243ba74e5947b,bfc4a8b677bb7f53,bfce40a59fa88ab4,bff0a9a75a40012d,bfc62a804aa28342,bfc958dfd9dcff49,bfedfae60bd84505,bfc7bd5878078b08,bfc439953e157c80,bfea7bc57154eda1,bfc962671b2d79a2,bfbdbe03e512e9be,bfe6d33d2a1f221c,bfcb1aefb40be554,bfb28a11e5057abc,bfe2fe5c5a37461a,bfcce854657510b7,bf9b394c01521156,bfddf3d23dba25be,bfcecc19ac04d6d8,3f95fc6796abcba0,bfd584aef70a0b9e,bfd063f5516ddf66,3fb26911547b9f7c,bfc94efb8e4f99d2,bfd16ecef7b914a2,3fbffb8b48223c45,bfaa9ce1fd8cabe4,bfd2879db98d3674,3fc721e020e199dd,3fba0215f9d40e64,bfd3af8173ad8762,3fcea82a288ffdf1,3fd0df8586172860,bfd4e7b9c93f3865,3fd34c624f923cf2,3fdbd53674b3e40e,bfd631aaa600f1f8,3fd77e5e4f794708,3fe3b76640c69c3a,bfd78ee18ac7d8e2,3fdbef16fbc764fc,3fe9dd8957804c8e,bfd9011bcedb7794,3fe0521af9ba9a9d,bff543c234f10f28,bfcc7d8f49c08132,bfd5973cedd857df,bff3c382243a86a4,bfcca4808ac06d78,bfd35e2faca6f19d,bff233edb79ed9ee,bfccccff84079ea0,bfd10e6ead71ee03,bff094155019de03,bfccf7247e7ba58f,bfcd4d2e25bacc04,bfedc5eac984ee87,bfcd2309c7a95d38,bfc84a5103bf9def,bfea3ee8cbf6920c,bfcd50cbe8940f4e,bfc3110401b37b24,bfe690c0b49979c1,bfcd8089e3a5821d,bfbb3b79ba0b7b38,bfe2b8d853ff14e7,bfcdb2657ad9faf1,bfafb2840420f8f8,bfdd68b232528db0,bfcde6837f768f6a,bf8f97c6d526ce34,bfd50052234dfaec,bfce1d0c2cd623ef,3fa101229fb31de2,bfc8638baa08f7b0,bfce562b9024b88d,3fb58b6b530b8076,bfa7accc69225f3c,bfce9211ff3c6057,3fc19c4f3518143a,3fbaf1924f267cf2,bfced0f4a1478c9f,3fc8ca26b43df225,3fd0ed3cddfbaef3,bfcf130e0c567657,3fd02af62cfd2455,3fdba6ea30a61386,bfcf589efbc02b48,3fd42381fa6753ef,3fe37a3d51ad77a1,bfcfa1ef23fbe170,3fd852ce8f0a6eed,3fe9711acdf166e0,bfcfef4e29a82567,3fdcbd67b6bbbc34,bff5418e9e79a60d,bfd3b5661d87c003,bfd77eb67fd1b420,bff3ba01dad0eaf6,bfd32427c0d3d559,bfd54d11ea89dbd6,bff223d01a717044,bfd28d7ab8c3caad,bfd3066bbfe7ce0f,bff07e2307e8b68c,bfd1f10f83c693ac,bfd0a9908ea7a2c1,bfed90274bd3b448,bfd14e9072a313b0,bfcc6a6a02d18286,bfea015151d83951,bfd0a5a10bc9fe83,bfc74fe7019fdc27,bfe64da93b1fe93b,bfcfebbab74eae32,bfc20093185e7fba,bfe272e7a8c9ea50,bfce7db25e6a3120,bfb8f252f85eae88,bfdcdd2829af0eba,bfcd003e6b346d0f,bfaad87b8370e0aa,bfd47bff10c9a378,bfcb72600a27ac2f,bf76733c5ee9d9e0,bfc778fa7d07f890,bfc9d301fd7abbfa,3fa64a5638f06509,bfa4c22bcd03c074,bfc820f61800f29c,3fb841ffded87df1,3fbbde6d793d267a,bfc65af25f01062e,3fc2fca140269931,3fd0fabff666f7f4,bfc47f8dc4563ed4,3fca2aedaace6a1c,3fdb797ebb762c1a,bfc28d3c675af59f,3fd0d8f000a60371,3fe33e8085cc5925,bfc0824b47a59b29,3fd4cc052fc2cd26,3fe907aef7282f99,bfbcb9b6a0c3b266,3fd8f254aa900259,bff53f4cd9971153,bfd94f35f5c80623,bfd9727432a69746,bff3b04a4d0558ee,bfd81218bd6d5885,bfd74732d99bf084,bff2135f2a21b7e0,bfd6c9edbc035c3b,bfd50896a6c7530c,bff067cdf7e539fe,bfd5761e5c0cd759,bfd2b597ef69ced5,bfed59971b3a628b,bfd41609277f848e,bfd04d1bfd1ed8cc,bfe9c2fba17fbe8b,bfd2a900c7b898fe,bfcb9be69b121d15,bfe609f49d143426,bfd12e4ae8a92034,bfc66daf3f332ed3,bfe22c89591dbcab,bfcf4a3df6c2dfbe,bfc10cd38f6bc632,bfdc5133aa833ea9,bfcc1949a7133cfd,bfb6ecbd0bcc2207,bfd3f7b5be6900d6,bfc8c7e6354058e5,bfa69c7c030c95a8,bfc68f46cbdbe33e,bfc5541b2604c3ae,3f69179508cceb80,bfa1dcf10306eb64,bfc1bbc64788eb9c,3faabf575af2b0a2,3fbcc8b27ee8015c,bfbbf92e94c805be,3fba7ea9482da8da,3fd1080ff7adc4b1,bfb42815919c9f26,3fc417414cfefb88,3fdb4cedbf20de46,bfa7fd92961abc39,3fcb3c65b153f7ef,3fe304234e7b8f52,bf8bba9a7df0350c,3fd159fd1841f28c,3fe8a1262ad58feb,3f95d33e54119e58,3fd541d93322523e,bff53cfc5b83b012,bfdf0d8f8f446ac2,bfdb72ee0e35d41f,bff3a659931374d9,bfdd1d0aad2845f8,bfd94cf5b8210781,bff2029859dbca7a,bfdb1c80ffe0491a,bfd7153f22106e2e,bff051137f3aec63,bfd90b28d3450fbe,bfd4caeae127f50a,bfed22359de9bd8b,bfd6e82b00559087,bfd26d0aa5113038,bfe983e44470e4dc,bfd4b2a1c9691071,bfcff53fe9870c31,bfe5c5a0afd52c48,bfd2699798304434,bfcae53593b70746,bfe1e5bc625d0bf9,bfd00c0599d057dc,bfc5a7b00ccbc25e,bfdbc4d43ac954fa,bfcb31a469b5e696,bfc03a3f80d9073a,bfd373762b183744,bfc61d9ea890fd49,bfb5348d7793d1f6,bfc5a66f5d6696f9,bfc0d97103c38dcc,bfa313dbd69eb501,bf9dfa1a39c29c08,bfb6c4c326bae9b2,3f848b4daeb79034,3fbdb06c29a61da2,bfa6d602f81a1759,3fae47f4e1af41c2,3fd1152e01745baa,3f582e0566096c80,3fbc34c7e6ac5e5b,3fdb213122059b46,3fa94a80c193b9b3,3fc4e5b2b236781c,3fe2cb19af3498a8,3fb969fd2a7582e6,3fcbf802467c26de,3fe83d627687e3d5,3fc35b790732e5a6,3fd1aae175f982b7,bff53a9c924fe651,bfe278ee8972c1bc,bfdd80a24cab2a23,bff39c2dae885c14,bfe1230041d4ff26,bfdb5ec261c8e1e0,bff1f17901e1d251,bfdf85e3a7b03eca,bfd92cb83b7142e8,bff039f0e5001f77,bfdcb09cc053bdc9,bfd6e9c945010173,bfece9fe16826300,bfd9c533cac95d94,bfd4952f8698dd8c,bfe94407ae8929e7,bfd6c2a1652d45bf,bfd22e18c342f877,bfe580ab3e83879f,bfd3a7cd98d8aa85,bfcf674b03887f3b,bfe19e7fbeba81a0,bfd0738e8701dff2,bfca49cffb6d92e6,bfdb38095fc0c842,bfca494de88b222c,bfc501c5fc751b88,bfd2ef4055c393a6,bfc373895e8b3e3f,bfbf1a223cba8160,bfc4be72fad7151d,bfb8c5fb381a3f5e,bfb3d2e265f01a76,bf9844e2c64e0090,bfa4529de8e4d23c,bfa051fab4106057,3fbe95a5074d8b24,3f93d58e4f638aba,3f8f458cbb0636e8,3fd1221b2aff79d3,3fb49d029a73c318,3fb067ac462f012a,3fdaf643041dd351,3fc26a79c73458b0,3fbd59da14bbc0d4,3fe29358355c5f32,3fcad2935ed8f717,3fc562c89f7e1cc7,3fe7dc47807d8b07,3fd1c5891358a81a,3fcc58d09a5e71ea,bff5382ce46a380a,bfe57ecdcd30f879,bfdf9c15c2332822,bff391c488ed296f,bfe3c704b1bef231,bfdd7d059529f133,bff1dffe5e25483d,bfe203661138209f,bfdb4f587219a498,bff02263571f9dd0,bfe03375f8d5c01e,bfd912754ab1d3b0,bfecb0eba2ba8f3f,bfdcad6335da48fb,bfd6c5ba99a180b8,bfe903623d558b1d,bfd8d91da7d52eee,bfd4687dcaae425e,bfe53b1209c510de,bfd4e8f7499a9666,bfd1fa0a95d57ecc,bfe156d2652c5556,bfd0dbbb442a249e,bfcef3449851724f,bfdaaad29dece84c,bfc9604557cb2a72,bfc9ccf629dd651f,bfd26b143d578b78,bfc0c9a651a19222,bfc47f7e32cd4e96,bfc3d7506fa41a00,bfafc2ebfdc8ab9c,bfbe122e7561becc,bf929a1ea89f3960,3f82d880e226d660,bfb2cfc0098b57f4,3fbf78676ba5968a,3fb528bd7cb8e62e,bf9ccecb3b7f1664,3fd12ed88381c1bb,3fc44739440e3bae,3f9318e085378844,3fdacc1dbc5b474a,3fce49c04f9dd570,3fb122856f58a4da,3fe25cd3f0999480,3fd44fecd50d7f57,3fbde6053543fec0,3fe77dba6cc4e5f2,3fd9a6d6a2cd736d,3fc58aec9fc31d44,bff535acb01ddc70,bfe8992e38b6d6c0,bfe0e2ea2676a5f4,bff3871bf25916c0,bfe67b20abd84214,bfdfa8313e325006,bff1ce258cc98aba,bfe44ffc46851e68,bfdd7d79e952fe03,bff00a67e9331ec7,bfe217462dc88811,bfdb45338b7d5c19,bfec76f939f3f680,bfdfa0fae45523a8,bfd8fedd4e8e3287,bfe8c1f03761fb08,bfdaf6355c6276ba,bfd6a9efe7a52983,bfe4f4d2c78624c3,bfd62d1f3aeb1bbd,bfd445dd2e4e82a0,bfe10eb3495f761e,bfd1448d5743f8e2,bfd1d20fab97acba,bfda1d2f79137526,bfc87689ea7568e0,bfce9bd440a45324,bfd1e6f1e0c0bcd2,bfbc3feaf88e8185,bfc9718e0368afde,bfc2f1068986c53d,bf9c151a4d1de9dc,bfc423efd6e2d891,bf89f3628f01e170,3fad91326c30999c,bfbd6314192386fc,3fc02c5eb8f9ef6e,3fc297e28b72e5c6,bfb231b187c65777,3fd13b671265d56c,3fce1b521dae8788,bf9ac21412525434,3fdaa2bbd62af38e,3fd4f8fe98dbeaca,3f948f4a99381680,3fe227826bac6650,3fdb0fbba0f77c66,3fb14ee83f665c60,3fe721a1c4742fb9,3fe0a9e23f68719e,3fbdd483b7b30130,bff5331b4b06e435,bfebc8e338646f91,bfe1ff38a6f158aa,bff37c319fe92d3b,bfe93fe90d6a60af,bfe0f05e62fd028a,bff1bbeb8c8e1e2e,bfe6a9178d6ffc41,bfdfb77a9a116029,bfefe3f7269b10a8,bfe403fc24765786,bfdd824b2690bf18,bfec3c21abc0d5bc,bfe1501f4010a1c3,bfdb40ca9cc34868,bfe87fadcb823ff8,bfdd1a0811f293c6,bfd8f290c8102d23,bfe4adeb22b96dcb,bfd774502fe4ae1b,bfd69730cf45e1cc,bfe0c6215baa75e2,bfd1ae064b23e8b4,bfd42e38f1a863ce,bfd98f1f743b32cf,bfc78c1ad24e1c64,bfd1b7323f6c053a,bfd162d93eebee5a,bfb6ecedb1e0c636,bfce63409a7c7d2e,bfc20b94187550c7,3f7ce9ebd4d8b8d0,bfc93a01c4ea6c61,bf7d8df9c6e0b7a0,3fbb1f8a9e0c2efd,bfc3f19742e9d8e2,3fc09b587f3e60be,3fca8597a6567ee2,bfbd11c6a738c331,3fd147c7d79545be,3fd3e5ca146c0b8e,bfb1fd74ce3e28d5,3fda7a180f1a4798,3fdab255db62e9a3,bf9a8f12332f44be,3fe1f359a5bdb45b,3fe0d4fd1e2c4dc4,3f93f776a7b726ec,3fe6c7e55ec92367,3fe4672b0d6d9031,3fb0ea2674c871c9,bff53078017af48c,bfef0ecbbad290e2,bfe3234415ee9d62,bff371032a1b42e5,bfec15f9f64c1174,bfe21392b4360e81,bff1a94d3b1ec199,bfe90f1f428a1b02,bfe0fede43db7f7a,bfefb2366167e33e,bfe5f9d74769bd2b,bfdfca05defc2ead,bfec005f9e57513d,bfe2d5b9e73a2b1d,bfdd8bb711dde800,bfe83c971013f264,bfdf44b621e1ba4d,bfdb4282f1ad02bf,bfe46658bb15cfa8,bfd8be951f780e71,bfd8ee195ad27cc8,bfe07d1b89003665,bfd21827af8b969c,bfd68e2710374ede,bfd900a211aa79a4,bfc6a0f73fdbfaed,bfd4225594876fe8,bfd0deca56c60f42,bfb19a54c423c691,bfd1aa4b012a2566,bfc126f7ee9dd6f3,3fa5348b1f25881c,bfce4b53b58d765b,bf5d76a5c2d74500,3fc3b010dbc5d442,bfc92821c652e436,3fc10925dffbca3c,3fd12eeb4d3b9c2d,bfc3ea35d0b1bbbe,3fd153fbcbbc7f20,3fd8ac6104e55c3b,bfbd217a429ff60d,3fda522d549c87c2,3fe028ce6a7d6b98,bfb235b88e344040,3fe1c0500c1cc876,3fe40fef6f745f81,bf9c3d74f0074e1a,3fe6706e4c053861,3fe80c3a6a054c64,3f914dd16de3d258,bff52dc215e57c98,bff135e97e077880,bfe44f5e7089b126,bff3658e0b09ca4f,bfeefdf73b941fcc,bfe33df74823e0e7,bff1964753475a0e,bfeb827f408aa6a7,bfe22852fc242e9b,bfef7f86fd088963,bfe7f919617b227e,bfe10e581dad81fb,bfebc3ad8cf227ff,bfe46171627cd08a,bfdfdfd8e1a2f620,bfe7f8a802394d43,bfe0bb305b1494fa,bfdd99e9c8da6c18,bfe41e1924d272f9,bfda0bf935a5de46,bfdb4aab13442084,bfe033a0bae2562c,bfd282f3193d7654,bfd8f1e315c99229,bfd871b6d2e5c375,bfc5b51e6265cd48,bfd68f564539f796,bfd05ac5273c372f,bfa890404885f11a,bfd422c7229d1485,bfc04330e06126de,3fb35db96a99f0dc,bfd1abf6268c4815,3f6d5532ff014c40,3fc9c54d843169e6,bfce55435706838a,3fc175cb987b9118,3fd5107b0b376e92,bfc93d0bae31a0e7,3fd16003e08bd9e2,3fdd61cc769aeb4a,bfc40eb9041e6152,3fda2af6c1ee5d29,3fe2ebc1fc2729d1,bfbd93747ca87378,3fe18e5c74635622,3fe739494664de8a,bfb2daf282dea4d4,3fe61b26c1df9394,3feb99f8c92d9820,bf9fcad5cb7a26d6,bff52af8c0162b5f,bff2f078b0f3b22f,bfe583de4a5c1b8e,bff359cf9c85ba68,bff0fc467172e0cb,bfe46fd11d03b030,bff182d66b098a8b,bfee03a81f7c0e01,bfe35850d82a70d2,bfef4be234908fbe,bfea0206ba9386ba,bfe23d4cd3a3d20b,bfeb8605c61db36d,bfe5f36acffd13af,bfe11eb3fb57c363,bfe7b3dc850c7eed,bfe1d794e7fdbcf5,bfdff8e997a63582,bfe3d529e860e16a,bfdb5c87d4c121fe,bfddacfa9d6c5c3f,bfdfd35faea6b7eb,bfd2ee6a2210e693,bfdb59762e00294c,bfd7e25d38ae3547,bfc4c88f67f00597,bfd8fe367a69e7f2,bfcfad935e774c76,bf9bd93f1cadcee8,bfd69b14b6bb5237,bfbec07b889b4f22,3fbc1905c000ea34,bfd42fe911be0ae6,3f82459d8d3c7a20,3fcfcf991e51ab41,bfd1bc8aac4d80c9,3fc1e14e4ca369f6,3fd8e7a57c3d0dee,bfce819f20b091a7,3fd16be100f5f175,3fe103342e410a0f,bfc979194f098daf,3fda046f9e15baea,3fe5a25ac69e45a3,bfc45f2b62e98581,3fe15d7616f83827,3fea5198e434b7be,bfbe66f4e68d2d6a,3fe5c7fa0969a197,3fef1143257c98c8,bfb3eb5233601b60,bff5281b2c8048bc,bff4b796b57ae8d0,bfe6c11f20ceede3,bff34dc5160b8d77,bff28337d38cd794,bfe5a968af252786,bff16ef6f1919c87,bff04987bc0fb481,bfe48f0f996ec9dc,bfef174100e77f6b,bfec14e63614f206,bfe3720a4b5cf52d,bfeb476269f01a17,bfe78bcc7cca05db,bfe2524f01faccff,bfe76e3060cb24c3,bfe2f79a2750d3da,bfe12fd3ca902878,bfe38b88822521ab,bfdcb04c96bafe86,bfe00a8e817c0ab1,bfdf3e8f81913eb2,bfd35a8e6906abfa,bfddc4e9a20d37c7,bfd75294c30025c1,bfc3db497d3a5016,bfdb6ef86054b34a,bfcea5afdb6389f9,bf7a4e3a1cbf0e80,bfd91333c2a86303,bfbcfc3ae63492a4,3fc2661af611b794,bfd6b185e2346c86,3f8d2252f6c16ab0,3fd2e7888a9d02b4,bfd449d869d13a22,3fc24bb2879e7aa9,3fdcb4942d46f244,bfd1dc149349589a,3fd17794116b64af,3fe34d470ec81747,bfced04649150a9f,3fd9de9359fc6112,3fe84ceafa9d31ad,bfc9dbd8d9826553,3fe12d9489ea0390,3fed59669ca2bc8c,bfc4dab082bb820b,3fe576d46e46b8ee,3ff13975d994b3a2,bfbf9937ec0a8ade,bff525287b696b82,bff68bce59284496,bfe80781b59dd49c,bff3416b8a900775,bff4142ec38d7d19,bfe6eb0a3236b926,bff15aa52d08274c,bff1989815ed47dc,bfe5ccc982c52fc9,bfeee19c159880b8,bfee320173051518,bfe4acbb55b897e4,bfeb07bd682b89df,bfe92abdf10836d2,bfe38adb4b88515a,bfe7279f41f99780,bfe41b51fb4de8f3,bfe26724f67b145c,bfe34132622bc200,bfde07534e7801e9,bfe14193da6d348e,bfdea8ceac37d9ef,bfd3c761925dcf79,bfe01a236c95c95e,bfd6c25cf111a00e,bfc2ed4bcdbd1e4d,bfdde19e26956a63,bfcd9ddfc31848e5,3f8d6122b759b110,bfdb8b244b8709e5,bfbb399d8f4309d4,3fc6bbaa9b2635a9,bfd930cfd7b64299,3f93f5d0c2525a78,3fd5e1e935730f26,bfd6d2973ba0958d,3fc2b4fcbc813b09,3fe03bb7e7832bac,bfd47070c809b36a,3fd1831df0141eea,3fe58f4a5592f167,bfd20a52ad7775a7,3fd9b95d8ea363ad,3feaebc1f616d480,bfcf4065f7568484,3fe0feafbc1b1960,3ff0289a92178ae8,bfca640f423195c2,3fe527a32f1a2fa8,3ff2dfdd43127ea0,bfc57f8cd4b42f8c,bff5221fc005d982,bff86db284fd9286,bfe9576c71483e30,bff334bfe6211bff,bff5af8f2ff28156,bfe83505cf08a3cb,bff145dd383da861,bff2ef4558c6abe3,bfe711bb7cc2c6e6,bfeeaaebdd72527a,bff02cd2770c5ffc,bfe5ed8c6e46cdd4,bfeac7107e493ad3,bfead067fcb40064,bfe4c87795bf0986,bfe6e024b87da97d,bfe542cebc8456f6,bfe3a27be3acb6e1,bfe2f624ebddbf9c,bfdf61a8092f48ea,bfe27b9846e4b866,bfde121ae4f9c9a5,bfd434e547a8e22d,bfe153cbac8c481b,bfd631b54150e351,bfc1fe9583a72c74,bfe02b150015a199,bfcc96231370fbeb,3fa1f9905c100e38,bfde02e656794853,bfb978a13db8d17d,3fcb0d3768735a0b,bfdbadca2c06d9c8,3f9950de821c43f4,3fd8d6fcdd06be6e,bfd956d34d5dd159,3fc31d3146e8454a,3fe218301dc7c7a0,bfd6fdff8386bc0a,3fd18e7f75064824,3fe7c9684b47a4e4,bfd4a34c9401dd25,3fd994c9fb6e3828,3fed7f2c62fc0282,bfd246b840c0208c,3fe0d0bff0b964a0,3ff19cc0ecc54c8c,bfcfd0809037f833,3fe4da546f120828,3ff47c37162b9746,bfcb0fc4c9a47fd0
TRIAL 30: pu=1 pv=3 red=false ratios=(0.635164,0.083434,0.030464)
TRIAL 31: pu=1 pv=3 red=false ratios=(0.957331,0.944350,0.637109)
TRIAL 32: pu=1 pv=1 red=false ratios=(0.961616,0.664838,0.407403)
TRIAL 33: pu=2 pv=1 red=false ratios=(0.050997,0.024140,0.274278)
TRIAL 34: pu=3 pv=1 red=false ratios=(0.367706,0.507751,0.561847)
TRIAL 35: pu=2 pv=1 red=false ratios=(0.075749,0.012528,0.781511)
TRIAL 36: pu=2 pv=2 red=false ratios=(0.001131,0.006491,0.887092)
TRIAL 37: pu=3 pv=2 red=false ratios=(0.003777,0.039964,0.208448)
TRIAL 38: pu=1 pv=3 red=false ratios=(0.374241,0.508398,0.987468)
TRIAL 39: pu=1 pv=2 red=false ratios=(0.988689,0.998796,0.994628)
TRIAL 40: pu=1 pv=2 red=false ratios=(0.695083,0.334676,0.882511)
TRIAL 41: pu=1 pv=1 red=false ratios=(1.000000,0.238335,0.179793)
TRIAL 42: pu=1 pv=3 red=false ratios=(0.255941,0.081971,0.971936)
TRIAL 43: pu=3 pv=1 red=false ratios=(0.000829,0.025342,0.933085)
TRIAL 44: pu=1 pv=1 red=false ratios=(0.556011,0.848218,0.890273)
TRIAL 45: pu=3 pv=1 red=false ratios=(0.072376,0.268714,0.987917)
TRIAL 46: pu=2 pv=1 red=false ratios=(0.987413,0.030416,0.700801)
TRIAL 47: pu=2 pv=1 red=false ratios=(0.800295,0.471245,0.311054)
TRIAL 48: pu=2 pv=1 red=false ratios=(0.738836,0.084042,0.949280)
TRIAL 49: pu=1 pv=2 red=false ratios=(0.008081,0.007902,0.890874)
TRIAL 50: pu=3 pv=3 red=false ratios=(0.030504,0.132176,0.969889)
TRIAL 51: pu=3 pv=2 red=false ratios=(0.377568,0.507244,0.908777)
TRIAL 52: pu=1 pv=3 red=false ratios=(0.013672,0.003026,0.002449)
TRIAL 53: pu=3 pv=2 red=false ratios=(0.967012,0.371784,0.272629)
TRIAL 54: pu=2 pv=3 red=false ratios=(0.197882,0.013967,0.859375)
TRIAL 55: pu=3 pv=1 red=false ratios=(0.989867,0.089379,0.036600)
TRIAL 56: pu=3 pv=3 red=false ratios=(0.001807,0.016258,0.320554)
TRIAL 57: pu=1 pv=2 red=false ratios=(1.000000,0.995070,0.876860)
TRIAL 58: pu=3 pv=2 red=false ratios=(0.484212,0.373381,0.969609)
TRIAL 59: pu=2 pv=1 red=false ratios=(0.971656,0.060556,0.007860)
test nurbs_cert_fuzz::diag::diag_replay ... ok

test result: ok. 1 passed; 0 failed; 0 ignored; 0 measured; 135 filtered out; finished in 0.60s

exit=0
