
running 1 test
test zz_rev4034_probes::probe_pairing_against_truth ... hyperbola c=1e-2 [plain] n=4 sep=5.4e-1 h=34     ε 1e-6  OK  2 branches samples [46, 44]    0.28s
hyperbola c=1e-2 [plain] n=4 sep=5.4e-1 h=221    ε 1e-9  OK  2 branches samples [246, 245]    0.59s
hyperbola c=1e-2 [near-degenerate-axes] n=4 sep=5.4e-1 h=78 ε 1e-6  OK  2 branches samples [38, 39]    0.32s
hyperbola c=1e-2 [near-degenerate-axes] n=4 sep=5.4e-1 h=425 ε 1e-9  OK  2 branches samples [211, 214]    0.67s
WRONG CERTIFIED: 0
ok

test result: ok. 1 passed; 0 failed; 0 ignored; 0 measured; 689 filtered out; finished in 8.31s


running 1 test
test zz_rev4034_probes::probe_pairing_against_truth ... hyperbola c=1e-4 [plain] n=4 sep=5.0e-1 h=49     ε 1e-6  OK  2 branches samples [39, 40]    1.45s
hyperbola c=1e-4 [plain] n=4 sep=5.0e-1 h=259    ε 1e-9  OK  2 branches samples [222, 225]    2.10s
hyperbola c=1e-4 [near-degenerate-axes] n=4 sep=5.0e-1 h=62 ε 1e-6  OK  2 branches samples [32, 30]    1.59s
hyperbola c=1e-4 [near-degenerate-axes] n=4 sep=5.0e-1 h=362 ε 1e-9  OK  2 branches samples [179, 177]    2.12s
WRONG CERTIFIED: 0
ok

test result: ok. 1 passed; 0 failed; 0 ignored; 0 measured; 689 filtered out; finished in 14.40s


running 1 test
test zz_rev4034_probes::probe_pairing_against_truth ... hyperbola c=-1e-4 [plain] n=4 sep=5.0e-1 h=54    ε 1e-6  OK  2 branches samples [51, 53]    3.03s
hyperbola c=-1e-4 [plain] n=4 sep=5.0e-1 h=262   ε 1e-9  OK  2 branches samples [290, 290]    3.35s
hyperbola c=-1e-4 [near-degenerate-axes] n=4 sep=5.0e-1 h=24 ε 1e-6  ERR Escalated(StepProgress)                     0.15s
hyperbola c=-1e-4 [near-degenerate-axes] n=4 sep=5.0e-1 h=369 ε 1e-9  OK  2 branches samples [257, 256]    3.19s
WRONG CERTIFIED: 0
ok

test result: ok. 1 passed; 0 failed; 0 ignored; 0 measured; 689 filtered out; finished in 16.78s

ALLDONE
