R1 frustum narrowing A∪B => ERR CurvedPairUnsupported { op: None, site: OperandGate, operand: A, face: FaceKey(3v1), kind: Cone, other_face: F 
R1 frustum narrowing B∪A => ERR CurvedPairUnsupported { op: None, site: OperandGate, operand: B, face: FaceKey(3v1), kind: Cone, other_face: F 
R1 frustum narrowing A∩B => ERR CurvedPairUnsupported { op: Some(Intersect), site: RevertRoster, operand: A, face: FaceKey(3v1), kind: Cone, o 
R1 frustum narrowing B∩A => ERR CurvedPairUnsupported { op: Some(Intersect), site: RevertRoster, operand: B, face: FaceKey(3v1), kind: Cone, o 
R1 frustum narrowing A∖B => ERR CurvedPairUnsupported { op: Some(Subtract), site: RevertRoster, operand: A, face: FaceKey(3v1), kind: Cone, ot 
R1 frustum narrowing B∖A => ERR CurvedPairUnsupported { op: Some(Subtract), site: RevertRoster, operand: B, face: FaceKey(3v1), kind: Cone, ot 
R1 frustum widening A∪B => ERR CurvedPairUnsupported { op: None, site: OperandGate, operand: A, face: FaceKey(3v1), kind: Cone, other_face: F 
R1 frustum widening B∪A => ERR CurvedPairUnsupported { op: None, site: OperandGate, operand: B, face: FaceKey(3v1), kind: Cone, other_face: F 
R1 frustum widening A∩B => ERR CurvedPairUnsupported { op: Some(Intersect), site: RevertRoster, operand: A, face: FaceKey(3v1), kind: Cone, o 
R1 frustum widening B∩A => ERR CurvedPairUnsupported { op: Some(Intersect), site: RevertRoster, operand: B, face: FaceKey(3v1), kind: Cone, o 
R1 frustum widening A∖B => ERR CurvedPairUnsupported { op: Some(Subtract), site: RevertRoster, operand: A, face: FaceKey(3v1), kind: Cone, ot 
R1 frustum widening B∖A => ERR CurvedPairUnsupported { op: Some(Subtract), site: RevertRoster, operand: B, face: FaceKey(3v1), kind: Cone, ot 
R1 holder/cone rim on cylinder A∪B => ERR CurvedPairUnsupported { op: None, site: OperandGate, operand: A, face: FaceKey(3v1), kind: Cone, other_face: F 
R1 holder/cone rim on cylinder B∪A => ERR CurvedPairUnsupported { op: None, site: OperandGate, operand: B, face: FaceKey(3v1), kind: Cone, other_face: F 
R1 holder/cone rim on cylinder A∩B => ERR CurvedPairUnsupported { op: Some(Intersect), site: RevertRoster, operand: A, face: FaceKey(3v1), kind: Cone, o 
R1 holder/cone rim on cylinder B∩A => ERR CurvedPairUnsupported { op: Some(Intersect), site: RevertRoster, operand: B, face: FaceKey(3v1), kind: Cone, o 
R1 holder/cone rim on cylinder A∖B => ERR CurvedPairUnsupported { op: Some(Subtract), site: RevertRoster, operand: A, face: FaceKey(3v1), kind: Cone, ot 
R1 holder/cone rim on cylinder B∖A => ERR CurvedPairUnsupported { op: Some(Subtract), site: RevertRoster, operand: B, face: FaceKey(3v1), kind: Cone, ot 
R1 cone to an apex A∪B => ERR CurvedPairUnsupported { op: None, site: OperandGate, operand: A, face: FaceKey(1v1), kind: Cone, other_face: F 
R1 cone to an apex B∪A => ERR CurvedPairUnsupported { op: None, site: OperandGate, operand: B, face: FaceKey(1v1), kind: Cone, other_face: F 
R1 cone to an apex A∩B => ERR CurvedPairUnsupported { op: Some(Intersect), site: RevertRoster, operand: A, face: FaceKey(1v1), kind: Cone, o 
R1 cone to an apex B∩A => ERR CurvedPairUnsupported { op: Some(Intersect), site: RevertRoster, operand: B, face: FaceKey(1v1), kind: Cone, o 
R1 cone to an apex A∖B => ERR CurvedPairUnsupported { op: Some(Subtract), site: RevertRoster, operand: A, face: FaceKey(1v1), kind: Cone, ot 
R1 cone to an apex B∖A => ERR CurvedPairUnsupported { op: Some(Subtract), site: RevertRoster, operand: B, face: FaceKey(1v1), kind: Cone, ot 
R1 holder/tube rim on cone A∪B => ERR CurvedPairUnsupported { op: None, site: OperandGate, operand: B, face: FaceKey(3v1), kind: Cone, other_face: F 
R1 holder/tube rim on cone B∪A => ERR CurvedPairUnsupported { op: None, site: OperandGate, operand: A, face: FaceKey(3v1), kind: Cone, other_face: F 
R1 holder/tube rim on cone A∩B => ERR CurvedPairUnsupported { op: Some(Intersect), site: RevertRoster, operand: B, face: FaceKey(3v1), kind: Cone, o 
R1 holder/tube rim on cone B∩A => ERR CurvedPairUnsupported { op: Some(Intersect), site: RevertRoster, operand: A, face: FaceKey(3v1), kind: Cone, o 
R1 holder/tube rim on cone A∖B => ERR CurvedPairUnsupported { op: Some(Subtract), site: RevertRoster, operand: B, face: FaceKey(3v1), kind: Cone, ot 
R1 holder/tube rim on cone B∖A => ERR CurvedPairUnsupported { op: Some(Subtract), site: RevertRoster, operand: A, face: FaceKey(3v1), kind: Cone, ot 
R1 rim near the equator, widening A∪B => ERR CurvedPairUnsupported { op: None, site: OperandGate, operand: A, face: FaceKey(3v1), kind: Cone, other_face: F 
R1 rim near the equator, widening B∪A => ERR CurvedPairUnsupported { op: None, site: OperandGate, operand: B, face: FaceKey(3v1), kind: Cone, other_face: F 
R1 rim near the equator, widening A∩B => ERR CurvedPairUnsupported { op: Some(Intersect), site: RevertRoster, operand: A, face: FaceKey(3v1), kind: Cone, o 
R1 rim near the equator, widening B∩A => ERR CurvedPairUnsupported { op: Some(Intersect), site: RevertRoster, operand: B, face: FaceKey(3v1), kind: Cone, o 
R1 rim near the equator, widening A∖B => ERR CurvedPairUnsupported { op: Some(Subtract), site: RevertRoster, operand: A, face: FaceKey(3v1), kind: Cone, ot 
R1 rim near the equator, widening B∖A => ERR CurvedPairUnsupported { op: Some(Subtract), site: RevertRoster, operand: B, face: FaceKey(3v1), kind: Cone, ot 
R1 cone steeper than the sphere (inside it) A∪B => ERR CurvedPairUnsupported { op: None, site: OperandGate, operand: A, face: FaceKey(1v1), kind: Cone, other_face: F 
R1 cone steeper than the sphere (inside it) B∪A => ERR CurvedPairUnsupported { op: None, site: OperandGate, operand: B, face: FaceKey(1v1), kind: Cone, other_face: F 
R1 cone steeper than the sphere (inside it) A∩B => ERR CurvedPairUnsupported { op: Some(Intersect), site: RevertRoster, operand: A, face: FaceKey(1v1), kind: Cone, o 
R1 cone steeper than the sphere (inside it) B∩A => ERR CurvedPairUnsupported { op: Some(Intersect), site: RevertRoster, operand: B, face: FaceKey(1v1), kind: Cone, o 
R1 cone steeper than the sphere (inside it) A∖B => ERR CurvedPairUnsupported { op: Some(Subtract), site: RevertRoster, operand: A, face: FaceKey(1v1), kind: Cone, ot 
R1 cone steeper than the sphere (inside it) B∖A => ERR CurvedPairUnsupported { op: Some(Subtract), site: RevertRoster, operand: B, face: FaceKey(1v1), kind: Cone, ot 
R1 frustum downward A∪B => ERR CurvedPairUnsupported { op: None, site: OperandGate, operand: A, face: FaceKey(3v1), kind: Cone, other_face: F 
R1 frustum downward B∪A => ERR CurvedPairUnsupported { op: None, site: OperandGate, operand: B, face: FaceKey(3v1), kind: Cone, other_face: F 
R1 frustum downward A∩B => ERR CurvedPairUnsupported { op: Some(Intersect), site: RevertRoster, operand: A, face: FaceKey(3v1), kind: Cone, o 
R1 frustum downward B∩A => ERR CurvedPairUnsupported { op: Some(Intersect), site: RevertRoster, operand: B, face: FaceKey(3v1), kind: Cone, o 
R1 frustum downward A∖B => ERR CurvedPairUnsupported { op: Some(Subtract), site: RevertRoster, operand: A, face: FaceKey(3v1), kind: Cone, ot 
R1 frustum downward B∖A => ERR CurvedPairUnsupported { op: Some(Subtract), site: RevertRoster, operand: B, face: FaceKey(3v1), kind: Cone, ot 
R1 holder/frustum rim on cone A∪B => ERR CurvedPairUnsupported { op: None, site: OperandGate, operand: A, face: FaceKey(3v1), kind: Cone, other_face: F 
R1 holder/frustum rim on cone B∪A => ERR CurvedPairUnsupported { op: None, site: OperandGate, operand: A, face: FaceKey(3v1), kind: Cone, other_face: F 
R1 holder/frustum rim on cone A∩B => ERR CurvedPairUnsupported { op: Some(Intersect), site: RevertRoster, operand: A, face: FaceKey(3v1), kind: Cone, o 
R1 holder/frustum rim on cone B∩A => ERR CurvedPairUnsupported { op: Some(Intersect), site: RevertRoster, operand: A, face: FaceKey(3v1), kind: Cone, o 
R1 holder/frustum rim on cone A∖B => ERR CurvedPairUnsupported { op: Some(Subtract), site: RevertRoster, operand: A, face: FaceKey(3v1), kind: Cone, ot 
R1 holder/frustum rim on cone B∖A => ERR CurvedPairUnsupported { op: Some(Subtract), site: RevertRoster, operand: A, face: FaceKey(3v1), kind: Cone, ot 
R1 holder/coaxial tubes overlapping A∪B => ERR UndeclaredCoincidence { diag: Indeterminate { margin: MarginDiag(Value(0.0, None)), terminal_sliver: false, ba 
R1 holder/coaxial tubes overlapping B∪A => ERR UndeclaredCoincidence { diag: Indeterminate { margin: MarginDiag(Value(0.0, None)), terminal_sliver: false, ba 
R1 holder/coaxial tubes overlapping A∩B => ERR UndeclaredCoincidence { diag: Indeterminate { margin: MarginDiag(Value(0.0, None)), terminal_sliver: false, ba 
R1 holder/coaxial tubes overlapping B∩A => ERR UndeclaredCoincidence { diag: Indeterminate { margin: MarginDiag(Value(0.0, None)), terminal_sliver: false, ba 
R1 holder/coaxial tubes overlapping A∖B => ERR UndeclaredCoincidence { diag: Indeterminate { margin: MarginDiag(Value(0.0, None)), terminal_sliver: false, ba 
R1 holder/coaxial tubes overlapping B∖A => ERR UndeclaredCoincidence { diag: Indeterminate { margin: MarginDiag(Value(0.0, None)), terminal_sliver: false, ba 
R1 line/tangent face A∪B => ERR CurvedPierceUnsupported { operand: B, face: FaceKey(3v1), edge: EdgeKey(1v1), band: Band { zero: 1e-9, escalat 
R1 line/tangent face B∪A => ERR CurvedPierceUnsupported { operand: A, face: FaceKey(3v1), edge: EdgeKey(1v1), band: Band { zero: 1e-9, escalat 
R1 line/tangent face A∩B => ERR CurvedPierceUnsupported { operand: B, face: FaceKey(3v1), edge: EdgeKey(1v1), band: Band { zero: 1e-9, escalat 
R1 line/tangent face B∩A => ERR CurvedPierceUnsupported { operand: A, face: FaceKey(3v1), edge: EdgeKey(1v1), band: Band { zero: 1e-9, escalat 
R1 line/tangent face A∖B => ERR CurvedPierceUnsupported { operand: B, face: FaceKey(3v1), edge: EdgeKey(1v1), band: Band { zero: 1e-9, escalat 
R1 line/tangent face B∖A => ERR CurvedPierceUnsupported { operand: A, face: FaceKey(3v1), edge: EdgeKey(1v1), band: Band { zero: 1e-9, escalat 
R1 holder/tube on a torus (outer 45°) A∪B => ERR GermFrameUnsupported { a_face: FaceKey(3v1), a_kind: Cylinder, b_face: FaceKey(3v1), b_kind: Torus } 
R1 holder/tube on a torus (outer 45°) B∪A => ERR GermFrameUnsupported { a_face: FaceKey(3v1), a_kind: Torus, b_face: FaceKey(3v1), b_kind: Cylinder } 
R1 holder/tube on a torus (outer 45°) A∩B => ERR GermFrameUnsupported { a_face: FaceKey(3v1), a_kind: Cylinder, b_face: FaceKey(3v1), b_kind: Torus } 
R1 holder/tube on a torus (outer 45°) B∩A => ERR GermFrameUnsupported { a_face: FaceKey(3v1), a_kind: Torus, b_face: FaceKey(3v1), b_kind: Cylinder } 
R1 holder/tube on a torus (outer 45°) A∖B => ERR GermFrameUnsupported { a_face: FaceKey(3v1), a_kind: Cylinder, b_face: FaceKey(3v1), b_kind: Torus } 
R1 holder/tube on a torus (outer 45°) B∖A => ERR GermFrameUnsupported { a_face: FaceKey(3v1), a_kind: Torus, b_face: FaceKey(3v1), b_kind: Cylinder } 
R1 line/crossing faces A∪B => OK SOUND t2=true t3p=true cert=true operand=true v=7.426990817 want=7.426990817 mesh=refused UnsupportedCurvedShape { face: FaceKey(3v1), source: NotIsoRectangl
R1 line/crossing faces B∪A => OK SOUND t2=true t3p=true cert=true operand=true v=7.426990817 want=7.426990817 mesh=refused UnsupportedCurvedShape { face: FaceKey(1v3), source: NotIsoRectangl
R1 line/crossing faces A∩B => OK BAD t2=true t3p=false cert=true operand=true v=1.285398163 want=1.285398163 mesh=ok
R1 line/crossing faces B∩A => OK BAD t2=true t3p=false cert=true operand=true v=1.285398163 want=1.285398163 mesh=ok
R1 line/crossing faces A∖B => OK SOUND t2=true t3p=true cert=true operand=true v=3.426990817 want=3.426990817 mesh=refused UnsupportedCurvedShape { face: FaceKey(3v1), source: NotIsoRectangl
R1 plane/x≥0 A∪B => ERR GermFrameUnsupported { a_face: FaceKey(3v1), a_kind: Cylinder, b_face: FaceKey(2v1), b_kind: Sphere } 
R1 plane/x≥0 B∪A => ERR GermFrameUnsupported { a_face: FaceKey(2v1), a_kind: Sphere, b_face: FaceKey(3v1), b_kind: Cylinder } 
R1 plane/x≥0 A∩B => ERR GermFrameUnsupported { a_face: FaceKey(3v1), a_kind: Cylinder, b_face: FaceKey(2v1), b_kind: Sphere } 
R1 plane/x≥0 B∩A => ERR GermFrameUnsupported { a_face: FaceKey(2v1), a_kind: Sphere, b_face: FaceKey(3v1), b_kind: Cylinder } 
R1 plane/x≥0 A∖B => ERR GermFrameUnsupported { a_face: FaceKey(3v1), a_kind: Cylinder, b_face: FaceKey(2v1), b_kind: Sphere } 
R1 plane/x≥0 B∖A => ERR GermFrameUnsupported { a_face: FaceKey(2v1), a_kind: Sphere, b_face: FaceKey(3v1), b_kind: Cylinder } 
R1 line/crossing faces B∖A => OK SOUND t2=true t3p=true cert=true operand=true v=2.714601837 want=2.714601837 mesh=ok
R1 tube a=1 len=2 tilt=0.000 turn=0 d=0e0 A∪B => ERR GermFrameUnsupported { a_face: FaceKey(3v1), a_kind: Cylinder, b_face: FaceKey(2v1), b_kind: Sphere } 
R1 tube a=1 len=2 tilt=0.000 turn=0 d=0e0 B∪A => ERR GermFrameUnsupported { a_face: FaceKey(1v1), a_kind: Sphere, b_face: FaceKey(4v1), b_kind: Cylinder } 
R1 tube a=1 len=2 tilt=0.000 turn=0 d=0e0 A∩B => ERR GermFrameUnsupported { a_face: FaceKey(3v1), a_kind: Cylinder, b_face: FaceKey(2v1), b_kind: Sphere } 
R1 tube a=1 len=2 tilt=0.000 turn=0 d=0e0 B∩A => ERR GermFrameUnsupported { a_face: FaceKey(1v1), a_kind: Sphere, b_face: FaceKey(4v1), b_kind: Cylinder } 
R1 tube a=1 len=2 tilt=0.000 turn=0 d=0e0 A∖B => ERR GermFrameUnsupported { a_face: FaceKey(3v1), a_kind: Cylinder, b_face: FaceKey(2v1), b_kind: Sphere } 
R1 tube a=1 len=2 tilt=0.000 turn=0 d=0e0 B∖A => ERR GermFrameUnsupported { a_face: FaceKey(1v1), a_kind: Sphere, b_face: FaceKey(4v1), b_kind: Cylinder } 
R1 tube a=1.3 len=2 tilt=0.000 turn=0 d=0e0 A∪B => ERR GermFrameUnsupported { a_face: FaceKey(3v1), a_kind: Cylinder, b_face: FaceKey(2v1), b_kind: Sphere } 
R1 tube a=1.3 len=2 tilt=0.000 turn=0 d=0e0 B∪A => ERR GermFrameUnsupported { a_face: FaceKey(1v1), a_kind: Sphere, b_face: FaceKey(4v1), b_kind: Cylinder } 
R1 tube a=1.3 len=2 tilt=0.000 turn=0 d=0e0 A∩B => ERR GermFrameUnsupported { a_face: FaceKey(3v1), a_kind: Cylinder, b_face: FaceKey(2v1), b_kind: Sphere } 
R1 tube a=1.3 len=2 tilt=0.000 turn=0 d=0e0 B∩A => ERR GermFrameUnsupported { a_face: FaceKey(1v1), a_kind: Sphere, b_face: FaceKey(4v1), b_kind: Cylinder } 
R1 tube a=1.3 len=2 tilt=0.000 turn=0 d=0e0 A∖B => ERR GermFrameUnsupported { a_face: FaceKey(3v1), a_kind: Cylinder, b_face: FaceKey(2v1), b_kind: Sphere } 
R1 tube a=1.3 len=2 tilt=0.000 turn=0 d=0e0 B∖A => ERR GermFrameUnsupported { a_face: FaceKey(1v1), a_kind: Sphere, b_face: FaceKey(4v1), b_kind: Cylinder } 
R1 tube a=1.4 len=2 tilt=0.000 turn=0 d=0e0 A∪B => ERR GermFrameUnsupported { a_face: FaceKey(3v1), a_kind: Cylinder, b_face: FaceKey(2v1), b_kind: Sphere } 
R1 tube a=1.4 len=2 tilt=0.000 turn=0 d=0e0 B∪A => ERR GermFrameUnsupported { a_face: FaceKey(1v1), a_kind: Sphere, b_face: FaceKey(4v1), b_kind: Cylinder } 
R1 tube a=1.4 len=2 tilt=0.000 turn=0 d=0e0 A∩B => ERR GermFrameUnsupported { a_face: FaceKey(3v1), a_kind: Cylinder, b_face: FaceKey(2v1), b_kind: Sphere } 
R1 tube a=1.4 len=2 tilt=0.000 turn=0 d=0e0 B∩A => ERR GermFrameUnsupported { a_face: FaceKey(1v1), a_kind: Sphere, b_face: FaceKey(4v1), b_kind: Cylinder } 
R1 tube a=1.4 len=2 tilt=0.000 turn=0 d=0e0 A∖B => ERR GermFrameUnsupported { a_face: FaceKey(3v1), a_kind: Cylinder, b_face: FaceKey(2v1), b_kind: Sphere } 
R1 tube a=1.4 len=2 tilt=0.000 turn=0 d=0e0 B∖A => ERR GermFrameUnsupported { a_face: FaceKey(1v1), a_kind: Sphere, b_face: FaceKey(4v1), b_kind: Cylinder } 
R1 tube a=1.41 len=2 tilt=0.000 turn=0 d=0e0 A∪B => ERR GermFrameUnsupported { a_face: FaceKey(3v1), a_kind: Cylinder, b_face: FaceKey(2v1), b_kind: Sphere } 
R1 tube a=1.41 len=2 tilt=0.000 turn=0 d=0e0 B∪A => ERR GermFrameUnsupported { a_face: FaceKey(1v1), a_kind: Sphere, b_face: FaceKey(4v1), b_kind: Cylinder } 
R1 tube a=1.41 len=2 tilt=0.000 turn=0 d=0e0 A∩B => ERR GermFrameUnsupported { a_face: FaceKey(3v1), a_kind: Cylinder, b_face: FaceKey(2v1), b_kind: Sphere } 
R1 tube a=1.41 len=2 tilt=0.000 turn=0 d=0e0 B∩A => ERR GermFrameUnsupported { a_face: FaceKey(1v1), a_kind: Sphere, b_face: FaceKey(4v1), b_kind: Cylinder } 
R1 tube a=1.41 len=2 tilt=0.000 turn=0 d=0e0 A∖B => ERR GermFrameUnsupported { a_face: FaceKey(3v1), a_kind: Cylinder, b_face: FaceKey(2v1), b_kind: Sphere } 
R1 tube a=1.41 len=2 tilt=0.000 turn=0 d=0e0 B∖A => ERR GermFrameUnsupported { a_face: FaceKey(1v1), a_kind: Sphere, b_face: FaceKey(4v1), b_kind: Cylinder } 
R1 tube a=1.414 len=2 tilt=0.000 turn=0 d=0e0 A∪B => ERR GermFrameUnsupported { a_face: FaceKey(3v1), a_kind: Cylinder, b_face: FaceKey(2v1), b_kind: Sphere } 
R1 tube a=1.414 len=2 tilt=0.000 turn=0 d=0e0 B∪A => ERR GermFrameUnsupported { a_face: FaceKey(1v1), a_kind: Sphere, b_face: FaceKey(4v1), b_kind: Cylinder } 
R1 tube a=1.414 len=2 tilt=0.000 turn=0 d=0e0 A∩B => ERR GermFrameUnsupported { a_face: FaceKey(3v1), a_kind: Cylinder, b_face: FaceKey(2v1), b_kind: Sphere } 
R1 tube a=1.414 len=2 tilt=0.000 turn=0 d=0e0 B∩A => ERR GermFrameUnsupported { a_face: FaceKey(1v1), a_kind: Sphere, b_face: FaceKey(4v1), b_kind: Cylinder } 
R1 tube a=1.414 len=2 tilt=0.000 turn=0 d=0e0 A∖B => ERR GermFrameUnsupported { a_face: FaceKey(3v1), a_kind: Cylinder, b_face: FaceKey(2v1), b_kind: Sphere } 
R1 tube a=1.414 len=2 tilt=0.000 turn=0 d=0e0 B∖A => ERR GermFrameUnsupported { a_face: FaceKey(1v1), a_kind: Sphere, b_face: FaceKey(4v1), b_kind: Cylinder } 
R1 tube a=1 len=2 tilt=3.142 turn=0 d=0e0 A∪B => ERR GermFrameUnsupported { a_face: FaceKey(3v1), a_kind: Cylinder, b_face: FaceKey(1v1), b_kind: Sphere } 
R1 tube a=1 len=2 tilt=3.142 turn=0 d=0e0 B∪A => ERR GermFrameUnsupported { a_face: FaceKey(1v1), a_kind: Sphere, b_face: FaceKey(3v1), b_kind: Cylinder } 
R1 tube a=1 len=2 tilt=3.142 turn=0 d=0e0 A∩B => ERR GermFrameUnsupported { a_face: FaceKey(3v1), a_kind: Cylinder, b_face: FaceKey(1v1), b_kind: Sphere } 
R1 tube a=1 len=2 tilt=3.142 turn=0 d=0e0 B∩A => ERR GermFrameUnsupported { a_face: FaceKey(1v1), a_kind: Sphere, b_face: FaceKey(3v1), b_kind: Cylinder } 
R1 tube a=1 len=2 tilt=3.142 turn=0 d=0e0 A∖B => ERR GermFrameUnsupported { a_face: FaceKey(3v1), a_kind: Cylinder, b_face: FaceKey(1v1), b_kind: Sphere } 
R1 tube a=1 len=2 tilt=3.142 turn=0 d=0e0 B∖A => ERR GermFrameUnsupported { a_face: FaceKey(1v1), a_kind: Sphere, b_face: FaceKey(3v1), b_kind: Cylinder } 
R1 tube a=1.3 len=2 tilt=3.142 turn=0 d=0e0 A∪B => ERR GermFrameUnsupported { a_face: FaceKey(3v1), a_kind: Cylinder, b_face: FaceKey(1v1), b_kind: Sphere } 
R1 tube a=1.3 len=2 tilt=3.142 turn=0 d=0e0 B∪A => ERR GermFrameUnsupported { a_face: FaceKey(1v1), a_kind: Sphere, b_face: FaceKey(3v1), b_kind: Cylinder } 
R1 tube a=1.3 len=2 tilt=3.142 turn=0 d=0e0 A∩B => ERR GermFrameUnsupported { a_face: FaceKey(3v1), a_kind: Cylinder, b_face: FaceKey(1v1), b_kind: Sphere } 
R1 tube a=1.3 len=2 tilt=3.142 turn=0 d=0e0 B∩A => ERR GermFrameUnsupported { a_face: FaceKey(1v1), a_kind: Sphere, b_face: FaceKey(3v1), b_kind: Cylinder } 
R1 tube a=1.3 len=2 tilt=3.142 turn=0 d=0e0 A∖B => ERR GermFrameUnsupported { a_face: FaceKey(3v1), a_kind: Cylinder, b_face: FaceKey(1v1), b_kind: Sphere } 
R1 tube a=1.3 len=2 tilt=3.142 turn=0 d=0e0 B∖A => ERR GermFrameUnsupported { a_face: FaceKey(1v1), a_kind: Sphere, b_face: FaceKey(3v1), b_kind: Cylinder } 
R1 plane/x≥0.3 A∪B => ERR GermFrameUnsupported { a_face: FaceKey(3v1), a_kind: Cylinder, b_face: FaceKey(2v1), b_kind: Sphere } 
R1 plane/x≥0.3 B∪A => ERR GermFrameUnsupported { a_face: FaceKey(2v1), a_kind: Sphere, b_face: FaceKey(3v1), b_kind: Cylinder } 
R1 plane/x≥0.3 A∩B => ERR GermFrameUnsupported { a_face: FaceKey(3v1), a_kind: Cylinder, b_face: FaceKey(2v1), b_kind: Sphere } 
R1 plane/x≥0.3 B∩A => ERR GermFrameUnsupported { a_face: FaceKey(2v1), a_kind: Sphere, b_face: FaceKey(3v1), b_kind: Cylinder } 
R1 plane/x≥0.3 A∖B => ERR GermFrameUnsupported { a_face: FaceKey(3v1), a_kind: Cylinder, b_face: FaceKey(2v1), b_kind: Sphere } 
R1 plane/x≥0.3 B∖A => ERR GermFrameUnsupported { a_face: FaceKey(2v1), a_kind: Sphere, b_face: FaceKey(3v1), b_kind: Cylinder } 
R1 tube a=0.7 len=2 tilt=2.642 turn=0.3 d=0e0 A∪B => ERR GermFrameUnsupported { a_face: FaceKey(3v1), a_kind: Cylinder, b_face: FaceKey(1v1), b_kind: Sphere } 
R1 tube a=0.7 len=2 tilt=2.642 turn=0.3 d=0e0 B∪A => ERR GermFrameUnsupported { a_face: FaceKey(1v1), a_kind: Sphere, b_face: FaceKey(3v1), b_kind: Cylinder } 
R1 tube a=0.7 len=2 tilt=2.642 turn=0.3 d=0e0 A∩B => ERR GermFrameUnsupported { a_face: FaceKey(3v1), a_kind: Cylinder, b_face: FaceKey(1v1), b_kind: Sphere } 
R1 tube a=0.7 len=2 tilt=2.642 turn=0.3 d=0e0 B∩A => ERR GermFrameUnsupported { a_face: FaceKey(1v1), a_kind: Sphere, b_face: FaceKey(3v1), b_kind: Cylinder } 
R1 tube a=0.7 len=2 tilt=2.642 turn=0.3 d=0e0 A∖B => ERR GermFrameUnsupported { a_face: FaceKey(3v1), a_kind: Cylinder, b_face: FaceKey(1v1), b_kind: Sphere } 
R1 tube a=0.7 len=2 tilt=2.642 turn=0.3 d=0e0 B∖A => ERR GermFrameUnsupported { a_face: FaceKey(1v1), a_kind: Sphere, b_face: FaceKey(3v1), b_kind: Cylinder } 
R1 tube a=1 len=2 tilt=3.142 turn=0.4 d=0e0 A∪B => ERR GermFrameUnsupported { a_face: FaceKey(3v1), a_kind: Cylinder, b_face: FaceKey(1v1), b_kind: Sphere } 
R1 tube a=1 len=2 tilt=3.142 turn=0.4 d=0e0 B∪A => ERR GermFrameUnsupported { a_face: FaceKey(2v1), a_kind: Sphere, b_face: FaceKey(3v1), b_kind: Cylinder } 
R1 tube a=1 len=2 tilt=3.142 turn=0.4 d=0e0 A∩B => ERR GermFrameUnsupported { a_face: FaceKey(3v1), a_kind: Cylinder, b_face: FaceKey(1v1), b_kind: Sphere } 
R1 tube a=1 len=2 tilt=3.142 turn=0.4 d=0e0 B∩A => ERR GermFrameUnsupported { a_face: FaceKey(2v1), a_kind: Sphere, b_face: FaceKey(3v1), b_kind: Cylinder } 
R1 tube a=1 len=2 tilt=3.142 turn=0.4 d=0e0 A∖B => ERR GermFrameUnsupported { a_face: FaceKey(3v1), a_kind: Cylinder, b_face: FaceKey(1v1), b_kind: Sphere } 
R1 tube a=1 len=2 tilt=3.142 turn=0.4 d=0e0 B∖A => ERR GermFrameUnsupported { a_face: FaceKey(2v1), a_kind: Sphere, b_face: FaceKey(3v1), b_kind: Cylinder } 
R1 tube a=1 len=0.2 tilt=0.000 turn=0 d=0e0 A∪B => ERR GermFrameUnsupported { a_face: FaceKey(3v1), a_kind: Cylinder, b_face: FaceKey(2v1), b_kind: Sphere } 
R1 tube a=1 len=0.2 tilt=0.000 turn=0 d=0e0 B∪A => ERR GermFrameUnsupported { a_face: FaceKey(1v1), a_kind: Sphere, b_face: FaceKey(4v1), b_kind: Cylinder } 
R1 tube a=1 len=0.2 tilt=0.000 turn=0 d=0e0 A∩B => ERR GermFrameUnsupported { a_face: FaceKey(3v1), a_kind: Cylinder, b_face: FaceKey(2v1), b_kind: Sphere } 
R1 tube a=1 len=0.2 tilt=0.000 turn=0 d=0e0 B∩A => ERR GermFrameUnsupported { a_face: FaceKey(1v1), a_kind: Sphere, b_face: FaceKey(4v1), b_kind: Cylinder } 
R1 tube a=1 len=0.2 tilt=0.000 turn=0 d=0e0 A∖B => ERR GermFrameUnsupported { a_face: FaceKey(3v1), a_kind: Cylinder, b_face: FaceKey(2v1), b_kind: Sphere } 
R1 tube a=1 len=0.2 tilt=0.000 turn=0 d=0e0 B∖A => ERR GermFrameUnsupported { a_face: FaceKey(1v1), a_kind: Sphere, b_face: FaceKey(4v1), b_kind: Cylinder } 
R1 tube a=1.3 len=0.1 tilt=0.000 turn=0 d=0e0 A∪B => ERR GermFrameUnsupported { a_face: FaceKey(3v1), a_kind: Cylinder, b_face: FaceKey(2v1), b_kind: Sphere } 
R1 tube a=1.3 len=0.1 tilt=0.000 turn=0 d=0e0 B∪A => ERR GermFrameUnsupported { a_face: FaceKey(1v1), a_kind: Sphere, b_face: FaceKey(4v1), b_kind: Cylinder } 
R1 tube a=1.3 len=0.1 tilt=0.000 turn=0 d=0e0 A∩B => ERR GermFrameUnsupported { a_face: FaceKey(3v1), a_kind: Cylinder, b_face: FaceKey(2v1), b_kind: Sphere } 
R1 tube a=1.3 len=0.1 tilt=0.000 turn=0 d=0e0 B∩A => ERR GermFrameUnsupported { a_face: FaceKey(1v1), a_kind: Sphere, b_face: FaceKey(4v1), b_kind: Cylinder } 
R1 tube a=1.3 len=0.1 tilt=0.000 turn=0 d=0e0 A∖B => ERR GermFrameUnsupported { a_face: FaceKey(3v1), a_kind: Cylinder, b_face: FaceKey(2v1), b_kind: Sphere } 
R1 tube a=1.3 len=0.1 tilt=0.000 turn=0 d=0e0 B∖A => ERR GermFrameUnsupported { a_face: FaceKey(1v1), a_kind: Sphere, b_face: FaceKey(4v1), b_kind: Cylinder } 
R1 tube a=1 len=0.2 tilt=3.142 turn=0 d=0e0 A∪B => ERR GermFrameUnsupported { a_face: FaceKey(3v1), a_kind: Cylinder, b_face: FaceKey(1v1), b_kind: Sphere } 
R1 tube a=1 len=0.2 tilt=3.142 turn=0 d=0e0 B∪A => ERR GermFrameUnsupported { a_face: FaceKey(1v1), a_kind: Sphere, b_face: FaceKey(3v1), b_kind: Cylinder } 
R1 tube a=1 len=0.2 tilt=3.142 turn=0 d=0e0 A∩B => ERR GermFrameUnsupported { a_face: FaceKey(3v1), a_kind: Cylinder, b_face: FaceKey(1v1), b_kind: Sphere } 
R1 tube a=1 len=0.2 tilt=3.142 turn=0 d=0e0 B∩A => ERR GermFrameUnsupported { a_face: FaceKey(1v1), a_kind: Sphere, b_face: FaceKey(3v1), b_kind: Cylinder } 
R1 tube a=1 len=0.2 tilt=3.142 turn=0 d=0e0 A∖B => ERR GermFrameUnsupported { a_face: FaceKey(3v1), a_kind: Cylinder, b_face: FaceKey(1v1), b_kind: Sphere } 
R1 tube a=1 len=0.2 tilt=3.142 turn=0 d=0e0 B∖A => ERR GermFrameUnsupported { a_face: FaceKey(1v1), a_kind: Sphere, b_face: FaceKey(3v1), b_kind: Cylinder } 
R1 tube a=1 len=2 tilt=0.000 turn=0 d=1e-12 A∪B => ERR GermFrameUnsupported { a_face: FaceKey(3v1), a_kind: Cylinder, b_face: FaceKey(2v1), b_kind: Sphere } 
R1 tube a=1 len=2 tilt=0.000 turn=0 d=1e-12 B∪A => ERR GermFrameUnsupported { a_face: FaceKey(1v1), a_kind: Sphere, b_face: FaceKey(4v1), b_kind: Cylinder } 
R1 tube a=1 len=2 tilt=0.000 turn=0 d=1e-12 A∩B => ERR GermFrameUnsupported { a_face: FaceKey(3v1), a_kind: Cylinder, b_face: FaceKey(2v1), b_kind: Sphere } 
R1 tube a=1 len=2 tilt=0.000 turn=0 d=1e-12 B∩A => ERR GermFrameUnsupported { a_face: FaceKey(1v1), a_kind: Sphere, b_face: FaceKey(4v1), b_kind: Cylinder } 
R1 tube a=1 len=2 tilt=0.000 turn=0 d=1e-12 A∖B => ERR GermFrameUnsupported { a_face: FaceKey(3v1), a_kind: Cylinder, b_face: FaceKey(2v1), b_kind: Sphere } 
R1 tube a=1 len=2 tilt=0.000 turn=0 d=1e-12 B∖A => ERR GermFrameUnsupported { a_face: FaceKey(1v1), a_kind: Sphere, b_face: FaceKey(4v1), b_kind: Cylinder } 
R1 plane/x≥-0.4 A∪B => ERR GermFrameUnsupported { a_face: FaceKey(3v1), a_kind: Cylinder, b_face: FaceKey(2v1), b_kind: Sphere } 
R1 plane/x≥-0.4 B∪A => ERR GermFrameUnsupported { a_face: FaceKey(2v1), a_kind: Sphere, b_face: FaceKey(3v1), b_kind: Cylinder } 
R1 plane/x≥-0.4 A∩B => ERR GermFrameUnsupported { a_face: FaceKey(3v1), a_kind: Cylinder, b_face: FaceKey(2v1), b_kind: Sphere } 
R1 plane/x≥-0.4 B∩A => ERR GermFrameUnsupported { a_face: FaceKey(2v1), a_kind: Sphere, b_face: FaceKey(3v1), b_kind: Cylinder } 
R1 plane/x≥-0.4 A∖B => ERR GermFrameUnsupported { a_face: FaceKey(3v1), a_kind: Cylinder, b_face: FaceKey(2v1), b_kind: Sphere } 
R1 plane/x≥-0.4 B∖A => ERR GermFrameUnsupported { a_face: FaceKey(2v1), a_kind: Sphere, b_face: FaceKey(3v1), b_kind: Cylinder } 
R1 tube a=1 len=2 tilt=0.000 turn=0 d=-1e-12 A∪B => ERR GermFrameUnsupported { a_face: FaceKey(3v1), a_kind: Cylinder, b_face: FaceKey(2v1), b_kind: Sphere } 
R1 tube a=1 len=2 tilt=0.000 turn=0 d=-1e-12 B∪A => ERR GermFrameUnsupported { a_face: FaceKey(1v1), a_kind: Sphere, b_face: FaceKey(4v1), b_kind: Cylinder } 
R1 tube a=1 len=2 tilt=0.000 turn=0 d=-1e-12 A∩B => ERR GermFrameUnsupported { a_face: FaceKey(3v1), a_kind: Cylinder, b_face: FaceKey(2v1), b_kind: Sphere } 
R1 tube a=1 len=2 tilt=0.000 turn=0 d=-1e-12 B∩A => ERR GermFrameUnsupported { a_face: FaceKey(1v1), a_kind: Sphere, b_face: FaceKey(4v1), b_kind: Cylinder } 
R1 tube a=1 len=2 tilt=0.000 turn=0 d=-1e-12 A∖B => ERR GermFrameUnsupported { a_face: FaceKey(3v1), a_kind: Cylinder, b_face: FaceKey(2v1), b_kind: Sphere } 
R1 tube a=1 len=2 tilt=0.000 turn=0 d=-1e-12 B∖A => ERR GermFrameUnsupported { a_face: FaceKey(1v1), a_kind: Sphere, b_face: FaceKey(4v1), b_kind: Cylinder } 
R1 tube a=1 len=2 tilt=0.000 turn=0 d=1e-10 A∪B => ERR GermFrameUnsupported { a_face: FaceKey(3v1), a_kind: Cylinder, b_face: FaceKey(2v1), b_kind: Sphere } 
R1 tube a=1 len=2 tilt=0.000 turn=0 d=1e-10 B∪A => ERR GermFrameUnsupported { a_face: FaceKey(1v1), a_kind: Sphere, b_face: FaceKey(4v1), b_kind: Cylinder } 
R1 tube a=1 len=2 tilt=0.000 turn=0 d=1e-10 A∩B => ERR GermFrameUnsupported { a_face: FaceKey(3v1), a_kind: Cylinder, b_face: FaceKey(2v1), b_kind: Sphere } 
R1 tube a=1 len=2 tilt=0.000 turn=0 d=1e-10 B∩A => ERR GermFrameUnsupported { a_face: FaceKey(1v1), a_kind: Sphere, b_face: FaceKey(4v1), b_kind: Cylinder } 
R1 tube a=1 len=2 tilt=0.000 turn=0 d=1e-10 A∖B => ERR GermFrameUnsupported { a_face: FaceKey(3v1), a_kind: Cylinder, b_face: FaceKey(2v1), b_kind: Sphere } 
R1 tube a=1 len=2 tilt=0.000 turn=0 d=1e-10 B∖A => ERR GermFrameUnsupported { a_face: FaceKey(1v1), a_kind: Sphere, b_face: FaceKey(4v1), b_kind: Cylinder } 
R1 tube a=1 len=2 tilt=0.000 turn=0 d=-1e-10 A∪B => ERR GermFrameUnsupported { a_face: FaceKey(3v1), a_kind: Cylinder, b_face: FaceKey(2v1), b_kind: Sphere } 
R1 tube a=1 len=2 tilt=0.000 turn=0 d=-1e-10 B∪A => ERR GermFrameUnsupported { a_face: FaceKey(1v1), a_kind: Sphere, b_face: FaceKey(4v1), b_kind: Cylinder } 
R1 tube a=1 len=2 tilt=0.000 turn=0 d=-1e-10 A∩B => ERR GermFrameUnsupported { a_face: FaceKey(3v1), a_kind: Cylinder, b_face: FaceKey(2v1), b_kind: Sphere } 
R1 tube a=1 len=2 tilt=0.000 turn=0 d=-1e-10 B∩A => ERR GermFrameUnsupported { a_face: FaceKey(1v1), a_kind: Sphere, b_face: FaceKey(4v1), b_kind: Cylinder } 
R1 tube a=1 len=2 tilt=0.000 turn=0 d=-1e-10 A∖B => ERR GermFrameUnsupported { a_face: FaceKey(3v1), a_kind: Cylinder, b_face: FaceKey(2v1), b_kind: Sphere } 
R1 tube a=1 len=2 tilt=0.000 turn=0 d=-1e-10 B∖A => ERR GermFrameUnsupported { a_face: FaceKey(1v1), a_kind: Sphere, b_face: FaceKey(4v1), b_kind: Cylinder } 
R1 tube a=1 len=2 tilt=0.000 turn=0 d=1e-9 A∪B => ERR GermFrameUnsupported { a_face: FaceKey(3v1), a_kind: Cylinder, b_face: FaceKey(2v1), b_kind: Sphere } 
R1 tube a=1 len=2 tilt=0.000 turn=0 d=1e-9 B∪A => ERR Escalated { decision: Containment { decision: Some(Loop(Boundary)), escalation: Margin }, diag: Indeterminate  
R1 tube a=1 len=2 tilt=0.000 turn=0 d=1e-9 A∩B => ERR GermFrameUnsupported { a_face: FaceKey(3v1), a_kind: Cylinder, b_face: FaceKey(2v1), b_kind: Sphere } 
R1 tube a=1 len=2 tilt=0.000 turn=0 d=1e-9 B∩A => ERR Escalated { decision: Containment { decision: Some(Loop(Boundary)), escalation: Margin }, diag: Indeterminate  
R1 tube a=1 len=2 tilt=0.000 turn=0 d=1e-9 A∖B => ERR GermFrameUnsupported { a_face: FaceKey(3v1), a_kind: Cylinder, b_face: FaceKey(2v1), b_kind: Sphere } 
R1 tube a=1 len=2 tilt=0.000 turn=0 d=1e-9 B∖A => ERR Escalated { decision: Containment { decision: Some(Loop(Boundary)), escalation: Margin }, diag: Indeterminate  
R1 tube a=1 len=2 tilt=0.000 turn=0 d=-1e-9 A∪B => ERR Escalated { decision: Crossing(OnEdge), diag: Indeterminate { margin: MarginDiag(Value(1.0000001942626733e-9,  
R1 tube a=1 len=2 tilt=0.000 turn=0 d=-1e-9 B∪A => ERR Escalated { decision: Containment { decision: Some(Loop(Boundary)), escalation: Margin }, diag: Indeterminate  
R1 tube a=1 len=2 tilt=0.000 turn=0 d=-1e-9 A∩B => ERR Escalated { decision: Crossing(OnEdge), diag: Indeterminate { margin: MarginDiag(Value(1.0000001942626733e-9,  
R1 tube a=1 len=2 tilt=0.000 turn=0 d=-1e-9 B∩A => ERR Escalated { decision: Containment { decision: Some(Loop(Boundary)), escalation: Margin }, diag: Indeterminate  
R1 tube a=1 len=2 tilt=0.000 turn=0 d=-1e-9 A∖B => ERR Escalated { decision: Crossing(OnEdge), diag: Indeterminate { margin: MarginDiag(Value(1.0000001942626733e-9,  
R1 tube a=1 len=2 tilt=0.000 turn=0 d=-1e-9 B∖A => ERR Escalated { decision: Containment { decision: Some(Loop(Boundary)), escalation: Margin }, diag: Indeterminate  
R1 tube a=1 len=2 tilt=0.000 turn=0 d=1e-8 A∪B => ERR Escalated { decision: Coincidence(VertexOnCurvedFace, Moot), diag: Indeterminate { margin: MarginDiag(Value(7. 
R1 tube a=1 len=2 tilt=0.000 turn=0 d=1e-8 B∪A => ERR Escalated { decision: Containment { decision: Some(Loop(Boundary)), escalation: Margin }, diag: Indeterminate  
R1 tube a=1 len=2 tilt=0.000 turn=0 d=1e-8 A∩B => ERR Escalated { decision: Coincidence(VertexOnCurvedFace, Moot), diag: Indeterminate { margin: MarginDiag(Value(7. 
R1 tube a=1 len=2 tilt=0.000 turn=0 d=1e-8 B∩A => ERR Escalated { decision: Containment { decision: Some(Loop(Boundary)), escalation: Margin }, diag: Indeterminate  
R1 tube a=1 len=2 tilt=0.000 turn=0 d=1e-8 A∖B => ERR Escalated { decision: Coincidence(VertexOnCurvedFace, Moot), diag: Indeterminate { margin: MarginDiag(Value(7. 
R1 tube a=1 len=2 tilt=0.000 turn=0 d=1e-8 B∖A => ERR Escalated { decision: Containment { decision: Some(Loop(Boundary)), escalation: Margin }, diag: Indeterminate  
R1 tube a=1 len=2 tilt=0.000 turn=0 d=-1e-8 A∪B => ERR Escalated { decision: Coincidence(VertexOnCurvedFace, Moot), diag: Indeterminate { margin: MarginDiag(Value(-7 
R1 tube a=1 len=2 tilt=0.000 turn=0 d=-1e-8 B∪A => ERR Escalated { decision: Containment { decision: Some(Loop(Boundary)), escalation: Margin }, diag: Indeterminate  
R1 tube a=1 len=2 tilt=0.000 turn=0 d=-1e-8 A∩B => ERR Escalated { decision: Coincidence(VertexOnCurvedFace, Moot), diag: Indeterminate { margin: MarginDiag(Value(-7 
R1 tube a=1 len=2 tilt=0.000 turn=0 d=-1e-8 B∩A => ERR Escalated { decision: Containment { decision: Some(Loop(Boundary)), escalation: Margin }, diag: Indeterminate  
R1 tube a=1 len=2 tilt=0.000 turn=0 d=-1e-8 A∖B => ERR Escalated { decision: Coincidence(VertexOnCurvedFace, Moot), diag: Indeterminate { margin: MarginDiag(Value(-7 
R1 tube a=1 len=2 tilt=0.000 turn=0 d=-1e-8 B∖A => ERR Escalated { decision: Containment { decision: Some(Loop(Boundary)), escalation: Margin }, diag: Indeterminate  
R1 plane/x≥0, tube turned 0.4 A∪B => ERR GermFrameUnsupported { a_face: FaceKey(3v1), a_kind: Cylinder, b_face: FaceKey(2v1), b_kind: Sphere } 
R1 plane/x≥0, tube turned 0.4 B∪A => ERR GermFrameUnsupported { a_face: FaceKey(2v1), a_kind: Sphere, b_face: FaceKey(3v1), b_kind: Cylinder } 
R1 plane/x≥0, tube turned 0.4 A∩B => ERR GermFrameUnsupported { a_face: FaceKey(3v1), a_kind: Cylinder, b_face: FaceKey(2v1), b_kind: Sphere } 
R1 plane/x≥0, tube turned 0.4 B∩A => ERR GermFrameUnsupported { a_face: FaceKey(2v1), a_kind: Sphere, b_face: FaceKey(3v1), b_kind: Cylinder } 
R1 plane/x≥0, tube turned 0.4 A∖B => ERR GermFrameUnsupported { a_face: FaceKey(3v1), a_kind: Cylinder, b_face: FaceKey(2v1), b_kind: Sphere } 
R1 plane/x≥0, tube turned 0.4 B∖A => ERR GermFrameUnsupported { a_face: FaceKey(2v1), a_kind: Sphere, b_face: FaceKey(3v1), b_kind: Cylinder } 
R1 two/down first union => ERR GermFrameUnsupported { a_face: FaceKey(1v1), a_kind: Sphere, b_face: FaceKey(4v1), b_kind: Cylinder }
R1 two/down turned first union => ERR GermFrameUnsupported { a_face: FaceKey(1v1), a_kind: Sphere, b_face: FaceKey(4v1), b_kind: Cylinder }
R1 two/askew first union => ERR GermFrameUnsupported { a_face: FaceKey(1v1), a_kind: Sphere, b_face: FaceKey(4v1), b_kind: Cylinder }
R1 tube a=1 len=2 tilt=0.000 turn=0 d=1e-6 A∪B => OK SOUND t2=true t3p=true cert=true operand=true v=17.443020122 want=17.443020122 mesh=ok
R1 tube a=1 len=2 tilt=0.000 turn=0 d=1e-6 B∪A => OK SOUND t2=true t3p=true cert=true operand=true v=17.443020122 want=17.443020122 mesh=ok
R1 tube a=1 len=2 tilt=0.000 turn=0 d=1e-6 A∩B => OK SOUND t2=true t3p=true cert=true operand=true v=0.687853020 want=0.687853020 mesh=ok
R1 tube a=1 len=2 tilt=0.000 turn=0 d=1e-6 B∩A => OK SOUND t2=true t3p=true cert=true operand=true v=0.687853020 want=0.687853020 mesh=ok
R1 tube a=1 len=2 tilt=0.000 turn=0 d=1e-6 A∖B => OK SOUND t2=true t3p=true cert=true operand=true v=5.595332287 want=5.595332287 mesh=ok
R1 tube a=1 len=2 tilt=0.000 turn=0 d=1e-6 B∖A => OK SOUND t2=true t3p=true cert=true operand=true v=11.159834815 want=11.159834815 mesh=ok
R1 tube a=1 len=2 tilt=0.000 turn=0 d=-1e-6 A∪B => ERR GermFrameUnsupported { a_face: FaceKey(3v1), a_kind: Cylinder, b_face: FaceKey(2v1), b_kind: Sphere } 
R1 tube a=1 len=2 tilt=0.000 turn=0 d=-1e-6 B∪A => ERR GermFrameUnsupported { a_face: FaceKey(1v1), a_kind: Sphere, b_face: FaceKey(4v1), b_kind: Cylinder } 
R1 tube a=1 len=2 tilt=0.000 turn=0 d=-1e-6 A∩B => ERR GermFrameUnsupported { a_face: FaceKey(3v1), a_kind: Cylinder, b_face: FaceKey(2v1), b_kind: Sphere } 
R1 tube a=1 len=2 tilt=0.000 turn=0 d=-1e-6 B∩A => ERR GermFrameUnsupported { a_face: FaceKey(1v1), a_kind: Sphere, b_face: FaceKey(4v1), b_kind: Cylinder } 
R1 tube a=1 len=2 tilt=0.000 turn=0 d=-1e-6 A∖B => ERR GermFrameUnsupported { a_face: FaceKey(3v1), a_kind: Cylinder, b_face: FaceKey(2v1), b_kind: Sphere } 
R1 tube a=1 len=2 tilt=0.000 turn=0 d=-1e-6 B∖A => ERR GermFrameUnsupported { a_face: FaceKey(1v1), a_kind: Sphere, b_face: FaceKey(4v1), b_kind: Cylinder } 
R1 seam-plane d=0e0 A∪B => ERR Join(SectionLoopUndecided { face: FaceKey(3v1) }) 
R1 seam-plane d=0e0 B∪A => ERR Join(SectionLoopUndecided { face: FaceKey(3v1) }) 
R1 seam-plane d=0e0 A∩B => ERR Join(SectionLoopUndecided { face: FaceKey(3v1) }) 
R1 seam-plane d=0e0 B∩A => ERR Join(SectionLoopUndecided { face: FaceKey(3v1) }) 
R1 seam-plane d=0e0 A∖B => ERR Join(SectionLoopUndecided { face: FaceKey(3v1) }) 
R1 seam-plane d=0e0 B∖A => ERR Join(SectionLoopUndecided { face: FaceKey(3v1) }) 
R1 seam-plane d=1e-12 A∪B => ERR Join(SectionLoopUndecided { face: FaceKey(3v1) }) 
R1 seam-plane d=1e-12 B∪A => ERR Join(SectionLoopUndecided { face: FaceKey(3v1) }) 
R1 seam-plane d=1e-12 A∩B => ERR Join(SectionLoopUndecided { face: FaceKey(3v1) }) 
R1 seam-plane d=1e-12 B∩A => ERR Join(SectionLoopUndecided { face: FaceKey(3v1) }) 
R1 seam-plane d=1e-12 A∖B => ERR Join(SectionLoopUndecided { face: FaceKey(3v1) }) 
R1 seam-plane d=1e-12 B∖A => ERR Join(SectionLoopUndecided { face: FaceKey(3v1) }) 
R1 seam-plane d=-1e-12 A∪B => ERR Join(SectionLoopUndecided { face: FaceKey(3v1) }) 
R1 seam-plane d=-1e-12 B∪A => ERR Join(SectionLoopUndecided { face: FaceKey(3v1) }) 
R1 seam-plane d=-1e-12 A∩B => ERR Join(SectionLoopUndecided { face: FaceKey(3v1) }) 
R1 seam-plane d=-1e-12 B∩A => ERR Join(SectionLoopUndecided { face: FaceKey(3v1) }) 
R1 seam-plane d=-1e-12 A∖B => ERR Join(SectionLoopUndecided { face: FaceKey(3v1) }) 
R1 seam-plane d=-1e-12 B∖A => ERR Join(SectionLoopUndecided { face: FaceKey(3v1) }) 
R1 seam-plane d=1e-6 A∪B => OK SOUND t2=true t3p=true cert=true operand=true v=505.923750201 want=505.923750201 mesh=ok
R1 seam-plane d=1e-6 B∪A => OK SOUND t2=true t3p=true cert=true operand=true v=505.923750201 want=505.923750201 mesh=ok
R1 seam-plane d=1e-6 A∩B => OK SOUND t2=true t3p=true cert=true operand=true v=5.923837634 want=5.923837634 mesh=ok
R1 seam-plane d=1e-6 B∩A => OK SOUND t2=true t3p=true cert=true operand=true v=5.923837634 want=5.923837634 mesh=ok
R1 seam-plane d=1e-6 A∖B => OK SOUND t2=true t3p=true cert=true operand=true v=5.923850201 want=5.923850201 mesh=ok
R1 seam-plane d=1e-6 B∖A => OK SOUND t2=true t3p=true cert=true operand=true v=494.076062366 want=494.076062366 mesh=ok
