
running 141 tests
test a_ring_on_a_sphere_face::a_box_corner_and_a_box_edge_inside_a_ball_wind_their_islands ... ok
test a_ring_on_a_sphere_face::a_path_escalating_at_a_graze_hands_the_winding_to_the_next ... ok
test a_ring_on_a_sphere_face::a_ring_inside_a_sphere_island_moves_and_stops_at_the_role_read ... ok
test a_ring_on_a_sphere_face::a_ring_on_the_section_circle_winds_by_its_arc ... ok
test a_ring_on_a_sphere_face::a_section_across_the_seam_meridian_divides_the_outer_loop ... ok
test a_ring_on_a_sphere_face::a_ring_beside_an_outer_loop_on_the_run_is_read_from_an_edge_midpoint ... ok
test a_ring_on_a_sphere_face::a_pierce_ring_beside_a_sphere_island_stays_outside ... ok
test a_ring_on_a_sphere_face::a_slab_edge_through_a_ball_face_winds_its_island ... ok
test carved_sphere_operand::a_face_whose_only_edge_is_a_seam_is_the_whole_sphere ... ok
test carved_sphere_operand::a_point_whose_antipode_is_a_face_vertex_is_read ... ok
test a_ring_on_a_sphere_face::an_outer_point_on_the_runs_side_of_the_section_winds_the_island ... ok
test a_ring_on_a_sphere_face::a_bar_through_a_ball_winds_both_rings ... ok
test carved_sphere_operand::the_lens_union_classifies_every_point ... ok
test carved_sphere_operand::a_tilted_cut_of_a_ball_is_an_operand ... ok
test cylinder_sphere_frame::a_ball_across_a_cylinder_wall_builds_sound_or_stops_at_the_lane ... ok
test cylinder_sphere_frame::every_segment_joins_neighbouring_sites_along_its_loop ... ok
test cylinder_sphere_frame::the_oracle_agrees_with_a_second_slicing ... ok
test germ_sphere_no_crossings::a_ball_against_a_cone_face_is_the_section_passs ... ok
test carved_sphere_operand::the_lens_union_classifies_points_at_the_interval_scalar ... ok
test germ_sphere_no_crossings::a_ball_around_the_donut_unions_to_the_ball ... ok
test germ_sphere_no_crossings::a_ball_inside_the_tube_unions_to_the_donut ... ok
test germ_sphere_no_crossings::a_ball_scraping_the_tube_refuses_as_an_interior_loop ... ok
test m5_pr9c_sphere_doors::a_trimmed_sphere_face_is_classified_through_its_chart_rectangle ... ok
test m5_pr9c_sphere_doors::curved_revert_reverts_the_ball_instead_of_refusing ... ok
test m5_pr9c_sphere_doors::sphere_door_classifies_the_ball_interior_exterior_and_boundary ... ok
test m5_pr9c_sphere_doors::sphere_pierce_reads_the_material_side_from_the_discriminant ... ok
test m5_pr9c_sphere_doors::tangent_schedule_ray_grazes_and_the_retry_answers ... ok
test m5_pr9c_sphere_doors::the_die_pips_shape_stops_typed_at_its_section_roles ... ok
test m5_pr9c_sphere_doors::two_ball_body_classifies_each_shell_independently ... ok
test germ_sphere_no_crossings::a_ball_in_the_donuts_hole_unions_by_its_closed_form ... ok
test m5_pr9c_sphere_doors_interval::interval_sphere_doors_classify_in_out_and_boundary ... ok
test m5_s13_pips::a_ball_above_the_cylinders_cap_is_certified_separated ... ok
test m5_s13_pips::a_ball_in_the_wall_boxs_corner_is_certified_separated ... ok
test m5_s13_pips::a_ball_straddling_a_notched_walls_carrier_builds ... ok
test m5_s13_pips::die_pip_intersect_is_the_cap_and_additive ... ok
test m5_s13_pips::certified_disjoint_and_contained_shells_keep_their_answers ... ok
test m5_s13_pips::in_band_extent_escalates_instead_of_answering ... ok
test carved_sphere_operand::the_lens_union_is_an_operand ... ok
test m5_s13_pips::die_pip_subtract_is_green ... ok
test m5_s13_pips::trimmed_sphere_group_operand_assembles_with_a_clear_partner ... ok
test m5_s13_pips::overlapping_sphere_pair_builds_through_the_scan ... ok
test m5_s13_pips_interval::certified::interval_finding_union_is_bracketed ... ok
test m5_s13_pips::two_pips_cut_under_the_group_arm ... ok
test m5_s13_review_probes::probe_belly_pierce_no_silent_answer_and_lanes_agree ... ok
test m5_s13_pips_interval::certified::interval_pip_pair_is_bracketed_and_additive ... ok
test m5_s13_review_probes::probe_exact_tangency_from_inside_refuses_typed ... ok
test m5_s13_review_probes::probe_edge_escape_lands_a_ring_before_the_scan ... ok
test m5_s13_review_probes::probe_flipped_row_replays_bit_identical ... ok
test m5_s13_review_probes::probe_plane_sphere_section_dense_residual ... ok
test m5_s13_review_probes::probe_nested_spheres_union_to_the_outer_ball ... ok
test m5_s13_review_probes::probe_two_nonparallel_escapes_refuse_typed ... ok
test pi_seam_and_kiss_through_the_boolean::a_ball_seated_in_its_own_bore_refuses_declared_or_not ... ok
test m5_s13_review_probes::probe_tilted_chart_recut_still_cuts_exact ... ok
test pi_seam_and_kiss_through_the_boolean::a_bowl_or_a_split_ball_in_the_tubes_mouth_is_a_cusp_not_a_seam ... ok
test m5_s13_review_probes::probe_near_parallel_axis_never_answers_wrong ... ok
test pi_seam_and_kiss_through_the_boolean::a_d_bar_on_the_slab_builds_with_its_line_seams_declared ... ok
test pi_seam_and_kiss_through_the_boolean::a_dome_abutting_on_the_rim_undeclared_refuses_on_its_discs ... ok
test pi_seam_and_kiss_through_the_boolean::a_cap_abutting_on_the_rim_refuses_at_a_graze_or_as_an_undeclared_continuation ... ok
test pi_seam_and_kiss_through_the_boolean::a_dome_abutting_on_the_rim_at_a_transverse_corner_builds_with_its_discs_declared_rest ... ok
test pi_seam_and_kiss_through_the_boolean::a_g1_joint_authored_inside_one_profile_needs_no_declaration ... ok
test pi_seam_and_kiss_through_the_boolean::a_dome_sunk_into_the_tube_builds_undeclared ... ok
test pi_seam_and_kiss_through_the_boolean::a_line_seam_is_read_only_where_the_faces_touch ... ok
test pi_seam_and_kiss_through_the_boolean::a_lens_of_two_domes_builds_with_its_discs_declared_rest ... ok
test pi_seam_and_kiss_through_the_boolean::a_line_seam_is_read_where_the_faces_leave_the_line ... ok
test pi_seam_and_kiss_through_the_boolean::a_rim_in_band_of_the_partners_wall_escalates ... ok
test pi_seam_and_kiss_through_the_boolean::a_rim_inside_the_partners_face_passes_the_crossing_layer ... ok
test pi_seam_and_kiss_through_the_boolean::a_puck_and_its_rounding_ring_build_with_the_top_declared_a_seam ... ok
test pi_seam_and_kiss_through_the_boolean::a_rod_in_a_bore_declared_tangent_refuses_at_the_crossing_layer ... ok
test pi_seam_and_kiss_through_the_boolean::a_rim_offset_inside_the_zero_band_answers_alike_in_both_member_orders ... ok
test pi_seam_and_kiss_through_the_boolean::a_seam_declared_on_a_transverse_pair_is_contradicted ... ok
test pi_seam_and_kiss_through_the_boolean::a_seam_on_one_carrier_or_across_a_gap_is_contradicted ... ok
test pi_seam_and_kiss_through_the_boolean::a_seam_whose_faces_leave_on_both_sides_is_contradicted_as_mixed ... ok
test pi_seam_and_kiss_through_the_boolean::a_tube_through_the_domes_base_builds_every_op_undeclared ... ok
test pi_seam_and_kiss_through_the_boolean::a_rod_rim_on_the_dome_across_its_seam_meridian_builds_every_op_undeclared ... ok
test pi_seam_and_kiss_through_the_boolean::narrow_review_corner_on_ball_battery ... ignored
test pi_seam_and_kiss_through_the_boolean::narrow_review_dome_battery ... ignored
test pi_seam_and_kiss_through_the_boolean::the_seam_pair_filter_keeps_every_pair_that_meets ... ok
test pi_seam_and_kiss_through_the_boolean::a_dome_sunk_across_the_tubes_seam_rulings_builds_every_op_undeclared ... ok
test pi_seam_and_kiss_through_the_boolean::the_sphere_capped_tube_builds_with_its_walls_declared_a_seam ... ok
test pi_seam_and_kiss_through_the_boolean::the_sphere_capped_tube_refuses_undeclared_and_under_every_other_class ... ok
test pi_seam_and_kiss_through_the_boolean::the_sphere_capped_tube_turned_within_a_hair_of_aligned ... ok
test pi_seam_and_kiss_through_the_boolean::the_stadiums_plane_cylinder_seam_is_contradicted_as_a_tangent ... ok
test pi_seam_and_kiss_through_the_boolean::the_tube_and_an_overlapping_ball_refuse_at_the_crossing_layer ... ok
test pi_seam_and_kiss_through_the_boolean::a_turned_rim_on_a_wall_bounded_by_an_ellipse_builds_every_op_undeclared ... ok
test reach_split_gate_azimuth::every_cut_into_a_partial_turn_sphere_face_refuses_at_the_gate ... ok
test reach_split_gate_azimuth::probe ... ignored, measurement probe: cargo nextest run -p sweep --run-ignored all reach_split_gate_azimuth::probe --no-capture
test reach_split_gate_per_face::a_plane_clear_of_a_sphere_or_torus_face_splits_the_body ... ok
test reach_split_gate_per_face::a_plane_missing_a_spline_body_returns_it_whole ... ok
test reach_split_gate_per_face::a_plane_that_may_meet_the_face_refuses_naming_it ... ok
test reach_split_gate_per_face::a_sphere_face_whose_side_is_not_certified_keeps_the_ball ... ok
test reach_split_gate_per_face::a_spline_edge_whose_belly_crosses_the_plane_refuses ... ok
test reach_split_gate_per_face::a_spline_rim_moved_between_its_quarters_keeps_no_row ... ok
test pi_seam_and_kiss_through_the_boolean::the_sphere_capped_tube_builds_with_its_hemisphere_turned ... ok
test reach_split_gate_pose::a_cut_into_the_face_refuses_in_every_pose ... ok
test reach_split_gate_pose::probe ... ignored, measurement probe: cargo nextest run -p sweep --run-ignored all reach_split_gate_pose::probe --no-capture
test a_ring_on_a_sphere_face::an_island_holding_the_far_caps_pole_winds ... ok
test reach_split_gate_pose::a_cut_clear_of_the_face_splits_in_every_pose ... ok
test round_tube_on_plate::a_round_tube_on_a_plate_unions_in_both_orders ... ok
test reach_split_gate_window::a_cut_into_the_faces_window_refuses_at_the_gate ... ok
test round_tube_on_plate::a_slab_across_a_round_tube_on_a_plate_unions_in_every_order ... ok
test spheres_crossing_off_every_edge::a_ball_crossing_both_faces_of_a_lens_builds ... ok
test spheres_crossing_off_every_edge::a_ball_near_tangency_builds_at_the_default_band ... ok
test spheres_crossing_off_every_edge::a_ball_poking_a_plane_and_crossing_a_sphere_refuses_typed ... ok
test spheres_crossing_off_every_edge::a_depth_in_band_of_a_tangency_escalates ... ok
test spheres_crossing_off_every_edge::a_tilted_centre_line_builds ... ok
test spheres_crossing_off_every_edge::both_witnesses_build_under_every_boolean ... ok
test reach_split_gate_window::a_cut_clear_of_the_faces_window_splits ... ok
test spheres_crossing_off_every_edge::two_trimmed_spheres_build ... ok
test tilted_sphere_pair::a_flipped_tilted_face_is_refused_by_name ... ok
test tilted_sphere_pair::a_pierce_off_the_seam_plane_builds_under_every_boolean ... ok
test tilted_sphere_pair::a_pip_with_its_seam_in_the_cubes_top_stops_at_the_role_read ... ok
test tilted_sphere_pair::a_plane_tilted_against_the_balls_chart_builds_under_every_boolean ... ok
test spheres_crossing_off_every_edge::a_ball_on_the_centre_line_builds_at_every_radius_and_depth ... ok
test spheres_crossing_off_every_edge::the_plain_witness_builds_at_the_interval_scalar ... ok
test tilted_sphere_pair::a_tilted_split_of_a_sphere_body_refuses_at_the_reduce ... ok
test verbs_cylsph_opening::a_ball_scraping_the_wall_refuses_at_the_section_pass ... ok
test tilted_sphere_pair::sphere_pairs_tilted_against_both_charts_build_under_every_boolean ... ok
test verbs_cylsph_opening::a_torus_operand_passes_the_pair_gate_and_refuses_at_the_crossing_layer ... ok
test verbs_cylsph_opening::a_contained_ball_builds_through_the_section_pass ... ok
test verbs_cylsph_opening::a_transversal_pose_reaches_the_join_lane_in_both_poses ... ok
test verbs_cylsph_opening::both_poses_take_the_same_door ... ok
test verbs_cylsph_opening::the_coaxial_union_refuses_at_the_germ_frame ... ok
test verbs_sphsph_chart::a_boundary_circle_tilted_against_the_chart_is_read_at_the_face_door ... ok
test verbs_cylsph_opening::the_join_dispatchs_refusal_says_what_it_actually_wires ... ok
test verbs_sphsph_chart::a_meridian_edge_through_a_pole_is_read_at_the_face_door ... ok
test verbs_sphsph_chart::a_probe_a_hair_past_a_near_polar_rim_is_decided_where_an_axial_lever_cannot ... ok
test verbs_sphsph_chart::a_sphere_face_with_a_straight_edge_refuses_at_both_doors ... ok
test verbs_sphsph_chart::a_full_period_azimuth_window_is_served_by_both_doors ... ok
test verbs_sphsph_chart::near_polar_probes_stay_definite_where_an_axial_lever_collapses ... ok
test verbs_sphsph_chart::probes_on_the_boundary_land_on_the_boundary_at_a_rim_and_at_a_meridian ... ok
test verbs_sphsph_chart::the_balls_two_bands_each_answer_for_their_own_half ... ok
test verbs_sphsph_chart::the_face_door_answers_on_a_lune_from_pole_to_pole ... ok
test verbs_sphsph_chart::the_refusal_names_the_class_it_needs ... ok
test verbs_sphsph_chart::the_solid_door_answers_inside_a_trimmed_sphere_body ... ok
test verbs_sphsph_chart::the_solid_door_answers_around_a_rimmed_sphere_band ... ok
test verbs_sphsph_opening::nested_balls_still_answer ... ok
test verbs_sphsph_opening::a_nested_ball_near_tangency_offers_a_tolerance_only_short_of_it ... ok
test verbs_sphsph_opening::seam_crossing_pairs_build ... ok
test verbs_sphsph_opening::z_offset_pairs_build_through_the_curved_extent_scan ... ok
test tilted_sphere_pair::a_tilted_sphere_pair_builds_at_the_interval_scalar ... ok
test reach_split_gate_azimuth::every_cut_clear_of_a_partial_turn_sphere_face_splits ... ok

test result: ok. 137 passed; 0 failed; 4 ignored; 0 measured; 2402 filtered out; finished in 17.20s

