DETAIL r=1e-3 h=1e-6 d=5e3 upright: Ok(())
DETAIL r=1e-3 h=1e-6 d=5e3 inverted: Ok(())
DETAIL r=1e-2 h=1e-6 d=2e4 upright: Err([VolumeUncomputable { solid: SolidKey(1v1), source: Face { face: FaceKey(3v1), source: Escalated { cause: Indeterminate { margin: MarginDiag(Enclosure { lo: 0.0, hi: 3.1505820653708314e-12, tag: None }), terminal_sliver: false, band: Band { zero: 1e-12, escalate: 1e-11 }, predicate: Some("props_loop_closed") }, check: Inventory } } }])
DETAIL r=1e-2 h=1e-6 d=2e4 inverted: Err([VolumeUncomputable { solid: SolidKey(1v1), source: Face { face: FaceKey(3v1), source: Escalated { cause: Indeterminate { margin: MarginDiag(Enclosure { lo: 0.0, hi: 2.5724394843074976e-12, tag: None }), terminal_sliver: false, band: Band { zero: 1e-12, escalate: 1e-11 }, predicate: Some("props_loop_closed") }, check: Inventory } } }])
DPROBE|eps=1e-12
DPROBE|r=1e-3 h=1e-7 d=0e0|upright|exact=+3.142e-13|f64=+3.142e-13|tier3=Ok(())
DPROBE|r=1e-3 h=1e-7 d=0e0|INVERTED|exact=-3.142e-13|f64=-3.142e-13|tier3=Err([NegativeVolume { solid: SolidKey(1v1) }])
DPROBE|r=1e-3 h=1e-7 d=1e0|upright|exact=+3.142e-13|f64=+3.142e-13|tier3=Ok(())
DPROBE|r=1e-3 h=1e-7 d=1e0|INVERTED|exact=-3.142e-13|f64=-3.142e-13|tier3=Err([NegativeVolume { solid: SolidKey(1v1) }])
DPROBE|r=1e-3 h=1e-7 d=1e1|upright|exact=+3.142e-13|f64=+3.142e-13|tier3=Ok(())
DPROBE|r=1e-3 h=1e-7 d=1e1|INVERTED|exact=-3.142e-13|f64=-3.142e-13|tier3=Err([NegativeVolume { solid: SolidKey(1v1) }])
DPROBE|r=1e-3 h=1e-7 d=1e2|upright|exact=+3.142e-13|f64=+3.142e-13|tier3=Ok(())
DPROBE|r=1e-3 h=1e-7 d=1e2|INVERTED|exact=-3.142e-13|f64=-3.142e-13|tier3=Err([NegativeVolume { solid: SolidKey(1v1) }])
DPROBE|r=1e-3 h=1e-7 d=1e3|upright|exact=+3.142e-13|f64=+3.142e-13|tier3=Ok(())
DPROBE|r=1e-3 h=1e-7 d=1e3|INVERTED|exact=-3.142e-13|f64=-3.142e-13|tier3=Err([NegativeVolume { solid: SolidKey(1v1) }])
DPROBE|r=1e-3 h=1e-7 d=5e3|upright|exact=+3.142e-13|f64=+3.142e-13|tier3=Ok(())
DPROBE|r=1e-3 h=1e-7 d=5e3|INVERTED|exact=-3.142e-13|f64=-3.142e-13|tier3=Ok(()) <-- INSIDE-OUT PASSES
DPROBE|r=1e-3 h=1e-7 d=2e4|no build
DPROBE|r=1e-3 h=1e-6 d=0e0|upright|exact=+3.142e-12|f64=+3.142e-12|tier3=Ok(())
DPROBE|r=1e-3 h=1e-6 d=0e0|INVERTED|exact=-3.142e-12|f64=-3.142e-12|tier3=Err([NegativeVolume { solid: SolidKey(1v1) }])
DPROBE|r=1e-3 h=1e-6 d=1e0|upright|exact=+3.142e-12|f64=+3.142e-12|tier3=Ok(())
DPROBE|r=1e-3 h=1e-6 d=1e0|INVERTED|exact=-3.142e-12|f64=-3.142e-12|tier3=Err([NegativeVolume { solid: SolidKey(1v1) }])
DPROBE|r=1e-3 h=1e-6 d=1e1|upright|exact=+3.142e-12|f64=+3.142e-12|tier3=Ok(())
DPROBE|r=1e-3 h=1e-6 d=1e1|INVERTED|exact=-3.142e-12|f64=-3.142e-12|tier3=Err([NegativeVolume { solid: SolidKey(1v1) }])
DPROBE|r=1e-3 h=1e-6 d=1e2|upright|exact=+3.142e-12|f64=+3.142e-12|tier3=Ok(())
DPROBE|r=1e-3 h=1e-6 d=1e2|INVERTED|exact=-3.142e-12|f64=-3.142e-12|tier3=Err([NegativeVolume { solid: SolidKey(1v1) }])
DPROBE|r=1e-3 h=1e-6 d=1e3|upright|exact=+3.142e-12|f64=+3.142e-12|tier3=Ok(())
DPROBE|r=1e-3 h=1e-6 d=1e3|INVERTED|exact=-3.142e-12|f64=-3.142e-12|tier3=Err([NegativeVolume { solid: SolidKey(1v1) }])
DPROBE|r=1e-3 h=1e-6 d=5e3|upright|exact=+3.142e-12|f64=+3.142e-12|tier3=Ok(())
DPROBE|r=1e-3 h=1e-6 d=5e3|INVERTED|exact=-3.142e-12|f64=-3.142e-12|tier3=Ok(()) <-- INSIDE-OUT PASSES
DPROBE|r=1e-3 h=1e-6 d=2e4|no build
DPROBE|r=1e-3 h=1e-5 d=0e0|upright|exact=+3.142e-11|f64=+3.142e-11|tier3=Ok(())
DPROBE|r=1e-3 h=1e-5 d=0e0|INVERTED|exact=-3.142e-11|f64=-3.142e-11|tier3=Err([NegativeVolume { solid: SolidKey(1v1) }])
DPROBE|r=1e-3 h=1e-5 d=1e0|upright|exact=+3.142e-11|f64=+3.142e-11|tier3=Ok(())
DPROBE|r=1e-3 h=1e-5 d=1e0|INVERTED|exact=-3.142e-11|f64=-3.142e-11|tier3=Err([NegativeVolume { solid: SolidKey(1v1) }])
DPROBE|r=1e-3 h=1e-5 d=1e1|upright|exact=+3.142e-11|f64=+3.142e-11|tier3=Ok(())
DPROBE|r=1e-3 h=1e-5 d=1e1|INVERTED|exact=-3.142e-11|f64=-3.142e-11|tier3=Err([NegativeVolume { solid: SolidKey(1v1) }])
DPROBE|r=1e-3 h=1e-5 d=1e2|upright|exact=+3.142e-11|f64=+3.142e-11|tier3=Ok(())
DPROBE|r=1e-3 h=1e-5 d=1e2|INVERTED|exact=-3.142e-11|f64=-3.142e-11|tier3=Err([NegativeVolume { solid: SolidKey(1v1) }])
DPROBE|r=1e-3 h=1e-5 d=1e3|upright|exact=+3.142e-11|f64=+3.142e-11|tier3=Ok(())
DPROBE|r=1e-3 h=1e-5 d=1e3|INVERTED|exact=-3.142e-11|f64=-3.142e-11|tier3=Err([NegativeVolume { solid: SolidKey(1v1) }])
DPROBE|r=1e-3 h=1e-5 d=5e3|upright|exact=+3.142e-11|f64=+3.142e-11|tier3=Ok(())
DPROBE|r=1e-3 h=1e-5 d=5e3|INVERTED|exact=-3.142e-11|f64=-3.142e-11|tier3=Err([NegativeVolume { solid: SolidKey(1v1) }])
DPROBE|r=1e-3 h=1e-5 d=2e4|no build
DPROBE|r=1e-2 h=1e-6 d=0e0|upright|exact=+3.142e-10|f64=+3.142e-10|tier3=Ok(())
DPROBE|r=1e-2 h=1e-6 d=0e0|INVERTED|exact=-3.142e-10|f64=-3.142e-10|tier3=Err([NegativeVolume { solid: SolidKey(1v1) }])
DPROBE|r=1e-2 h=1e-6 d=1e0|upright|exact=+3.142e-10|f64=+3.142e-10|tier3=Ok(())
DPROBE|r=1e-2 h=1e-6 d=1e0|INVERTED|exact=-3.142e-10|f64=-3.142e-10|tier3=Err([NegativeVolume { solid: SolidKey(1v1) }])
DPROBE|r=1e-2 h=1e-6 d=1e1|upright|exact=+3.142e-10|f64=+3.142e-10|tier3=Ok(())
DPROBE|r=1e-2 h=1e-6 d=1e1|INVERTED|exact=-3.142e-10|f64=-3.142e-10|tier3=Err([NegativeVolume { solid: SolidKey(1v1) }])
DPROBE|r=1e-2 h=1e-6 d=1e2|upright|exact=+3.142e-10|f64=+3.142e-10|tier3=Ok(())
DPROBE|r=1e-2 h=1e-6 d=1e2|INVERTED|exact=-3.142e-10|f64=-3.142e-10|tier3=Err([NegativeVolume { solid: SolidKey(1v1) }])
DPROBE|r=1e-2 h=1e-6 d=1e3|upright|exact=+3.142e-10|f64=+3.142e-10|tier3=Ok(())
DPROBE|r=1e-2 h=1e-6 d=1e3|INVERTED|exact=-3.142e-10|f64=-3.142e-10|tier3=Err([NegativeVolume { solid: SolidKey(1v1) }])
DPROBE|r=1e-2 h=1e-6 d=5e3|upright|exact=+3.142e-10|f64=+3.142e-10|tier3=Ok(())
DPROBE|r=1e-2 h=1e-6 d=5e3|INVERTED|exact=-3.142e-10|f64=-3.142e-10|tier3=Err([NegativeVolume { solid: SolidKey(1v1) }])
DPROBE|r=1e-2 h=1e-6 d=2e4|upright|exact=+3.142e-10|f64=+3.142e-10|tier3=Err([VolumeUncomputable { solid: SolidKey(1v1), source: Face { face: FaceKey(3v1), source: <-- VALID REFUSED
DPROBE|r=1e-2 h=1e-6 d=2e4|INVERTED|exact=-3.142e-10|f64=-3.142e-10|tier3=Err([VolumeUncomputable { solid: SolidKey(1v1), source: Face { face: FaceKey(3v1), source:
DPROBE|r=1e-2 h=1e-5 d=0e0|upright|exact=+3.142e-9|f64=+3.142e-9|tier3=Ok(())
DPROBE|r=1e-2 h=1e-5 d=0e0|INVERTED|exact=-3.142e-9|f64=-3.142e-9|tier3=Err([NegativeVolume { solid: SolidKey(1v1) }])
DPROBE|r=1e-2 h=1e-5 d=1e0|upright|exact=+3.142e-9|f64=+3.142e-9|tier3=Ok(())
DPROBE|r=1e-2 h=1e-5 d=1e0|INVERTED|exact=-3.142e-9|f64=-3.142e-9|tier3=Err([NegativeVolume { solid: SolidKey(1v1) }])
DPROBE|r=1e-2 h=1e-5 d=1e1|upright|exact=+3.142e-9|f64=+3.142e-9|tier3=Ok(())
DPROBE|r=1e-2 h=1e-5 d=1e1|INVERTED|exact=-3.142e-9|f64=-3.142e-9|tier3=Err([NegativeVolume { solid: SolidKey(1v1) }])
DPROBE|r=1e-2 h=1e-5 d=1e2|upright|exact=+3.142e-9|f64=+3.142e-9|tier3=Ok(())
DPROBE|r=1e-2 h=1e-5 d=1e2|INVERTED|exact=-3.142e-9|f64=-3.142e-9|tier3=Err([NegativeVolume { solid: SolidKey(1v1) }])
DPROBE|r=1e-2 h=1e-5 d=1e3|upright|exact=+3.142e-9|f64=+3.142e-9|tier3=Ok(())
DPROBE|r=1e-2 h=1e-5 d=1e3|INVERTED|exact=-3.142e-9|f64=-3.142e-9|tier3=Err([NegativeVolume { solid: SolidKey(1v1) }])
DPROBE|r=1e-2 h=1e-5 d=5e3|upright|exact=+3.142e-9|f64=+3.142e-9|tier3=Ok(())
DPROBE|r=1e-2 h=1e-5 d=5e3|INVERTED|exact=-3.142e-9|f64=-3.142e-9|tier3=Err([NegativeVolume { solid: SolidKey(1v1) }])
DPROBE|r=1e-2 h=1e-5 d=2e4|no build
DPROBE|r=1e-1 h=1e-5 d=0e0|upright|exact=+3.142e-7|f64=+3.142e-7|tier3=Ok(())
DPROBE|r=1e-1 h=1e-5 d=0e0|INVERTED|exact=-3.142e-7|f64=-3.142e-7|tier3=Err([NegativeVolume { solid: SolidKey(1v1) }])
DPROBE|r=1e-1 h=1e-5 d=1e0|upright|exact=+3.142e-7|f64=+3.142e-7|tier3=Ok(())
DPROBE|r=1e-1 h=1e-5 d=1e0|INVERTED|exact=-3.142e-7|f64=-3.142e-7|tier3=Err([NegativeVolume { solid: SolidKey(1v1) }])
DPROBE|r=1e-1 h=1e-5 d=1e1|upright|exact=+3.142e-7|f64=+3.142e-7|tier3=Ok(())
DPROBE|r=1e-1 h=1e-5 d=1e1|INVERTED|exact=-3.142e-7|f64=-3.142e-7|tier3=Err([NegativeVolume { solid: SolidKey(1v1) }])
DPROBE|r=1e-1 h=1e-5 d=1e2|upright|exact=+3.142e-7|f64=+3.142e-7|tier3=Ok(())
DPROBE|r=1e-1 h=1e-5 d=1e2|INVERTED|exact=-3.142e-7|f64=-3.142e-7|tier3=Err([NegativeVolume { solid: SolidKey(1v1) }])
DPROBE|r=1e-1 h=1e-5 d=1e3|upright|exact=+3.142e-7|f64=+3.142e-7|tier3=Ok(())
DPROBE|r=1e-1 h=1e-5 d=1e3|INVERTED|exact=-3.142e-7|f64=-3.142e-7|tier3=Err([NegativeVolume { solid: SolidKey(1v1) }])
DPROBE|r=1e-1 h=1e-5 d=5e3|upright|exact=+3.142e-7|f64=+3.142e-7|tier3=Ok(())
DPROBE|r=1e-1 h=1e-5 d=5e3|INVERTED|exact=-3.142e-7|f64=-3.142e-7|tier3=Err([NegativeVolume { solid: SolidKey(1v1) }])
DPROBE|r=1e-1 h=1e-5 d=2e4|no build
