k-lint: /home/user/d3977-k/target/k-fresh/k-eps-1e-6.csv: 1581544 samples (0 symbolic_zero, 0 sign_gated, 0 registered, 1581544 classified), 42 flagged — rule 1 (undecided/invalid): 41, rule 2 (near a threshold): 1, rule 3 (below a floor): 1, rule 5 (off its construction's target): 0
    rule 1 — invalid (poisoned) margin: 41
    rule 2 — definite within 10^2 of the escalation threshold: 1
    rule 3 — definite below the baseline distribution's floor (4e-5): 1
  note: rule 2's definite arm (10^2*Keps = 1e-3) is looser than the baseline floor (4e-5) at this eps row and ran capped to it — at this eps the corpus's honest fine features sit less than a decade above the escalation band; the floor is the calibrated statement
  note: props_quad_last_round carries 4 row(s) here and is eps-coupled but deliberately OFF the rule (4) roster. Its rows are judged by rules (2) and (3), so any flag on them below points at the baseline floor and its recourse does NOT apply: the open question is rule (4)'s floor for this family, which no committed era has a draw for. Rule it — see docs/K-REPORT.md, "Maintenance: this roster is a RECORD" — rather than re-deriving BASELINE_FLOOR_MARGIN, which did not move. Reason on record: the budget exit's once-per-FACE bound on a round that never runs, minted only when round 0 does not certify. No committed era carries a row of it and a fresh sweep records none, so rule (4)'s floor cannot be cut over it. Ruled in docs/K-REPORT.md
  FLAG corpus/boss_union:chart_bound_outer_span line 248637: |m|=NaN band_zero=1e-6 — invalid (poisoned) margin
  FLAG corpus/boss_union:chart_bound_outer_span line 248673: |m|=NaN band_zero=1e-6 — invalid (poisoned) margin
  FLAG corpus/boss_union:chart_bound_outer_span line 248709: |m|=NaN band_zero=1e-6 — invalid (poisoned) margin
  FLAG demo/tiltedcut:chart_bound_outer_span line 654894: |m|=NaN band_zero=1e-6 — invalid (poisoned) margin
  FLAG demo/tiltedcut:chart_bound_outer_span line 654930: |m|=NaN band_zero=1e-6 — invalid (poisoned) margin
  FLAG demo/tiltedcut:chart_bound_outer_span line 654966: |m|=NaN band_zero=1e-6 — invalid (poisoned) margin
  FLAG demo/tiltedcut:chart_bound_outer_span line 655006: |m|=NaN band_zero=1e-6 — invalid (poisoned) margin
  FLAG demo/tiltedcut:chart_bound_outer_span line 664051: |m|=NaN band_zero=1e-6 — invalid (poisoned) margin
  FLAG demo/tiltedcut:chart_bound_outer_span line 664087: |m|=NaN band_zero=1e-6 — invalid (poisoned) margin
  FLAG demo/tiltedcut:chart_bound_outer_span line 664123: |m|=NaN band_zero=1e-6 — invalid (poisoned) margin
  FLAG demo/tiltedcut:chart_bound_outer_span line 664159: |m|=NaN band_zero=1e-6 — invalid (poisoned) margin
  FLAG demo/tiltedcut:chart_bound_outer_span line 676156: |m|=NaN band_zero=1e-6 — invalid (poisoned) margin
  FLAG demo/tiltedcut:chart_bound_outer_span line 676192: |m|=NaN band_zero=1e-6 — invalid (poisoned) margin
  FLAG demo/bossplate:chart_bound_outer_span line 694299: |m|=NaN band_zero=1e-6 — invalid (poisoned) margin
  FLAG demo/bossplate:chart_bound_outer_span line 694335: |m|=NaN band_zero=1e-6 — invalid (poisoned) margin
  FLAG demo/bossplate:chart_bound_outer_span line 694371: |m|=NaN band_zero=1e-6 — invalid (poisoned) margin
  FLAG demo/table:volume_backstop line 830305: |m|=1.5039173041239659e-5 band_zero=1e-6 — definite within 10^2 of the escalation threshold
  FLAG demo/table:volume_backstop line 830305: |m|=1.5039173041239659e-5 band_zero=1e-6 — definite below the baseline distribution's floor (4e-5)
  FLAG demo/projectbox_cutaway:chart_bound_outer_span line 1078160: |m|=NaN band_zero=1e-6 — invalid (poisoned) margin
  FLAG demo/projectbox_cutaway:chart_bound_outer_span line 1078196: |m|=NaN band_zero=1e-6 — invalid (poisoned) margin
  FLAG demo/projectbox_cutaway:chart_bound_outer_span line 1082637: |m|=NaN band_zero=1e-6 — invalid (poisoned) margin
  FLAG demo/projectbox_cutaway:chart_bound_outer_span line 1082673: |m|=NaN band_zero=1e-6 — invalid (poisoned) margin
  FLAG demo/projectbox_cutaway:chart_bound_outer_span line 1088297: |m|=NaN band_zero=1e-6 — invalid (poisoned) margin
  FLAG demo/projectbox_cutaway:chart_bound_outer_span line 1088333: |m|=NaN band_zero=1e-6 — invalid (poisoned) margin
  FLAG demo/projectbox_cutaway:chart_bound_outer_span line 1095449: |m|=NaN band_zero=1e-6 — invalid (poisoned) margin
  FLAG demo/projectbox_cutaway:chart_bound_outer_span line 1095485: |m|=NaN band_zero=1e-6 — invalid (poisoned) margin
  FLAG demo/projectbox_cutaway:chart_bound_outer_span line 1104387: |m|=NaN band_zero=1e-6 — invalid (poisoned) margin
  FLAG demo/projectbox_cutaway:chart_bound_outer_span line 1104423: |m|=NaN band_zero=1e-6 — invalid (poisoned) margin
  FLAG demo/projectbox_cutaway:chart_bound_outer_span line 1119354: |m|=NaN band_zero=1e-6 — invalid (poisoned) margin
  FLAG demo/projectbox_cutaway:chart_bound_outer_span line 1119390: |m|=NaN band_zero=1e-6 — invalid (poisoned) margin
  FLAG demo/projectbox_cutaway:chart_bound_outer_span line 1137158: |m|=NaN band_zero=1e-6 — invalid (poisoned) margin
  FLAG demo/projectbox_cutaway:chart_bound_outer_span line 1137194: |m|=NaN band_zero=1e-6 — invalid (poisoned) margin
  FLAG demo/projectbox_cutaway:chart_bound_outer_span line 1155943: |m|=NaN band_zero=1e-6 — invalid (poisoned) margin
  FLAG demo/projectbox_cutaway:chart_bound_outer_span line 1155979: |m|=NaN band_zero=1e-6 — invalid (poisoned) margin
  FLAG demo/lily:chart_bound_outer_span line 1496740: |m|=NaN band_zero=1e-6 — invalid (poisoned) margin
  FLAG demo/lily:chart_bound_outer_span line 1496776: |m|=NaN band_zero=1e-6 — invalid (poisoned) margin
  FLAG demo/lily:chart_bound_outer_span line 1496812: |m|=NaN band_zero=1e-6 — invalid (poisoned) margin
  FLAG demo/lily_walls:chart_bound_outer_span line 1551827: |m|=NaN band_zero=1e-6 — invalid (poisoned) margin
  FLAG demo/lily_walls:chart_bound_outer_span line 1551863: |m|=NaN band_zero=1e-6 — invalid (poisoned) margin
  FLAG demo/lily_walls:chart_bound_outer_span line 1551899: |m|=NaN band_zero=1e-6 — invalid (poisoned) margin
  FLAG demo/lily_walls:chart_bound_outer_span line 1568878: |m|=NaN band_zero=1e-6 — invalid (poisoned) margin
  FLAG demo/lily_walls:chart_bound_outer_span line 1568929: |m|=NaN band_zero=1e-6 — invalid (poisoned) margin
  FLAG demo/lily_walls:chart_bound_outer_span line 1568981: |m|=NaN band_zero=1e-6 — invalid (poisoned) margin
k-lint: /home/user/d3977-k/target/k-fresh/k-eps-1e-9.csv: 1581576 samples (0 symbolic_zero, 0 sign_gated, 0 registered, 1581576 classified), 62 flagged — rule 1 (undecided/invalid): 41, rule 2 (near a threshold): 2, rule 3 (below a floor): 19, rule 5 (off its construction's target): 0
    rule 1 — invalid (poisoned) margin: 41
    rule 2 — zero-classified within 10^2 of the coincidence threshold: 2
    rule 3 — definite below the baseline distribution's floor (4e-5): 13
    rule 3 — ε-coupled headroom below the ε-relative floor (1.5e2·ε): 6
  note: props_quad_last_round carries 12 row(s) here and is eps-coupled but deliberately OFF the rule (4) roster. Its rows are judged by rules (2) and (3), so any flag on them below points at the baseline floor and its recourse does NOT apply: the open question is rule (4)'s floor for this family, which no committed era has a draw for. Rule it — see docs/K-REPORT.md, "Maintenance: this roster is a RECORD" — rather than re-deriving BASELINE_FLOOR_MARGIN, which did not move. Reason on record: the budget exit's once-per-FACE bound on a round that never runs, minted only when round 0 does not certify. No committed era carries a row of it and a fresh sweep records none, so rule (4)'s floor cannot be cut over it. Ruled in docs/K-REPORT.md
  FLAG corpus/boss_union:chart_bound_outer_span line 248637: |m|=NaN band_zero=1e-9 — invalid (poisoned) margin
  FLAG corpus/boss_union:chart_bound_outer_span line 248673: |m|=NaN band_zero=1e-9 — invalid (poisoned) margin
  FLAG corpus/boss_union:chart_bound_outer_span line 248709: |m|=NaN band_zero=1e-9 — invalid (poisoned) margin
  FLAG demo/tiltedcut:chart_bound_outer_span line 654894: |m|=NaN band_zero=1e-9 — invalid (poisoned) margin
  FLAG demo/tiltedcut:chart_bound_outer_span line 654930: |m|=NaN band_zero=1e-9 — invalid (poisoned) margin
  FLAG demo/tiltedcut:chart_bound_outer_span line 654966: |m|=NaN band_zero=1e-9 — invalid (poisoned) margin
  FLAG demo/tiltedcut:chart_bound_outer_span line 655006: |m|=NaN band_zero=1e-9 — invalid (poisoned) margin
  FLAG demo/tiltedcut:chart_bound_outer_span line 664051: |m|=NaN band_zero=1e-9 — invalid (poisoned) margin
  FLAG demo/tiltedcut:chart_bound_outer_span line 664087: |m|=NaN band_zero=1e-9 — invalid (poisoned) margin
  FLAG demo/tiltedcut:chart_bound_outer_span line 664123: |m|=NaN band_zero=1e-9 — invalid (poisoned) margin
  FLAG demo/tiltedcut:chart_bound_outer_span line 664159: |m|=NaN band_zero=1e-9 — invalid (poisoned) margin
  FLAG demo/tiltedcut:chart_bound_outer_span line 676156: |m|=NaN band_zero=1e-9 — invalid (poisoned) margin
  FLAG demo/tiltedcut:chart_bound_outer_span line 676192: |m|=NaN band_zero=1e-9 — invalid (poisoned) margin
  FLAG demo/bossplate:chart_bound_outer_span line 694307: |m|=NaN band_zero=1e-9 — invalid (poisoned) margin
  FLAG demo/bossplate:chart_bound_outer_span line 694343: |m|=NaN band_zero=1e-9 — invalid (poisoned) margin
  FLAG demo/bossplate:chart_bound_outer_span line 694379: |m|=NaN band_zero=1e-9 — invalid (poisoned) margin
  FLAG demo/table:volume_backstop line 830313: |m|=1.5039173041239659e-5 band_zero=1e-9 — definite below the baseline distribution's floor (4e-5)
  FLAG demo/projectbox_cutaway:chart_bound_outer_span line 1078168: |m|=NaN band_zero=1e-9 — invalid (poisoned) margin
  FLAG demo/projectbox_cutaway:chart_bound_outer_span line 1078204: |m|=NaN band_zero=1e-9 — invalid (poisoned) margin
  FLAG demo/projectbox_cutaway:chart_bound_outer_span line 1082645: |m|=NaN band_zero=1e-9 — invalid (poisoned) margin
  FLAG demo/projectbox_cutaway:chart_bound_outer_span line 1082681: |m|=NaN band_zero=1e-9 — invalid (poisoned) margin
  FLAG demo/projectbox_cutaway:chart_bound_outer_span line 1088305: |m|=NaN band_zero=1e-9 — invalid (poisoned) margin
  FLAG demo/projectbox_cutaway:chart_bound_outer_span line 1088341: |m|=NaN band_zero=1e-9 — invalid (poisoned) margin
  FLAG demo/projectbox_cutaway:chart_bound_outer_span line 1095457: |m|=NaN band_zero=1e-9 — invalid (poisoned) margin
  FLAG demo/projectbox_cutaway:chart_bound_outer_span line 1095493: |m|=NaN band_zero=1e-9 — invalid (poisoned) margin
  FLAG demo/projectbox_cutaway:chart_bound_outer_span line 1104395: |m|=NaN band_zero=1e-9 — invalid (poisoned) margin
  FLAG demo/projectbox_cutaway:chart_bound_outer_span line 1104431: |m|=NaN band_zero=1e-9 — invalid (poisoned) margin
  FLAG demo/projectbox_cutaway:chart_bound_outer_span line 1119362: |m|=NaN band_zero=1e-9 — invalid (poisoned) margin
  FLAG demo/projectbox_cutaway:chart_bound_outer_span line 1119398: |m|=NaN band_zero=1e-9 — invalid (poisoned) margin
  FLAG demo/projectbox_cutaway:chart_bound_outer_span line 1137166: |m|=NaN band_zero=1e-9 — invalid (poisoned) margin
  FLAG demo/projectbox_cutaway:chart_bound_outer_span line 1137202: |m|=NaN band_zero=1e-9 — invalid (poisoned) margin
  FLAG demo/projectbox_cutaway:chart_bound_outer_span line 1155951: |m|=NaN band_zero=1e-9 — invalid (poisoned) margin
  FLAG demo/projectbox_cutaway:chart_bound_outer_span line 1155987: |m|=NaN band_zero=1e-9 — invalid (poisoned) margin
  FLAG demo/projectbox_cutaway:props_quad_converged line 1193321: |m|=1.330626333332935e-7 band_zero=1e-9 — ε-coupled headroom below the ε-relative floor (1.5e2·ε)
  FLAG demo/projectbox_cutaway:props_quad_converged line 1193327: |m|=3.8635432232999845e-10 band_zero=1e-9 — zero-classified within 10^2 of the coincidence threshold
  FLAG demo/projectbox_cutaway:props_quad_converged line 1193497: |m|=9.910468740449888e-8 band_zero=1e-9 — ε-coupled headroom below the ε-relative floor (1.5e2·ε)
  FLAG demo/projectbox_cutaway:props_quad_converged line 1229707: |m|=1.330626333882345e-7 band_zero=1e-9 — ε-coupled headroom below the ε-relative floor (1.5e2·ε)
  FLAG demo/projectbox_cutaway:props_quad_converged line 1229713: |m|=3.8635432232999845e-10 band_zero=1e-9 — zero-classified within 10^2 of the coincidence threshold
  FLAG demo/projectbox_cutaway:props_quad_converged line 1244307: |m|=9.910468737114325e-8 band_zero=1e-9 — ε-coupled headroom below the ε-relative floor (1.5e2·ε)
  FLAG demo/lily:chart_bound_outer_span line 1496774: |m|=NaN band_zero=1e-9 — invalid (poisoned) margin
  FLAG demo/lily:chart_bound_outer_span line 1496810: |m|=NaN band_zero=1e-9 — invalid (poisoned) margin
  FLAG demo/lily:chart_bound_outer_span line 1496846: |m|=NaN band_zero=1e-9 — invalid (poisoned) margin
  FLAG demo/lily:props_quad_last_round line 1521176: |m|=1.0085665779924896e-6 band_zero=1e-9 — definite below the baseline distribution's floor (4e-5)
  FLAG demo/lily:props_quad_last_round line 1521178: |m|=1.0201104738462261e-6 band_zero=1e-9 — definite below the baseline distribution's floor (4e-5)
  FLAG demo/lily:props_quad_last_round line 1521182: |m|=1.0085665779924896e-6 band_zero=1e-9 — definite below the baseline distribution's floor (4e-5)
  FLAG demo/lily:props_quad_converged line 1521186: |m|=3.625793459144187e-8 band_zero=1e-9 — ε-coupled headroom below the ε-relative floor (1.5e2·ε)
  FLAG demo/lily:props_quad_last_round line 1521189: |m|=1.0201104738462261e-6 band_zero=1e-9 — definite below the baseline distribution's floor (4e-5)
  FLAG demo/lily:props_quad_converged line 1521192: |m|=2.8278643827165723e-8 band_zero=1e-9 — ε-coupled headroom below the ε-relative floor (1.5e2·ε)
  FLAG demo/lily:props_quad_last_round line 1521537: |m|=1.0155765275466742e-6 band_zero=1e-9 — definite below the baseline distribution's floor (4e-5)
  FLAG demo/lily:props_quad_last_round line 1521539: |m|=1.0221038715254972e-6 band_zero=1e-9 — definite below the baseline distribution's floor (4e-5)
  FLAG demo/lily:props_quad_last_round line 1521543: |m|=1.0155765275466742e-6 band_zero=1e-9 — definite below the baseline distribution's floor (4e-5)
  FLAG demo/lily:props_quad_last_round line 1521550: |m|=1.0221038715254972e-6 band_zero=1e-9 — definite below the baseline distribution's floor (4e-5)
  FLAG demo/lily_walls:chart_bound_outer_span line 1551879: |m|=NaN band_zero=1e-9 — invalid (poisoned) margin
  FLAG demo/lily_walls:chart_bound_outer_span line 1551915: |m|=NaN band_zero=1e-9 — invalid (poisoned) margin
  FLAG demo/lily_walls:chart_bound_outer_span line 1551951: |m|=NaN band_zero=1e-9 — invalid (poisoned) margin
  FLAG demo/lily_walls:chart_bound_outer_span line 1568930: |m|=NaN band_zero=1e-9 — invalid (poisoned) margin
  FLAG demo/lily_walls:chart_bound_outer_span line 1568981: |m|=NaN band_zero=1e-9 — invalid (poisoned) margin
  FLAG demo/lily_walls:chart_bound_outer_span line 1569033: |m|=NaN band_zero=1e-9 — invalid (poisoned) margin
  FLAG demo/lily_walls:props_quad_last_round line 1580813: |m|=2.564745448773732e-5 band_zero=1e-9 — definite below the baseline distribution's floor (4e-5)
  FLAG demo/lily_walls:props_quad_last_round line 1580815: |m|=2.1785984150066094e-5 band_zero=1e-9 — definite below the baseline distribution's floor (4e-5)
  FLAG demo/lily_walls:props_quad_last_round line 1581573: |m|=1.1365004449022562e-5 band_zero=1e-9 — definite below the baseline distribution's floor (4e-5)
  FLAG demo/lily_walls:props_quad_last_round line 1581575: |m|=3.0191506433502393e-6 band_zero=1e-9 — definite below the baseline distribution's floor (4e-5)
k-lint: /home/user/d3977-k/target/k-fresh/.corpus-1e-12.csv: 606136 samples (0 symbolic_zero, 0 sign_gated, 0 registered, 606136 classified), 3 flagged — rule 1 (undecided/invalid): 3, rule 2 (near a threshold): 0, rule 3 (below a floor): 0, rule 5 (off its construction's target): 0
    rule 1 — invalid (poisoned) margin: 3
  FLAG corpus/boss_union:chart_bound_outer_span line 248637: |m|=NaN band_zero=1e-12 — invalid (poisoned) margin
  FLAG corpus/boss_union:chart_bound_outer_span line 248673: |m|=NaN band_zero=1e-12 — invalid (poisoned) margin
  FLAG corpus/boss_union:chart_bound_outer_span line 248709: |m|=NaN band_zero=1e-12 — invalid (poisoned) margin
k-lint: TOTAL over 3 file(s): 3769256 samples (0 symbolic_zero, 0 sign_gated, 0 registered, 3769256 classified), rule 1 (undecided/invalid) 85, rule 2 (near a threshold) 3, rule 3 (below a floor) 20, rule 5 (off its construction's target) 0

k-lint: GATE FAILED — the margin distribution changed: 107 margin(s) crowd a decision
             boundary that the committed baseline says should be empty.

             props_quad_last_round: 16 row(s). It is eps-coupled and deliberately OFF the rule (4)
             roster (docs/K-REPORT.md, "Maintenance: this roster is a RECORD"), on the
             record that no sweep had ever recorded one. That is no longer true, so the
             question the ruling left open is now live: cut rule (4)'s floor over this
             family and roster it, or re-state why the metre rules are right for it.
             Re-deriving BASELINE_FLOOR_MARGIN is NOT the recourse here — it did not
             move. Reason on record: the budget exit's once-per-FACE bound on a round that never runs, minted only when round 0 does not certify. No committed era carries a row of it and a fresh sweep records none, so rule (4)'s floor cannot be cut over it. Ruled in docs/K-REPORT.md

         If the flagged margins are REAL, INTENDED geometry, do NOT change the geometry
         to silence this lint. A fired lint is evidence ABOUT THE MARGIN DISTRIBUTION
         — possibly that the threshold or the baseline is stale — not a geometry defect.
         
         Recourse, in order:
           1. Re-derive the baseline and the thresholds per the snapshot-contract
              runbook: docs/K-REPORT.md, "M7 addendum (2026-08-07): the large-K
              lint's floor refresh", which re-derives BASELINE_FLOOR_MARGIN, the
              percentile choice and the eps-coupled ratio against a fresh sweep.
           2. If re-derivation is not warranted, demote this row to advisory with a
              recorded justification (nightly.yml's `k-lint` job).
         
         Changing geometry to get under a lint threshold is the one forbidden move.
