k-lint: /home/user/d3977-main/target/k-fresh/k-eps-1e-6.csv: 1582419 samples (0 symbolic_zero, 0 sign_gated, 0 registered, 1582419 classified), 42 flagged — rule 1 (undecided/invalid): 41, rule 2 (near a threshold): 1, rule 3 (below a floor): 1, rule 5 (off its construction's target): 0
    rule 1 — invalid (poisoned) margin: 41
    rule 2 — definite within 10^2 of the escalation threshold: 1
    rule 3 — definite below the baseline distribution's floor (4e-5): 1
  note: rule 2's definite arm (10^2*Keps = 1e-3) is looser than the baseline floor (4e-5) at this eps row and ran capped to it — at this eps the corpus's honest fine features sit less than a decade above the escalation band; the floor is the calibrated statement
  note: props_quad_last_round carries 4 row(s) here and is eps-coupled but deliberately OFF the rule (4) roster. Its rows are judged by rules (2) and (3), so any flag on them below points at the baseline floor and its recourse does NOT apply: the open question is rule (4)'s floor for this family, which no committed era has a draw for. Rule it — see docs/K-REPORT.md, "Maintenance: this roster is a RECORD" — rather than re-deriving BASELINE_FLOOR_MARGIN, which did not move. Reason on record: the budget exit's once-per-FACE bound on a round that never runs, minted only when round 0 does not certify. No committed era carries a row of it and a fresh sweep records none, so rule (4)'s floor cannot be cut over it. Ruled in docs/K-REPORT.md
  FLAG corpus/boss_union:chart_bound_outer_span line 248755: |m|=NaN band_zero=1e-6 — invalid (poisoned) margin
  FLAG corpus/boss_union:chart_bound_outer_span line 248791: |m|=NaN band_zero=1e-6 — invalid (poisoned) margin
  FLAG corpus/boss_union:chart_bound_outer_span line 248827: |m|=NaN band_zero=1e-6 — invalid (poisoned) margin
  FLAG demo/tiltedcut:chart_bound_outer_span line 655553: |m|=NaN band_zero=1e-6 — invalid (poisoned) margin
  FLAG demo/tiltedcut:chart_bound_outer_span line 655589: |m|=NaN band_zero=1e-6 — invalid (poisoned) margin
  FLAG demo/tiltedcut:chart_bound_outer_span line 655625: |m|=NaN band_zero=1e-6 — invalid (poisoned) margin
  FLAG demo/tiltedcut:chart_bound_outer_span line 655665: |m|=NaN band_zero=1e-6 — invalid (poisoned) margin
  FLAG demo/tiltedcut:chart_bound_outer_span line 664713: |m|=NaN band_zero=1e-6 — invalid (poisoned) margin
  FLAG demo/tiltedcut:chart_bound_outer_span line 664749: |m|=NaN band_zero=1e-6 — invalid (poisoned) margin
  FLAG demo/tiltedcut:chart_bound_outer_span line 664785: |m|=NaN band_zero=1e-6 — invalid (poisoned) margin
  FLAG demo/tiltedcut:chart_bound_outer_span line 664821: |m|=NaN band_zero=1e-6 — invalid (poisoned) margin
  FLAG demo/tiltedcut:chart_bound_outer_span line 676821: |m|=NaN band_zero=1e-6 — invalid (poisoned) margin
  FLAG demo/tiltedcut:chart_bound_outer_span line 676857: |m|=NaN band_zero=1e-6 — invalid (poisoned) margin
  FLAG demo/bossplate:chart_bound_outer_span line 694967: |m|=NaN band_zero=1e-6 — invalid (poisoned) margin
  FLAG demo/bossplate:chart_bound_outer_span line 695003: |m|=NaN band_zero=1e-6 — invalid (poisoned) margin
  FLAG demo/bossplate:chart_bound_outer_span line 695039: |m|=NaN band_zero=1e-6 — invalid (poisoned) margin
  FLAG demo/table:volume_backstop line 831044: |m|=1.5039173041239659e-5 band_zero=1e-6 — definite within 10^2 of the escalation threshold
  FLAG demo/table:volume_backstop line 831044: |m|=1.5039173041239659e-5 band_zero=1e-6 — definite below the baseline distribution's floor (4e-5)
  FLAG demo/projectbox_cutaway:chart_bound_outer_span line 1078964: |m|=NaN band_zero=1e-6 — invalid (poisoned) margin
  FLAG demo/projectbox_cutaway:chart_bound_outer_span line 1079000: |m|=NaN band_zero=1e-6 — invalid (poisoned) margin
  FLAG demo/projectbox_cutaway:chart_bound_outer_span line 1083443: |m|=NaN band_zero=1e-6 — invalid (poisoned) margin
  FLAG demo/projectbox_cutaway:chart_bound_outer_span line 1083479: |m|=NaN band_zero=1e-6 — invalid (poisoned) margin
  FLAG demo/projectbox_cutaway:chart_bound_outer_span line 1089105: |m|=NaN band_zero=1e-6 — invalid (poisoned) margin
  FLAG demo/projectbox_cutaway:chart_bound_outer_span line 1089141: |m|=NaN band_zero=1e-6 — invalid (poisoned) margin
  FLAG demo/projectbox_cutaway:chart_bound_outer_span line 1096259: |m|=NaN band_zero=1e-6 — invalid (poisoned) margin
  FLAG demo/projectbox_cutaway:chart_bound_outer_span line 1096295: |m|=NaN band_zero=1e-6 — invalid (poisoned) margin
  FLAG demo/projectbox_cutaway:chart_bound_outer_span line 1105199: |m|=NaN band_zero=1e-6 — invalid (poisoned) margin
  FLAG demo/projectbox_cutaway:chart_bound_outer_span line 1105235: |m|=NaN band_zero=1e-6 — invalid (poisoned) margin
  FLAG demo/projectbox_cutaway:chart_bound_outer_span line 1120169: |m|=NaN band_zero=1e-6 — invalid (poisoned) margin
  FLAG demo/projectbox_cutaway:chart_bound_outer_span line 1120205: |m|=NaN band_zero=1e-6 — invalid (poisoned) margin
  FLAG demo/projectbox_cutaway:chart_bound_outer_span line 1137976: |m|=NaN band_zero=1e-6 — invalid (poisoned) margin
  FLAG demo/projectbox_cutaway:chart_bound_outer_span line 1138012: |m|=NaN band_zero=1e-6 — invalid (poisoned) margin
  FLAG demo/projectbox_cutaway:chart_bound_outer_span line 1156764: |m|=NaN band_zero=1e-6 — invalid (poisoned) margin
  FLAG demo/projectbox_cutaway:chart_bound_outer_span line 1156800: |m|=NaN band_zero=1e-6 — invalid (poisoned) margin
  FLAG demo/lily:chart_bound_outer_span line 1497597: |m|=NaN band_zero=1e-6 — invalid (poisoned) margin
  FLAG demo/lily:chart_bound_outer_span line 1497633: |m|=NaN band_zero=1e-6 — invalid (poisoned) margin
  FLAG demo/lily:chart_bound_outer_span line 1497669: |m|=NaN band_zero=1e-6 — invalid (poisoned) margin
  FLAG demo/lily_walls:chart_bound_outer_span line 1552695: |m|=NaN band_zero=1e-6 — invalid (poisoned) margin
  FLAG demo/lily_walls:chart_bound_outer_span line 1552731: |m|=NaN band_zero=1e-6 — invalid (poisoned) margin
  FLAG demo/lily_walls:chart_bound_outer_span line 1552767: |m|=NaN band_zero=1e-6 — invalid (poisoned) margin
  FLAG demo/lily_walls:chart_bound_outer_span line 1569748: |m|=NaN band_zero=1e-6 — invalid (poisoned) margin
  FLAG demo/lily_walls:chart_bound_outer_span line 1569799: |m|=NaN band_zero=1e-6 — invalid (poisoned) margin
  FLAG demo/lily_walls:chart_bound_outer_span line 1569851: |m|=NaN band_zero=1e-6 — invalid (poisoned) margin
k-lint: /home/user/d3977-main/target/k-fresh/k-eps-1e-9.csv: 1582451 samples (0 symbolic_zero, 0 sign_gated, 0 registered, 1582451 classified), 62 flagged — rule 1 (undecided/invalid): 41, rule 2 (near a threshold): 2, rule 3 (below a floor): 19, rule 5 (off its construction's target): 0
    rule 1 — invalid (poisoned) margin: 41
    rule 2 — zero-classified within 10^2 of the coincidence threshold: 2
    rule 3 — definite below the baseline distribution's floor (4e-5): 13
    rule 3 — ε-coupled headroom below the ε-relative floor (1.5e2·ε): 6
  note: props_quad_last_round carries 12 row(s) here and is eps-coupled but deliberately OFF the rule (4) roster. Its rows are judged by rules (2) and (3), so any flag on them below points at the baseline floor and its recourse does NOT apply: the open question is rule (4)'s floor for this family, which no committed era has a draw for. Rule it — see docs/K-REPORT.md, "Maintenance: this roster is a RECORD" — rather than re-deriving BASELINE_FLOOR_MARGIN, which did not move. Reason on record: the budget exit's once-per-FACE bound on a round that never runs, minted only when round 0 does not certify. No committed era carries a row of it and a fresh sweep records none, so rule (4)'s floor cannot be cut over it. Ruled in docs/K-REPORT.md
  FLAG corpus/boss_union:chart_bound_outer_span line 248755: |m|=NaN band_zero=1e-9 — invalid (poisoned) margin
  FLAG corpus/boss_union:chart_bound_outer_span line 248791: |m|=NaN band_zero=1e-9 — invalid (poisoned) margin
  FLAG corpus/boss_union:chart_bound_outer_span line 248827: |m|=NaN band_zero=1e-9 — invalid (poisoned) margin
  FLAG demo/tiltedcut:chart_bound_outer_span line 655553: |m|=NaN band_zero=1e-9 — invalid (poisoned) margin
  FLAG demo/tiltedcut:chart_bound_outer_span line 655589: |m|=NaN band_zero=1e-9 — invalid (poisoned) margin
  FLAG demo/tiltedcut:chart_bound_outer_span line 655625: |m|=NaN band_zero=1e-9 — invalid (poisoned) margin
  FLAG demo/tiltedcut:chart_bound_outer_span line 655665: |m|=NaN band_zero=1e-9 — invalid (poisoned) margin
  FLAG demo/tiltedcut:chart_bound_outer_span line 664713: |m|=NaN band_zero=1e-9 — invalid (poisoned) margin
  FLAG demo/tiltedcut:chart_bound_outer_span line 664749: |m|=NaN band_zero=1e-9 — invalid (poisoned) margin
  FLAG demo/tiltedcut:chart_bound_outer_span line 664785: |m|=NaN band_zero=1e-9 — invalid (poisoned) margin
  FLAG demo/tiltedcut:chart_bound_outer_span line 664821: |m|=NaN band_zero=1e-9 — invalid (poisoned) margin
  FLAG demo/tiltedcut:chart_bound_outer_span line 676821: |m|=NaN band_zero=1e-9 — invalid (poisoned) margin
  FLAG demo/tiltedcut:chart_bound_outer_span line 676857: |m|=NaN band_zero=1e-9 — invalid (poisoned) margin
  FLAG demo/bossplate:chart_bound_outer_span line 694975: |m|=NaN band_zero=1e-9 — invalid (poisoned) margin
  FLAG demo/bossplate:chart_bound_outer_span line 695011: |m|=NaN band_zero=1e-9 — invalid (poisoned) margin
  FLAG demo/bossplate:chart_bound_outer_span line 695047: |m|=NaN band_zero=1e-9 — invalid (poisoned) margin
  FLAG demo/table:volume_backstop line 831052: |m|=1.5039173041239659e-5 band_zero=1e-9 — definite below the baseline distribution's floor (4e-5)
  FLAG demo/projectbox_cutaway:chart_bound_outer_span line 1078972: |m|=NaN band_zero=1e-9 — invalid (poisoned) margin
  FLAG demo/projectbox_cutaway:chart_bound_outer_span line 1079008: |m|=NaN band_zero=1e-9 — invalid (poisoned) margin
  FLAG demo/projectbox_cutaway:chart_bound_outer_span line 1083451: |m|=NaN band_zero=1e-9 — invalid (poisoned) margin
  FLAG demo/projectbox_cutaway:chart_bound_outer_span line 1083487: |m|=NaN band_zero=1e-9 — invalid (poisoned) margin
  FLAG demo/projectbox_cutaway:chart_bound_outer_span line 1089113: |m|=NaN band_zero=1e-9 — invalid (poisoned) margin
  FLAG demo/projectbox_cutaway:chart_bound_outer_span line 1089149: |m|=NaN band_zero=1e-9 — invalid (poisoned) margin
  FLAG demo/projectbox_cutaway:chart_bound_outer_span line 1096267: |m|=NaN band_zero=1e-9 — invalid (poisoned) margin
  FLAG demo/projectbox_cutaway:chart_bound_outer_span line 1096303: |m|=NaN band_zero=1e-9 — invalid (poisoned) margin
  FLAG demo/projectbox_cutaway:chart_bound_outer_span line 1105207: |m|=NaN band_zero=1e-9 — invalid (poisoned) margin
  FLAG demo/projectbox_cutaway:chart_bound_outer_span line 1105243: |m|=NaN band_zero=1e-9 — invalid (poisoned) margin
  FLAG demo/projectbox_cutaway:chart_bound_outer_span line 1120177: |m|=NaN band_zero=1e-9 — invalid (poisoned) margin
  FLAG demo/projectbox_cutaway:chart_bound_outer_span line 1120213: |m|=NaN band_zero=1e-9 — invalid (poisoned) margin
  FLAG demo/projectbox_cutaway:chart_bound_outer_span line 1137984: |m|=NaN band_zero=1e-9 — invalid (poisoned) margin
  FLAG demo/projectbox_cutaway:chart_bound_outer_span line 1138020: |m|=NaN band_zero=1e-9 — invalid (poisoned) margin
  FLAG demo/projectbox_cutaway:chart_bound_outer_span line 1156772: |m|=NaN band_zero=1e-9 — invalid (poisoned) margin
  FLAG demo/projectbox_cutaway:chart_bound_outer_span line 1156808: |m|=NaN band_zero=1e-9 — invalid (poisoned) margin
  FLAG demo/projectbox_cutaway:props_quad_converged line 1194144: |m|=1.330626333332935e-7 band_zero=1e-9 — ε-coupled headroom below the ε-relative floor (1.5e2·ε)
  FLAG demo/projectbox_cutaway:props_quad_converged line 1194150: |m|=3.8635432232999845e-10 band_zero=1e-9 — zero-classified within 10^2 of the coincidence threshold
  FLAG demo/projectbox_cutaway:props_quad_converged line 1194320: |m|=9.910468740449888e-8 band_zero=1e-9 — ε-coupled headroom below the ε-relative floor (1.5e2·ε)
  FLAG demo/projectbox_cutaway:props_quad_converged line 1230532: |m|=1.330626333882345e-7 band_zero=1e-9 — ε-coupled headroom below the ε-relative floor (1.5e2·ε)
  FLAG demo/projectbox_cutaway:props_quad_converged line 1230538: |m|=3.8635432232999845e-10 band_zero=1e-9 — zero-classified within 10^2 of the coincidence threshold
  FLAG demo/projectbox_cutaway:props_quad_converged line 1245132: |m|=9.910468737114325e-8 band_zero=1e-9 — ε-coupled headroom below the ε-relative floor (1.5e2·ε)
  FLAG demo/lily:chart_bound_outer_span line 1497631: |m|=NaN band_zero=1e-9 — invalid (poisoned) margin
  FLAG demo/lily:chart_bound_outer_span line 1497667: |m|=NaN band_zero=1e-9 — invalid (poisoned) margin
  FLAG demo/lily:chart_bound_outer_span line 1497703: |m|=NaN band_zero=1e-9 — invalid (poisoned) margin
  FLAG demo/lily:props_quad_last_round line 1522038: |m|=1.0085665779924896e-6 band_zero=1e-9 — definite below the baseline distribution's floor (4e-5)
  FLAG demo/lily:props_quad_last_round line 1522040: |m|=1.0201104738462261e-6 band_zero=1e-9 — definite below the baseline distribution's floor (4e-5)
  FLAG demo/lily:props_quad_last_round line 1522044: |m|=1.0085665779924896e-6 band_zero=1e-9 — definite below the baseline distribution's floor (4e-5)
  FLAG demo/lily:props_quad_converged line 1522048: |m|=3.625793459144187e-8 band_zero=1e-9 — ε-coupled headroom below the ε-relative floor (1.5e2·ε)
  FLAG demo/lily:props_quad_last_round line 1522051: |m|=1.0201104738462261e-6 band_zero=1e-9 — definite below the baseline distribution's floor (4e-5)
  FLAG demo/lily:props_quad_converged line 1522054: |m|=2.8278643827165723e-8 band_zero=1e-9 — ε-coupled headroom below the ε-relative floor (1.5e2·ε)
  FLAG demo/lily:props_quad_last_round line 1522399: |m|=1.0155765275466742e-6 band_zero=1e-9 — definite below the baseline distribution's floor (4e-5)
  FLAG demo/lily:props_quad_last_round line 1522401: |m|=1.0221038715254972e-6 band_zero=1e-9 — definite below the baseline distribution's floor (4e-5)
  FLAG demo/lily:props_quad_last_round line 1522405: |m|=1.0155765275466742e-6 band_zero=1e-9 — definite below the baseline distribution's floor (4e-5)
  FLAG demo/lily:props_quad_last_round line 1522412: |m|=1.0221038715254972e-6 band_zero=1e-9 — definite below the baseline distribution's floor (4e-5)
  FLAG demo/lily_walls:chart_bound_outer_span line 1552747: |m|=NaN band_zero=1e-9 — invalid (poisoned) margin
  FLAG demo/lily_walls:chart_bound_outer_span line 1552783: |m|=NaN band_zero=1e-9 — invalid (poisoned) margin
  FLAG demo/lily_walls:chart_bound_outer_span line 1552819: |m|=NaN band_zero=1e-9 — invalid (poisoned) margin
  FLAG demo/lily_walls:chart_bound_outer_span line 1569800: |m|=NaN band_zero=1e-9 — invalid (poisoned) margin
  FLAG demo/lily_walls:chart_bound_outer_span line 1569851: |m|=NaN band_zero=1e-9 — invalid (poisoned) margin
  FLAG demo/lily_walls:chart_bound_outer_span line 1569903: |m|=NaN band_zero=1e-9 — invalid (poisoned) margin
  FLAG demo/lily_walls:props_quad_last_round line 1581688: |m|=2.564745448773732e-5 band_zero=1e-9 — definite below the baseline distribution's floor (4e-5)
  FLAG demo/lily_walls:props_quad_last_round line 1581690: |m|=2.1785984150066094e-5 band_zero=1e-9 — definite below the baseline distribution's floor (4e-5)
  FLAG demo/lily_walls:props_quad_last_round line 1582448: |m|=1.1365004449022562e-5 band_zero=1e-9 — definite below the baseline distribution's floor (4e-5)
  FLAG demo/lily_walls:props_quad_last_round line 1582450: |m|=3.0191506433502393e-6 band_zero=1e-9 — definite below the baseline distribution's floor (4e-5)
k-lint: /home/user/d3977-main/target/k-fresh/.corpus-1e-12.csv: 606786 samples (0 symbolic_zero, 0 sign_gated, 0 registered, 606786 classified), 3 flagged — rule 1 (undecided/invalid): 3, rule 2 (near a threshold): 0, rule 3 (below a floor): 0, rule 5 (off its construction's target): 0
    rule 1 — invalid (poisoned) margin: 3
  FLAG corpus/boss_union:chart_bound_outer_span line 248755: |m|=NaN band_zero=1e-12 — invalid (poisoned) margin
  FLAG corpus/boss_union:chart_bound_outer_span line 248791: |m|=NaN band_zero=1e-12 — invalid (poisoned) margin
  FLAG corpus/boss_union:chart_bound_outer_span line 248827: |m|=NaN band_zero=1e-12 — invalid (poisoned) margin
k-lint: TOTAL over 3 file(s): 3771656 samples (0 symbolic_zero, 0 sign_gated, 0 registered, 3771656 classified), rule 1 (undecided/invalid) 85, rule 2 (near a threshold) 3, rule 3 (below a floor) 20, rule 5 (off its construction's target) 0

k-lint: GATE FAILED — the margin distribution changed: 107 margin(s) crowd a decision
             boundary that the committed baseline says should be empty.

             props_quad_last_round: 16 row(s). It is eps-coupled and deliberately OFF the rule (4)
             roster (docs/K-REPORT.md, "Maintenance: this roster is a RECORD"), on the
             record that no sweep had ever recorded one. That is no longer true, so the
             question the ruling left open is now live: cut rule (4)'s floor over this
             family and roster it, or re-state why the metre rules are right for it.
             Re-deriving BASELINE_FLOOR_MARGIN is NOT the recourse here — it did not
             move. Reason on record: the budget exit's once-per-FACE bound on a round that never runs, minted only when round 0 does not certify. No committed era carries a row of it and a fresh sweep records none, so rule (4)'s floor cannot be cut over it. Ruled in docs/K-REPORT.md

         If the flagged margins are REAL, INTENDED geometry, do NOT change the geometry
         to silence this lint. A fired lint is evidence ABOUT THE MARGIN DISTRIBUTION
         — possibly that the threshold or the baseline is stale — not a geometry defect.
         
         Recourse, in order:
           1. Re-derive the baseline and the thresholds per the snapshot-contract
              runbook: docs/K-REPORT.md, "M7 addendum (2026-08-07): the large-K
              lint's floor refresh", which re-derives BASELINE_FLOOR_MARGIN, the
              percentile choice and the eps-coupled ratio against a fresh sweep.
           2. If re-derivation is not warranted, demote this row to advisory with a
              recorded justification (nightly.yml's `k-lint` job).
         
         Changing geometry to get under a lint threshold is the one forbidden move.
